// This file has been autogenerated.

var profile = require('../../../lib/util/profile');

exports.getMockedProfile = function () {
  var newProfile = new profile.Profile();

  newProfile.addSubscription(new profile.Subscription({
    id: 'e33f361b-53c2-4cc7-b829-78906708387b',
    name: 'Microsoft Azure Internal Consumption',
    user: {
      name: 'user@domain.example',
      type: 'servicePrincipal'
    },
    tenantId: '72f988bf-86f1-41af-91ab-2d7cd011db47',
    state: 'Enabled',
    registeredProviders: [],
    _eventsCount: '1',
    isDefault: true
  }, newProfile.environments['AzureCloud']));

  return newProfile;
};

exports.setEnvironment = function() {
  process.env['AZURE_VM_TEST_LOCATION'] = 'eastus';
  process.env['SSHCERT'] = 'test/myCert.pem';
};

exports.scopes = [[function (nock) { 
var result = 
nock('http://management.azure.com:443')
  .get('/subscriptions/e33f361b-53c2-4cc7-b829-78906708387b/resourceGroups/xplatTestGVMStart/providers/Microsoft.Compute/virtualMachines/xplatvmStSp?$expand=instanceView&api-version=2016-04-30-preview')
  .reply(200, "{\r\n  \"properties\": {\r\n    \"vmId\": \"de8d3158-df5f-42b6-be39-1fabd7cd8a05\",\r\n    \"hardwareProfile\": {\r\n      \"vmSize\": \"Standard_DS1\"\r\n    },\r\n    \"storageProfile\": {\r\n      \"imageReference\": {\r\n        \"publisher\": \"canonical\",\r\n        \"offer\": \"UbuntuServer\",\r\n        \"sku\": \"16.04.0-LTS\",\r\n        \"version\": \"latest\"\r\n      },\r\n      \"osDisk\": {\r\n        \"osType\": \"Linux\",\r\n        \"name\": \"cli6f108c7a89e8c5f5-os-1485669727859\",\r\n        \"createOption\": \"FromImage\",\r\n        \"vhd\": {\r\n          \"uri\": \"https://xplattstoragestsp9603.blob.core.windows.net/xplatteststoragecntstsp/cli6f108c7a89e8c5f5-os-1485669727859.vhd\"\r\n        },\r\n        \"caching\": \"ReadWrite\"\r\n      },\r\n      \"dataDisks\": []\r\n    },\r\n    \"osProfile\": {\r\n      \"computerName\": \"xplatvmStSp\",\r\n      \"adminUsername\": \"azureuser\",\r\n      \"linuxConfiguration\": {\r\n        \"disablePasswordAuthentication\": false,\r\n        \"ssh\": {\r\n          \"publicKeys\": [\r\n            {\r\n              \"path\": \"/home/azureuser/.ssh/authorized_keys\",\r\n              \"keyData\": \"MIID/zCCAuegAwIBAgIJAMUAa+XVLvAeMA0GCSqGSIb3DQEBBQUAMIGVMQswCQYD\\r\\nVQQGEwJJbjESMBAGA1UECAwJS2FybmF0YWthMRIwEAYDVQQHDAlCYW5nYWxvcmUx\\r\\nEDAOBgNVBAoMB2JyaWxsaW8xEjAQBgNVBAsMCW1pY3Jvc29mdDEQMA4GA1UEAwwH\\r\\nYnJpbGxpbzEmMCQGCSqGSIb3DQEJARYXc3JlZWthbnRoYnNAeWFob28uY28uaW4w\\r\\nHhcNMTUwMzA1MTE1MzEyWhcNMTYwMzA0MTE1MzEyWjCBlTELMAkGA1UEBhMCSW4x\\r\\nEjAQBgNVBAgMCUthcm5hdGFrYTESMBAGA1UEBwwJQmFuZ2Fsb3JlMRAwDgYDVQQK\\r\\nDAdicmlsbGlvMRIwEAYDVQQLDAltaWNyb3NvZnQxEDAOBgNVBAMMB2JyaWxsaW8x\\r\\nJjAkBgkqhkiG9w0BCQEWF3NyZWVrYW50aGJzQHlhaG9vLmNvLmluMIIBIjANBgkq\\r\\nhkiG9w0BAQEFAAOCAQ8AMIIBCgKCAQEAyUNKaOuT0NK+S8Ck81zy9xJ6hXfZvAC6\\r\\nlhbmf/6s/WVimJ/TX5NMhQJwC9k6ZIF92KfYrojHNvHDufSZ3EtKUVwRFCDjmgMT\\r\\nDL09WkGaZt7gROYFK0iZ4KrYGovUwlwum9fHB24OJiOV4bi0ek62/rHx9fjYZpvp\\r\\naIH2PV/hN8SCZ0x7HJMberD4gVoU/Kv42nNvwjLUW6IZfVx/Gv5OeFDtWHfSvUEF\\r\\ndadHKTPn3Ab20Iu6gZIbLO9Vuf38/IpaYGfnFCouHdzmiTiLieYNe3CUPcOJNSv7\\r\\n1G8KYpx3uNJRkJPab5OsRyJw75Gvzkr9OgaPss9tVD6Gt68u3WQtVQIDAQABo1Aw\\r\\nTjAdBgNVHQ4EFgQUogvhXB+xZ2JJPfLO6cVs4ForzscwHwYDVR0jBBgwFoAUogvh\\r\\nXB+xZ2JJPfLO6cVs4ForzscwDAYDVR0TBAUwAwEB/zANBgkqhkiG9w0BAQUFAAOC\\r\\nAQEAdDj7qUNJ45xlF5cjd+4x5NHvAD1VTjOKu+Xh/uzSSjXqB2F0aOMWA9lx0qaQ\\r\\noJgHkGxj3zz/W7ik/cVGL2O+vRIOKv/y0OPogEmS3Hw+P+O6OGE7x1G6YN0zLVoL\\r\\nu4BN/BEYmjttxM9I7qqL7C5cJoE+K3s/w1/pt/68ohJcr7F9Ohi7cso62xuGY1Rm\\r\\nksAh2EUDsU9JV/P+C9AMpLSrb03JJYzVj4w1RHbrmw2AjFyGXdQYkggyXisg+Ifr\\r\\n5gbNN7HigpHf7b2i3CQBUqp9m23frh5AhnLI2qp3UXgc52U5ieLdi/t6j0TTZqqY\\r\\nHhHqofKrj938HHlBNpC5/LVh3w==\\r\\n\"\r\n            }\r\n          ]\r\n        }\r\n      },\r\n      \"secrets\": []\r\n    },\r\n    \"networkProfile\": {\"networkInterfaces\":[{\"id\":\"/subscriptions/e33f361b-53c2-4cc7-b829-78906708387b/resourceGroups/xplatTestGVMStart/providers/Microsoft.Network/networkInterfaces/xplattestnicStSp\"}]},\r\n    \"diagnosticsProfile\": {\r\n      \"bootDiagnostics\": {\r\n        \"enabled\": true,\r\n        \"storageUri\": \"https://xplattstoragestsp9603.blob.core.windows.net/\"\r\n      }\r\n    },\r\n    \"provisioningState\": \"Succeeded\",\r\n    \"instanceView\": {\r\n      \"vmAgent\": {\r\n        \"vmAgentVersion\": \"2.1.3\",\r\n        \"statuses\": [\r\n          {\r\n            \"code\": \"ProvisioningState/succeeded\",\r\n            \"level\": \"Info\",\r\n            \"displayStatus\": \"Ready\",\r\n            \"message\": \"Guest Agent is running\",\r\n            \"time\": \"2017-01-29T06:06:21+00:00\"\r\n          }\r\n        ],\r\n        \"extensionHandlers\": []\r\n      },\r\n      \"disks\": [\r\n        {\r\n          \"name\": \"cli6f108c7a89e8c5f5-os-1485669727859\",\r\n          \"statuses\": [\r\n            {\r\n              \"code\": \"ProvisioningState/succeeded\",\r\n              \"level\": \"Info\",\r\n              \"displayStatus\": \"Provisioning succeeded\",\r\n              \"time\": \"2017-01-29T06:03:53.734936+00:00\"\r\n            }\r\n          ]\r\n        }\r\n      ],\r\n      \"bootDiagnostics\": {\r\n        \"consoleScreenshotBlobUri\": \"https://xplattstoragestsp9603.blob.core.windows.net/bootdiagnostics-xplatvmst-de8d3158-df5f-42b6-be39-1fabd7cd8a05/xplatvmStSp.de8d3158-df5f-42b6-be39-1fabd7cd8a05.screenshot.bmp\",\r\n        \"serialConsoleLogBlobUri\": \"https://xplattstoragestsp9603.blob.core.windows.net/bootdiagnostics-xplatvmst-de8d3158-df5f-42b6-be39-1fabd7cd8a05/xplatvmStSp.de8d3158-df5f-42b6-be39-1fabd7cd8a05.serialconsole.log\"\r\n      },\r\n      \"statuses\": [\r\n        {\r\n          \"code\": \"ProvisioningState/succeeded\",\r\n          \"level\": \"Info\",\r\n          \"displayStatus\": \"Provisioning succeeded\",\r\n          \"time\": \"2017-01-29T06:05:56.7131244+00:00\"\r\n        },\r\n        {\r\n          \"code\": \"PowerState/running\",\r\n          \"level\": \"Info\",\r\n          \"displayStatus\": \"VM running\"\r\n        }\r\n      ]\r\n    }\r\n  },\r\n  \"type\": \"Microsoft.Compute/virtualMachines\",\r\n  \"location\": \"eastus\",\r\n  \"tags\": {},\r\n  \"id\": \"/subscriptions/e33f361b-53c2-4cc7-b829-78906708387b/resourceGroups/xplatTestGVMStart/providers/Microsoft.Compute/virtualMachines/xplatvmStSp\",\r\n  \"name\": \"xplatvmStSp\"\r\n}", { 'cache-control': 'no-cache',
  pragma: 'no-cache',
  'content-length': '4912',
  'content-type': 'application/json; charset=utf-8',
  expires: '-1',
  'strict-transport-security': 'max-age=31536000; includeSubDomains',
  'x-ms-served-by': 'db2c81f2-c6fa-41a7-b70e-bc4bed3c3b56_131281305639660111',
  'x-ms-request-id': 'fd120d7c-c3dd-48a1-9fe8-3ad73d33eaf3',
  server: 'Microsoft-HTTPAPI/2.0, Microsoft-HTTPAPI/2.0',
  'x-ms-ratelimit-remaining-subscription-reads': '14998',
  'x-ms-correlation-request-id': '0e83f311-f308-4c63-9e2f-0481cffaca03',
  'x-ms-routing-request-id': 'WESTUS2:20170129T060627Z:0e83f311-f308-4c63-9e2f-0481cffaca03',
  date: 'Sun, 29 Jan 2017 06:06:26 GMT',
  connection: 'close' });
 return result; },
function (nock) { 
var result = 
nock('https://management.azure.com:443')
  .get('/subscriptions/e33f361b-53c2-4cc7-b829-78906708387b/resourceGroups/xplatTestGVMStart/providers/Microsoft.Compute/virtualMachines/xplatvmStSp?$expand=instanceView&api-version=2016-04-30-preview')
  .reply(200, "{\r\n  \"properties\": {\r\n    \"vmId\": \"de8d3158-df5f-42b6-be39-1fabd7cd8a05\",\r\n    \"hardwareProfile\": {\r\n      \"vmSize\": \"Standard_DS1\"\r\n    },\r\n    \"storageProfile\": {\r\n      \"imageReference\": {\r\n        \"publisher\": \"canonical\",\r\n        \"offer\": \"UbuntuServer\",\r\n        \"sku\": \"16.04.0-LTS\",\r\n        \"version\": \"latest\"\r\n      },\r\n      \"osDisk\": {\r\n        \"osType\": \"Linux\",\r\n        \"name\": \"cli6f108c7a89e8c5f5-os-1485669727859\",\r\n        \"createOption\": \"FromImage\",\r\n        \"vhd\": {\r\n          \"uri\": \"https://xplattstoragestsp9603.blob.core.windows.net/xplatteststoragecntstsp/cli6f108c7a89e8c5f5-os-1485669727859.vhd\"\r\n        },\r\n        \"caching\": \"ReadWrite\"\r\n      },\r\n      \"dataDisks\": []\r\n    },\r\n    \"osProfile\": {\r\n      \"computerName\": \"xplatvmStSp\",\r\n      \"adminUsername\": \"azureuser\",\r\n      \"linuxConfiguration\": {\r\n        \"disablePasswordAuthentication\": false,\r\n        \"ssh\": {\r\n          \"publicKeys\": [\r\n            {\r\n              \"path\": \"/home/azureuser/.ssh/authorized_keys\",\r\n              \"keyData\": \"MIID/zCCAuegAwIBAgIJAMUAa+XVLvAeMA0GCSqGSIb3DQEBBQUAMIGVMQswCQYD\\r\\nVQQGEwJJbjESMBAGA1UECAwJS2FybmF0YWthMRIwEAYDVQQHDAlCYW5nYWxvcmUx\\r\\nEDAOBgNVBAoMB2JyaWxsaW8xEjAQBgNVBAsMCW1pY3Jvc29mdDEQMA4GA1UEAwwH\\r\\nYnJpbGxpbzEmMCQGCSqGSIb3DQEJARYXc3JlZWthbnRoYnNAeWFob28uY28uaW4w\\r\\nHhcNMTUwMzA1MTE1MzEyWhcNMTYwMzA0MTE1MzEyWjCBlTELMAkGA1UEBhMCSW4x\\r\\nEjAQBgNVBAgMCUthcm5hdGFrYTESMBAGA1UEBwwJQmFuZ2Fsb3JlMRAwDgYDVQQK\\r\\nDAdicmlsbGlvMRIwEAYDVQQLDAltaWNyb3NvZnQxEDAOBgNVBAMMB2JyaWxsaW8x\\r\\nJjAkBgkqhkiG9w0BCQEWF3NyZWVrYW50aGJzQHlhaG9vLmNvLmluMIIBIjANBgkq\\r\\nhkiG9w0BAQEFAAOCAQ8AMIIBCgKCAQEAyUNKaOuT0NK+S8Ck81zy9xJ6hXfZvAC6\\r\\nlhbmf/6s/WVimJ/TX5NMhQJwC9k6ZIF92KfYrojHNvHDufSZ3EtKUVwRFCDjmgMT\\r\\nDL09WkGaZt7gROYFK0iZ4KrYGovUwlwum9fHB24OJiOV4bi0ek62/rHx9fjYZpvp\\r\\naIH2PV/hN8SCZ0x7HJMberD4gVoU/Kv42nNvwjLUW6IZfVx/Gv5OeFDtWHfSvUEF\\r\\ndadHKTPn3Ab20Iu6gZIbLO9Vuf38/IpaYGfnFCouHdzmiTiLieYNe3CUPcOJNSv7\\r\\n1G8KYpx3uNJRkJPab5OsRyJw75Gvzkr9OgaPss9tVD6Gt68u3WQtVQIDAQABo1Aw\\r\\nTjAdBgNVHQ4EFgQUogvhXB+xZ2JJPfLO6cVs4ForzscwHwYDVR0jBBgwFoAUogvh\\r\\nXB+xZ2JJPfLO6cVs4ForzscwDAYDVR0TBAUwAwEB/zANBgkqhkiG9w0BAQUFAAOC\\r\\nAQEAdDj7qUNJ45xlF5cjd+4x5NHvAD1VTjOKu+Xh/uzSSjXqB2F0aOMWA9lx0qaQ\\r\\noJgHkGxj3zz/W7ik/cVGL2O+vRIOKv/y0OPogEmS3Hw+P+O6OGE7x1G6YN0zLVoL\\r\\nu4BN/BEYmjttxM9I7qqL7C5cJoE+K3s/w1/pt/68ohJcr7F9Ohi7cso62xuGY1Rm\\r\\nksAh2EUDsU9JV/P+C9AMpLSrb03JJYzVj4w1RHbrmw2AjFyGXdQYkggyXisg+Ifr\\r\\n5gbNN7HigpHf7b2i3CQBUqp9m23frh5AhnLI2qp3UXgc52U5ieLdi/t6j0TTZqqY\\r\\nHhHqofKrj938HHlBNpC5/LVh3w==\\r\\n\"\r\n            }\r\n          ]\r\n        }\r\n      },\r\n      \"secrets\": []\r\n    },\r\n    \"networkProfile\": {\"networkInterfaces\":[{\"id\":\"/subscriptions/e33f361b-53c2-4cc7-b829-78906708387b/resourceGroups/xplatTestGVMStart/providers/Microsoft.Network/networkInterfaces/xplattestnicStSp\"}]},\r\n    \"diagnosticsProfile\": {\r\n      \"bootDiagnostics\": {\r\n        \"enabled\": true,\r\n        \"storageUri\": \"https://xplattstoragestsp9603.blob.core.windows.net/\"\r\n      }\r\n    },\r\n    \"provisioningState\": \"Succeeded\",\r\n    \"instanceView\": {\r\n      \"vmAgent\": {\r\n        \"vmAgentVersion\": \"2.1.3\",\r\n        \"statuses\": [\r\n          {\r\n            \"code\": \"ProvisioningState/succeeded\",\r\n            \"level\": \"Info\",\r\n            \"displayStatus\": \"Ready\",\r\n            \"message\": \"Guest Agent is running\",\r\n            \"time\": \"2017-01-29T06:06:21+00:00\"\r\n          }\r\n        ],\r\n        \"extensionHandlers\": []\r\n      },\r\n      \"disks\": [\r\n        {\r\n          \"name\": \"cli6f108c7a89e8c5f5-os-1485669727859\",\r\n          \"statuses\": [\r\n            {\r\n              \"code\": \"ProvisioningState/succeeded\",\r\n              \"level\": \"Info\",\r\n              \"displayStatus\": \"Provisioning succeeded\",\r\n              \"time\": \"2017-01-29T06:03:53.734936+00:00\"\r\n            }\r\n          ]\r\n        }\r\n      ],\r\n      \"bootDiagnostics\": {\r\n        \"consoleScreenshotBlobUri\": \"https://xplattstoragestsp9603.blob.core.windows.net/bootdiagnostics-xplatvmst-de8d3158-df5f-42b6-be39-1fabd7cd8a05/xplatvmStSp.de8d3158-df5f-42b6-be39-1fabd7cd8a05.screenshot.bmp\",\r\n        \"serialConsoleLogBlobUri\": \"https://xplattstoragestsp9603.blob.core.windows.net/bootdiagnostics-xplatvmst-de8d3158-df5f-42b6-be39-1fabd7cd8a05/xplatvmStSp.de8d3158-df5f-42b6-be39-1fabd7cd8a05.serialconsole.log\"\r\n      },\r\n      \"statuses\": [\r\n        {\r\n          \"code\": \"ProvisioningState/succeeded\",\r\n          \"level\": \"Info\",\r\n          \"displayStatus\": \"Provisioning succeeded\",\r\n          \"time\": \"2017-01-29T06:05:56.7131244+00:00\"\r\n        },\r\n        {\r\n          \"code\": \"PowerState/running\",\r\n          \"level\": \"Info\",\r\n          \"displayStatus\": \"VM running\"\r\n        }\r\n      ]\r\n    }\r\n  },\r\n  \"type\": \"Microsoft.Compute/virtualMachines\",\r\n  \"location\": \"eastus\",\r\n  \"tags\": {},\r\n  \"id\": \"/subscriptions/e33f361b-53c2-4cc7-b829-78906708387b/resourceGroups/xplatTestGVMStart/providers/Microsoft.Compute/virtualMachines/xplatvmStSp\",\r\n  \"name\": \"xplatvmStSp\"\r\n}", { 'cache-control': 'no-cache',
  pragma: 'no-cache',
  'content-length': '4912',
  'content-type': 'application/json; charset=utf-8',
  expires: '-1',
  'strict-transport-security': 'max-age=31536000; includeSubDomains',
  'x-ms-served-by': 'db2c81f2-c6fa-41a7-b70e-bc4bed3c3b56_131281305639660111',
  'x-ms-request-id': 'fd120d7c-c3dd-48a1-9fe8-3ad73d33eaf3',
  server: 'Microsoft-HTTPAPI/2.0, Microsoft-HTTPAPI/2.0',
  'x-ms-ratelimit-remaining-subscription-reads': '14998',
  'x-ms-correlation-request-id': '0e83f311-f308-4c63-9e2f-0481cffaca03',
  'x-ms-routing-request-id': 'WESTUS2:20170129T060627Z:0e83f311-f308-4c63-9e2f-0481cffaca03',
  date: 'Sun, 29 Jan 2017 06:06:26 GMT',
  connection: 'close' });
 return result; },
function (nock) { 
var result = 
nock('http://management.azure.com:443')
  .post('/subscriptions/e33f361b-53c2-4cc7-b829-78906708387b/resourceGroups/xplatTestGVMStart/providers/Microsoft.Storage/storageAccounts/xplattstoragestsp9603/listKeys?api-version=2016-01-01')
  .reply(200, "{\"keys\":[{\"keyName\":\"key1\",\"permissions\":\"Full\",\"value\":\"4onsFmNOHLcyCTKZMypUKSsXrHnH4J8LCQQ3sYoKjzwtBmrbql+NR4/gqd7slZH32S9SVJD7NKpHwGNaCRFksQ==\"},{\"keyName\":\"key2\",\"permissions\":\"Full\",\"value\":\"SNeUs+g/Xv4rRP62WdoyWN7keUd9FT5HgLzk1uSyC5gaJmp027iv1INLSov8a1+6dRBiprHZVSjBSinNQPxdUA==\"}]}\n", { 'cache-control': 'no-cache',
  pragma: 'no-cache',
  'content-length': '289',
  'content-type': 'application/json',
  expires: '-1',
  'x-ms-request-id': '33b3e299-03d8-4f1e-80c0-0e12636d3f48',
  server: 'Microsoft-Azure-Storage-Resource-Provider/1.0, Microsoft-HTTPAPI/2.0',
  'x-ms-ratelimit-remaining-subscription-writes': '1199',
  'x-ms-correlation-request-id': '33b3e299-03d8-4f1e-80c0-0e12636d3f48',
  'x-ms-routing-request-id': 'WESTUS2:20170129T060627Z:33b3e299-03d8-4f1e-80c0-0e12636d3f48',
  'strict-transport-security': 'max-age=31536000; includeSubDomains',
  date: 'Sun, 29 Jan 2017 06:06:26 GMT',
  connection: 'close' });
 return result; },
function (nock) { 
var result = 
nock('https://management.azure.com:443')
  .post('/subscriptions/e33f361b-53c2-4cc7-b829-78906708387b/resourceGroups/xplatTestGVMStart/providers/Microsoft.Storage/storageAccounts/xplattstoragestsp9603/listKeys?api-version=2016-01-01')
  .reply(200, "{\"keys\":[{\"keyName\":\"key1\",\"permissions\":\"Full\",\"value\":\"4onsFmNOHLcyCTKZMypUKSsXrHnH4J8LCQQ3sYoKjzwtBmrbql+NR4/gqd7slZH32S9SVJD7NKpHwGNaCRFksQ==\"},{\"keyName\":\"key2\",\"permissions\":\"Full\",\"value\":\"SNeUs+g/Xv4rRP62WdoyWN7keUd9FT5HgLzk1uSyC5gaJmp027iv1INLSov8a1+6dRBiprHZVSjBSinNQPxdUA==\"}]}\n", { 'cache-control': 'no-cache',
  pragma: 'no-cache',
  'content-length': '289',
  'content-type': 'application/json',
  expires: '-1',
  'x-ms-request-id': '33b3e299-03d8-4f1e-80c0-0e12636d3f48',
  server: 'Microsoft-Azure-Storage-Resource-Provider/1.0, Microsoft-HTTPAPI/2.0',
  'x-ms-ratelimit-remaining-subscription-writes': '1199',
  'x-ms-correlation-request-id': '33b3e299-03d8-4f1e-80c0-0e12636d3f48',
  'x-ms-routing-request-id': 'WESTUS2:20170129T060627Z:33b3e299-03d8-4f1e-80c0-0e12636d3f48',
  'strict-transport-security': 'max-age=31536000; includeSubDomains',
  date: 'Sun, 29 Jan 2017 06:06:26 GMT',
  connection: 'close' });
 return result; },
function (nock) { 
var result = 
nock('http://xplattstoragestsp9603.blob.core.windows.net:443')
  .head('/bootdiagnostics-xplatvmst-de8d3158-df5f-42b6-be39-1fabd7cd8a05/xplatvmStSp.de8d3158-df5f-42b6-be39-1fabd7cd8a05.serialconsole.log')
  .reply(200, "", { 'content-length': '52736',
  'content-type': 'text/plain',
  'last-modified': 'Sun, 29 Jan 2017 06:05:46 GMT',
  'accept-ranges': 'bytes',
  etag: '"0x8D4480CDDA25A42"',
  server: 'Windows-Azure-Blob/1.0 Microsoft-HTTPAPI/2.0',
  'x-ms-request-id': 'f1a1f743-0001-0022-31f5-798ad2000000',
  'x-ms-version': '2015-12-11',
  'x-ms-lease-status': 'unlocked',
  'x-ms-lease-state': 'available',
  'x-ms-blob-type': 'PageBlob',
  'x-ms-blob-sequence-number': '0',
  'x-ms-server-encrypted': 'false',
  date: 'Sun, 29 Jan 2017 06:06:27 GMT',
  connection: 'close' });
 return result; },
function (nock) { 
var result = 
nock('https://xplattstoragestsp9603.blob.core.windows.net:443')
  .head('/bootdiagnostics-xplatvmst-de8d3158-df5f-42b6-be39-1fabd7cd8a05/xplatvmStSp.de8d3158-df5f-42b6-be39-1fabd7cd8a05.serialconsole.log')
  .reply(200, "", { 'content-length': '52736',
  'content-type': 'text/plain',
  'last-modified': 'Sun, 29 Jan 2017 06:05:46 GMT',
  'accept-ranges': 'bytes',
  etag: '"0x8D4480CDDA25A42"',
  server: 'Windows-Azure-Blob/1.0 Microsoft-HTTPAPI/2.0',
  'x-ms-request-id': 'f1a1f743-0001-0022-31f5-798ad2000000',
  'x-ms-version': '2015-12-11',
  'x-ms-lease-status': 'unlocked',
  'x-ms-lease-state': 'available',
  'x-ms-blob-type': 'PageBlob',
  'x-ms-blob-sequence-number': '0',
  'x-ms-server-encrypted': 'false',
  date: 'Sun, 29 Jan 2017 06:06:27 GMT',
  connection: 'close' });
 return result; },
function (nock) { 
var result = 
nock('http://xplattstoragestsp9603.blob.core.windows.net:443')
  .get('/bootdiagnostics-xplatvmst-de8d3158-df5f-42b6-be39-1fabd7cd8a05/xplatvmStSp.de8d3158-df5f-42b6-be39-1fabd7cd8a05.serialconsole.log')
  .reply(200, "\u001b[H\u001b[J\u001b[1;1H[    0.000000] Initializing cgroup subsys cpuset\r\n[    0.000000] Initializing cgroup subsys cpu\r\n[    0.000000] Initializing cgroup subsys cpuacct\r\n[    0.000000] Linux version 4.4.0-47-generic (buildd@lcy01-03) (gcc version 5.4.0 20160609 (Ubuntu 5.4.0-6ubuntu1~16.04.2) ) #68-Ubuntu SMP Wed Oct 26 19:39:52 UTC 2016 (Ubuntu 4.4.0-47.68-generic 4.4.24)\r\n[    0.000000] Command line: BOOT_IMAGE=/boot/vmlinuz-4.4.0-47-generic root=UUID=e990f8b3-1d6b-4615-8280-8ead4ed2fe7c ro console=tty1 console=ttyS0 earlyprintk=ttyS0 rootdelay=300\r\n[    0.000000] KERNEL supported cpus:\r\n[    0.000000]   Intel GenuineIntel\r\n[    0.000000]   AMD AuthenticAMD\r\n[    0.000000]   Centaur CentaurHauls\r\n[    0.000000] x86/fpu: xstate_offset[2]:  576, xstate_sizes[2]:  256\r\n[    0.000000] x86/fpu: Supporting XSAVE feature 0x01: 'x87 floating point registers'\r\n[    0.000000] x86/fpu: Supporting XSAVE feature 0x02: 'SSE registers'\r\n[    0.000000] x86/fpu: Supporting XSAVE feature 0x04: 'AVX registers'\r\n[    0.000000] x86/fpu: Enabled xstate features 0x7, context size is 832 bytes, using 'standard' format.\r\n[    0.000000] x86/fpu: Using 'eager' FPU context switches.\r\n[    0.000000] e820: BIOS-provided physical RAM map:\r\n[    0.000000] BIOS-e820: [mem 0x0000000000000000-0x000000000009fbff] usable\r\n[    0.000000] BIOS-e820: [mem 0x000000000009fc00-0x000000000009ffff] reserved\r\n[    0.000000] BIOS-e820: [mem 0x00000000000e0000-0x00000000000fffff] reserved\r\n[    0.000000] BIOS-e820: [mem 0x0000000000100000-0x000000001ffeffff] usable\r\n[    0.000000] BIOS-e820: [mem 0x000000001fff0000-0x000000001fffefff] ACPI data\r\n[    0.000000] BIOS-e820: [mem 0x000000001ffff000-0x000000001fffffff] ACPI NVS\r\n[    0.000000] BIOS-e820: [mem 0x0000000100000000-0x00000001bfffffff] usable\r\n[    0.000000] bootconsole [earlyser0] enabled\r\n[    0.000000] NX (Execute Disable) protection: active\r\n[    0.000000] SMBIOS 2.3 present.\r\n[    0.000000] Hypervisor detected: Microsoft HyperV\r\n[    0.000000] HyperV: features 0xe7f, hints 0x2c\r\n[    0.000000] HyperV: LAPIC Timer Frequency: 0xc3500\r\n[    0.000000] clocksource: hyperv_clocksource: mask: 0xffffffffffffffff max_cycles: 0x24e6a1710, max_idle_ns: 440795202120 ns\r\n[    0.000000] tsc: Marking TSC unstable due to running on Hyper-V\r\n[    0.000000] e820: last_pfn = 0x1c0000 max_arch_pfn = 0x400000000\r\n[    0.000000] x86/PAT: Configuration [0-7]: WB  WC  UC- UC  WB  WC  UC- WT  \r\n[    0.000000] e820: last_pfn = 0x1fff0 max_arch_pfn = 0x400000000\r\n[    0.000000] found SMP MP-table at [mem 0x000ff780-0x000ff78f] mapped at [ffff8800000ff780]\r\n[    0.000000] Scanning 1 areas for low memory corruption\r\n[    0.000000] RAMDISK: [mem 0x1d3ff000-0x1f779fff]\r\n[    0.000000] ACPI: Early table checksum verification disabled\r\n[    0.000000] ACPI: RSDP 0x00000000000F56F0 000014 (v00 ACPIAM)\r\n[    0.000000] ACPI: RSDT 0x000000001FFF0000 000040 (v01 VRTUAL MICROSFT 05001223 MSFT 00000097)\r\n[    0.000000] ACPI: FACP 0x000000001FFF0200 000081 (v02 VRTUAL MICROSFT 05001223 MSFT 00000097)\r\n[    0.000000] ACPI: DSDT 0x000000001FFF1724 002E78 (v01 MSFTVM MSFTVM02 00000002 INTL 02002026)\r\n[    0.000000] ACPI: FACS 0x000000001FFFF000 000040\r\n[    0.000000] ACPI: WAET 0x000000001FFF1480 000028 (v01 VRTUAL MICROSFT 05001223 MSFT 00000097)\r\n[    0.000000] ACPI: SLIC 0x000000001FFF14C0 000176 (v01 VRTUAL MICROSFT 05001223 MSFT 00000097)\r\n[    0.000000] ACPI: OEM0 0x000000001FFF16C0 000064 (v01 VRTUAL MICROSFT 05001223 MSFT 00000097)\r\n[    0.000000] ACPI: SRAT 0x000000001FFF0600 000090 (v02 VRTUAL MICROSFT 00000001 MSFT 00000001)\r\n[    0.000000] ACPI: APIC 0x000000001FFF0300 00024C (v01 VRTUAL MICROSFT 05001223 MSFT 00000097)\r\n[    0.000000] ACPI: OEMB 0x000000001FFFF040 000064 (v01 VRTUAL MICROSFT 05001223 MSFT 00000097)\r\n[    0.000000] SRAT: PXM 0 -> APIC 0x00 -> Node 0\r\n[    0.000000] SRAT: Node 0 PXM 0 [mem 0x00000000-0x1fffffff]\r\n[    0.000000] SRAT: Node 0 PXM 0 [mem 0x100000000-0x1bfffffff]\r\n[    0.000000] NUMA: Node 0 [mem 0x00000000-0x1fffffff] + [mem 0x100000000-0x1bfffffff] -> [mem 0x00000000-0x1bfffffff]\r\n[    0.000000] NODE_DATA(0) allocated [mem 0x1bfffa000-0x1bfffefff]\r\n[    0.000000] Zone ranges:\r\n[    0.000000]   DMA      [mem 0x0000000000001000-0x0000000000ffffff]\r\n[    0.000000]   DMA32    [mem 0x0000000001000000-0x00000000ffffffff]\r\n[    0.000000]   Normal   [mem 0x0000000100000000-0x00000001bfffffff]\r\n[    0.000000]   Device   empty\r\n[    0.000000] Movable zone start for each node\r\n[    0.000000] Early memory node ranges\r\n[    0.000000]   node   0: [mem 0x0000000000001000-0x000000000009efff]\r\n[    0.000000]   node   0: [mem 0x0000000000100000-0x000000001ffeffff]\r\n[    0.000000]   node   0: [mem 0x0000000100000000-0x00000001bfffffff]\r\n[    0.000000] Initmem setup node 0 [mem 0x0000000000001000-0x00000001bfffffff]\r\n[    0.000000] ACPI: PM-Timer IO Port: 0x408\r\n[    0.000000] IOAPIC[0]: apic_id 0, version 17, address 0xfec00000, GSI 0-23\r\n[    0.000000] ACPI: INT_SRC_OVR (bus 0 bus_irq 0 global_irq 2 dfl dfl)\r\n[    0.000000] ACPI: INT_SRC_OVR (bus 0 bus_irq 9 global_irq 9 high level)\r\n[    0.000000] Using ACPI (MADT) for SMP configuration information\r\n[    0.000000] smpboot: Allowing 64 CPUs, 63 hotplug CPUs\r\n[    0.000000] PM: Registered nosave memory: [mem 0x00000000-0x00000fff]\r\n[    0.000000] PM: Registered nosave memory: [mem 0x0009f000-0x0009ffff]\r\n[    0.000000] PM: Registered nosave memory: [mem 0x000a0000-0x000dffff]\r\n[    0.000000] PM: Registered nosave memory: [mem 0x000e0000-0x000fffff]\r\n[    0.000000] PM: Registered nosave memory: [mem 0x1fff0000-0x1fffefff]\r\n[    0.000000] PM: Registered nosave memory: [mem 0x1ffff000-0x1fffffff]\r\n[    0.000000] PM: Registered nosave memory: [mem 0x20000000-0xffffffff]\r\n[    0.000000] e820: [mem 0x20000000-0xffffffff] available for PCI devices\r\n[    0.000000] Booting paravirtualized kernel on bare hardware\r\n[    0.000000] clocksource: refined-jiffies: mask: 0xffffffff max_cycles: 0xffffffff, max_idle_ns: 7645519600211568 ns\r\n[    0.000000] setup_percpu: NR_CPUS:256 nr_cpumask_bits:256 nr_cpu_ids:64 nr_node_ids:1\r\n[    0.000000] PERCPU: Embedded 33 pages/cpu @ffff8801bae00000 s98008 r8192 d28968 u262144\r\n[    0.000000] Built 1 zonelists in Node order, mobility grouping on.  Total pages: 903033\r\n[    0.000000] Policy zone: Normal\r\n[    0.000000] Kernel command line: BOOT_IMAGE=/boot/vmlinuz-4.4.0-47-generic root=UUID=e990f8b3-1d6b-4615-8280-8ead4ed2fe7c ro console=tty1 console=ttyS0 earlyprintk=ttyS0 rootdelay=300\r\n[    0.000000] log_buf_len individual max cpu contribution: 4096 bytes\r\n[    0.000000] log_buf_len total cpu_extra contributions: 258048 bytes\r\n[    0.000000] log_buf_len min size: 262144 bytes\r\n[    0.000000] log_buf_len: 524288 bytes\r\n[    0.000000] early log buf free: 253140(96%)\r\n[    0.000000] PID hash table entries: 4096 (order: 3, 32768 bytes)\r\n[    0.000000] Memory: 3482052K/3669560K available (8423K kernel code, 1285K rwdata, 3952K rodata, 1480K init, 1292K bss, 187508K reserved, 0K cma-reserved)\r\n[    0.000000] SLUB: HWalign=64, Order=0-3, MinObjects=0, CPUs=64, Nodes=1\r\n[    0.000000] Hierarchical RCU implementation.\r\n[    0.000000] \tBuild-time adjustment of leaf fanout to 64.\r\n[    0.000000] \tRCU restricting CPUs from NR_CPUS=256 to nr_cpu_ids=64.\r\n[    0.000000] RCU: Adjusting geometry for rcu_fanout_leaf=64, nr_cpu_ids=64\r\n[    0.000000] NR_IRQS:16640 nr_irqs:936 16\r\n[    0.000000] Console: colour VGA+ 80x25\r\n[    0.000000] console [tty1] enabled\r\n[    0.000000] console [ttyS0] enabled\r\n[    0.000000] console [ttyS0] enabled\r\n[    0.000000] bootconsole [earlyser0] disabled\r\n[    0.000000] bootconsole [earlyser0] disabled\r\n[    0.000000] tsc: Fast TSC calibration failed\r\n[    0.000000] tsc: Unable to calibrate against PIT\r\n[    0.000000] tsc: using PMTIMER reference calibration\r\n[    0.000000] tsc: Detected 2199.974 MHz processor\r\n[    0.016035] Calibrating delay loop (skipped), value calculated using timer frequency.. 4399.94 BogoMIPS (lpj=8799896)\r\n[    0.021426] pid_max: default: 65536 minimum: 512\r\n[    0.024029] ACPI: Core revision 20150930\r\n[    0.028299] ACPI: 1 ACPI AML tables successfully acquired and loaded\r\n[    0.031814] Security Framework initialized\r\n[    0.032024] Yama: becoming mindful.\r\n[    0.033604] AppArmor: AppArmor initialized\r\n[    0.036334] Dentry cache hash table entries: 524288 (order: 10, 4194304 bytes)\r\n[    0.039332] Inode-cache hash table entries: 262144 (order: 9, 2097152 bytes)\r\n[    0.040430] Mount-cache hash table entries: 8192 (order: 4, 65536 bytes)\r\n[    0.044023] Mountpoint-cache hash table entries: 8192 (order: 4, 65536 bytes)\r\n[    0.046158] Initializing cgroup subsys io\r\n[    0.047690] Initializing cgroup subsys memory\r\n[    0.048035] Initializing cgroup subsys devices\r\n[    0.049604] Initializing cgroup subsys freezer\r\n[    0.052019] Initializing cgroup subsys net_cls\r\n[    0.053591] Initializing cgroup subsys perf_event\r\n[    0.055169] Initializing cgroup subsys net_prio\r\n[    0.056021] Initializing cgroup subsys hugetlb\r\n[    0.057574] Initializing cgroup subsys pids\r\n[    0.060104] mce: CPU supports 1 MCE banks\r\n[    0.061650] Last level iTLB entries: 4KB 512, 2MB 8, 4MB 8\r\n[    0.063282] Last level dTLB entries: 4KB 512, 2MB 32, 4MB 32, 1GB 0\r\n[    0.089456] ftrace: allocating 32047 entries in 126 pages\r\n[    0.100134] smpboot: Max logical packages: 64\r\n[    0.101445] smpboot: APIC(0) Converting physical 0 to logical package 0\r\n[    0.104036] Switched APIC routing to physical flat.\r\n[    0.117125] ..TIMER: vector=0x30 apic1=0 pin1=2 apic2=-1 pin2=-1\r\n[    0.120097] smpboot: CPU0: Intel(R) Xeon(R) CPU E5-2660 0 @ 2.20GHz (family: 0x6, model: 0x2d, stepping: 0x7)\r\n[    0.123976] Performance Events: unsupported p6 CPU model 45 no PMU driver, software events only.\r\n[    0.128315] x86: Booted up 1 node, 1 CPUs\r\n[    0.129527] smpboot: Total of 1 processors activated (4399.94 BogoMIPS)\r\n[    0.132007] NMI watchdog: disabled (cpu0): hardware events not enabled\r\n[    0.133467] NMI watchdog: Shutting down hard lockup detector on all cpus\r\n[    0.136417] devtmpfs: initialized\r\n[    0.140432] evm: security.selinux\r\n[    0.141539] evm: security.SMACK64\r\n[    0.142684] evm: security.SMACK64EXEC\r\n[    0.143831] evm: security.SMACK64TRANSMUTE\r\n[    0.144004] evm: security.SMACK64MMAP\r\n[    0.145205] evm: security.ima\r\n[    0.146391] evm: security.capability\r\n[    0.148086] PM: Registering ACPI NVS region [mem 0x1ffff000-0x1fffffff] (4096 bytes)\r\n[    0.150574] clocksource: jiffies: mask: 0xffffffff max_cycles: 0xffffffff, max_idle_ns: 7645041785100000 ns\r\n[    0.152168] pinctrl core: initialized pinctrl subsystem\r\n[    0.153850] RTC time:  6:05:09, date: 01/29/17\r\n[    0.156169] NET: Registered protocol family 16\r\n[    0.157577] cpuidle: using governor ladder\r\n[    0.158765] cpuidle: using governor menu\r\n[    0.160004] PCCT header not found.\r\n[    0.161205] ACPI: bus type PCI registered\r\n[    0.162399] acpiphp: ACPI Hot Plug PCI Controller Driver version: 0.5\r\n[    0.164336] PCI: Using configuration type 1 for base access\r\n[    0.167297] ACPI: Added _OSI(Module Device)\r\n[    0.168008] ACPI: Added _OSI(Processor Device)\r\n[    0.169248] ACPI: Added _OSI(3.0 _SCP Extensions)\r\n[    0.170516] ACPI: Added _OSI(Processor Aggregator Device)\r\n[    0.174587] ACPI: Interpreter enabled\r\n[    0.176013] ACPI: (supports S0 S5)\r\n[    0.177301] ACPI: Using IOAPIC for interrupt routing\r\n[    0.178665] PCI: Using host bridge windows from ACPI; if necessary, use \"pci=nocrs\" and report a bug\r\n[    0.191191] ACPI: PCI Root Bridge [PCI0] (domain 0000 [bus 00-ff])\r\n[    0.192007] acpi PNP0A03:00: _OSC: OS supports [ASPM ClockPM Segments MSI]\r\n[    0.193489] acpi PNP0A03:00: _OSC failed (AE_NOT_FOUND); disabling ASPM\r\n[    0.194952] acpi PNP0A03:00: fail to add MMCONFIG information, can't access extended PCI configuration space under this bridge.\r\n[    0.196580] PCI host bridge to bus 0000:00\r\n[    0.197784] pci_bus 0000:00: root bus resource [mem 0xfe0000000-0xfffefffff window]\r\n[    0.200004] pci_bus 0000:00: root bus resource [io  0x0000-0x0cf7 window]\r\n[    0.201466] pci_bus 0000:00: root bus resource [io  0x0d00-0xffff window]\r\n[    0.204003] pci_bus 0000:00: root bus resource [mem 0x000a0000-0x000bffff window]\r\n[    0.205672] pci_bus 0000:00: root bus resource [mem 0x20000000-0xfffbffff window]\r\n[    0.207318] pci_bus 0000:00: root bus resource [bus 00-ff]\r\n[    0.215157] pci 0000:00:07.1: legacy IDE quirk: reg 0x10: [io  0x01f0-0x01f7]\r\n[    0.216003] pci 0000:00:07.1: legacy IDE quirk: reg 0x14: [io  0x03f6]\r\n[    0.217485] pci 0000:00:07.1: legacy IDE quirk: reg 0x18: [io  0x0170-0x0177]\r\n[    0.218988] pci 0000:00:07.1: legacy IDE quirk: reg 0x1c: [io  0x0376]\r\n[    0.220473] * Found PM-Timer Bug on the chipset. Due to workarounds for a bug,\r\n[    0.220473] * this clock source is slow. Consider trying other clock sources\r\n[    0.225702] pci 0000:00:07.3: quirk: [io  0x0400-0x043f] claimed by PIIX4 ACPI\r\n[    0.236287] ACPI: PCI Interrupt Link [LNKA] (IRQs 3 4 5 7 9 10 *11 12 14 15)\r\n[    0.245019] ACPI: PCI Interrupt Link [LNKB] (IRQs 3 4 5 7 9 10 11 12 14 15) *0, disabled.\r\n[    0.255732] ACPI: PCI Interrupt Link [LNKC] (IRQs 3 4 5 7 9 10 11 12 14 15) *0, disabled.\r\n[    0.266484] ACPI: PCI Interrupt Link [LNKD] (IRQs 3 4 5 7 9 10 11 12 14 15) *0, disabled.\r\n[    0.276173] ACPI: Enabled 1 GPEs in block 00 to 0F\r\n[    0.278815] vgaarb: setting as boot device: PCI:0000:00:08.0\r\n[    0.280000] vgaarb: device added: PCI:0000:00:08.0,decodes=io+mem,owns=io+mem,locks=none\r\n[    0.280002] vgaarb: loaded\r\n[    0.281063] vgaarb: bridge control possible 0000:00:08.0\r\n[    0.284269] SCSI subsystem initialized\r\n[    0.285591] ACPI: bus type USB registered\r\n[    0.286800] usbcore: registered new interface driver usbfs\r\n[    0.288012] usbcore: registered new interface driver hub\r\n[    0.289345] usbcore: registered new device driver usb\r\n[    0.290775] PCI: Using ACPI for IRQ routing\r\n[    0.292469] NetLabel: Initializing\r\n[    0.293650] NetLabel:  domain hash size = 128\r\n[    0.296002] NetLabel:  protocols = UNLABELED CIPSOv4\r\n[    0.297304] NetLabel:  unlabeled traffic allowed by default\r\n[    0.298740] amd_nb: Cannot enumerate AMD northbridges\r\n[    0.300020] clocksource: Switched to clocksource hyperv_clocksource\r\n[    0.308567] AppArmor: AppArmor Filesystem Enabled\r\n[    0.309941] pnp: PnP ACPI init\r\n[    0.313039] system 00:06: [io  0x01e0-0x01ef] has been reserved\r\n[    0.314414] system 00:06: [io  0x0160-0x016f] has been reserved\r\n[    0.315781] system 00:06: [io  0x0278-0x027f] has been reserved\r\n[    0.317190] system 00:06: [io  0x0378-0x037f] has been reserved\r\n[    0.318546] system 00:06: [io  0x0678-0x067f] has been reserved\r\n[    0.319927] system 00:06: [io  0x0778-0x077f] has been reserved\r\n[    0.321332] system 00:06: [io  0x04d0-0x04d1] has been reserved\r\n[    0.322817] system 00:07: [io  0x0400-0x043f] has been reserved\r\n[    0.324226] system 00:07: [io  0x0370-0x0371] has been reserved\r\n[    0.325578] system 00:07: [io  0x0440-0x044f] has been reserved\r\n[    0.326946] system 00:07: [mem 0xfec00000-0xfec00fff] could not be reserved\r\n[    0.328454] system 00:07: [mem 0xfee00000-0xfee00fff] has been reserved\r\n[    0.330093] system 00:08: [mem 0x00000000-0x0009ffff] could not be reserved\r\n[    0.331571] system 00:08: [mem 0x000c0000-0x000dffff] could not be reserved\r\n[    0.333062] system 00:08: [mem 0x000e0000-0x000fffff] could not be reserved\r\n[    0.334526] system 00:08: [mem 0x00100000-0x1fffffff] could not be reserved\r\n[    0.335990] system 00:08: [mem 0xfffc0000-0xffffffff] has been reserved\r\n[    0.337636] pnp: PnP ACPI: found 9 devices\r\n[    0.344983] clocksource: acpi_pm: mask: 0xffffff max_cycles: 0xffffff, max_idle_ns: 2085701024 ns\r\n[    0.346892] NET: Registered protocol family 2\r\n[    0.348496] TCP established hash table entries: 32768 (order: 6, 262144 bytes)\r\n[    0.350200] TCP bind hash table entries: 32768 (order: 7, 524288 bytes)\r\n[    0.351706] TCP: Hash tables configured (established 32768 bind 32768)\r\n[    0.353198] UDP hash table entries: 2048 (order: 4, 65536 bytes)\r\n[    0.354576] UDP-Lite hash table entries: 2048 (order: 4, 65536 bytes)\r\n[    0.356196] NET: Registered protocol family 1\r\n[    0.357485] pci 0000:00:00.0: Limiting direct PCI/PCI transfers\r\n[    0.359103] Trying to unpack rootfs image as initramfs...\r\n[    1.035226] Freeing initrd memory: 36332K (ffff88001d3ff000 - ffff88001f77a000)\r\n[    1.037141] PCI-DMA: Using software bounce buffering for IO (SWIOTLB)\r\n[    1.038584] software IO TLB [mem 0x193ff000-0x1d3ff000] (64MB) mapped at [ffff8800193ff000-ffff88001d3fefff]\r\n[    1.040667] RAPL PMU detected, API unit is 2^-32 Joules, 3 fixed counters 10737418240 ms ovfl timer\r\n[    1.042487] hw unit of domain pp0-core 2^-0 Joules\r\n[    1.043749] hw unit of domain package 2^-0 Joules\r\n[    1.045012] hw unit of domain dram 2^-0 Joules\r\n[    1.046341] clocksource: tsc: mask: 0xffffffffffffffff max_cycles: 0x1fb61a7368a, max_idle_ns: 440795280528 ns\r\n[    1.048352] Scanning for low memory corruption every 60 seconds\r\n[    1.050876] futex hash table entries: 16384 (order: 8, 1048576 bytes)\r\n[    1.052503] audit: initializing netlink subsys (disabled)\r\n[    1.053844] audit: type=2000 audit(1485669909.052:1): initialized\r\n[    1.055556] Initialise system trusted keyring\r\n[    1.056957] HugeTLB registered 2 MB page size, pre-allocated 0 pages\r\n[    1.059952] zbud: loaded\r\n[    1.061277] VFS: Disk quotas dquot_6.6.0\r\n[    1.062533] VFS: Dquot-cache hash table entries: 512 (order 0, 4096 bytes)\r\n[    1.064376] squashfs: version 4.0 (2009/01/31) Phillip Lougher\r\n[    1.066099] fuse init (API version 7.23)\r\n[    1.067472] Key type big_key registered\r\n[    1.068710] Allocating IMA MOK and blacklist keyrings.\r\n[    1.070347] Key type asymmetric registered\r\n[    1.071524] Asymmetric key parser 'x509' registered\r\n[    1.072844] Block layer SCSI generic (bsg) driver version 0.4 loaded (major 249)\r\n[    1.074524] io scheduler noop registered\r\n[    1.075701] io scheduler deadline registered (default)\r\n[    1.077049] io scheduler cfq registered\r\n[    1.078335] pci_hotplug: PCI Hot Plug PCI Core version: 0.5\r\n[    1.079668] pciehp: PCI Express Hot Plug Controller Driver version: 0.4\r\n[    1.081255] input: Power Button as /devices/LNXSYSTM:00/LNXPWRBN:00/input/input0\r\n[    1.082897] ACPI: Power Button [PWRF]\r\n[    1.084305] GHES: HEST is not enabled!\r\n[    1.086026] Serial: 8250/16550 driver, 32 ports, IRQ sharing enabled\r\n[    1.110170] 00:03: ttyS0 at I/O 0x3f8 (irq = 4, base_baud = 115200) is a 16550A\r\n[    1.133656] 00:04: ttyS1 at I/O 0x2f8 (irq = 3, base_baud = 115200) is a 16550A\r\n[    1.136848] Linux agpgart interface v0.103\r\n[    1.141829] brd: module loaded\r\n[    1.144835] loop: module loaded\r\n[    1.146283] ata_piix 0000:00:07.1: Hyper-V Virtual Machine detected, ATA device ignore set\r\n[    1.150049] scsi host0: ata_piix\r\n[    1.151244] scsi host1: ata_piix\r\n[    1.152430] ata1: PATA max UDMA/33 cmd 0x1f0 ctl 0x3f6 bmdma 0xffa0 irq 14\r\n[    1.153917] ata2: PATA max UDMA/33 cmd 0x170 ctl 0x376 bmdma 0xffa8 irq 15\r\n[    1.156444] libphy: Fixed MDIO Bus: probed\r\n[    1.157673] tun: Universal TUN/TAP device driver, 1.6\r\n[    1.159007] tun: (C) 1999-2004 Max Krasnyansky <maxk@qualcomm.com>\r\n[    1.161306] PPP generic driver version 2.4.2\r\n[    1.162593] ehci_hcd: USB 2.0 'Enhanced' Host Controller (EHCI) Driver\r\n[    1.164049] ehci-pci: EHCI PCI platform driver\r\n[    1.165325] ehci-platform: EHCI generic platform driver\r\n[    1.166622] ohci_hcd: USB 1.1 'Open' Host Controller (OHCI) Driver\r\n[    1.168045] ohci-pci: OHCI PCI platform driver\r\n[    1.169296] ohci-platform: OHCI generic platform driver\r\n[    1.170617] uhci_hcd: USB Universal Host Controller Interface driver\r\n[    1.172103] i8042: PNP: PS/2 Controller [PNP0303:PS2K,PNP0f03:PS2M] at 0x60,0x64 irq 1,12\r\n[    1.176713] serio: i8042 KBD port at 0x60,0x64 irq 1\r\n[    1.178166] serio: i8042 AUX port at 0x60,0x64 irq 12\r\n[    1.179576] mousedev: PS/2 mouse device common for all mice\r\n[    1.181225] rtc_cmos 00:00: RTC can wake from S4\r\n[    1.203182] input: AT Translated Set 2 keyboard as /devices/platform/i8042/serio0/input/input1\r\n[    1.206105] rtc_cmos 00:00: rtc core: registered rtc_cmos as rtc0\r\n[    1.208065] rtc_cmos 00:00: alarms up to one month, 114 bytes nvram\r\n[    1.209480] i2c /dev entries driver\r\n[    1.210690] device-mapper: uevent: version 1.0.3\r\n[    1.212057] device-mapper: ioctl: 4.34.0-ioctl (2015-10-28) initialised: dm-devel@redhat.com\r\n[    1.213881] ledtrig-cpu: registered to indicate activity on CPUs\r\n[    1.215634] NET: Registered protocol family 10\r\n[    1.217217] NET: Registered protocol family 17\r\n[    1.218463] Key type dns_resolver registered\r\n[    1.219798] microcode: CPU0 sig=0x206d7, pf=0x1, revision=0xffffffff\r\n[    1.221348] microcode: Microcode Update Driver: v2.01 <tigran@aivazian.fsnet.co.uk>, Peter Oruba\r\n[    1.223275] registered taskstats version 1\r\n[    1.224504] Loading compiled-in X.509 certificates\r\n[    1.226803] Loaded X.509 cert 'Build time autogenerated kernel key: f7bc719d96df7c6d6fed8f4b9fd5d4ff001383c8'\r\n[    1.228777] zswap: loaded using pool lzo/zbud\r\n[    1.231715] Key type trusted registered\r\n[    1.235710] Key type encrypted registered\r\n[    1.236944] AppArmor: AppArmor sha1 policy hashing enabled\r\n[    1.238577] ima: No TPM chip found, activating TPM-bypass!\r\n[    1.239904] evm: HMAC attrs: 0x1\r\n[    1.241436]   Magic number: 1:296:65\r\n[    1.242893] rtc_cmos 00:00: setting system clock to 2017-01-29 06:05:10 UTC (1485669910)\r\n[    1.244751] BIOS EDD facility v0.16 2004-Jun-25, 0 devices found\r\n[    1.246168] EDD information not available.\r\n[    1.317410] ata2.00: ATAPI: Virtual CD, , max MWDMA2\r\n[    1.320647] ata2.00: configured for MWDMA2\r\n[    1.323387] scsi 1:0:0:0: CD-ROM            Msft     Virtual CD/ROM   1.0  PQ: 0 ANSI: 5\r\n[    1.328700] sr 1:0:0:0: [sr0] scsi3-mmc drive: 0x/0x tray\r\n[    1.330574] cdrom: Uniform CD-ROM driver Revision: 3.20\r\n[    1.332861] sr 1:0:0:0: Attached scsi generic sg0 type 5\r\n[    1.335858] Freeing unused kernel memory: 1480K (ffffffff81f43000 - ffffffff820b5000)\r\n[    1.337595] Write protecting the kernel read-only data: 14336k\r\n[    1.339676] Freeing unused kernel memory: 1804K (ffff88000183d000 - ffff880001a00000)\r\n[    1.341914] Freeing unused kernel memory: 144K (ffff880001ddc000 - ffff880001e00000)\r\nLoading, please wait...\r\nstarting version 229\r\n[    1.360969] random: udevadm: uninitialized urandom read (16 bytes read, 2 bits of entropy available)\r\n[    1.363436] random: udevadm: uninitialized urandom read (16 bytes read, 2 bits of entropy available)\r\n[    1.365773] random: systemd-udevd: uninitialized urandom read (16 bytes read, 2 bits of entropy available)\r\n[    1.367765] random: systemd-udevd: uninitialized urandom read (16 bytes read, 2 bits of entropy available)\r\n[    1.369684] random: systemd-udevd: uninitialized urandom read (16 bytes read, 2 bits of entropy available)\r\n[    1.371878] random: systemd-udevd: uninitialized urandom read (16 bytes read, 2 bits of entropy available)\r\n[    1.373939] random: udevadm: uninitialized urandom read (16 bytes read, 2 bits of entropy available)\r\n[    1.375818] random: udevadm: uninitialized urandom read (16 bytes read, 2 bits of entropy available)\r\n[    1.378709] random: udevadm: uninitialized urandom read (16 bytes read, 2 bits of entropy available)\r\n[    1.380790] random: udevadm: uninitialized urandom read (16 bytes read, 2 bits of entropy available)\r\n[    1.441634] FUJITSU Extended Socket Network Device Driver - version 1.0 - Copyright (c) 2015 FUJITSU LIMITED\r\n[    1.453307] clocksource: hyperv_clocksource_tsc_page: mask: 0xffffffffffffffff max_cycles: 0x24e6a1710, max_idle_ns: 440795202120 ns\r\n[    1.468494] clocksource: Switched to clocksource hyperv_clocksource_tsc_page\r\n[    1.470262] Floppy drive(s): fd0 is 1.44M\r\n[    1.493603] FDC 0 is an 82078.\r\n[    1.495595] hv_vmbus: Hyper-V Host Build:9600-6.3-18-0.18190; Vmbus version:3.0\r\n[    1.500188] hv_vmbus: Unknown GUID: f8e65716-3cb3-4a06-9a60-1889c5cccab5\r\n[    1.501811] hv_vmbus: Unknown GUID: 3375baf4-9e15-4b30-b765-67acb10d607b\r\n[    1.503585] hv_vmbus: Unknown GUID: 276aacf4-ac15-426c-98dd-7521ad3f01fe\r\n[    1.506539] hv_vmbus: registering driver hyperv_fb\r\n[    1.508949] hyperv_fb: Screen resolution: 1152x864, Color depth: 32\r\n[    1.516064] Console: switching to colour frame buffer device 144x54\r\n[    1.563560] AVX version of gcm_enc/dec engaged.\r\n[    1.564412] AES CTR mode by8 optimization enabled\r\n[    1.627337] hv_vmbus: registering driver hv_storvsc\r\n[    1.633895] hidraw: raw HID events driver (C) Jiri Kosina\r\n[    1.636290] hv_vmbus: registering driver hyperv_keyboard\r\n[    1.639448] hv_utils: Registering HyperV Utility Driver\r\n[    1.640282] hv_vmbus: registering driver hv_util\r\n[    1.651149] hv_vmbus: registering driver hid_hyperv\r\n[    1.655539] hv_vmbus: registering driver hv_netvsc\r\n[    1.664435] input: Microsoft Vmbus HID-compliant Mouse as /devices/0006:045E:0621.0001/input/input4\r\n[    1.670362] hid-generic 0006:045E:0621.0001: input: <UNKNOWN> HID v0.01 Mouse [Microsoft Vmbus HID-compliant Mouse] on \r\n[    1.672887] hv_netvsc: hv_netvsc channel opened successfully\r\n[    1.821415] hv_netvsc vmbus_14: Send section size: 6144, Section count:2560\r\n[    1.822770] hv_netvsc vmbus_14: Device MAC 00:0d:3a:12:22:51 link state up\r\n[    1.832967] scsi host2: storvsc_host_t\r\n[    1.834078] scsi 2:0:0:0: Direct-Access     Msft     Virtual Disk     1.0  PQ: 0 ANSI: 4\r\n[    1.835789] sd 2:0:0:0: Attached scsi generic sg1 type 0\r\n[    1.837361] sd 2:0:0:0: [sda] 61440000 512-byte logical blocks: (31.5 GB/29.3 GiB)\r\n[    1.838422] sd 2:0:0:0: [sda] 4096-byte physical blocks\r\n[    1.839532] sd 2:0:0:0: [sda] Write Protect is off\r\n[    1.840424] sd 2:0:0:0: [sda] Write cache: enabled, read cache: enabled, supports DPO and FUA\r\n[    1.842597]  sda: sda1\r\n[    1.843836] sd 2:0:0:0: [sda] Attached SCSI disk\r\n[    1.845214] scsi host3: storvsc_host_t\r\n[    1.846254] scsi 3:0:1:0: Direct-Access     Msft     Virtual Disk     1.0  PQ: 0 ANSI: 4\r\n[    1.847895] sd 3:0:1:0: Attached scsi generic sg2 type 0\r\n[    1.849423] sd 3:0:1:0: [sdb] 14680064 512-byte logical blocks: (7.52 GB/7.00 GiB)\r\n[    1.850440] sd 3:0:1:0: [sdb] 4096-byte physical blocks\r\n[    1.851603] sd 3:0:1:0: [sdb] Write Protect is off\r\n[    1.853618] sd 3:0:1:0: [sdb] Write cache: enabled, read cache: enabled, supports DPO and FUA\r\n[    1.856661] scsi host4: storvsc_host_t\r\n[    1.858642]  sdb: sdb1\r\n[    1.860646] scsi host4: scsi scan: INQUIRY result too short (5), using 36\r\n[    1.864209] sd 3:0:1:0: [sdb] Attached SCSI disk\r\n[    1.869574] scsi host5: storvsc_host_t\r\n[    1.872144] scsi host5: scsi scan: INQUIRY result too short (5), using 36\r\n[    1.880056] psmouse serio1: trackpoint: failed to get extended button data\r\nBegin: Loading essential drivers ...
[    3.348760] md: linear personality registered for level -1\r\n[    3.354074] md: multipath personality registered for level -4\r\n[    3.359249] md: raid0 personality registered for level 0\r\n[    3.364982] md: raid1 personality registered for level 1\r\n[    3.440010] raid6: sse2x1   gen()  5813 MB/s\r\n[    3.508013] raid6: sse2x1   xor()  4358 MB/s\r\n[    3.576009] raid6: sse2x2   gen()  7166 MB/s\r\n[    3.644008] raid6: sse2x2   xor()  5047 MB/s\r\n[    3.712014] raid6: sse2x4   gen()  7976 MB/s\r\n[    3.780009] raid6: sse2x4   xor()  5979 MB/s\r\n[    3.781627] raid6: using algorithm sse2x4 gen() 7976 MB/s\r\n[    3.783314] raid6: .... xor() 5979 MB/s, rmw enabled\r\n[    3.784945] raid6: using ssse3x2 recovery algorithm\r\n[    3.789319] xor: automatically using best checksumming function:\r\n[    3.828007]    avx       : 14189.000 MB/sec\r\n[    3.831811] async_tx: api initialized (async)\r\n[    3.847859] md: raid6 personality registered for level 6\r\n[    3.849589] md: raid5 personality registered for level 5\r\n[    3.851215] md: raid4 personality registered for level 4\r\n[    3.859160] md: raid10 personality registered for level 10\r\ndone.\r\nBegin: Running /scripts/init-premount ... done.\r\nBegin: Mounting root file system ... Begin: Running /scripts/local-top ... done.\r\nBegin: Running /scripts/local-premount ...
[    3.912240] Btrfs loaded\r\nScanning for Btrfs filesystems\r\n[    4.020091] blk_update_request: I/O error, dev fd0, sector 0\r\n[    4.021969] floppy: error -5 while reading block 0\r\ndone.\r\nWarning: fsck not present, so skipping root file system\r\n[    4.171474] EXT4-fs (sda1): mounted filesystem with ordered data mode. Opts: (null)\r\ndone.\r\nBegin: Running /scripts/local-bottom ... done.\r\nBegin: Running /scripts/init-bottom ... Warning: overlayroot: debug is busted\r\ndone.\r\n[    4.453278] random: nonblocking pool is initialized\r\n[    6.611513] systemd[1]: systemd 229 running in system mode. (+PAM +AUDIT +SELINUX +IMA +APPARMOR +SMACK +SYSVINIT +UTMP +LIBCRYPTSETUP +GCRYPT +GNUTLS +ACL +XZ -LZ4 +SECCOMP +BLKID +ELFUTILS +KMOD -IDN)\r\n[    6.615646] systemd[1]: Detected virtualization microsoft.\r\n[    6.617373] systemd[1]: Detected architecture x86-64.\r\n\r\nWelcome to \u001b[1mUbuntu 16.04.1 LTS\u001b[0m!\r\n\r\n[    6.760453] systemd[1]: Set hostname to <ubuntu>.\r\n[    6.787614] systemd[1]: Initializing machine ID from random generator.\r\n[    6.790099] systemd[1]: Installed transient /etc/machine-id file.\r\n[    7.008083] psmouse serio1: trackpoint: IBM TrackPoint firmware: 0x01, buttons: 0/0\r\n[    7.010922] input: TPPS/2 IBM TrackPoint as /devices/platform/i8042/serio1/input/input3\r\n[    7.013606] input: AT Translated Set 2 keyboard as /devices/LNXSYSTM:00/LNXSYBUS:00/PNP0A03:00/device:07/VMBUS:01/vmbus_5/serio2/input/input5\r\n[    7.256958] systemd[1]: Listening on /dev/initctl Compatibility Named Pipe.\r\n[\u001b[0;32m  OK  \u001b[0m] Listening on /dev/initctl Compatibility Named Pipe.\r\n[    7.270055] systemd[1]: Reached target Encrypted Volumes.\r\n[\u001b[0;32m  OK  \u001b[0m] Reached target Encrypted Volumes.\r\n[    7.281912] systemd[1]: Reached target Swap.\r\n[\u001b[0;32m  OK  \u001b[0m] Reached target Swap.\r\n[    7.293397] systemd[1]: Listening on LVM2 poll daemon socket.\r\n[\u001b[0;32m  OK  \u001b[0m] Listening on LVM2 poll daemon socket.\r\n[    7.305817] systemd[1]: Created slice User and Session Slice.\r\n[\u001b[0;32m  OK  \u001b[0m] Created slice User and Session Slice.\r\n[    7.317730] systemd[1]: Listening on Syslog Socket.\r\n[\u001b[0;32m  OK  \u001b[0m] Listening on Syslog Socket.\r\n[    7.329318] systemd[1]: Listening on Journal Socket (/dev/log).\r\n[\u001b[0;32m  OK  \u001b[0m] Listening on Journal Socket (/dev/log).\r\n[    7.341349] systemd[1]: Listening on udev Control Socket.\r\n[\u001b[0;32m  OK  \u001b[0m] Listening on udev Control Socket.\r\n[    7.352676] systemd[1]: Reached target User and Group Name Lookups.\r\n[\u001b[0;32m  OK  \u001b[0m] Reached target User and Group Name Lookups.\r\n[    7.364684] systemd[1]: Created slice System Slice.\r\n[\u001b[0;32m  OK  \u001b[0m] Created slice System Slice.\r\n[    7.376245] systemd[1]: Created slice system-serial\\x2dgetty.slice.\r\n[\u001b[0;32m  OK  \u001b[0m] Created slice system-serial\\x2dgetty.slice.\r\n[    7.387764] systemd[1]: Reached target Slices.\r\n[\u001b[0;32m  OK  \u001b[0m] Reached target Slices.\r\n[    7.399945] systemd[1]: Started Forward Password Requests to Wall Directory Watch.\r\n[\u001b[0;32m  OK  \u001b[0m] Started Forward Password Requests to Wall Directory Watch.\r\n[    7.412114] systemd[1]: Listening on Journal Socket.\r\n[\u001b[0;32m  OK  \u001b[0m] Listening on Journal Socket.\r\n[    7.430012] systemd[1]: Starting Load Kernel Modules...\r\n         Starting Load Kernel Modules...\r\n[    7.440028] systemd[1]: Starting Set console keymap...\r\n         Starting Set console keymap...\r\n[    7.450757] systemd[1]: Starting Uncomplicated firewall...\r\n         Starting Uncomplicated firewall...\r\n[    7.463146] systemd[1]: Mounting POSIX Message Queue File System...\r\n         Mounting POSIX Message Queue File System...\r\n[    7.476755] systemd[1]: Mounting Debug File System...\r\n         Mounting Debug File System...\r\n[    7.487706] systemd[1]: Listening on Device-mapper event daemon FIFOs.\r\n[\u001b[0;32m  OK  \u001b[0m] Listening on Device-mapper event daemon FIFOs.\r\n[    7.500346] systemd[1]: Listening on LVM2 metadata daemon socket.\r\n[    7.505375] Loading iSCSI transport class v2.0-870.\r\n[\u001b[0;32m  OK  \u001b[0m] Listening on LVM2 metadata daemon socket.\r\n[    7.520618] systemd[1]: Starting Monitoring of LVM2 mirrors, snapshots etc. using dmeventd or progress polling...\r\n         Starting Monitoring of LVM2 mirrors... dmeventd or progress polling...\r\n[    7.534370] systemd[1]: Listening on Journal Audit Socket.\r\n[\u001b[0;32m  OK  \u001b[0m]
[    7.546862] iscsi: registered transport (tcp)\r\nListening on Journal Audit Socket.\r\n[    7.555765] systemd[1]: Starting Journal Service...\r\n         Starting Journal Service...\r\n[    7.577505] systemd[1]: Starting Nameserver information manager...\r\n         Starting Nameserver information manager...\r\n[    7.596407] systemd[1]: Set up automount Arbitrary Executable File Formats File System Automount Point.\r\n[\u001b[0;32m  OK  \u001b[0m] Set up automount Arbitrary Executab...ats File System Automount Point.\r\n[    7.625162] systemd[1]: Mounting Huge Pages File System...\r\n         Mounting Huge Pages File System...\r\n[    7.646195] systemd[1]: Starting Remount Root and Kernel File Systems...\r\n         Starting Remount Root and Kernel File Systems...\r\n[    7.662391] systemd[1]: Starting Create list of required static device nodes for the current kernel...\r\n         Starting Create list of required st... nodes for the current kernel...\r\n[    7.678626] systemd[1]: Listening on udev Kernel Socket.\r\n[    7.680476] EXT4-fs (sda1): re-mounted. Opts: discard\r\n[\u001b[0;32m  OK  \u001b[0m] Listening on udev Kernel Socket.\r\n[    7.701071] systemd[1]: Mounted Huge Pages File System.\r\n[\u001b[0;32m  OK  \u001b[0m] Mounted Huge Pages File System.\r\n[    7.714127] systemd[1]: Mounted POSIX Message Queue File System.\r\n[\u001b[0;32m  OK  \u001b[0m] Mounted POSIX Message Queue File System.\r\n[    7.727650] systemd[1]: Mounted Debug File System.\r\n[    7.732300] iscsi: registered transport (iser)\r\n[\u001b[0;32m  OK  \u001b[0m] Mounted Debug File System.\r\n[    7.745367] systemd[1]: Started Load Kernel Modules.\r\n[\u001b[0;32m  OK  \u001b[0m] Started Load Kernel Modules.\r\n[    7.757399] systemd[1]: Started Set console keymap.\r\n[\u001b[0;32m  OK  \u001b[0m] Started Set console keymap.\r\n[    7.771406] systemd[1]: Started Uncomplicated firewall.\r\n[\u001b[0;32m  OK  \u001b[0m] Started Uncomplicated firewall.\r\n[    7.784318] systemd[1]: Started Remount Root and Kernel File Systems.\r\n[\u001b[0;32m  OK  \u001b[0m] Started Remount Root and Kernel File Systems.\r\n[    7.815001] systemd[1]: Started Create list of required static device nodes for the current kernel.\r\n[\u001b[0;32m  OK  \u001b[0m] Started Create list of required sta...ce nodes for the current kernel.\r\n[    7.828709] systemd[1]: Started Nameserver information manager.\r\n[\u001b[0;32m  OK  \u001b[0m] Started Nameserver information manager.\r\n[    7.846307] systemd[1]: Started Journal Service.\r\n[\u001b[0;32m  OK  \u001b[0m] Started Journal Service.\r\n[\u001b[0;32m  OK  \u001b[0m] Started LVM2 metadata daemon.\r\n         Starting Create Static Device Nodes in /dev...\r\n         Starting Load/Save Random Seed...\r\n         Starting udev Coldplug all Devices...\r\n         Starting Flush Journal to Persistent Storage...\r\n         Starting Apply Kernel Variables...\r\n         Mounting FUSE Control File System...\r\n[\u001b[0;32m  OK  \u001b[0m] Mounted FUSE Control File System.\r\n[\u001b[0;32m  OK  \u001b[0m] Started Load/Save Random Seed.\r\n[\u001b[0;32m  OK  \u001b[0m] Started Apply Kernel Variables.\r\n[\u001b[0;32m  OK  \u001b[0m] Started udev Coldplug all Devices.\r\n[\u001b[0;32m  OK  \u001b[0m] Started Flush Journal to Persistent Storage.\r\n[\u001b[0;32m  OK  \u001b[0m] Started Create Static Device Nodes in /dev.\r\n         Starting udev Kernel Device Manager...\r\n[\u001b[0;32m  OK  \u001b[0m] Started Monitoring of LVM2 mirrors,...ng dmeventd or progress polling.\r\n[\u001b[0;32m  OK  \u001b[0m] Started udev Kernel Device Manager.\r\n[\u001b[0;32m  OK  \u001b[0m] Reached target Local File Systems (Pre).\r\n         Mounting /etc/network/interfaces.dynamic.d...\r\n[\u001b[0;32m  OK  \u001b[0m] Started Dispatch Password Requests to Console Directory Watch.\r\n[\u001b[0;32m  OK  \u001b[0m] Mounted /etc/network/interfaces.dynamic.d.\r\n[\u001b[0;32m  OK  \u001b[0m] Reached target Local File Systems.\r\n         Starting Run snappy firstboot setup...\r\n         Starting Commit a transient machine-id on disk...\r\n         Starting Tell Plymouth To Write Out Runtime Data...\r\n         Starting Initial cloud-init job (pre-networking)...\r\n         Starting Create Volatile Files and Directories...\r\n         Starting Set console font and keymap...\r\n         Starting LSB: AppArmor initialization...\r\n[\u001b[0;32m  OK  \u001b[0m] Started Commit a transient machine-id on disk.\r\n[\u001b[0;32m  OK  \u001b[0m] Started Tell Plymouth To Write Out Runtime Data.\r\n[\u001b[0;32m  OK  \u001b[0m] Started Create Volatile Files and Directories.\r\n[    8.802620] piix4_smbus 0000:00:07.3: SMBus base address uninitialized - upgrade BIOS or use force_addr=0xaddr\r\n         Starting Update UTMP about System Boot/Shutdown...\r\n         Starting Network Time Synchronization...\r\n[\u001b[0;32m  OK  \u001b[0m] Started Update UTMP about System Boot/Shutdown.\r\n[\u001b[0;32m  OK  \u001b[0m] Started Network Time Synchronization.\r\n[\u001b[0;32m  OK  \u001b[0m] Reached target System Time Synchronized.\r\n[\u001b[0;32m  OK  \u001b[0m] Found device /dev/ttyS0.\r\n[\u001b[0;32m  OK  \u001b[0m] Started Set console font and keymap.\r\n[\u001b[0;32m  OK  \u001b[0m] Created slice system-getty.slice.\r\n[    9.242966] intel_rapl: no valid rapl domains found in package 0\r\n[\u001b[0;32m  OK  \u001b[0m] Listening on Load/Save RF Kill Switch Status /dev/rfkill Watch.\r\n[\u001b[0;32m  OK  \u001b[0m] Started Run snappy firstboot setup.\r\n[\u001b[0;32m  OK  \u001b[0m] Started LSB: AppArmor initialization.\r\n[\u001b[0;32m  OK  \u001b[0m] Reached target System Initialization.\r\n[\u001b[0;32m  OK  \u001b[0m] Started Daily Cleanup of Temporary Directories.\r\n         Starting Socket activation for snappy daemon.\r\n[\u001b[0;32m  OK  \u001b[0m] Started Timer to automatically refresh installed snaps.\r\n[\u001b[0;32m  OK  \u001b[0m] Listening on UUID daemon activation socket.\r\n[\u001b[0;32m  OK  \u001b[0m] Started Trigger resolvconf update for networkd DNS.\r\n[\u001b[0;32m  OK  \u001b[0m] Listening on D-Bus System Message Bus Socket.\r\n[\u001b[0;32m  OK  \u001b[0m] Listening on ACPID Listen Socket.\r\n[\u001b[0;32m  OK  \u001b[0m] Started Daily apt activities.\r\n[\u001b[0;32m  OK  \u001b[0m] Reached target Timers.\r\n[\u001b[0;32m  OK  \u001b[0m] Started ACPI Events Check.\r\n[\u001b[0;32m  OK  \u001b[0m] Reached target Paths.\r\n         Starting LXD - unix socket.\r\n[\u001b[0;32m  OK  \u001b[0m] Listening on Socket activation for snappy daemon.\r\n[\u001b[0;32m  OK  \u001b[0m] Listening on LXD - unix socket.\r\n[\u001b[0;32m  OK  \u001b[0m] Reached target Sockets.\r\n[\u001b[0;32m  OK  \u001b[0m] Reached target Basic System.\r\n[\u001b[0;32m  OK  \u001b[0m] Started Snappy daemon.\r\n         Starting Accounts Service...\r\n[\u001b[0;32m  OK  \u001b[0m] Started Name Service Cache Daemon.\r\n[\u001b[0;32m  OK  \u001b[0m] Started Deferred execution scheduler.\r\n         Starting Thermal Daemon Service...\r\n[\u001b[0;32m  OK  \u001b[0m] Started D-Bus System Message Bus.\r\n[\u001b[0;32m  OK  \u001b[0m] Started Regular background program processing daemon.\r\n[\u001b[0;32m  OK  \u001b[0m] Started Hyper-V File Copy Protocol Daemon.\r\n         Starting System Logging Service...\r\n[\u001b[0;32m  OK  \u001b[0m] Started FUSE filesystem for LXC.\r\n         Starting Login Service...\r\n[\u001b[0;32m  OK  \u001b[0m] Started Hyper-V KVP Protocol Daemon.\r\n         Starting LSB: Record successful boot for GRUB...\r\n[\u001b[0;32m  OK  \u001b[0m] Started ACPI event daemon.\r\n         Starting LXD - container startup/shutdown...\r\n[\u001b[0;32m  OK  \u001b[0m] Started Hyper-V VSS Protocol Daemon.\r\n         Starting LSB: MD monitoring daemon...\r\n[\u001b[0;32m  OK  \u001b[0m] Started Login Service.\r\n[\u001b[0;32m  OK  \u001b[0m] Started System Logging Service.\r\n[\u001b[0;32m  OK  \u001b[0m] Started LSB: Record successful boot for GRUB.\r\n[\u001b[0;32m  OK  \u001b[0m] Started Thermal Daemon Service.\r\n[\u001b[0;32m  OK  \u001b[0m] Started LSB: MD monitoring daemon.\r\n         Starting Authenticate and Authorize Users to Run Privileged Tasks...\r\n[\u001b[0;32m  OK  \u001b[0m] Started Authenticate and Authorize Users to Run Privileged Tasks.\r\n[\u001b[0;32m  OK  \u001b[0m] Started Accounts Service.\r\n[   14.430455] cloud-init[578]: Cloud-init v. 0.7.8 running 'init-local' at Sun, 29 Jan 2017 06:05:23 +0000. Up 14.01 seconds.[\u001b[0;32m  OK  \u001b[0m] Started LXD - container startup/shutdown.\r\n\r\n[\u001b[0;32m  OK  \u001b[0m] Started Initial cloud-init job (pre-networking).\r\n[\u001b[0;32m  OK  \u001b[0m] Reached target Network (Pre).\r\n         Starting Raise network interfaces...\r\n[\u001b[0;32m  OK  \u001b[0m] Started Raise network interfaces.\r\n         Starting Initial cloud-init job (metadata service crawler)...\r\n[\u001b[0;32m  OK  \u001b[0m] Reached target Network.\r\n[   16.248092] blk_update_request: I/O error, dev fd0, sector 0\r\n[   16.292095] blk_update_request: I/O error, dev fd0, sector 0\r\n[   16.447371] cloud-init[1120]: + i=eth0\r\n[   16.458921] cloud-init[1120]: + x=0\r\n[   16.479855] cloud-init[1120]: + ifdown eth0\r\n[   16.491664] cloud-init[1120]: Killed old client process\r\n[   17.481423] cloud-init[1120]: Internet Systems Consortium DHCP Client 4.3.3\r\n[   17.491826] cloud-init[1120]: Copyright 2004-2015 Internet Systems Consortium.\r\n[   17.501551] cloud-init[1120]: All rights reserved.\r\n[   17.517227] cloud-init[1120]: For info, please visit https://www.isc.org/software/dhcp/\r\n[   17.537254] cloud-init[1120]: Listening on LPF/eth0/00:0d:3a:12:22:51\r\n[   17.556499] cloud-init[1120]: Sending on   LPF/eth0/00:0d:3a:12:22:51\r\n[   17.577177] cloud-init[1120]: Sending on   Socket/fallback\r\n[   17.596731] cloud-init[1120]: DHCPRELEASE on eth0 to 168.63.129.16 port 67 (xid=0x4d81344d)\r\n[   18.065470] cloud-init[1120]: + ifup eth0\r\n[   18.082396] cloud-init[1120]: Internet Systems Consortium DHCP Client 4.3.3\r\n[   18.099163] cloud-init[1120]: Copyright 2004-2015 Internet Systems Consortium.\r\n[   18.110066] cloud-init[1120]: All rights reserved.\r\n[   18.121961] cloud-init[1120]: For info, please visit https://www.isc.org/software/dhcp/\r\n[   18.139827] cloud-init[1120]: Listening on LPF/eth0/00:0d:3a:12:22:51\r\n[   18.160049] cloud-init[1120]: Sending on   LPF/eth0/00:0d:3a:12:22:51\r\n[   18.182782] cloud-init[1120]: Sending on   Socket/fallback\r\n[   18.204241] cloud-init[1120]: DHCPDISCOVER on eth0 to 255.255.255.255 port 67 interval 3 (xid=0x84a26f5d)\r\n[   18.222792] cloud-init[1120]: DHCPREQUEST of 10.0.0.4 on eth0 to 255.255.255.255 port 67 (xid=0x5d6fa284)\r\n[   18.244026] cloud-init[1120]: DHCPOFFER of 10.0.0.4 from 168.63.129.16\r\n[   18.265332] cloud-init[1120]: DHCPACK of 10.0.0.4 from 168.63.129.16\r\n[   18.712099] cloud-init[1120]: bound to 10.0.0.4 -- renewal in 4294967295 seconds.\r\n[   18.741487] cloud-init[1120]: + exit 0\r\n[\u001b[0;32m  OK  \u001b[0m] Started Azure Linux Agent.\r\n2017/01/29 06:05:29.379747 INFO Azure Linux Agent Version:2.1.3\r\n2017/01/29 06:05:29.386506 INFO OS: ubuntu 16.04\r\n2017/01/29 06:05:29.392100 INFO Python: 3.5.2\r\n2017/01/29 06:05:29.397628 INFO Run daemon\r\n2017/01/29 06:05:29.403081 INFO run Ubuntu provision handler\r\n2017/01/29 06:05:29.408891 INFO Waiting cloud-init to copy ovf-env.xml.\r\n2017/01/29 06:05:29.418177 INFO Detect protocol endpoints\r\n2017/01/29 06:05:29.424005 INFO WireServer endpoint is not found. Rerun dhcp handler\r\n2017/01/29 06:05:29.430277 INFO Send dhcp request\r\n2017/01/29 06:05:29.678753 INFO Configure routes\r\n2017/01/29 06:05:29.684965 INFO Gateway:10.0.0.1\r\n2017/01/29 06:05:29.690622 INFO Routes:None\r\n2017/01/29 06:05:29.698219 INFO Wire server endpoint:168.63.129.16\r\n2017/01/29 06:05:29.731429 INFO Fabric preferred wire protocol version:2015-04-05\r\n2017/01/29 06:05:29.738675 INFO Wire protocol version:2012-11-30\r\n2017/01/29 06:05:29.744374 WARNING Server prefered version:2015-04-05\r\n[   23.644084] blk_update_request: I/O error, dev fd0, sector 0\r\n[   23.688097] blk_update_request: I/O error, dev fd0, sector 0\r\n2017/01/29 06:05:34.393064 INFO Sleep 15 seconds to prevent throttling\r\n[   26.128985] cloud-init[1120]: Cloud-init v. 0.7.8 running 'init' at Sun, 29 Jan 2017 06:05:25 +0000. Up 16.01 seconds.\r\n[   26.150871] cloud-init[1120]: ci-info: ++++++++++++++++++++++++++++++++++++++Net device info++++++++++++++++++++++++++++++++++++++\r\n[   26.172308] cloud-init[1120]: ci-info: +--------+------+-----------------------------+---------------+-------+-------------------+\r\n[   26.196294] cloud-init[1120]: ci-info: | Device |  Up  |           Address           |      Mask     | Scope |     Hw-Address    |\r\n[   26.215812] cloud-init[\u001b[0;32m  OK  \u001b[0m] [1120]: ci-info: +--------+------+-----------------------------+---------------+-------+-------------------+Started Initial cloud-init job (metadata service crawler).\r\n\r\n[   26.235097] [\u001b[0;32m  OK  \u001b[0m] cloud-init[1120]: ci-info: |  eth0  | True |           10.0.0.4          | 255.255.255.0 |   .   | 00:0d:3a:12:22:51 |Reached target Network is Online.\r\n         \r\n[   26.254305] cloud-initStarting iSCSI initiator daemon (iscsid)...\r\n[1120]: ci-info: |  eth0  | True | fe80::20d:3aff:fe12:2251/64 |       .       |  link | 00:0d:3a:12:22:51 |\r\n[   26.269918] cloud-init[1120]: ci-info: |   lo   | True |          127.0.0.1          |   255.0.0.0   |   .   |         .        |\r\n         Starting Pollinate to seed the pseudo random number generator...[   26.283833] \r\n         Starting /etc/rc.local Compatibility...cloud-init[1120]: \r\n[\u001b[0;32m  OK  \u001b[0mci-info: |   lo   | True |           ::1/128           |       .       |  host |         .         |] Reached target Cloud-config availability.\r\n[   26.322537] \r\n         Starting Apply the settings specified in cloud-config...cloud-init[1120]: ci-info: +--------+------+-----------------------------+---------------+-------+-------------------+\r\n[\u001b[0;32m  OK  \u001b[0m] Started /etc/rc.local Compatibility.\r\n\r\n[   26.369502] cloud-init[1120]: ci-info: ++++++++++++++++++++++++++++++Route IPv4 info+++++++++++++++++++++++++++++++\r\n[   26.408170] cloud-init[1120]: ci-info: +-------+-----------------+----------+----------------+-----------+-------+[\u001b[0;32m  OK  \u001b[0m] Started iSCSI initiator daemon (iscsid).\r\n         Starting Login to default iSCSI targets...\r\n\r\n[   26.444214] cloud-init[1120]: ci-info: | Route |   Destination   | Gateway  |     Genmask     | Interface | Flags |\r\n[   26.484029] cloud-init[1120]: ci-info: +-------+-----------------+----------+-----------------+-----------+-------+\r\n[\u001b[0;32m  OK  \u001b[0m] Started Login to default iSCSI targets.[   26.518112] cloud-init\r\n[1120]: ci-info: |   0   |     0.0.0.0    | 10.0.0.1 |     0.0.0.0     |    eth0   |   UG  |[\u001b[0;32m  OK  \u001b[0m] Reached target Remote File Systems (Pre).\r\n[\u001b[0;32m  OK  \u001b[0m] Reached target Remote File Systems.\r\n\r\n         Starting LSB: Set the CPU Frequency Scaling governor to \"ondemand\"...[   26.585918] cloud-init\r\n         Starting LSB: automatic crash report generation...[1120]: ci-info: |   1   |     10.0.0.0    | 0.0.0.0  |  255.255.255.0  |    eth0   |   U   |\r\n         Starting LSB: daemon to balance interrupts for SMP systems...\r\n\r\n         Starting Permit User Sessions...[   26.625304] cloud-init[1120]: \r\n[\u001b[0;32m  OK  \u001b[0m] ci-info: |   2   |  168.63.129.16  | 10.0.0.1 | 255.255.255.255 |    eth0   |  UGH  |\r\nStarted Permit User Sessions.\r\n[   26.704977] cloud-init[1120]: [\u001b[0;32m  OK  \u001b[0m] Started LSB: Set the CPU Frequency Scaling governor to \"ondemand\".\r\nci-info: |   3   | 169.254.169.254 | 10.0.0.1 | 255.255.255.255 |    eth0   |  UGH  |         Starting Terminate Plymouth Boot Screen...\r\n         Starting Hold until boot process finishes up...\r\n\r\n[\u001b[0;32m  OK  \u001b[0m[   26.776069] cloud-init[1120]: ci-info: +-------+-----------------+----------+-----------------+-----------+-------+] Started Terminate Plymouth Boot Screen.\r\n[\u001b[0;32m  OK  \u001b[0m] Started Hold until boot process finishes up.\r\n[\u001b[0;32m  OK  \u001b[0m] Started LSB: daemon to balance interrupts for SMP systems.\r\n\r\n[\u001b[0;32m  OK  \u001b[0m[   26.844970] cloud-init[1120]: ] Started Serial Getty on ttyS0.\r\n[\u001b[0;32m  OK  \u001b[0m] Started Getty on tty1.\r\nGenerating public/private rsa key pair.[\u001b[0;32m  OK  \u001b[0m] \r\nReached target Login Prompts.\r\n         Starting Set console scheme...[   26.908444] cloud-init[1120]: Your identification has been saved in /etc/ssh/ssh_host_rsa_key.\r\n[\u001b[0;32m  OK  \u001b[0m] Started LSB: automatic crash report generation.\r\n\r\n[   26.952168] cloud-init[1120]: Your public key has been saved in /etc/ssh/ssh_host_rsa_key.pub.\r\n[   26.981859] [\u001b[0;32m  OK  \u001b[0m] Started Set console scheme.cloud-init[1120]: The key fingerprint is:\r\n\r\n[   27.010895] cloud-init[1120]: SHA256:au81GpviDOaCZITw7UA89UesMUAQ8GqyvhyDBH2ombs root@xplatvmStSp\r\n[   27.030632] cloud-init[1120]: The key's randomart image is:\r\n[   27.048151] cloud-init[1120]: +---[RSA 2048]----+\r\n[   27.068146] cloud-init[1120]: |.oo=+. ..        |\r\n[   27.088146] cloud-init[1120]: |.o+. .o..        |\r\n[   27.104152] cloud-init[1120]: |+o+o. .+.        |\r\n[   27.123962] cloud-init[1120]: |o*o.. ..         |\r\n[   27.144148] cloud-init[1120]: |Bo o    S        |\r\n[   27.164157] cloud-init[1120]: |==  .  .         |\r\n[   27.185075] cloud-init[1120]: |*+  o o . o      |\r\n[   27.198428] cloud-init[1120]: |+.+o +.. * .     |\r\n[   27.218857] cloud-init[1120]: |E+....oo*        |\r\n[   27.236150] cloud-init[1120]: +----[SHA256]-----+\r\n[   27.256408] cloud-init[1120]: Generating public/private dsa key pair.\r\n[   27.276160] cloud-init[1120]: Your identification has been saved in /etc/ssh/ssh_host_dsa_key.\r\n[   27.294727] cloud-init[1120]: Your public key has been saved in /etc/ssh/ssh_host_dsa_key.pub.\r\n[   27.316146] cloud-init[1120]: The key fingerprint is:\r\n[   27.333076] cloud-init[1120]: SHA256:xmXN6Zy4lIeBDWtsdRlkBlJaWZ8DtDlYifSqXUW/8fM root@xplatvmStSp\r\n[   27.354342] cloud-init[1120]: The key's randomart image is:\r\n[   27.372405] cloud-init[1120]: +---[DSA 1024]----+\r\n[   27.392150] cloud-init[1120]: |        oo*B@+.  |\r\n[   27.410502] cloud-init[1120]: |       . XoXoB o |\r\n[   27.429094] cloud-init[1120]: |        B * O =..|\r\n[   27.448151] cloud-init[1120]: |       + o O + .+|\r\n[   27.469099] cloud-init[1120]: |        S * *  o.|\r\n[   27.488968] cloud-init[1120]: |       . + +    o|\r\n[   27.505090] cloud-init[1120]: |        . o     E|\r\n[   27.528023] cloud-init[1120]: |                 |\r\n[   27.545057] cloud-init[1120]: |                 |\r\n[   27.561097] cloud-init[1120]: +----[SHA256]-----+\r\n[   27.580152] cloud-init[1120]: Generating public/private ecdsa key pair.\r\n[   27.601062] cloud-init[1120]: Your identification has been saved in /etc/ssh/ssh_host_ecdsa_key.\r\n[   27.620210] cloud-init[1120]: Your public key has been saved in /etc/ssh/ssh_host_ecdsa_key.pub.\r\n[   27.640234] cloud-init[1120]: The key fingerprint is:\r\n[   27.659287] cloud-init[1120]: SHA256:A48WhkuGOUxlbFTj9DkFgyDBOyWOuWrD9rzZrdZkoIc root@xplatvmStSp\r\n[   27.680146] cloud-init[1120]: The key's randomart image is:\r\n[   27.700410] cloud-init[1120]: +---[ECDSA 256]---+\r\n[   27.717280] cloud-init[1120]: | .+==o+.o..      |\r\n[   27.736142] cloud-init[1120]: | oo=++.o +       |\r\n[   27.756147] cloud-init[1120]: | +==+ = +        |\r\n[   27.773067] cloud-init[1120]: |o ++ + = .       |\r\n[   27.792032] cloud-init[1120]: | . .+ + S        |\r\n[   27.804975] cloud-init[1120]: |.  E o o .       |\r\n[   27.814493] cloud-init[1120]: |o   . +          |\r\n[   27.824345] cloud-init[1120]: |.=. o...         |\r\n[   27.835479] cloud-init[1120]: |o o=oo..         |\r\n[   27.846869] cloud-init[1120]: +----[SHA256]-----+\r\n[   27.858792] cloud-init[1120]: Generating public/private ed25519 key pair.\r\n[   27.868962] cloud-init[1120]: Your identification has been saved in /etc/ssh/ssh_host_ed25519_key.\r\n[   27.883229] cloud-init[1120]: Your public key has been saved in /etc/ssh/ssh_host_ed25519_key.pub.\r\n[   27.900654] cloud-init[1120]: The key fingerprint is:\r\n[   27.909807] cloud-init[1120]: SHA256:5vwgCwRAxbvkCg5L63QHPNFvS3aCgd4nd8VqVNL23HY root@xplatvmStSp\r\n[   27.920068] cloud-init[1120]: The key's randomart image is:\r\n[   27.929840] cloud-init[1120]: +--[ED25519 256]--+\r\n[   27.942154] cloud-init[1120]: |o.o.     ...     |\r\n[   27.952159] cloud-init[1120]: | . .o     +o     |\r\n[   27.963426] cloud-init[1120]: |  .o.o   ..oo .  |\r\n[   27.972849] cloud-init[1120]: |  o+o + . o  o oE|\r\n[   27.982911] cloud-init[1120]: |  o=o+ OS=    . .|\r\n[   27.992641] cloud-init[1120]: |o. +o B+*        |\r\n[   28.003038] cloud-init[1120]: |=oo.....+        |\r\n[   28.013586] cloud-init[1120]: |o+. .. o o       |\r\n[   28.028672] cloud-init[1120]: |..    .   .      |\r\n[   28.048245] cloud-init[1120]: +----[SHA256]-----+\r\n[   32.341534] cloud-init[1444]: Generating locales (this might take a while)...\r\n\r\r\nUbuntu 16.04.1 LTS xplatvmStSp ttyS0\r\n\r\nxplatvmStSp login:
[   33.631550] cloud-init[1444]:   en_US.UTF-8... done\r\n[   33.640421] cloud-init[1444]: Generation complete.\r\n[   35.984585] cloud-init[1444]: Cloud-init v. 0.7.8 running 'modules:config' at Sun, 29 Jan 2017 06:05:37 +0000. Up 27.56 seconds.\r\n\u0000\u0000\u0000\u0000\u0000\u0000\u0000\u0000\u0000\u0000\u0000\u0000\u0000\u0000\u0000\u0000\u0000\u0000\u0000\u0000\u0000\u0000\u0000\u0000\u0000\u0000\u0000\u0000\u0000\u0000\u0000\u0000\u0000\u0000\u0000\u0000\u0000\u0000\u0000\u0000\u0000\u0000\u0000\u0000\u0000\u0000\u0000\u0000\u0000\u0000\u0000\u0000\u0000\u0000\u0000\u0000\u0000\u0000\u0000\u0000\u0000\u0000\u0000\u0000\u0000\u0000\u0000\u0000\u0000\u0000\u0000\u0000\u0000\u0000\u0000\u0000\u0000\u0000\u0000\u0000\u0000\u0000", { 'content-length': '52736',
  'content-type': 'text/plain',
  'last-modified': 'Sun, 29 Jan 2017 06:05:46 GMT',
  'accept-ranges': 'bytes',
  etag: '"0x8D4480CDDA25A42"',
  server: 'Windows-Azure-Blob/1.0 Microsoft-HTTPAPI/2.0',
  'x-ms-request-id': 'cd9cd251-0001-00b5-7ef5-79e91b000000',
  'x-ms-version': '2015-12-11',
  'x-ms-lease-status': 'unlocked',
  'x-ms-lease-state': 'available',
  'x-ms-blob-type': 'PageBlob',
  'x-ms-blob-sequence-number': '0',
  'x-ms-server-encrypted': 'false',
  date: 'Sun, 29 Jan 2017 06:06:26 GMT',
  connection: 'close' });
 return result; },
function (nock) { 
var result = 
nock('https://xplattstoragestsp9603.blob.core.windows.net:443')
  .get('/bootdiagnostics-xplatvmst-de8d3158-df5f-42b6-be39-1fabd7cd8a05/xplatvmStSp.de8d3158-df5f-42b6-be39-1fabd7cd8a05.serialconsole.log')
