// This file has been autogenerated.

var profile = require('../../../lib/util/profile');

exports.getMockedProfile = function () {
  var newProfile = new profile.Profile();

  newProfile.addSubscription(new profile.Subscription({
    id: 'ce4a7590-4722-4bcf-a2c6-e473e9f11778',
    name: 'Azure Storage DM Test',
    user: {
      name: 'user@domain.example',
      type: 'user'
    },
    tenantId: '72f988bf-86f1-41af-91ab-2d7cd011db47',
    state: 'Enabled',
    registeredProviders: [],
    _eventsCount: '1',
    isDefault: true
  }, newProfile.environments['AzureCloud']));

  return newProfile;
};

exports.setEnvironment = function() {
  process.env['AZURE_VM_TEST_LOCATION'] = 'eastus';
  process.env['SSHCERT'] = 'test/myCert.pem';
};

exports.scopes = [[function (nock) { 
var result = 
nock('http://management.azure.com:443')
  .get('/subscriptions/ce4a7590-4722-4bcf-a2c6-e473e9f11778/resourceGroups/xplatTestGVMStart/providers/Microsoft.Compute/virtualMachines/xplatvmStSp?$expand=instanceView&api-version=2016-04-30-preview')
  .reply(200, "{\r\n  \"properties\": {\r\n    \"vmId\": \"20415da6-114e-46c8-9af3-8f6d0a870693\",\r\n    \"hardwareProfile\": {\r\n      \"vmSize\": \"Standard_DS1\"\r\n    },\r\n    \"storageProfile\": {\r\n      \"imageReference\": {\r\n        \"publisher\": \"canonical\",\r\n        \"offer\": \"UbuntuServer\",\r\n        \"sku\": \"16.04.0-LTS\",\r\n        \"version\": \"latest\"\r\n      },\r\n      \"osDisk\": {\r\n        \"osType\": \"Linux\",\r\n        \"name\": \"cli77ca8a60b1bad7cb-os-1487065902906\",\r\n        \"createOption\": \"FromImage\",\r\n        \"vhd\": {\r\n          \"uri\": \"https://xplattstoragestsp5454.blob.core.windows.net/xplatteststoragecntstsp/cli77ca8a60b1bad7cb-os-1487065902906.vhd\"\r\n        },\r\n        \"caching\": \"ReadWrite\"\r\n      },\r\n      \"dataDisks\": []\r\n    },\r\n    \"osProfile\": {\r\n      \"computerName\": \"xplatvmStSp\",\r\n      \"adminUsername\": \"azureuser\",\r\n      \"linuxConfiguration\": {\r\n        \"disablePasswordAuthentication\": false,\r\n        \"ssh\": {\r\n          \"publicKeys\": [\r\n            {\r\n              \"path\": \"/home/azureuser/.ssh/authorized_keys\",\r\n              \"keyData\": \"MIID/zCCAuegAwIBAgIJAMUAa+XVLvAeMA0GCSqGSIb3DQEBBQUAMIGVMQswCQYD\\nVQQGEwJJbjESMBAGA1UECAwJS2FybmF0YWthMRIwEAYDVQQHDAlCYW5nYWxvcmUx\\nEDAOBgNVBAoMB2JyaWxsaW8xEjAQBgNVBAsMCW1pY3Jvc29mdDEQMA4GA1UEAwwH\\nYnJpbGxpbzEmMCQGCSqGSIb3DQEJARYXc3JlZWthbnRoYnNAeWFob28uY28uaW4w\\nHhcNMTUwMzA1MTE1MzEyWhcNMTYwMzA0MTE1MzEyWjCBlTELMAkGA1UEBhMCSW4x\\nEjAQBgNVBAgMCUthcm5hdGFrYTESMBAGA1UEBwwJQmFuZ2Fsb3JlMRAwDgYDVQQK\\nDAdicmlsbGlvMRIwEAYDVQQLDAltaWNyb3NvZnQxEDAOBgNVBAMMB2JyaWxsaW8x\\nJjAkBgkqhkiG9w0BCQEWF3NyZWVrYW50aGJzQHlhaG9vLmNvLmluMIIBIjANBgkq\\nhkiG9w0BAQEFAAOCAQ8AMIIBCgKCAQEAyUNKaOuT0NK+S8Ck81zy9xJ6hXfZvAC6\\nlhbmf/6s/WVimJ/TX5NMhQJwC9k6ZIF92KfYrojHNvHDufSZ3EtKUVwRFCDjmgMT\\nDL09WkGaZt7gROYFK0iZ4KrYGovUwlwum9fHB24OJiOV4bi0ek62/rHx9fjYZpvp\\naIH2PV/hN8SCZ0x7HJMberD4gVoU/Kv42nNvwjLUW6IZfVx/Gv5OeFDtWHfSvUEF\\ndadHKTPn3Ab20Iu6gZIbLO9Vuf38/IpaYGfnFCouHdzmiTiLieYNe3CUPcOJNSv7\\n1G8KYpx3uNJRkJPab5OsRyJw75Gvzkr9OgaPss9tVD6Gt68u3WQtVQIDAQABo1Aw\\nTjAdBgNVHQ4EFgQUogvhXB+xZ2JJPfLO6cVs4ForzscwHwYDVR0jBBgwFoAUogvh\\nXB+xZ2JJPfLO6cVs4ForzscwDAYDVR0TBAUwAwEB/zANBgkqhkiG9w0BAQUFAAOC\\nAQEAdDj7qUNJ45xlF5cjd+4x5NHvAD1VTjOKu+Xh/uzSSjXqB2F0aOMWA9lx0qaQ\\noJgHkGxj3zz/W7ik/cVGL2O+vRIOKv/y0OPogEmS3Hw+P+O6OGE7x1G6YN0zLVoL\\nu4BN/BEYmjttxM9I7qqL7C5cJoE+K3s/w1/pt/68ohJcr7F9Ohi7cso62xuGY1Rm\\nksAh2EUDsU9JV/P+C9AMpLSrb03JJYzVj4w1RHbrmw2AjFyGXdQYkggyXisg+Ifr\\n5gbNN7HigpHf7b2i3CQBUqp9m23frh5AhnLI2qp3UXgc52U5ieLdi/t6j0TTZqqY\\nHhHqofKrj938HHlBNpC5/LVh3w==\\n\"\r\n            }\r\n          ]\r\n        }\r\n      },\r\n      \"secrets\": []\r\n    },\r\n    \"networkProfile\": {\"networkInterfaces\":[{\"id\":\"/subscriptions/ce4a7590-4722-4bcf-a2c6-e473e9f11778/resourceGroups/xplatTestGVMStart/providers/Microsoft.Network/networkInterfaces/xplattestnicStSp\"}]},\r\n    \"diagnosticsProfile\": {\r\n      \"bootDiagnostics\": {\r\n        \"enabled\": true,\r\n        \"storageUri\": \"https://xplattstoragestsp5454.blob.core.windows.net/\"\r\n      }\r\n    },\r\n    \"provisioningState\": \"Succeeded\",\r\n    \"instanceView\": {\r\n      \"vmAgent\": {\r\n        \"vmAgentVersion\": \"2.1.3\",\r\n        \"statuses\": [\r\n          {\r\n            \"code\": \"ProvisioningState/succeeded\",\r\n            \"level\": \"Info\",\r\n            \"displayStatus\": \"Ready\",\r\n            \"message\": \"Guest Agent is running\",\r\n            \"time\": \"2017-02-14T09:55:46+00:00\"\r\n          }\r\n        ],\r\n        \"extensionHandlers\": []\r\n      },\r\n      \"disks\": [\r\n        {\r\n          \"name\": \"cli77ca8a60b1bad7cb-os-1487065902906\",\r\n          \"statuses\": [\r\n            {\r\n              \"code\": \"ProvisioningState/succeeded\",\r\n              \"level\": \"Info\",\r\n              \"displayStatus\": \"Provisioning succeeded\",\r\n              \"time\": \"2017-02-14T09:53:45.267893+00:00\"\r\n            }\r\n          ]\r\n        }\r\n      ],\r\n      \"bootDiagnostics\": {\r\n        \"consoleScreenshotBlobUri\": \"https://xplattstoragestsp5454.blob.core.windows.net/bootdiagnostics-xplatvmst-20415da6-114e-46c8-9af3-8f6d0a870693/xplatvmStSp.20415da6-114e-46c8-9af3-8f6d0a870693.screenshot.bmp\",\r\n        \"serialConsoleLogBlobUri\": \"https://xplattstoragestsp5454.blob.core.windows.net/bootdiagnostics-xplatvmst-20415da6-114e-46c8-9af3-8f6d0a870693/xplatvmStSp.20415da6-114e-46c8-9af3-8f6d0a870693.serialconsole.log\"\r\n      },\r\n      \"statuses\": [\r\n        {\r\n          \"code\": \"ProvisioningState/succeeded\",\r\n          \"level\": \"Info\",\r\n          \"displayStatus\": \"Provisioning succeeded\",\r\n          \"time\": \"2017-02-14T09:55:19.2517933+00:00\"\r\n        },\r\n        {\r\n          \"code\": \"PowerState/running\",\r\n          \"level\": \"Info\",\r\n          \"displayStatus\": \"VM running\"\r\n        }\r\n      ]\r\n    }\r\n  },\r\n  \"type\": \"Microsoft.Compute/virtualMachines\",\r\n  \"location\": \"eastus\",\r\n  \"tags\": {},\r\n  \"id\": \"/subscriptions/ce4a7590-4722-4bcf-a2c6-e473e9f11778/resourceGroups/xplatTestGVMStart/providers/Microsoft.Compute/virtualMachines/xplatvmStSp\",\r\n  \"name\": \"xplatvmStSp\"\r\n}", { 'cache-control': 'no-cache',
  pragma: 'no-cache',
  'content-length': '4868',
  'content-type': 'application/json; charset=utf-8',
  expires: '-1',
  'strict-transport-security': 'max-age=31536000; includeSubDomains',
  'x-ms-served-by': 'b23ceb60-6840-49b9-8277-180b46eaebe3_131304688499144899',
  'x-ms-request-id': '22cfc1ac-bb99-4b88-b456-0bb3bc5a8c48',
  server: 'Microsoft-HTTPAPI/2.0, Microsoft-HTTPAPI/2.0',
  'x-ms-ratelimit-remaining-subscription-reads': '14995',
  'x-ms-correlation-request-id': '3c5d8913-5dce-4237-addb-b153024e2618',
  'x-ms-routing-request-id': 'EASTASIA:20170214T095551Z:3c5d8913-5dce-4237-addb-b153024e2618',
  date: 'Tue, 14 Feb 2017 09:55:51 GMT',
  connection: 'close' });
 return result; },
function (nock) { 
var result = 
nock('https://management.azure.com:443')
  .get('/subscriptions/ce4a7590-4722-4bcf-a2c6-e473e9f11778/resourceGroups/xplatTestGVMStart/providers/Microsoft.Compute/virtualMachines/xplatvmStSp?$expand=instanceView&api-version=2016-04-30-preview')
  .reply(200, "{\r\n  \"properties\": {\r\n    \"vmId\": \"20415da6-114e-46c8-9af3-8f6d0a870693\",\r\n    \"hardwareProfile\": {\r\n      \"vmSize\": \"Standard_DS1\"\r\n    },\r\n    \"storageProfile\": {\r\n      \"imageReference\": {\r\n        \"publisher\": \"canonical\",\r\n        \"offer\": \"UbuntuServer\",\r\n        \"sku\": \"16.04.0-LTS\",\r\n        \"version\": \"latest\"\r\n      },\r\n      \"osDisk\": {\r\n        \"osType\": \"Linux\",\r\n        \"name\": \"cli77ca8a60b1bad7cb-os-1487065902906\",\r\n        \"createOption\": \"FromImage\",\r\n        \"vhd\": {\r\n          \"uri\": \"https://xplattstoragestsp5454.blob.core.windows.net/xplatteststoragecntstsp/cli77ca8a60b1bad7cb-os-1487065902906.vhd\"\r\n        },\r\n        \"caching\": \"ReadWrite\"\r\n      },\r\n      \"dataDisks\": []\r\n    },\r\n    \"osProfile\": {\r\n      \"computerName\": \"xplatvmStSp\",\r\n      \"adminUsername\": \"azureuser\",\r\n      \"linuxConfiguration\": {\r\n        \"disablePasswordAuthentication\": false,\r\n        \"ssh\": {\r\n          \"publicKeys\": [\r\n            {\r\n              \"path\": \"/home/azureuser/.ssh/authorized_keys\",\r\n              \"keyData\": \"MIID/zCCAuegAwIBAgIJAMUAa+XVLvAeMA0GCSqGSIb3DQEBBQUAMIGVMQswCQYD\\nVQQGEwJJbjESMBAGA1UECAwJS2FybmF0YWthMRIwEAYDVQQHDAlCYW5nYWxvcmUx\\nEDAOBgNVBAoMB2JyaWxsaW8xEjAQBgNVBAsMCW1pY3Jvc29mdDEQMA4GA1UEAwwH\\nYnJpbGxpbzEmMCQGCSqGSIb3DQEJARYXc3JlZWthbnRoYnNAeWFob28uY28uaW4w\\nHhcNMTUwMzA1MTE1MzEyWhcNMTYwMzA0MTE1MzEyWjCBlTELMAkGA1UEBhMCSW4x\\nEjAQBgNVBAgMCUthcm5hdGFrYTESMBAGA1UEBwwJQmFuZ2Fsb3JlMRAwDgYDVQQK\\nDAdicmlsbGlvMRIwEAYDVQQLDAltaWNyb3NvZnQxEDAOBgNVBAMMB2JyaWxsaW8x\\nJjAkBgkqhkiG9w0BCQEWF3NyZWVrYW50aGJzQHlhaG9vLmNvLmluMIIBIjANBgkq\\nhkiG9w0BAQEFAAOCAQ8AMIIBCgKCAQEAyUNKaOuT0NK+S8Ck81zy9xJ6hXfZvAC6\\nlhbmf/6s/WVimJ/TX5NMhQJwC9k6ZIF92KfYrojHNvHDufSZ3EtKUVwRFCDjmgMT\\nDL09WkGaZt7gROYFK0iZ4KrYGovUwlwum9fHB24OJiOV4bi0ek62/rHx9fjYZpvp\\naIH2PV/hN8SCZ0x7HJMberD4gVoU/Kv42nNvwjLUW6IZfVx/Gv5OeFDtWHfSvUEF\\ndadHKTPn3Ab20Iu6gZIbLO9Vuf38/IpaYGfnFCouHdzmiTiLieYNe3CUPcOJNSv7\\n1G8KYpx3uNJRkJPab5OsRyJw75Gvzkr9OgaPss9tVD6Gt68u3WQtVQIDAQABo1Aw\\nTjAdBgNVHQ4EFgQUogvhXB+xZ2JJPfLO6cVs4ForzscwHwYDVR0jBBgwFoAUogvh\\nXB+xZ2JJPfLO6cVs4ForzscwDAYDVR0TBAUwAwEB/zANBgkqhkiG9w0BAQUFAAOC\\nAQEAdDj7qUNJ45xlF5cjd+4x5NHvAD1VTjOKu+Xh/uzSSjXqB2F0aOMWA9lx0qaQ\\noJgHkGxj3zz/W7ik/cVGL2O+vRIOKv/y0OPogEmS3Hw+P+O6OGE7x1G6YN0zLVoL\\nu4BN/BEYmjttxM9I7qqL7C5cJoE+K3s/w1/pt/68ohJcr7F9Ohi7cso62xuGY1Rm\\nksAh2EUDsU9JV/P+C9AMpLSrb03JJYzVj4w1RHbrmw2AjFyGXdQYkggyXisg+Ifr\\n5gbNN7HigpHf7b2i3CQBUqp9m23frh5AhnLI2qp3UXgc52U5ieLdi/t6j0TTZqqY\\nHhHqofKrj938HHlBNpC5/LVh3w==\\n\"\r\n            }\r\n          ]\r\n        }\r\n      },\r\n      \"secrets\": []\r\n    },\r\n    \"networkProfile\": {\"networkInterfaces\":[{\"id\":\"/subscriptions/ce4a7590-4722-4bcf-a2c6-e473e9f11778/resourceGroups/xplatTestGVMStart/providers/Microsoft.Network/networkInterfaces/xplattestnicStSp\"}]},\r\n    \"diagnosticsProfile\": {\r\n      \"bootDiagnostics\": {\r\n        \"enabled\": true,\r\n        \"storageUri\": \"https://xplattstoragestsp5454.blob.core.windows.net/\"\r\n      }\r\n    },\r\n    \"provisioningState\": \"Succeeded\",\r\n    \"instanceView\": {\r\n      \"vmAgent\": {\r\n        \"vmAgentVersion\": \"2.1.3\",\r\n        \"statuses\": [\r\n          {\r\n            \"code\": \"ProvisioningState/succeeded\",\r\n            \"level\": \"Info\",\r\n            \"displayStatus\": \"Ready\",\r\n            \"message\": \"Guest Agent is running\",\r\n            \"time\": \"2017-02-14T09:55:46+00:00\"\r\n          }\r\n        ],\r\n        \"extensionHandlers\": []\r\n      },\r\n      \"disks\": [\r\n        {\r\n          \"name\": \"cli77ca8a60b1bad7cb-os-1487065902906\",\r\n          \"statuses\": [\r\n            {\r\n              \"code\": \"ProvisioningState/succeeded\",\r\n              \"level\": \"Info\",\r\n              \"displayStatus\": \"Provisioning succeeded\",\r\n              \"time\": \"2017-02-14T09:53:45.267893+00:00\"\r\n            }\r\n          ]\r\n        }\r\n      ],\r\n      \"bootDiagnostics\": {\r\n        \"consoleScreenshotBlobUri\": \"https://xplattstoragestsp5454.blob.core.windows.net/bootdiagnostics-xplatvmst-20415da6-114e-46c8-9af3-8f6d0a870693/xplatvmStSp.20415da6-114e-46c8-9af3-8f6d0a870693.screenshot.bmp\",\r\n        \"serialConsoleLogBlobUri\": \"https://xplattstoragestsp5454.blob.core.windows.net/bootdiagnostics-xplatvmst-20415da6-114e-46c8-9af3-8f6d0a870693/xplatvmStSp.20415da6-114e-46c8-9af3-8f6d0a870693.serialconsole.log\"\r\n      },\r\n      \"statuses\": [\r\n        {\r\n          \"code\": \"ProvisioningState/succeeded\",\r\n          \"level\": \"Info\",\r\n          \"displayStatus\": \"Provisioning succeeded\",\r\n          \"time\": \"2017-02-14T09:55:19.2517933+00:00\"\r\n        },\r\n        {\r\n          \"code\": \"PowerState/running\",\r\n          \"level\": \"Info\",\r\n          \"displayStatus\": \"VM running\"\r\n        }\r\n      ]\r\n    }\r\n  },\r\n  \"type\": \"Microsoft.Compute/virtualMachines\",\r\n  \"location\": \"eastus\",\r\n  \"tags\": {},\r\n  \"id\": \"/subscriptions/ce4a7590-4722-4bcf-a2c6-e473e9f11778/resourceGroups/xplatTestGVMStart/providers/Microsoft.Compute/virtualMachines/xplatvmStSp\",\r\n  \"name\": \"xplatvmStSp\"\r\n}", { 'cache-control': 'no-cache',
  pragma: 'no-cache',
  'content-length': '4868',
  'content-type': 'application/json; charset=utf-8',
  expires: '-1',
  'strict-transport-security': 'max-age=31536000; includeSubDomains',
  'x-ms-served-by': 'b23ceb60-6840-49b9-8277-180b46eaebe3_131304688499144899',
  'x-ms-request-id': '22cfc1ac-bb99-4b88-b456-0bb3bc5a8c48',
  server: 'Microsoft-HTTPAPI/2.0, Microsoft-HTTPAPI/2.0',
  'x-ms-ratelimit-remaining-subscription-reads': '14995',
  'x-ms-correlation-request-id': '3c5d8913-5dce-4237-addb-b153024e2618',
  'x-ms-routing-request-id': 'EASTASIA:20170214T095551Z:3c5d8913-5dce-4237-addb-b153024e2618',
  date: 'Tue, 14 Feb 2017 09:55:51 GMT',
  connection: 'close' });
 return result; },
function (nock) { 
var result = 
nock('http://management.azure.com:443')
  .post('/subscriptions/ce4a7590-4722-4bcf-a2c6-e473e9f11778/resourceGroups/xplatTestGVMStart/providers/Microsoft.Storage/storageAccounts/xplattstoragestsp5454/listKeys?api-version=2016-12-01')
  .reply(200, "{\"keys\":[{\"keyName\":\"key1\",\"permissions\":\"Full\",\"value\":\"y4L8z/Kar6uyFppFnlQTHKEAtSFFgr/O4NR7MR8cV09M4WrfaaP6KFQlo0VlDzHD8kMA2Dcyd+y6KxFtyBsZmA==\"},{\"keyName\":\"key2\",\"permissions\":\"Full\",\"value\":\"BfGzMaNwShRhwRt/vOKlrcBlqH7jI4w+ZU/qMwX4ae7Q57Zvnd8RN4qYNU1z7v2fjL637VYJMqx31dBzmZ0Xrw==\"}]}\n", { 'cache-control': 'no-cache',
  pragma: 'no-cache',
  'content-length': '289',
  'content-type': 'application/json',
  expires: '-1',
  'x-ms-request-id': '872e25ca-8b2a-47d8-888d-56a16d065e67',
  server: 'Microsoft-Azure-Storage-Resource-Provider/1.0, Microsoft-HTTPAPI/2.0',
  'x-ms-ratelimit-remaining-subscription-writes': '1196',
  'x-ms-correlation-request-id': '872e25ca-8b2a-47d8-888d-56a16d065e67',
  'x-ms-routing-request-id': 'EASTASIA:20170214T095553Z:872e25ca-8b2a-47d8-888d-56a16d065e67',
  'strict-transport-security': 'max-age=31536000; includeSubDomains',
  date: 'Tue, 14 Feb 2017 09:55:52 GMT',
  connection: 'close' });
 return result; },
function (nock) { 
var result = 
nock('https://management.azure.com:443')
  .post('/subscriptions/ce4a7590-4722-4bcf-a2c6-e473e9f11778/resourceGroups/xplatTestGVMStart/providers/Microsoft.Storage/storageAccounts/xplattstoragestsp5454/listKeys?api-version=2016-12-01')
  .reply(200, "{\"keys\":[{\"keyName\":\"key1\",\"permissions\":\"Full\",\"value\":\"y4L8z/Kar6uyFppFnlQTHKEAtSFFgr/O4NR7MR8cV09M4WrfaaP6KFQlo0VlDzHD8kMA2Dcyd+y6KxFtyBsZmA==\"},{\"keyName\":\"key2\",\"permissions\":\"Full\",\"value\":\"BfGzMaNwShRhwRt/vOKlrcBlqH7jI4w+ZU/qMwX4ae7Q57Zvnd8RN4qYNU1z7v2fjL637VYJMqx31dBzmZ0Xrw==\"}]}\n", { 'cache-control': 'no-cache',
  pragma: 'no-cache',
  'content-length': '289',
  'content-type': 'application/json',
  expires: '-1',
  'x-ms-request-id': '872e25ca-8b2a-47d8-888d-56a16d065e67',
  server: 'Microsoft-Azure-Storage-Resource-Provider/1.0, Microsoft-HTTPAPI/2.0',
  'x-ms-ratelimit-remaining-subscription-writes': '1196',
  'x-ms-correlation-request-id': '872e25ca-8b2a-47d8-888d-56a16d065e67',
  'x-ms-routing-request-id': 'EASTASIA:20170214T095553Z:872e25ca-8b2a-47d8-888d-56a16d065e67',
  'strict-transport-security': 'max-age=31536000; includeSubDomains',
  date: 'Tue, 14 Feb 2017 09:55:52 GMT',
  connection: 'close' });
 return result; },
function (nock) { 
var result = 
nock('http://xplattstoragestsp5454.blob.core.windows.net:443')
  .head('/bootdiagnostics-xplatvmst-20415da6-114e-46c8-9af3-8f6d0a870693/xplatvmStSp.20415da6-114e-46c8-9af3-8f6d0a870693.serialconsole.log')
  .reply(200, "", { 'content-length': '54784',
  'content-type': 'text/plain',
  'last-modified': 'Tue, 14 Feb 2017 09:55:15 GMT',
  'accept-ranges': 'bytes',
  etag: '"0x8D454BF934C62C1"',
  server: 'Windows-Azure-Blob/1.0 Microsoft-HTTPAPI/2.0',
  'x-ms-request-id': '97cf5684-0001-0058-68a8-8680f7000000',
  'x-ms-version': '2016-05-31',
  'x-ms-lease-status': 'unlocked',
  'x-ms-lease-state': 'available',
  'x-ms-blob-type': 'PageBlob',
  'x-ms-blob-sequence-number': '0',
  'x-ms-server-encrypted': 'false',
  date: 'Tue, 14 Feb 2017 09:55:54 GMT',
  connection: 'close' });
 return result; },
function (nock) { 
var result = 
nock('https://xplattstoragestsp5454.blob.core.windows.net:443')
  .head('/bootdiagnostics-xplatvmst-20415da6-114e-46c8-9af3-8f6d0a870693/xplatvmStSp.20415da6-114e-46c8-9af3-8f6d0a870693.serialconsole.log')
  .reply(200, "", { 'content-length': '54784',
  'content-type': 'text/plain',
  'last-modified': 'Tue, 14 Feb 2017 09:55:15 GMT',
  'accept-ranges': 'bytes',
  etag: '"0x8D454BF934C62C1"',
  server: 'Windows-Azure-Blob/1.0 Microsoft-HTTPAPI/2.0',
  'x-ms-request-id': '97cf5684-0001-0058-68a8-8680f7000000',
  'x-ms-version': '2016-05-31',
  'x-ms-lease-status': 'unlocked',
  'x-ms-lease-state': 'available',
  'x-ms-blob-type': 'PageBlob',
  'x-ms-blob-sequence-number': '0',
  'x-ms-server-encrypted': 'false',
  date: 'Tue, 14 Feb 2017 09:55:54 GMT',
  connection: 'close' });
 return result; },
function (nock) { 
var result = 
nock('http://xplattstoragestsp5454.blob.core.windows.net:443')
  .get('/bootdiagnostics-xplatvmst-20415da6-114e-46c8-9af3-8f6d0a870693/xplatvmStSp.20415da6-114e-46c8-9af3-8f6d0a870693.serialconsole.log')
  .reply(200, "\u001b[H\u001b[J\u001b[1;1H[    0.000000] Initializing cgroup subsys cpuset\r\n[    0.000000] Initializing cgroup subsys cpu\r\n[    0.000000] Initializing cgroup subsys cpuacct\r\n[    0.000000] Linux version 4.4.0-47-generic (buildd@lcy01-03) (gcc version 5.4.0 20160609 (Ubuntu 5.4.0-6ubuntu1~16.04.2) ) #68-Ubuntu SMP Wed Oct 26 19:39:52 UTC 2016 (Ubuntu 4.4.0-47.68-generic 4.4.24)\r\n[    0.000000] Command line: BOOT_IMAGE=/boot/vmlinuz-4.4.0-47-generic root=UUID=e990f8b3-1d6b-4615-8280-8ead4ed2fe7c ro console=tty1 console=ttyS0 earlyprintk=ttyS0 rootdelay=300\r\n[    0.000000] KERNEL supported cpus:\r\n[    0.000000]   Intel GenuineIntel\r\n[    0.000000]   AMD AuthenticAMD\r\n[    0.000000]   Centaur CentaurHauls\r\n[    0.000000] x86/fpu: xstate_offset[2]:  576, xstate_sizes[2]:  256\r\n[    0.000000] x86/fpu: Supporting XSAVE feature 0x01: 'x87 floating point registers'\r\n[    0.000000] x86/fpu: Supporting XSAVE feature 0x02: 'SSE registers'\r\n[    0.000000] x86/fpu: Supporting XSAVE feature 0x04: 'AVX registers'\r\n[    0.000000] x86/fpu: Enabled xstate features 0x7, context size is 832 bytes, using 'standard' format.\r\n[    0.000000] x86/fpu: Using 'eager' FPU context switches.\r\n[    0.000000] e820: BIOS-provided physical RAM map:\r\n[    0.000000] BIOS-e820: [mem 0x0000000000000000-0x000000000009fbff] usable\r\n[    0.000000] BIOS-e820: [mem 0x000000000009fc00-0x000000000009ffff] reserved\r\n[    0.000000] BIOS-e820: [mem 0x00000000000e0000-0x00000000000fffff] reserved\r\n[    0.000000] BIOS-e820: [mem 0x0000000000100000-0x000000001ffeffff] usable\r\n[    0.000000] BIOS-e820: [mem 0x000000001fff0000-0x000000001fffefff] ACPI data\r\n[    0.000000] BIOS-e820: [mem 0x000000001ffff000-0x000000001fffffff] ACPI NVS\r\n[    0.000000] BIOS-e820: [mem 0x0000000100000000-0x00000001bfffffff] usable\r\n[    0.000000] bootconsole [earlyser0] enabled\r\n[    0.000000] NX (Execute Disable) protection: active\r\n[    0.000000] SMBIOS 2.3 present.\r\n[    0.000000] Hypervisor detected: Microsoft HyperV\r\n[    0.000000] HyperV: features 0xe7f, hints 0x2c\r\n[    0.000000] HyperV: LAPIC Timer Frequency: 0xc3500\r\n[    0.000000] clocksource: hyperv_clocksource: mask: 0xffffffffffffffff max_cycles: 0x24e6a1710, max_idle_ns: 440795202120 ns\r\n[    0.000000] tsc: Marking TSC unstable due to running on Hyper-V\r\n[    0.000000] e820: last_pfn = 0x1c0000 max_arch_pfn = 0x400000000\r\n[    0.000000] x86/PAT: Configuration [0-7]: WB  WC  UC- UC  WB  WC  UC- WT  \r\n[    0.000000] e820: last_pfn = 0x1fff0 max_arch_pfn = 0x400000000\r\n[    0.000000] found SMP MP-table at [mem 0x000ff780-0x000ff78f] mapped at [ffff8800000ff780]\r\n[    0.000000] Scanning 1 areas for low memory corruption\r\n[    0.000000] RAMDISK: [mem 0x1d3ff000-0x1f779fff]\r\n[    0.000000] ACPI: Early table checksum verification disabled\r\n[    0.000000] ACPI: RSDP 0x00000000000F56F0 000014 (v00 ACPIAM)\r\n[    0.000000] ACPI: RSDT 0x000000001FFF0000 000040 (v01 VRTUAL MICROSFT 05001223 MSFT 00000097)\r\n[    0.000000] ACPI: FACP 0x000000001FFF0200 000081 (v02 VRTUAL MICROSFT 05001223 MSFT 00000097)\r\n[    0.000000] ACPI: DSDT 0x000000001FFF1724 002E78 (v01 MSFTVM MSFTVM02 00000002 INTL 02002026)\r\n[    0.000000] ACPI: FACS 0x000000001FFFF000 000040\r\n[    0.000000] ACPI: WAET 0x000000001FFF1480 000028 (v01 VRTUAL MICROSFT 05001223 MSFT 00000097)\r\n[    0.000000] ACPI: SLIC 0x000000001FFF14C0 000176 (v01 VRTUAL MICROSFT 05001223 MSFT 00000097)\r\n[    0.000000] ACPI: OEM0 0x000000001FFF16C0 000064 (v01 VRTUAL MICROSFT 05001223 MSFT 00000097)\r\n[    0.000000] ACPI: SRAT 0x000000001FFF0600 000090 (v02 VRTUAL MICROSFT 00000001 MSFT 00000001)\r\n[    0.000000] ACPI: APIC 0x000000001FFF0300 00024C (v01 VRTUAL MICROSFT 05001223 MSFT 00000097)\r\n[    0.000000] ACPI: OEMB 0x000000001FFFF040 000064 (v01 VRTUAL MICROSFT 05001223 MSFT 00000097)\r\n[    0.000000] SRAT: PXM 0 -> APIC 0x00 -> Node 0\r\n[    0.000000] SRAT: Node 0 PXM 0 [mem 0x00000000-0x1fffffff]\r\n[    0.000000] SRAT: Node 0 PXM 0 [mem 0x100000000-0x1bfffffff]\r\n[    0.000000] NUMA: Node 0 [mem 0x00000000-0x1fffffff] + [mem 0x100000000-0x1bfffffff] -> [mem 0x00000000-0x1bfffffff]\r\n[    0.000000] NODE_DATA(0) allocated [mem 0x1bfffa000-0x1bfffefff]\r\n[    0.000000] Zone ranges:\r\n[    0.000000]   DMA      [mem 0x0000000000001000-0x0000000000ffffff]\r\n[    0.000000]   DMA32    [mem 0x0000000001000000-0x00000000ffffffff]\r\n[    0.000000]   Normal   [mem 0x0000000100000000-0x00000001bfffffff]\r\n[    0.000000]   Device   empty\r\n[    0.000000] Movable zone start for each node\r\n[    0.000000] Early memory node ranges\r\n[    0.000000]   node   0: [mem 0x0000000000001000-0x000000000009efff]\r\n[    0.000000]   node   0: [mem 0x0000000000100000-0x000000001ffeffff]\r\n[    0.000000]   node   0: [mem 0x0000000100000000-0x00000001bfffffff]\r\n[    0.000000] Initmem setup node 0 [mem 0x0000000000001000-0x00000001bfffffff]\r\n[    0.000000] ACPI: PM-Timer IO Port: 0x408\r\n[    0.000000] IOAPIC[0]: apic_id 0, version 17, address 0xfec00000, GSI 0-23\r\n[    0.000000] ACPI: INT_SRC_OVR (bus 0 bus_irq 0 global_irq 2 dfl dfl)\r\n[    0.000000] ACPI: INT_SRC_OVR (bus 0 bus_irq 9 global_irq 9 high level)\r\n[    0.000000] Using ACPI (MADT) for SMP configuration information\r\n[    0.000000] smpboot: Allowing 64 CPUs, 63 hotplug CPUs\r\n[    0.000000] PM: Registered nosave memory: [mem 0x00000000-0x00000fff]\r\n[    0.000000] PM: Registered nosave memory: [mem 0x0009f000-0x0009ffff]\r\n[    0.000000] PM: Registered nosave memory: [mem 0x000a0000-0x000dffff]\r\n[    0.000000] PM: Registered nosave memory: [mem 0x000e0000-0x000fffff]\r\n[    0.000000] PM: Registered nosave memory: [mem 0x1fff0000-0x1fffefff]\r\n[    0.000000] PM: Registered nosave memory: [mem 0x1ffff000-0x1fffffff]\r\n[    0.000000] PM: Registered nosave memory: [mem 0x20000000-0xffffffff]\r\n[    0.000000] e820: [mem 0x20000000-0xffffffff] available for PCI devices\r\n[    0.000000] Booting paravirtualized kernel on bare hardware\r\n[    0.000000] clocksource: refined-jiffies: mask: 0xffffffff max_cycles: 0xffffffff, max_idle_ns: 7645519600211568 ns\r\n[    0.000000] setup_percpu: NR_CPUS:256 nr_cpumask_bits:256 nr_cpu_ids:64 nr_node_ids:1\r\n[    0.000000] PERCPU: Embedded 33 pages/cpu @ffff8801bae00000 s98008 r8192 d28968 u262144\r\n[    0.000000] Built 1 zonelists in Node order, mobility grouping on.  Total pages: 903033\r\n[    0.000000] Policy zone: Normal\r\n[    0.000000] Kernel command line: BOOT_IMAGE=/boot/vmlinuz-4.4.0-47-generic root=UUID=e990f8b3-1d6b-4615-8280-8ead4ed2fe7c ro console=tty1 console=ttyS0 earlyprintk=ttyS0 rootdelay=300\r\n[    0.000000] log_buf_len individual max cpu contribution: 4096 bytes\r\n[    0.000000] log_buf_len total cpu_extra contributions: 258048 bytes\r\n[    0.000000] log_buf_len min size: 262144 bytes\r\n[    0.000000] log_buf_len: 524288 bytes\r\n[    0.000000] early log buf free: 253140(96%)\r\n[    0.000000] PID hash table entries: 4096 (order: 3, 32768 bytes)\r\n[    0.000000] Memory: 3482052K/3669560K available (8423K kernel code, 1285K rwdata, 3952K rodata, 1480K init, 1292K bss, 187508K reserved, 0K cma-reserved)\r\n[    0.000000] SLUB: HWalign=64, Order=0-3, MinObjects=0, CPUs=64, Nodes=1\r\n[    0.000000] Hierarchical RCU implementation.\r\n[    0.000000] \tBuild-time adjustment of leaf fanout to 64.\r\n[    0.000000] \tRCU restricting CPUs from NR_CPUS=256 to nr_cpu_ids=64.\r\n[    0.000000] RCU: Adjusting geometry for rcu_fanout_leaf=64, nr_cpu_ids=64\r\n[    0.000000] NR_IRQS:16640 nr_irqs:936 16\r\n[    0.000000] Console: colour VGA+ 80x25\r\n[    0.000000] console [tty1] enabled\r\n[    0.000000] console [ttyS0] enabled\r\n[    0.000000] console [ttyS0] enabled\r\n[    0.000000] bootconsole [earlyser0] disabled\r\n[    0.000000] bootconsole [earlyser0] disabled\r\n[    0.000000] tsc: Fast TSC calibration failed\r\n[    0.000000] tsc: Unable to calibrate against PIT\r\n[    0.000000] tsc: using PMTIMER reference calibration\r\n[    0.000000] tsc: Detected 2194.498 MHz processor\r\n[    0.020038] Calibrating delay loop (skipped), value calculated using timer frequency.. 4388.99 BogoMIPS (lpj=8777992)\r\n[    0.023006] pid_max: default: 65536 minimum: 512\r\n[    0.024032] ACPI: Core revision 20150930\r\n[    0.027600] ACPI: 1 ACPI AML tables successfully acquired and loaded\r\n[    0.030368] Security Framework initialized\r\n[    0.032025] Yama: becoming mindful.\r\n[    0.033458] AppArmor: AppArmor initialized\r\n[    0.036362] Dentry cache hash table entries: 524288 (order: 10, 4194304 bytes)\r\n[    0.040218] Inode-cache hash table entries: 262144 (order: 9, 2097152 bytes)\r\n[    0.042360] Mount-cache hash table entries: 8192 (order: 4, 65536 bytes)\r\n[    0.044024] Mountpoint-cache hash table entries: 8192 (order: 4, 65536 bytes)\r\n[    0.046070] Initializing cgroup subsys io\r\n[    0.047495] Initializing cgroup subsys memory\r\n[    0.048037] Initializing cgroup subsys devices\r\n[    0.049529] Initializing cgroup subsys freezer\r\n[    0.052021] Initializing cgroup subsys net_cls\r\n[    0.053523] Initializing cgroup subsys perf_event\r\n[    0.055027] Initializing cgroup subsys net_prio\r\n[    0.056023] Initializing cgroup subsys hugetlb\r\n[    0.057819] Initializing cgroup subsys pids\r\n[    0.060116] mce: CPU supports 1 MCE banks\r\n[    0.061691] Last level iTLB entries: 4KB 512, 2MB 8, 4MB 8\r\n[    0.063291] Last level dTLB entries: 4KB 512, 2MB 32, 4MB 32, 1GB 0\r\n[    0.089950] ftrace: allocating 32047 entries in 126 pages\r\n[    0.104303] smpboot: Max logical packages: 64\r\n[    0.108023] smpboot: APIC(0) Converting physical 0 to logical package 0\r\n[    0.109358] Switched APIC routing to physical flat.\r\n[    0.125325] ..TIMER: vector=0x30 apic1=0 pin1=2 apic2=-1 pin2=-1\r\n[    0.128118] smpboot: CPU0: Intel(R) Xeon(R) CPU E5-2660 0 @ 2.20GHz (family: 0x6, model: 0x2d, stepping: 0x7)\r\n[    0.131894] Performance Events: unsupported p6 CPU model 45 no PMU driver, software events only.\r\n[    0.135301] x86: Booted up 1 node, 1 CPUs\r\n[    0.136004] smpboot: Total of 1 processors activated (4388.99 BogoMIPS)\r\n[    0.140012] NMI watchdog: disabled (cpu0): hardware events not enabled\r\n[    0.141313] NMI watchdog: Shutting down hard lockup detector on all cpus\r\n[    0.143442] devtmpfs: initialized\r\n[    0.146486] evm: security.selinux\r\n[    0.148012] evm: security.SMACK64\r\n[    0.150077] evm: security.SMACK64EXEC\r\n[    0.151168] evm: security.SMACK64TRANSMUTE\r\n[    0.152002] evm: security.SMACK64MMAP\r\n[    0.153292] evm: security.ima\r\n[    0.154320] evm: security.capability\r\n[    0.156064] PM: Registering ACPI NVS region [mem 0x1ffff000-0x1fffffff] (4096 bytes)\r\n[    0.157712] clocksource: jiffies: mask: 0xffffffff max_cycles: 0xffffffff, max_idle_ns: 7645041785100000 ns\r\n[    0.159545] pinctrl core: initialized pinctrl subsystem\r\n[    0.160385] RTC time:  9:54:39, date: 02/14/17\r\n[    0.161682] NET: Registered protocol family 16\r\n[    0.163013] cpuidle: using governor ladder\r\n[    0.164009] cpuidle: using governor menu\r\n[    0.165114] PCCT header not found.\r\n[    0.166250] ACPI: bus type PCI registered\r\n[    0.168004] acpiphp: ACPI Hot Plug PCI Controller Driver version: 0.5\r\n[    0.169622] PCI: Using configuration type 1 for base access\r\n[    0.173137] ACPI: Added _OSI(Module Device)\r\n[    0.174270] ACPI: Added _OSI(Processor Device)\r\n[    0.175386] ACPI: Added _OSI(3.0 _SCP Extensions)\r\n[    0.176017] ACPI: Added _OSI(Processor Aggregator Device)\r\n[    0.180324] ACPI: Interpreter enabled\r\n[    0.181412] ACPI: (supports S0 S5)\r\n[    0.182464] ACPI: Using IOAPIC for interrupt routing\r\n[    0.183653] PCI: Using host bridge windows from ACPI; if necessary, use \"pci=nocrs\" and report a bug\r\n[    0.195024] ACPI: PCI Root Bridge [PCI0] (domain 0000 [bus 00-ff])\r\n[    0.196007] acpi PNP0A03:00: _OSC: OS supports [ASPM ClockPM Segments MSI]\r\n[    0.197326] acpi PNP0A03:00: _OSC failed (AE_NOT_FOUND); disabling ASPM\r\n[    0.198677] acpi PNP0A03:00: fail to add MMCONFIG information, can't access extended PCI configuration space under this bridge.\r\n[    0.200562] PCI host bridge to bus 0000:00\r\n[    0.201680] pci_bus 0000:00: root bus resource [mem 0xfe0000000-0xfffefffff window]\r\n[    0.204004] pci_bus 0000:00: root bus resource [io  0x0000-0x0cf7 window]\r\n[    0.205359] pci_bus 0000:00: root bus resource [io  0x0d00-0xffff window]\r\n[    0.206707] pci_bus 0000:00: root bus resource [mem 0x000a0000-0x000bffff window]\r\n[    0.208007] pci_bus 0000:00: root bus resource [mem 0x20000000-0xfffbffff window]\r\n[    0.209551] pci_bus 0000:00: root bus resource [bus 00-ff]\r\n[    0.216956] pci 0000:00:07.1: legacy IDE quirk: reg 0x10: [io  0x01f0-0x01f7]\r\n[    0.218374] pci 0000:00:07.1: legacy IDE quirk: reg 0x14: [io  0x03f6]\r\n[    0.219658] pci 0000:00:07.1: legacy IDE quirk: reg 0x18: [io  0x0170-0x0177]\r\n[    0.220003] pci 0000:00:07.1: legacy IDE quirk: reg 0x1c: [io  0x0376]\r\n[    0.221745] * Found PM-Timer Bug on the chipset. Due to workarounds for a bug,\r\n[    0.221745] * this clock source is slow. Consider trying other clock sources\r\n[    0.225861] pci 0000:00:07.3: quirk: [io  0x0400-0x043f] claimed by PIIX4 ACPI\r\n[    0.237949] ACPI: PCI Interrupt Link [LNKA] (IRQs 3 4 5 7 9 10 *11 12 14 15)\r\n[    0.247151] ACPI: PCI Interrupt Link [LNKB] (IRQs 3 4 5 7 9 10 11 12 14 15) *0, disabled.\r\n[    0.260184] ACPI: PCI Interrupt Link [LNKC] (IRQs 3 4 5 7 9 10 11 12 14 15) *0, disabled.\r\n[    0.271101] ACPI: PCI Interrupt Link [LNKD] (IRQs 3 4 5 7 9 10 11 12 14 15) *0, disabled.\r\n[    0.281659] ACPI: Enabled 1 GPEs in block 00 to 0F\r\n[    0.284218] vgaarb: setting as boot device: PCI:0000:00:08.0\r\n[    0.285421] vgaarb: device added: PCI:0000:00:08.0,decodes=io+mem,owns=io+mem,locks=none\r\n[    0.286966] vgaarb: loaded\r\n[    0.288003] vgaarb: bridge control possible 0000:00:08.0\r\n[    0.289458] SCSI subsystem initialized\r\n[    0.290621] ACPI: bus type USB registered\r\n[    0.292022] usbcore: registered new interface driver usbfs\r\n[    0.293245] usbcore: registered new interface driver hub\r\n[    0.294475] usbcore: registered new device driver usb\r\n[    0.296193] PCI: Using ACPI for IRQ routing\r\n[    0.298107] NetLabel: Initializing\r\n[    0.299155] NetLabel:  domain hash size = 128\r\n[    0.300003] NetLabel:  protocols = UNLABELED CIPSOv4\r\n[    0.301164] NetLabel:  unlabeled traffic allowed by default\r\n[    0.302475] amd_nb: Cannot enumerate AMD northbridges\r\n[    0.304040] clocksource: Switched to clocksource hyperv_clocksource\r\n[    0.312984] AppArmor: AppArmor Filesystem Enabled\r\n[    0.315417] pnp: PnP ACPI init\r\n[    0.318757] system 00:06: [io  0x01e0-0x01ef] has been reserved\r\n[    0.320339] system 00:06: [io  0x0160-0x016f] has been reserved\r\n[    0.321563] system 00:06: [io  0x0278-0x027f] has been reserved\r\n[    0.322800] system 00:06: [io  0x0378-0x037f] has been reserved\r\n[    0.324057] system 00:06: [io  0x0678-0x067f] has been reserved\r\n[    0.325329] system 00:06: [io  0x0778-0x077f] has been reserved\r\n[    0.326609] system 00:06: [io  0x04d0-0x04d1] has been reserved\r\n[    0.328039] system 00:07: [io  0x0400-0x043f] has been reserved\r\n[    0.329344] system 00:07: [io  0x0370-0x0371] has been reserved\r\n[    0.330909] system 00:07: [io  0x0440-0x044f] has been reserved\r\n[    0.332227] system 00:07: [mem 0xfec00000-0xfec00fff] could not be reserved\r\n[    0.333600] system 00:07: [mem 0xfee00000-0xfee00fff] has been reserved\r\n[    0.335108] system 00:08: [mem 0x00000000-0x0009ffff] could not be reserved\r\n[    0.336491] system 00:08: [mem 0x000c0000-0x000dffff] could not be reserved\r\n[    0.337841] system 00:08: [mem 0x000e0000-0x000fffff] could not be reserved\r\n[    0.339202] system 00:08: [mem 0x00100000-0x1fffffff] could not be reserved\r\n[    0.340889] system 00:08: [mem 0xfffc0000-0xffffffff] has been reserved\r\n[    0.342433] pnp: PnP ACPI: found 9 devices\r\n[    0.349782] clocksource: acpi_pm: mask: 0xffffff max_cycles: 0xffffff, max_idle_ns: 2085701024 ns\r\n[    0.352612] NET: Registered protocol family 2\r\n[    0.354145] TCP established hash table entries: 32768 (order: 6, 262144 bytes)\r\n[    0.355768] TCP bind hash table entries: 32768 (order: 7, 524288 bytes)\r\n[    0.357201] TCP: Hash tables configured (established 32768 bind 32768)\r\n[    0.358563] UDP hash table entries: 2048 (order: 4, 65536 bytes)\r\n[    0.359905] UDP-Lite hash table entries: 2048 (order: 4, 65536 bytes)\r\n[    0.361807] NET: Registered protocol family 1\r\n[    0.363029] pci 0000:00:00.0: Limiting direct PCI/PCI transfers\r\n[    0.364652] Trying to unpack rootfs image as initramfs...\r\n[    1.052177] Freeing initrd memory: 36332K (ffff88001d3ff000 - ffff88001f77a000)\r\n[    1.054274] PCI-DMA: Using software bounce buffering for IO (SWIOTLB)\r\n[    1.055902] software IO TLB [mem 0x193ff000-0x1d3ff000] (64MB) mapped at [ffff8800193ff000-ffff88001d3fefff]\r\n[    1.058343] RAPL PMU detected, API unit is 2^-32 Joules, 3 fixed counters 10737418240 ms ovfl timer\r\n[    1.060851] hw unit of domain pp0-core 2^-0 Joules\r\n[    1.062403] hw unit of domain package 2^-0 Joules\r\n[    1.063985] hw unit of domain dram 2^-0 Joules\r\n[    1.065394] clocksource: tsc: mask: 0xffffffffffffffff max_cycles: 0x1fa1e573538, max_idle_ns: 440795315350 ns\r\n[    1.067940] Scanning for low memory corruption every 60 seconds\r\n[    1.070765] futex hash table entries: 16384 (order: 8, 1048576 bytes)\r\n[    1.072630] audit: initializing netlink subsys (disabled)\r\n[    1.074289] audit: type=2000 audit(1487066079.072:1): initialized\r\n[    1.076393] Initialise system trusted keyring\r\n[    1.078631] HugeTLB registered 2 MB page size, pre-allocated 0 pages\r\n[    1.081977] zbud: loaded\r\n[    1.083691] VFS: Disk quotas dquot_6.6.0\r\n[    1.085227] VFS: Dquot-cache hash table entries: 512 (order 0, 4096 bytes)\r\n[    1.087474] squashfs: version 4.0 (2009/01/31) Phillip Lougher\r\n[    1.089696] fuse init (API version 7.23)\r\n[    1.091399] Key type big_key registered\r\n[    1.093034] Allocating IMA MOK and blacklist keyrings.\r\n[    1.094924] Key type asymmetric registered\r\n[    1.096460] Asymmetric key parser 'x509' registered\r\n[    1.097999] Block layer SCSI generic (bsg) driver version 0.4 loaded (major 249)\r\n[    1.100377] io scheduler noop registered\r\n[    1.101903] io scheduler deadline registered (default)\r\n[    1.103882] io scheduler cfq registered\r\n[    1.105200] pci_hotplug: PCI Hot Plug PCI Core version: 0.5\r\n[    1.106469] pciehp: PCI Express Hot Plug Controller Driver version: 0.4\r\n[    1.107912] input: Power Button as /devices/LNXSYSTM:00/LNXPWRBN:00/input/input0\r\n[    1.109685] ACPI: Power Button [PWRF]\r\n[    1.111014] GHES: HEST is not enabled!\r\n[    1.112233] Serial: 8250/16550 driver, 32 ports, IRQ sharing enabled\r\n[    1.134578] 00:03: ttyS0 at I/O 0x3f8 (irq = 4, base_baud = 115200) is a 16550A\r\n[    1.158239] 00:04: ttyS1 at I/O 0x2f8 (irq = 3, base_baud = 115200) is a 16550A\r\n[    1.161423] Linux agpgart interface v0.103\r\n[    1.166354] brd: module loaded\r\n[    1.170411] loop: module loaded\r\n[    1.172364] ata_piix 0000:00:07.1: Hyper-V Virtual Machine detected, ATA device ignore set\r\n[    1.176544] scsi host0: ata_piix\r\n[    1.177987] scsi host1: ata_piix\r\n[    1.179078] ata1: PATA max UDMA/33 cmd 0x1f0 ctl 0x3f6 bmdma 0xffa0 irq 14\r\n[    1.180453] ata2: PATA max UDMA/33 cmd 0x170 ctl 0x376 bmdma 0xffa8 irq 15\r\n[    1.183005] libphy: Fixed MDIO Bus: probed\r\n[    1.184132] tun: Universal TUN/TAP device driver, 1.6\r\n[    1.185310] tun: (C) 1999-2004 Max Krasnyansky <maxk@qualcomm.com>\r\n[    1.187420] PPP generic driver version 2.4.2\r\n[    1.188629] ehci_hcd: USB 2.0 'Enhanced' Host Controller (EHCI) Driver\r\n[    1.189894] ehci-pci: EHCI PCI platform driver\r\n[    1.191018] ehci-platform: EHCI generic platform driver\r\n[    1.192526] ohci_hcd: USB 1.1 'Open' Host Controller (OHCI) Driver\r\n[    1.193804] ohci-pci: OHCI PCI platform driver\r\n[    1.194917] ohci-platform: OHCI generic platform driver\r\n[    1.196235] uhci_hcd: USB Universal Host Controller Interface driver\r\n[    1.197566] i8042: PNP: PS/2 Controller [PNP0303:PS2K,PNP0f03:PS2M] at 0x60,0x64 irq 1,12\r\n[    1.202506] serio: i8042 KBD port at 0x60,0x64 irq 1\r\n[    1.203686] serio: i8042 AUX port at 0x60,0x64 irq 12\r\n[    1.205027] mousedev: PS/2 mouse device common for all mice\r\n[    1.206604] rtc_cmos 00:00: RTC can wake from S4\r\n[    1.228697] input: AT Translated Set 2 keyboard as /devices/platform/i8042/serio0/input/input1\r\n[    1.231925] rtc_cmos 00:00: rtc core: registered rtc_cmos as rtc0\r\n[    1.234277] rtc_cmos 00:00: alarms up to one month, 114 bytes nvram\r\n[    1.235413] i2c /dev entries driver\r\n[    1.236415] device-mapper: uevent: version 1.0.3\r\n[    1.237470] device-mapper: ioctl: 4.34.0-ioctl (2015-10-28) initialised: dm-devel@redhat.com\r\n[    1.238924] ledtrig-cpu: registered to indicate activity on CPUs\r\n[    1.240397] NET: Registered protocol family 10\r\n[    1.241681] NET: Registered protocol family 17\r\n[    1.242638] Key type dns_resolver registered\r\n[    1.243708] microcode: CPU0 sig=0x206d7, pf=0x1, revision=0xffffffff\r\n[    1.244837] microcode: Microcode Update Driver: v2.01 <tigran@aivazian.fsnet.co.uk>, Peter Oruba\r\n[    1.246367] registered taskstats version 1\r\n[    1.247289] Loading compiled-in X.509 certificates\r\n[    1.249297] Loaded X.509 cert 'Build time autogenerated kernel key: f7bc719d96df7c6d6fed8f4b9fd5d4ff001383c8'\r\n[    1.250777] zswap: loaded using pool lzo/zbud\r\n[    1.253506] Key type trusted registered\r\n[    1.257925] Key type encrypted registered\r\n[    1.259070] AppArmor: AppArmor sha1 policy hashing enabled\r\n[    1.260341] ima: No TPM chip found, activating TPM-bypass!\r\n[    1.261580] evm: HMAC attrs: 0x1\r\n[    1.262997]   Magic number: 5:869:929\r\n[    1.264454] rtc_cmos 00:00: setting system clock to 2017-02-14 09:54:40 UTC (1487066080)\r\n[    1.266093] BIOS EDD facility v0.16 2004-Jun-25, 0 devices found\r\n[    1.267646] EDD information not available.\r\n[    1.343805] ata2.00: ATAPI: Virtual CD, , max MWDMA2\r\n[    1.347312] ata2.00: configured for MWDMA2\r\n[    1.349840] scsi 1:0:0:0: CD-ROM            Msft     Virtual CD/ROM   1.0  PQ: 0 ANSI: 5\r\n[    1.353845] sr 1:0:0:0: [sr0] scsi3-mmc drive: 0x/0x tray\r\n[    1.355099] cdrom: Uniform CD-ROM driver Revision: 3.20\r\n[    1.357258] sr 1:0:0:0: Attached scsi generic sg0 type 5\r\n[    1.360238] Freeing unused kernel memory: 1480K (ffffffff81f43000 - ffffffff820b5000)\r\n[    1.361645] Write protecting the kernel read-only data: 14336k\r\n[    1.363556] Freeing unused kernel memory: 1804K (ffff88000183d000 - ffff880001a00000)\r\n[    1.365422] Freeing unused kernel memory: 144K (ffff880001ddc000 - ffff880001e00000)\r\nLoading, pleasewait...\r\nstarting version 229\r\n[    1.384578] random: systemd-udevd: uninitialized urandom read (16 bytes read, 2 bits of entropy available)\r\n[    1.386448] random: systemd-udevd: uninitialized urandom read (16 bytes read, 2 bits of entropy available)\r\n[    1.388534] random: udevadm: uninitialized urandom read (16 bytes read, 2 bits of entropy available)\r\n[    1.390394] random: udevadm: uninitialized urandom read (16 bytes read, 2 bits of entropy available)\r\n[    1.392402] random: systemd-udevd: uninitialized urandom read (16 bytes read, 2 bits of entropy available)\r\n[    1.394177] random: systemd-udevd: uninitialized urandom read (16 bytes read, 2 bits of entropy available)\r\n[    1.396221] random: udevadm: uninitialized urandom read (16 bytes read, 2 bits of entropy available)\r\n[    1.398024] random: udevadm: uninitialized urandom read (16 bytes read, 2 bits of entropy available)\r\n[    1.399959] random: udevadm: uninitialized urandom read (16 bytes read, 2 bits of entropy available)\r\n[    1.402771] random: udevadm: uninitialized urandom read (16 bytes read, 2 bits of entropy available)\r\n[    1.468199] FUJITSU Extended Socket Network Device Driver - version 1.0 - Copyright (c) 2015 FUJITSU LIMITED\r\n[    1.487209] clocksource: hyperv_clocksource_tsc_page: mask: 0xffffffffffffffff max_cycles: 0x24e6a1710, max_idle_ns: 440795202120 ns\r\n[    1.515201] clocksource: Switched to clocksource hyperv_clocksource_tsc_page\r\n[    1.521483] Floppy drive(s): fd0 is 1.44M\r\n[    1.538651] hv_vmbus: Hyper-V Host Build:9600-6.3-18-0.18190; Vmbus version:3.0\r\n[    1.543643] FDC 0 is an 82078.\r\n[    1.545649] hv_vmbus: Unknown GUID: f8e65716-3cb3-4a06-9a60-1889c5cccab5\r\n[    1.547128] hv_vmbus: Unknown GUID: 3375baf4-9e15-4b30-b765-67acb10d607b\r\n[    1.551025] hv_vmbus: registering driver hyperv_fb\r\n[    1.552399] hv_vmbus: Unknown GUID: 276aacf4-ac15-426c-98dd-7521ad3f01fe\r\n[    1.556374] hyperv_fb: Screen resolution: 1152x864, Color depth: 32\r\n[    1.568122] Console: switching to colour frame buffer device 144x54\r\n[    1.595391] AVX version of gcm_enc/dec engaged.\r\n[    1.595392] AES CTR mode by8 optimization enabled\r\n[    1.675356] hv_vmbus: registering driver hv_storvsc\r\n[    1.681829] hidraw: raw HID events driver (C) Jiri Kosina\r\n[    1.685654] hv_vmbus: registering driver hyperv_keyboard\r\n[    1.688997] hv_utils: Registering HyperV Utility Driver\r\n[    1.689928] hv_vmbus: registering driver hv_util\r\n[    1.700188] hv_vmbus: registering driver hv_netvsc\r\n[    1.704301] hv_vmbus: registering driver hid_hyperv\r\n[    1.709288] hv_netvsc: hv_netvsc channel opened successfully\r\n[    1.849541] hv_netvsc vmbus_14: Send section size: 6144, Section count:2560\r\n[    1.851421] hv_netvsc vmbus_14: Device MAC 00:0d:3a:10:79:b9 link state up\r\n[    1.861525] scsi host2: storvsc_host_t\r\n[    1.862709] scsi 2:0:0:0: Direct-Access     Msft     Virtual Disk     1.0  PQ: 0 ANSI: 4\r\n[    1.864483] sd 2:0:0:0: Attached scsi generic sg1 type 0\r\n[    1.865507] sd 2:0:0:0: [sda] 61440000 512-byte logical blocks: (31.5 GB/29.3 GiB)\r\n[    1.866683] sd 2:0:0:0: [sda] 4096-byte physical blocks\r\n[    1.867984] sd 2:0:0:0: [sda] Write Protect is off\r\n[    1.869068] input: Microsoft Vmbus HID-compliant Mouse as /devices/0006:045E:0621.0001/input/input4\r\n[    1.870490] sd 2:0:0:0: [sda] Write cache: enabled, read cache: enabled, supports DPO and FUA\r\n[    1.874893] hid-generic 0006:045E:0621.0001: input: <UNKNOWN> HID v0.01 Mouse [Microsoft Vmbus HID-compliant Mouse] on \r\n[    1.878072]  sda: sda1\r\n[    1.879584] sd 2:0:0:0: [sda] Attached SCSI disk\r\n[    1.885089] scsi host3: storvsc_host_t\r\n[    1.886077] scsi 3:0:1:0: Direct-Access     Msft     Virtual Disk     1.0  PQ: 0 ANSI: 4\r\n[    1.887582] sd 3:0:1:0: Attached scsi generic sg2 type 0\r\n[    1.889029] sd 3:0:1:0: [sdb] 14680064 512-byte logical blocks: (7.52 GB/7.00 GiB)\r\n[    1.889912] sd 3:0:1:0: [sdb] 4096-byte physical blocks\r\n[    1.890910] sd 3:0:1:0: [sdb] Write Protect is off\r\n[    1.892948] sd 3:0:1:0: [sdb] Write cache: enabled, read cache: enabled, supports DPO and FUA\r\n[    1.897073]  sdb: sdb1\r\n[    1.899253] scsi host4: storvsc_host_t\r\n[    1.901924] scsi host4: scsi scan: INQUIRY result too short (5), using 36\r\n[    1.904573] sd 3:0:1:0: [sdb] Attached SCSI disk\r\n[    1.909047] scsi host5: storvsc_host_t\r\n[    1.911449] scsi host5: scsi scan: INQUIRY result too short (5), using 36\r\n[    1.920269] psmouse serio1: trackpoint: failed to get extended button data\r\nBegin: Loading ssential driver ...
[    3.272957] md: linear personality registered for level -1\r\n[    3.278717] md: multipath personality registered for level -4\r\n[    3.283963] md: raid0 personality registered for level 0\r\n[    3.290107] md: raid1 personality registered for level 1\r\n[    3.364014] raid6: sse2x1   gen()  5495 MB/s\r\n[    3.432013] raid6: sse2x1   xor()  4288 MB/s\r\n[    3.500016] raid6: sse2x2   gen()  6884 MB/s\r\n[    3.568014] raid6: sse2x2   xor()  4966 MB/s\r\n[    3.636012] raid6: sse2x4   gen()  8126 MB/s\r\n[    3.704010] raid6: sse2x4   xor()  5802 MB/s\r\n[    3.705567] raid6: using algorithm sse2x4 gen() 8126 MB/s\r\n[    3.707351] raid6: .... xor() 5802 MB/s, rmw enabled\r\n[    3.708880] raid6: using ssse3x2 recovery algorithm\r\n[    3.713476] xor: automatically using best checksumming function:\r\n[    3.752011]    avx       : 14109.000 MB/sec\r\n[    3.755727] async_tx: api initialized (async)\r\n[    3.772233] md: raid6 personality registered for level 6\r\n[    3.773786] md: raid5 personality registered for level 5\r\n[    3.775371] md: raid4 personality registered for level 4\r\n[    3.783401] md: raid10 personality registered for level 10\r\ndone.\r\nBegin: Running /scripts/init-prmount ... done.\r\nBegin: Mounting root file system ... Begin: Running scripts/local-tp ... done.\r\nBegin: Running scripts/local-pemount ...
[    3.836238] Btrfs loaded\r\nScanning for Btfs filesystems\r\n[    3.932111] blk_update_request: I/O error, dev fd0, sector 0\r\n[    3.933942] floppy: error -5 while reading block 0\r\ndone.\r\nWarning: fsck not present, so skipping root fil system\r\n[    4.037336] EXT4-fs (sda1): mounted filesystem with ordered data mode. Opts: (null)\r\ndone.\r\nBegin: Running /scripts/local-bottom ... done.\r\nBegin: Running /scripts/init-botom ... Warning: overlayroot: debug is usted\r\ndone.\r\n[    4.656749] systemd[1]: systemd 229 running in system mode. (+PAM +AUDIT +SELINUX +IMA +APPARMOR +SMACK +SYSVINIT +UTMP +LIBCRYPTSETUP +GCRYPT +GNUTLS +ACL +XZ -LZ4 +SECCOMP +BLKID +ELFUTILS +KMOD -IDN)\r\n[    4.661384] systemd[1]: Detected virtualization microsoft.\r\n[    4.663282] systemd[1]: Detected architecture x86-64.\r\n[    4.695721] random: nonblocking pool is initialized\r\n\r\nWelcome to \u001b[1mUbuntu 16.04.1 LTS\u001b[0m!\r\n\r\n[    4.721758] systemd[1]: Set hostname to <ubuntu>.\r\n[    4.741255] systemd[1]: Initializing machine ID from random generator.\r\n[    4.743356] systemd[1]: Installed transient /etc/machine-id file.\r\n[    5.078528] systemd[1]: Listening on /dev/initctl Compatibility Named Pipe.\r\n[\u001b[0;32m  OK  \u001b[0m] Listening on /dev/initctl Compatibility Named Pipe.\r\n[    5.087960] systemd[1]: Reached target Swap.\r\n[\u001b[0;32m  OK  \u001b[0m] Reached target Swap.\r\n[    5.096123] systemd[1]: Listening on LVM2 metadata daemon socket.\r\n[\u001b[0;32m  OK  \u001b[0m] Listening on LV2 metadata daemn socket.\r\n[    5.105292] systemd[1]: Listening on Journal Socket.\r\n[\u001b[0;32m  OK  \u001b[0m] Listening on Journal Socket.\r\n[    5.121923] systemd[1]: Started Forward Password Requests to Wall Directory Watch.\r\n[\u001b[0;32m  OK  \u001b[0m] Started Forward Password Requests to Wall Directory Watch.\r\n[    5.134453] systemd[1]: Listening on Journal Socket (/dev/log).\r\n[\u001b[0;32m  OK  \u001b[0m] Listening on Journal Socket (/dev/log).\r\n[    5.146198] systemd[1]: Listening on udev Control Socket.\r\n[\u001b[0;32m  OK  \u001b[0m] Listening on udev Control Socket.\r\n[    5.158099] systemd[1]: Created slice User and Session Slice.\r\n[\u001b[0;32m  OK  \u001b[0m] Created slice User and Session Slice.\r\n[    5.170594] systemd[1]: Set up automount Arbitrary Executable File Formats File System Automount Point.\r\n[\u001b[0;32m  OK  \u001b[0m] Set up automount Arbitrary Executab...ats File System Automount Point.\r\n[    5.189362] systemd[1]: Created slice System Slice.\r\n[\u001b[0;32m  OK  \u001b[0m] Created slice System Slice.\r\n[    5.201394] systemd[1]: Mounting Debug File System...\r\n         Mounting Debug File System...\r\n[    5.211613] systemd[1]: Starting Remount Root and Kernel File Systems...\r\n         Starting Remount Root and Kernel File Systems...\r\n[    5.224149] systemd[1]: Starting Create list of required static device nodes for the current kernel...\r\n[    5.231262] EXT4-fs (sda1): re-mounted. Opts: discard\r\n         Starting Create list of required st... nodes for the current kernel...\r\n[    5.240934] systemd[1]: Reached target Slices.\r\n[\u001b[0;32m  OK  \u001b[0m] Reached target Slices.\r\n[    5.253510] systemd[1]: Listening on Syslog Socket.\r\n[\u001b[0;32m  OK  \u001b[0m] Listening on Syslog Socket.\r\n[    5.265179] systemd[1]: Created slice system-serial\\x2dgetty.slice.\r\n[\u001b[0;32m  OK  \u001b[0m] Created slice system-serial\\x2dgetty.slice.\r\n[    5.277846] systemd[1]: Starting Load Kernel Modules...\r\n         Starting Load Kernel Modules...\r\n[    5.289380] systemd[1]: Reached target Encrypted Volumes.\r\n[\u001b[0;32m  OK  \u001b[0m] Reached target Encrypted Volumes.\r\n[    5.302330] systemd[1]: Listening on Journal Audit Socket.\r\n[\u001b[0;32m  OK  \u001b[0m] Listening on Journal Audit Socket.\r\n[    5.314699] systemd[1]: Starting Journal Service...\r\n         Starting Journal Service...\r\n[    5.325686] systemd[1]: Mounting Huge Pages File System...\r\n[    5.331854] Loading iSCSI transport class v2.0-870.\r\n         Mounting Huge Pages File System...\r\n[    5.345754] systemd[1]: Reached target User and Group Name Lookups.\r\n[\u001b[0;32m  OK  \u001b[0m] Reached target User and Group Name Lookups.\r\n[    5.361087] systemd[1]: Listening on LVM2 poll daemon socket.\r\n[\u001b[0;32m  OK  \u001b[0m] Listening on LVM2 poll daemon scket.\r\n[    5.377485] iscsi: registered transport (tcp)\r\n[    5.380244] systemd[1]: Starting Uncomplicated firewall...\r\n         Starting Uncompicated firewall..\r\n[    5.393518] systemd[1]: Listening on Device-mapper event daemon FIFOs.\r\n[\u001b[0;32m  OK  \u001b[m] Listening on Device-mapper event daemon FIFOs.\r\n[    5.432891] systemd[1]: Starting Monitoring of LVM2 mirrors, snapshots etc. using dmeventd or progress polling...\r\n         Starting Monitoring of LVM2 mirors... dmeventdor progress polling...\r\n[    5.450676] systemd[1]: Listening on udev Kernel Socket.\r\n[\u001b[0;32m  OK  \u001b[m] Listening on udv Kernel Socket.\r\n[    5.467491] systemd[1]: Mounting POSIX Message Queue File System...\r\n        
[    5.475037] iscsi: registered transport (iser)\r\nMounting POSIX Message Queue Fie System...\r\n[    5.486129] systemd[1]: Starting Nameserver information manager...\r\n         Starting Namesever informationmanager...\r\n[    5.498884] systemd[1]: Starting Set console keymap...\r\n         Starting Set cosole keymap...\r\n[    5.511704] systemd[1]: Mounted Huge Pages File System.\r\n[\u001b[0;32m  OK  \u001b[0m] Mounted Huge Pages File System.\r\n[    5.527690] systemd[1]: Mounted POSIX Message Queue File System.\r\n[\u001b[0;32m  OK  \u001b[0m] Mounted POSIX Message Queue File System.\r\n[    5.541435] systemd[1]: Mounted Debug File System.\r\n[\u001b[0;32m  OK  \u001b[0m] Mounted Debug Fle System.\r\n[    5.553529] systemd[1]: Started Journal Service.\r\n[\u001b[0;32m  OK  \u001b[0m] Started Journal Service.\r\n[\u001b[0;32m  OK  \u001b[m] Started RemountRoot and Kernel File Systems.\r\n[\u001b[0;32m  OK  \u001b[0m] Started Create list of required sta...ce nodes for the current kernel.\r\n[\u001b[0;32m  OK  \u001b[0m] Started Load Kernel Modules.\r\n[\u001b[0;32m  OK  \u001b[0m] Started Uncomplicated firewall.\r\n[\u001b[0;32m  OK  \u001b[0m] Started Set conole keymap.\r\n[\u001b[0;32m  OK  \u001b[0m] Started Nameserver information manager.\r\n[\u001b[0;32m  OK  \u001b[0m] Started LVM2 metadata daemon.\r\n         Starting Apply Kernel Variables...\r\n         Mounting FUSE Control File System...\r\n         Starting Create Static Device Nodes in /dev...\r\n         Starting udev Coldplug all Devices...\r\n         Starting Load/Sve Random Seed..\r\n         Starting Flush Journal to Persistent Storage...\r\n[\u001b[0;32m  OK  \u001b[0m] Mounted FUSE Control File System.\r\n[\u001b[0;32m  OK  \u001b[0m] Started Apply Kernel Variables.\r\n[\u001b[0;32m  OK  \u001b[0m] Started Load/Save Random Seed.\r\n[\u001b[0;32m  OK  \u001b[0m] Started Create Static Device Nodes in /dev.\r\n[\u001b[0;32m  OK  \u001b[0m] Started udev Coldplug all Devices.\r\n[\u001b[0;32m  OK  \u001b[0m] Started Monitoring of LVM2 mirrors,...ng dmeventd or progress polling.\r\n[\u001b[0;32m  OK  \u001b[m] Started Flush Jurnal to Persisent Storage.\r\n         Starting udev Krnel Device Manger...\r\n[\u001b[0;32m  OK  \u001b[0m] Started udev Kernel Device Manager.\r\n[\u001b[0;32m  OK  \u001b[0m] Reached target Local File Systems (Pre).\r\n         Mounting /etc/network/interfaces.dynamic.d...\r\n[\u001b[0;32m  OK  \u001b[0m] Started Dispatch Password Requests to Console Directory Watch.\r\n[\u001b[0;32m  OK  \u001b[m] Mounted /etc/network/interfaces.dynamic.d.\r\n[\u001b[0;32m  OK  \u001b[0m] Reached target Local File Systems.\r\n         Starting LSB: ApArmor initialiation...\r\n         Starting Create Volatile Files and Directories...\r\n         Starting Commit a transient macine-id on disk..\r\n         Starting Tell Pymouth To WriteOut Runtime Dat...\r\n         Starting Initial cloud-init job(pre-networking...\r\n         Starting Run snppy firstboot stup...\r\n         Starting Set cosole font and kymap...\r\n[\u001b[0;32m  OK  \u001b[m] Started Create Volatile Files and Directories.\r\n[    6.562645] piix4_smbus 0000:00:07.3: SMBus base address uninitialized - upgrade BIOS or use force_addr=0xaddr\r\n[\u001b[0;32m  OK  \u001b[0m] Started Commit a transient machine-id on disk.\r\n[\u001b[0;32m  OK  \u001b[0m] Started Tell Plymouth To Write Out Runtime Data.\r\n         Starting UpdateUTMP about System Boot/Shutdown...\r\n         Starting Network Time Synchronization...\r\n[\u001b[0;32m  OK  \u001b[0m] Started Update UTMP about System Boot/Shutdown.\r\n[\u001b[0;32m  OK  \u001b[0m] Started Network Time Synchronization.\r\n[\u001b[0;32m  OK  \u001b[0m] Reached target System Time Synchronized.\r\n[\u001b[0;32m  OK  \u001b[m] Found device /dv/ttyS0.\r\n[\u001b[0;32m  OK  \u001b[m] Started Set console font and kemap.\r\n[\u001b[0;32m  OK  \u001b[m] Created slice sstem-getty.slic.\r\n[    7.149289] intel_rapl: no valid rapl domains found in package 0\r\n[\u001b[0;32m  OK  \u001b[0m] Started Run snappy firstboot seup.\r\n[\u001b[0;32m  OK  \u001b[0m] Listening on Load/Save RF Kill Switch Status /dev/rfkill Watch.\r\n[\u001b[0;32m  OK  \u001b[0m] Started LSB: AppArmor initialization.\r\n[\u001b[0;32m  OK  \u001b[0m] Reached target System Initialization.\r\n[\u001b[0;32m  OK  \u001b[m] Listening on D-Bus System Message Bus Socket.\r\n[\u001b[0;32m  OK  \u001b[0m] Started Timer to automatically refresh installed snaps.\r\n[\u001b[0;32m  OK  \u001b[0m] Listening on UUID daemon activation socket.\r\n[\u001b[0;32m  OK  \u001b[0m] Started Daily apt activities.\r\n[\u001b[0;32m  OK  \u001b[0m] Started ACPI Events Check.\r\n[\u001b[0;32m  OK  \u001b[0m] Started Daily Cleanup of Temporary Directories.\r\n[\u001b[0;32m  OK  \u001b[0m] Reached target Timers.\r\n         Starting LXD - unix socket.\r\n[\u001b[0;32m  OK  \u001b[0m] Started Trigger resolvconf update for networkd DNS.\r\n[\u001b[0;32m  OK  \u001b[0m] Reached target Paths.\r\n         Starting Socket activation for snappy daemon.\r\n[\u001b[0;32m  OK  \u001b[0m] Listening on ACPID Listen Socket.\r\n[\u001b[0;32m  OK  \u001b[0m] Listening on LXD - unix socket.\r\n[\u001b[0;32m  OK  \u001b[0m] Listening on Soket activation or snappy daemon.\r\n[\u001b[0;32m  OK  \u001b[0m] Reached target Sockets.\r\n[\u001b[0;32m  OK  \u001b[0m] Reached target Basic System.\r\n[\u001b[0;32m  OK  \u001b[0m] Started Hyper-V File Copy Protocol Daemon.\r\n[\u001b[0;32m  OK  \u001b[0m] Started FUSE filesystem for LXC.\r\n         Starting Thermal Daemon Service...\r\n         Starting LSB: Record successful boot for GRUB...\r\n[\u001b[0;32m  OK  \u001b[0m] Started Deferred execution scheduler.\r\n[    9.411431]          Starting Accounts Service...cloud-init[581]: \r\n[Cloud-init v. 0.7.8 running 'int-local' at Tue, 14 Feb 2017 09:54:48 +0000. Up 9.05 seconds.\u001b[0;32m  OK  \u001b[0m] Started Hyper-V VSS Protocol Daemon.\r\n\r\n[\u001b[0;32m  OK  \u001b[m] Started D-Bus System Message Bus.\r\n[\u001b[0;32m  OK  \u001b[0m] Started ACPI evnt daemon.\r\n[\u001b[0;32m  OK  \u001b[0m] Started Regular background program processing demon.\r\n         Starting LSB: MD monitoring daemon...\r\n[\u001b[0;32m  OK  \u001b[0m] Started Hyper-V KVP Protocol Daemon.\r\n         Starting System Logging Service...\r\n         Starting Login Service...\r\n[\u001b[0;32m  OK  \u001b[0m] Started Name Service Cache Daemon.\r\n[\u001b[0;32m  OK  \u001b[0m] Started Snappy daemon.\r\n         Starting LXD - container startup/shutdown...\r\n[\u001b[0;32m  OK  \u001b[0m] Started Initial cloud-init job (pre-networking).\r\n[\u001b[0;32m  OK  \u001b[0m] Started Thermal Daemon Service.\r\n[\u001b[0;32m  OK  \u001b[0m] Started System Logging Service.\r\n[\u001b[0;32m  OK  \u001b[0m] Started LSB: Record successful oot for GRUB.\r\n[\u001b[0;32m  OK  \u001b[0m] Started Login Srvice.\r\n         Starting Authenticate and Authoize Users to Run Privileged Tass...\r\n[\u001b[0;32m  OK  \u001b[m] Reached target Network (Pre).\r\n         Starting Raise network interfaces...\r\n[\u001b[0;32m  OK  \u001b[m] Started LSB: MD monitoring daemon.\r\n[\u001b[0;32m  OK  \u001b[m] Started Authentcate and Authorize Users to Run Privileged Tasks.\r\n[\u001b[0;32m  OK  \u001b[0m] Started Accounts Service.\r\n[\u001b[0;32m  OK  \u001b[0m] Started Raise network interfaces.\r\n[\u001b[0;32m  OK  \u001b[0m] Reached target Network.\r\n         Starting Initial cloud-init job (metadata service crawler)...\r\n[\u001b[0;32m  OK  \u001b[0m] Started LXD - container startupshutdown.\r\n[   11.788126] blk_update_request: I/O error, dev fd0, sector 0\r\n[   11.836142] blk_update_request: I/O error, dev fd0, sector 0\r\n[   11.951077] cloud-init[1105]: + i=eth0\r\n[   11.968107] cloud-init[1105]: + x=0\r\n[   11.990246] cloud-init[1105]: + ifdown eth0\r\n[   12.000396] cloud-init[1105]: Killed old client process\r\n[   12.985253] cloud-init[1105]: Internet Systems Consortium DHCP Client 4.3.3\r\n[   13.001448] cloud-init[1105]: Copyright 2004-2015 Internet Systems Consortium.\r\n[   13.020944] cloud-init[1105]: All rights reserved.\r\n[   13.035425] cloud-init[1105]: For info, please visit https://www.isc.org/software/dhcp/\r\n[   13.060373] cloud-init[1105]: Listening on LP/eth0/00:0d:3a:10:79:b9\r\n[   13.096365] cloud-init[1105]: Sending on   LPF/eth0/00:0d:3a:0:79:b9\r\n[   13.128361] cloud-init[1105]: Sending on   Socket/fallback\r\n[   13.156561] cloud-init[1105]: DHCPRELEASE on eth0 to 168.63.129.16 port 67 (xid=0x395da0fa)\r\n[   13.651132] cloud-init[1105]: + ifup eth0\r\n[   13.674508] cloud-init[1105]: Internet Systms Consortium DHCP Client 4.3.3\r\n[   13.684236] cloud-init[1105]: Copyright 2004-015 Internet Systems Consortium\r\n[   13.694306] cloud-init[1105]: All rights reserved.\r\n[   13.703700] cloud-init[1105]: For info, please visit https://www.isc.org/software/dhcp/\r\n[   13.713695] cloud-init[1105]: Listening on LPF/eth0/00:0d:3a:10:79:b9\r\n[   13.731676] cloud-init[1105]: Sending on   LPF/eth0/00:0d:3a:10:79:b9\r\n[   13.752275] cloud-init[1105]: Sending on   Soket/fallback\r\n[   13.780035] cloud-init[1105]: DHCPDISCOVER on eth0 to 255.255255.255 port 67 interval 3 (xid0xe9a07938)\r\n[   13.796852] cloud-init[1105]: DHCPREQUEST of 10.0.0.4 on eth0 to 255.255.255.255 port 67 (xid=0x3879a0e9)\r\n[   13.824034] cloud-init[1105]: DHCPOFFER of 100.0.4 from 168.63.129.16\r\n[   13.848548] cloud-init[1105]: DHCPACK of 10.0.0.4 from 168.63.129.16\r\n[   14.311044] cloud-init[1105]: bound to 10.0.0.4 -- renewal in 4294967295 seconds.\r\n[   14.345021] cloud-init[1105]: + exit 0\r\n[\u001b[0;32m  OK  \u001b[0m] Started Azure Linux Agent.\r\n2017/02/14 09:5:54.537447 INFOAzure Linux Aget Version:2.1.3\r\n2017/02/14 09:54:54.542120 INFOOS: ubuntu 16.0\r\n2017/02/14 09:5:54.546323 INFOPython: 3.5.2\r\n2017/02/14 09:5:54.550218 INFO Run daemon\r\n2017/02/14 09:54:54.554352 INFO run Ubuntu provision handler\r\n2017/02/14 09:5:54.558495 INFOWaiting cloud-iit to copy ovf-nv.xml.\r\n2017/02/14 09:54:54.565915 INFO Detect protocol endpoints\r\n2017/02/14 09:54:54.574122 INFO WireServer endpoint is not found. Rerun dhcp handler\r\n2017/02/14 09:54:54.582784 INFO Send dhcp request\r\n2017/02/14 09:54:54.726167 INFO Configure routes\r\n2017/02/14 09:54:54.731667 INFO Gateway:10.0.0.1\r\n2017/02/14 09:54:54.735858 INFO Routes:None\r\n2017/02/14 09:54:54.741639 INFO Wire server endpoint:168.63.129.16\r\n2017/02/14 09:54:54.775909 INFO Fabric preferred wire protocol version:2015-04-05\r\n2017/02/14 09:54:54.781378 INFO Wire protocol version:2012-11-30\r\n2017/02/14 09:54:54.786317 WARNING Server prefered version:2015-04-05\r\n[   18.736103] blk_update_request: I/O error, dev fd0, sector 0\r\n[   18.784286] blk_update_request: I/O error, dev fd0, sector 0\r\n2017/02/14 09:54:59.020683 INFO Sleep 15 seconds to prevent throttling\r\n[   20.318588] cloud-init[1105]: Cloud-init v. 07.8 running 'int' at Tue, 14 Fb 2017 09:54:51+0000. Up 11.59seconds.\r\n[   20.333206] cloud-init[1105]: ci-info: ++++++++++++++++++++++++++++++++++++++Net device info++++++++++++++++++++++++++++++++++++++\r\n[   20.364296] cloud-init[1105]: ci-info: +--------+------+-----------------------------+---------------+-------+-------------------+\r\n[   20.394507] cloud-init[\u001b[0;32m  OK  \u001b[0m] [1105]: ci-info: | Device |  Up  |           Address           |      Mask     | Scope |     Hw-Address    |Started Initial cloud-init job (metadata service crawler).\r\n[\r\n\u001b[0;32m  OK  \u001b[0m]
[   20.437086] cloud-initReached target Network is Online.\r\n         [1105]: ci-info: +--------+------+-----------------------------+---------------+-------+-------------------+Starting /etc/rc.local Compatibility...\r\n\r\n[   20.465867] cloud-init[1105]: ci-info: |   lo   | True |          127.0.0.1          |   255.0.0.0   |   .   |         .         |\r\n[   20.478442] cloud-init         Starting Pollinate to seed the pseudo random number generator...\r\n[1105]: ci-info: |   lo   | True |           ::1/128           |       .       |  host |         .         |         Starting iSCSI initiator daemon (iscsid)...\r\n[   20.499297] cloud-init[1105]: ci-info: |  eth0  | True |           10.0.0.4          | 255.255.255.0 |   .   | 00:0d:3a:10:79:b9 |\r\n[\u001b[0;32m  OK  \u001b[0m] Reached target Cloud-config availability.\r\n\r\n         Starting Apply the settings specified in cloud-config...[   20.524621] cloud-init[1105]: ci-info: |  eth0  | True | fe80::20d:3aff:fe10:79b9/64 |       .       |  link | 00:0d:3a:10:79:b9 |\r\n[\u001b[0;32m  OK  \u001b[0m] Started /etc/rc.local Compatibility.\r\n\r\n[   20.607109] cloud-init[1105]: [\u001b[0;32m  OK  \u001b[0m] Started iSCSI initiator daemon (iscsid).\r\nci-info: +--------+------+-----------------------------+---------------+-------+-------------------+         Starting Login to default iSCSI targets...\r\n\r\n[   20.690910] cloud-init[1105]: ci-info: ++++++++++++++++++++++++++++++Route IPv4 info+++++++++++++++++++++++++++++++[\u001b[0;32m  OK  \u001b[0m] Started Login to default iSCSI targets.\r\n[\u001b[0;32m  OK  \u001b[0m\r\n] Reached target Remote File Systems (Pre).\r\n[   20.788048] cloud-init[\u001b[0;32m  OK  \u001b[0m] Reached target Remote File Systems.[1105]: ci-info: +-------+-----------------+----------+-----------------+-----------+-------+\r\n         Starting LSB: Set the CPU Frequency Scaling governor to \"ondemand\"...\r\n         Starting Permit User Sessions...\r\n\r\n         Starting LSB: daemon to balance interrupts for SMP systems...\r\n        
[   20.893270] cloud-initStarting LSB: automatic crash report generation...\r\n[1105]: ci-info: | Route |   Destination   | Gateway  |     Genmask     | Interface | Flags |[\u001b[0;32m  OK  \u001b[0m] Started Permit User Sessions.\r\n\r\n         Starting Terminate Plymouth Boot Screen...[   21.008851] cloud-init\r\n         Starting Hold until boot process finishes up...\r\n[1105]: [\u001b[0;32m  OK  \u001b[0m] Started LSB: Se the CPU Frequecy Scaling govenor to \"ondeman\".\r\nci-info: +-------+----------------+----------+----------------+-----------+-------+[\u001b[0;32m  OK  \u001b[0m] Started LSB: daemon to balance interrupts for SMP systems.\r\n[   21.066437] cloud-init\r\n[\u001b[0;32m  OK  \u001b[m] Started LSB: automatic crash report generation.[1105]: ci-info: |   0   |     0.0.0.0     | 10.0.0.1 |     0.0.0.0     |    eth0   |   UG  |\r\n\r\n[\u001b[0;32m  OK  \u001b[0m] Started Terminate Plymouth Boot Screen.\r\n[   21.109530] cloud-init[1105]: [\u001b[0;32m  OK  \u001b[0m] Started Hold until boot process finishes up.ci-info: |   1   |     10.0.0.0    | 0.0.0.0  |  255.255.255.0  |    eth0   |   U   |\r\n\r\n[\u001b[0;32m  OK  \u001b[m]
[   21.154509] cloud-init[1105]: Started Getty on tty1.\r\nci-info: |   2   |  168.63.129.16  | 10.0.0.1 | 255.255.255.255 |    eth0   |  UGH  |[\u001b[0;32m  OK  \u001b[0m] Started Serial Getty on ttyS0.\r\n\r\n[[   21.200384] cloud-init[1105]: ci-info: |   3   | 169.254.169.254 | 10.0.0.1 | 255.255.255.255|    eth0   |  UGH  |\u001b[0;32m  OK  \u001b[0m] Reached target Login Prompts.\r\n         Starting Set console scheme...\r\n\r\n[\u001b[0;32m  OK  \u001b[m[   21.239999] cloud-init[1105]: ci-info: +------+----------------+----------+---------------+-----------+------+] Started Set console scheme.\r\n\r\n[   21.267973] cloud-init[1105]: Generating public/private rsa key pair.\r\n[   21.310448] cloud-init[1105]: Your identification has been saved in /etc/ssh/ssh_host_rsa_key.\r\n[   21.348452] cloud-init[1105]: Your public key has been saved in /etc/ssh/ssh_host_rsa_key.pub.\r\n[   21.384267] cloud-init[1105]: The key fingerprint is:\r\n[   21.406985] cloud-init[1105]: SHA256:rKn5YRPJM7cPhN77aaTy2a4EG5b97FnG/dFeCQkjxLc root@xplatvmStSp\r\n[   21.430469] cloud-init[1105]: The key's randomart image is:\r\n[   21.456026] cloud-init[1105]: +---[RSA 2048]----+\r\n[   21.493436] cloud-init[1105]: |        ..       |\r\n[   21.514022] cloud-init[1105]: |        .. .     |\r\n[   21.528873] cloud-init[1105]: |         ..o.    |\r\n[   21.544157] cloud-init[1105]: |     . *  .Eo .  |\r\n[   21.560025] cloud-init[1105]: |      % S    o   |\r\n[   21.584989] cloud-init[1105]: |     o & +.. .. o|\r\n[   21.611038] cloud-init[1105]: |      O =oo + .oo|\r\n[   21.634889] cloud-init[1105]: |     +.+.B.=  oo|\r\n[   21.660159] cloud-init[1105]: |    o..o==O    o|\r\n[   21.696287] cloud-init[1105]: +----[SHA256]-----+\r\n[   21.720163] cloud-init[1105]: Generating public/private dsa key pair.\r\n[   21.747040] cloud-init[1105]: Your identification has been saved in /etc/ssh/ssh_host_dsa_key.\r\n[   21.776204] cloud-init[1105]: Your public key has been saved in /etc/ssh/ssh_host_dsa_key.pub.\r\n[   21.804162] cloud-init[1105]: The key fingerprint is:\r\n[   21.828159] cloud-init[1105]: SHA256:+1M73m2s/8DSDRXYvcTjWV4jRu+4NpKwzS15gexRXsc root@xplatvmStSp\r\n[   21.864176] cloud-init[1105]: The key's randomart image is:\r\n[   21.893982] cloud-init[1105]: +---[DSA 1024]----+\r\n[   21.915653] cloud-init[1105]: |            ..+..|\r\n[   21.932175] cloud-init[1105]: |             +.B=|\r\n[   21.953064] cloud-init[1105]: |            ..++E|\r\n[   21.973024] cloud-init[1105]: |          . + +=o|\r\n[\u001b[0;32m  OK  \u001b[0m] Started Pollinate to seed the pseudo random number generator.[   22.015687] cloud-init[1105]: \r\n|        S. + +.. |\r\n         Starting OpenBSD Secure Shell server...\r\n[   22.056225] cloud-init[1105]: |         .* *ooo |\r\n[\u001b[0;32m  OK  \u001b[0m[   22.100464] cloud-init] Started OpenBSD Secure Shell server.\r\n[1105]: |        .. X.B+..|\r\n[   22.139139] cloud-init[1105]: |         .. Booo|\r\n[   22.154410] cloud-init[1105]: |          .o..o+=|\r\n[   22.188716] cloud-init[1105]: +----[SHA256]-----+\r\n[   22.221509] cloud-init[1105]: Generating public/private ecdsa key pair.\r\n[   22.250744] cloud-init[1105]: Your identification has been saved in /etc/ssh/ssh_host_ecdsa_key.\r\n[   22.271950] cloud-init[1105]: Your public key has been saved in /etc/ssh/ssh_host_ecdsa_key.pub.\r\n[   22.295059] cloud-init[1105]: The key fingerpint is:\r\n[   22.310524] cloud-init[1105]: SHA256:/2Jiohr0c61HdFpP0O/AHoGlnhGAgZlr82ozHa0tmbQ root@xplatvmStSp\r\n[   22.324334] cloud-init[1105]: The key's randomart image is:\r\n[   22.339137] cloud-init[1105]: +---[ECDSA 256]---+\r\n[   22.349082] cloud-init[1105]: |     +.o...+.    |\r\n[   22.360144] cloud-init[1105]: |    + .   ooo    |\r\n[   22.373239] cloud-init[1105]: |     .    oo o   |\r\n[   22.396126] cloud-init[1105]: |    +   ..oo= .  |\r\n[   22.413661] cloud-init[1105]: |  .. o oS+o+ +  |\r\n[   22.422758] cloud-init[1105]: | . .  +.+.  o   |\r\n[   22.429445] cloud-init[1105]: |  . o+.O. .     |\r\n[   22.435925] cloud-init[1105]: |   .=oE.= o.     |\r\n[   22.452290] cloud-init[1105]: |  .o.+.= o ..    |\r\n[   22.466514] cloud-init[1105]: +----[SHA256]-----+\r\n[   22.475876] cloud-init[1105]: Generating public/private ed25519 key pair.\r\n[   22.485615] cloud-init[1105]: Your identificaion has been saved in /etc/ssh/ssh_host_ed25519key.\r\n[   22.520829] cloud-init[1105]: Your public key has been saved in /etc/ssh/ssh_host_ed25519_key.pub.\r\n[   22.548294] cloud-init[1105]: The key fingerprint is:\r\n[   22.580695] cloud-init[1105]: SHA256:fxL+gmIUj7785niHijQ0DHVRH27pi1QJAbO9ul9sd+M root@xplatvmStSp\r\n[   22.612283] cloud-init[1105]: The key's randomart image is:\r\n[   22.644315] cloud-init[1105]: +--[ED25519 256]--+\r\n[   22.673760] cloud-init[1105]: |    . =++..      |\r\n[   22.699740] cloud-init[1105]: |   . . + + +     |\r\n[   22.724442] cloud-init[1105]: |  .   . . B      |\r\n[   22.736204] cloud-init[1105]: |   o  .  =       |\r\n[   22.753727] cloud-init[1105]: |    +  +S o      |\r\n[   22.769812] cloud-init[1105]: |   . .oo.= o     |\r\n[   22.781897] cloud-init[1105]: |    oo. .oO o o  |\r\n[   22.792649] cloud-init[1105]: |   . ++o=oo= o . |\r\n[   22.816191] cloud-init[1105]: |    ..*X+. .. E  |\r\n[   22.826178] cloud-init[1105]: +----[SHA256]-----+\r\n[   26.636616] cloud-init[1423]: Generating locaes (this might ake a while)...\r\n\r\r\nUbuntu 16.04.1 LTS xplatvmStSp ttyS0\r\n\r\nxplatvmStSp login:
[   27.814067] cloud-init[1423]:   en_US.UTF-8.. done\r\n[   27.824540] cloud-init[1423]: Generation complete.\r\n[   29.329704] cloud-init[1423]: Cloud-init v. 0.7.8 running 'modules:config' at Tue, 14 Feb 2017 09:55:01 +0000. Up 21.92 seconds.\r\nci-info: ++Authrized keys from /home/azureuser.ssh/authorizedkeys for user azureuser+++\r\nci-info: +--------+----------------------------------------------+------------------+\r\nci-info: | Keytype |                Fingerprint (md5)                | Options | Comment |\r\nci-info: +---------+-------------------------------------------------+---------+---------+\r\nci-info: | ssh-rsa | 8f:df:8f:18:ba:cd:cc:63:7c:1f:ea:ae:ba:09:40:65 |    -    |    -    |\r\nci-info: +---------+-------------------------------------------------+---------+---------+\r\n<14>Feb 14 09:55:09 ec2: \r\n<14>Feb 14 09:5:09 ec2: #########################################################\r\n<14>Feb 14 09:5:09 ec2: -----BEGIN SSH HOST KEY FINGERPRINTS----\r\n<14>Feb 14 09:5:09 ec2: 1024 SA256:+1M73m2s/8SDRXYvcTjWV4jRu4NpKwzS15gexRXs root@xplatvmStSp (DSA)\r\n<14>Feb 14 09:55:09 ec2: 256 SHA256:/2Jiohr0c61HdFpP0O/AHoGlnhGAgZlr82ozHa0tmbQ root@xplatvmStSp (ECDSA)\r\n<14>Feb 14 09:55:09 ec2: 256 SHA256:fxL+gmIUj7785niHijQ0DHVRH27pi1QJAbO9ul9sd+M root@xplatvmStSp (ED25519)\r\n<14>Feb 14 09:55:09 ec2: 2048 SHA256:rKn5YRPJM7cPhN77aaTy2a4EG5b97FnG/dFeCQkjxLc root@xplatvmStSp (RSA)\r\n<14>Feb 14 09:55:09 ec2: -----END SSH HOST KEY FINGERPRINTS-----\r\n<14>Feb 14 09:55:09 ec2: #############################################################\r\n-----BEGIN SSH HOST KEY KEYS-----\r\necdsa-sha2-nistp256 AAAAE2VjZHNhLXNoYTItbmlzdHAyNTYAAAAIbmlzdHAyNTYAAABBBKhYojE00o8nDg9RrMKD01gyt3laNO9+fZ7fSkdQykqGWWF9L6uwz/WYwZsEDnsh4IQv5xAIwclRvOQ6jP+x5hE= root@xplatvmStSp\r\nssh-ed25519 AAAAC3NzaC1lZDI1NTE5AAAAIC9Mb9IYAM7zVIIdpuN15ZHSktd8bq0cu9JUfzEIH/i3 root@xplatvmStSp\r\nssh-rsa AAAAB3NzaC1yc2EAAAADAQABAAABAQDCM6uVj0uCpiGJsz1Uz/ucgHBA0mHYX73gvySBSyVm0eTLjJ3H4fiRiiXGJ/GzZ/B0zyP7oXR5Z8badcZHBF6LCQxCAGdEpiG2JLan8+N1leEaJhuqhDgRMlLNlKvEejyrpK0J13uehTxdnbVQudVTYEBJNfAaF+aeaSzG2rN9sno1ZFvocpAv5lasgSgJd8hQobn0hgFJGUEDBDQvN10jT9Clpvp7uKiwOc/r5C2aN3n7jcCgoDwc10LI8pzU7wd9bHJU9z1JZsnSFvYuHiTiZZk5zqs55Xna2EX/4yuMixKrwzK+BtGBUimClBhV2sCWAB5btWecUuOZRIODhmcT root@xplatvmStSp\r\n-----END SSH HOST KEY KEYS-----\r\n[   30.183714] cloud-init[1637]: Cloud-init v. 0.7.8 running 'modules:final' at Tue, 14 Feb 2017 09:55:09 +0000. Up 29.84 seconds.\r\n[   30.204043] cloud-init[1637]: Cloud-init v. 0.7.8 finished at Tue, 14 Feb 2017 09:55:09 +0000. Datasource DataSourceAzureNet [seed=/dev/sr0].  Up 30.16 seconds\r\n2017/02/14 09:5:14.057174 INFOWait for ssh hot key to be genrated.\r\n2017/02/14 09:5:14.063264 INFOFinished provisoning\r\n\u0000\u0000\u0000\u0000\u0000\u0000\u0000\u0000\u0000\u0000\u0000\u0000\u0000\u0000\u0000\u0000\u0000\u0000\u0000\u0000\u0000\u0000\u0000\u0000\u0000\u0000\u0000\u0000\u0000\u0000\u0000\u0000\u0000\u0000\u0000\u0000\u0000\u0000\u0000\u0000\u0000\u0000\u0000\u0000\u0000\u0000\u0000\u0000\u0000\u0000\u0000\u0000\u0000\u0000\u0000\u0000\u0000\u0000\u0000\u0000\u0000\u0000\u0000\u0000\u0000\u0000\u0000\u0000\u0000\u0000\u0000\u0000\u0000\u0000\u0000\u0000\u0000\u0000\u0000\u0000\u0000\u0000\u0000\u0000\u0000\u0000\u0000\u0000\u0000\u0000\u0000\u0000\u0000\u0000\u0000\u0000\u0000\u0000\u0000\u0000\u0000\u0000\u0000\u0000\u0000\u0000\u0000\u0000\u0000\u0000\u0000\u0000\u0000\u0000\u0000\u0000\u0000\u0000\u0000\u0000\u0000\u0000\u0000\u0000\u0000\u0000\u0000\u0000\u0000\u0000\u0000\u0000\u0000\u0000\u0000\u0000\u0000\u0000\u0000\u0000\u0000\u0000\u0000\u0000\u0000\u0000\u0000\u0000\u0000\u0000\u0000\u0000\u0000\u0000\u0000\u0000\u0000\u0000\u0000\u0000\u0000\u0000\u0000\u0000\u0000\u0000\u0000\u0000\u0000\u0000\u0000\u0000\u0000\u0000\u0000\u0000\u0000\u0000\u0000\u0000\u0000\u0000\u0000\u0000\u0000\u0000\u0000\u0000\u0000\u0000\u0000\u0000\u0000\u0000\u0000\u0000\u0000\u0000\u0000\u0000\u0000\u0000\u0000\u0000\u0000\u0000\u0000\u0000\u0000\u0000\u0000\u0000\u0000\u0000\u0000\u0000\u0000\u0000\u0000\u0000\u0000\u0000\u0000\u0000\u0000\u0000\u0000\u0000\u0000\u0000\u0000\u0000\u0000\u0000\u0000\u0000\u0000\u0000\u0000\u0000\u0000\u0000\u0000\u0000\u0000\u0000\u0000\u0000\u0000\u0000\u0000\u0000\u0000\u0000\u0000\u0000\u0000\u0000\u0000\u0000\u0000\u0000\u0000\u0000\u0000\u0000\u0000\u0000\u0000\u0000\u0000\u0000\u0000\u0000\u0000\u0000\u0000\u0000\u0000\u0000\u0000\u0000\u0000\u0000\u0000\u0000\u0000\u0000\u0000\u0000\u0000\u0000\u0000\u0000\u0000\u0000\u0000\u0000\u0000\u0000\u0000\u0000\u0000\u0000\u0000\u0000\u0000\u0000\u0000\u0000\u0000\u0000\u0000\u0000\u0000\u0000\u0000\u0000\u0000\u0000\u0000\u0000\u0000\u0000\u0000\u0000\u0000\u0000\u0000\u0000\u0000\u0000\u0000\u0000\u0000\u0000\u0000\u0000\u0000\u0000\u0000\u0000\u0000\u0000\u0000\u0000\u0000\u0000\u0000\u0000\u0000\u0000\u0000\u0000\u0000\u0000\u0000", { 'content-length': '54784',
  'content-type': 'text/plain',
  'last-modified': 'Tue, 14 Feb 2017 09:55:15 GMT',
  'accept-ranges': 'bytes',
  etag: '"0x8D454BF934C62C1"',
  server: 'Windows-Azure-Blob/1.0 Microsoft-HTTPAPI/2.0',
  'x-ms-request-id': '8018f046-0001-00a7-6ba8-86bd6f000000',
  'x-ms-version': '2016-05-31',
  'x-ms-lease-status': 'unlocked',
  'x-ms-lease-state': 'available',
  'x-ms-blob-type': 'PageBlob',
  'x-ms-blob-sequence-number': '0',
  'x-ms-server-encrypted': 'false',
  date: 'Tue, 14 Feb 2017 09:55:54 GMT',
  connection: 'close' });
 return result; },
function (nock) { 
var result = 
nock('https://xplattstoragestsp5454.blob.core.windows.net:443')
  .get('/bootdiagnostics-xplatvmst-20415da6-114e-46c8-9af3-8f6d0a870693/xplatvmStSp.20415da6-114e-46c8-9af3-8f6d0a870693.serialconsole.log')
