// This file has been autogenerated.

var profile = require('../../../lib/util/profile');

exports.getMockedProfile = function () {
  var newProfile = new profile.Profile();

  newProfile.addSubscription(new profile.Subscription({
    id: 'e33f361b-53c2-4cc7-b829-78906708387b',
    name: 'Microsoft Azure Internal Consumption',
    user: {
      name: 'user@domain.example',
      type: 'servicePrincipal'
    },
    tenantId: '72f988bf-86f1-41af-91ab-2d7cd011db47',
    state: 'Enabled',
    registeredProviders: [],
    _eventsCount: '1',
    isDefault: true
  }, newProfile.environments['AzureCloud']));

  return newProfile;
};

exports.setEnvironment = function() {
  process.env['AZURE_VM_TEST_LOCATION'] = 'southeastasia';
  process.env['SSHCERT'] = 'test/myCert.pem';
};

exports.scopes = [[function (nock) { 
var result = 
nock('http://management.azure.com:443')
  .get('/subscriptions/e33f361b-53c2-4cc7-b829-78906708387b/resourceGroups/xplatTestGVMStart/providers/Microsoft.Compute/virtualMachines/xplatvmStSp?$expand=instanceView&api-version=2017-03-30')
  .reply(200, "{\r\n  \"properties\": {\r\n    \"vmId\": \"0f7acde5-7dfa-4883-b8fc-1f22e684e971\",\r\n    \"hardwareProfile\": {\r\n      \"vmSize\": \"Standard_DS1\"\r\n    },\r\n    \"storageProfile\": {\r\n      \"imageReference\": {\r\n        \"publisher\": \"canonical\",\r\n        \"offer\": \"UbuntuServer\",\r\n        \"sku\": \"16.04.0-LTS\",\r\n        \"version\": \"latest\"\r\n      },\r\n      \"osDisk\": {\r\n        \"osType\": \"Linux\",\r\n        \"name\": \"clid37a01a499e02bac-os-1496122992169\",\r\n        \"createOption\": \"FromImage\",\r\n        \"vhd\": {\r\n          \"uri\": \"https://xplattstoragestsp2120.blob.core.windows.net/xplatteststoragecntstsp/clid37a01a499e02bac-os-1496122992169.vhd\"\r\n        },\r\n        \"caching\": \"ReadWrite\"\r\n      },\r\n      \"dataDisks\": []\r\n    },\r\n    \"osProfile\": {\r\n      \"computerName\": \"xplatvmStSp\",\r\n      \"adminUsername\": \"azureuser\",\r\n      \"linuxConfiguration\": {\r\n        \"disablePasswordAuthentication\": false,\r\n        \"ssh\": {\r\n          \"publicKeys\": [\r\n            {\r\n              \"path\": \"/home/azureuser/.ssh/authorized_keys\",\r\n              \"keyData\": \"MIID/zCCAuegAwIBAgIJAMUAa+XVLvAeMA0GCSqGSIb3DQEBBQUAMIGVMQswCQYD\\r\\nVQQGEwJJbjESMBAGA1UECAwJS2FybmF0YWthMRIwEAYDVQQHDAlCYW5nYWxvcmUx\\r\\nEDAOBgNVBAoMB2JyaWxsaW8xEjAQBgNVBAsMCW1pY3Jvc29mdDEQMA4GA1UEAwwH\\r\\nYnJpbGxpbzEmMCQGCSqGSIb3DQEJARYXc3JlZWthbnRoYnNAeWFob28uY28uaW4w\\r\\nHhcNMTUwMzA1MTE1MzEyWhcNMTYwMzA0MTE1MzEyWjCBlTELMAkGA1UEBhMCSW4x\\r\\nEjAQBgNVBAgMCUthcm5hdGFrYTESMBAGA1UEBwwJQmFuZ2Fsb3JlMRAwDgYDVQQK\\r\\nDAdicmlsbGlvMRIwEAYDVQQLDAltaWNyb3NvZnQxEDAOBgNVBAMMB2JyaWxsaW8x\\r\\nJjAkBgkqhkiG9w0BCQEWF3NyZWVrYW50aGJzQHlhaG9vLmNvLmluMIIBIjANBgkq\\r\\nhkiG9w0BAQEFAAOCAQ8AMIIBCgKCAQEAyUNKaOuT0NK+S8Ck81zy9xJ6hXfZvAC6\\r\\nlhbmf/6s/WVimJ/TX5NMhQJwC9k6ZIF92KfYrojHNvHDufSZ3EtKUVwRFCDjmgMT\\r\\nDL09WkGaZt7gROYFK0iZ4KrYGovUwlwum9fHB24OJiOV4bi0ek62/rHx9fjYZpvp\\r\\naIH2PV/hN8SCZ0x7HJMberD4gVoU/Kv42nNvwjLUW6IZfVx/Gv5OeFDtWHfSvUEF\\r\\ndadHKTPn3Ab20Iu6gZIbLO9Vuf38/IpaYGfnFCouHdzmiTiLieYNe3CUPcOJNSv7\\r\\n1G8KYpx3uNJRkJPab5OsRyJw75Gvzkr9OgaPss9tVD6Gt68u3WQtVQIDAQABo1Aw\\r\\nTjAdBgNVHQ4EFgQUogvhXB+xZ2JJPfLO6cVs4ForzscwHwYDVR0jBBgwFoAUogvh\\r\\nXB+xZ2JJPfLO6cVs4ForzscwDAYDVR0TBAUwAwEB/zANBgkqhkiG9w0BAQUFAAOC\\r\\nAQEAdDj7qUNJ45xlF5cjd+4x5NHvAD1VTjOKu+Xh/uzSSjXqB2F0aOMWA9lx0qaQ\\r\\noJgHkGxj3zz/W7ik/cVGL2O+vRIOKv/y0OPogEmS3Hw+P+O6OGE7x1G6YN0zLVoL\\r\\nu4BN/BEYmjttxM9I7qqL7C5cJoE+K3s/w1/pt/68ohJcr7F9Ohi7cso62xuGY1Rm\\r\\nksAh2EUDsU9JV/P+C9AMpLSrb03JJYzVj4w1RHbrmw2AjFyGXdQYkggyXisg+Ifr\\r\\n5gbNN7HigpHf7b2i3CQBUqp9m23frh5AhnLI2qp3UXgc52U5ieLdi/t6j0TTZqqY\\r\\nHhHqofKrj938HHlBNpC5/LVh3w==\\r\\n\"\r\n            }\r\n          ]\r\n        }\r\n      },\r\n      \"secrets\": []\r\n    },\r\n    \"networkProfile\": {\"networkInterfaces\":[{\"id\":\"/subscriptions/e33f361b-53c2-4cc7-b829-78906708387b/resourceGroups/xplatTestGVMStart/providers/Microsoft.Network/networkInterfaces/xplattestnicStSp\"}]},\r\n    \"diagnosticsProfile\": {\r\n      \"bootDiagnostics\": {\r\n        \"enabled\": true,\r\n        \"storageUri\": \"https://xplattstoragestsp2120.blob.core.windows.net/\"\r\n      }\r\n    },\r\n    \"provisioningState\": \"Succeeded\",\r\n    \"instanceView\": {\r\n      \"vmAgent\": {\r\n        \"vmAgentVersion\": \"2.1.3\",\r\n        \"statuses\": [\r\n          {\r\n            \"code\": \"ProvisioningState/succeeded\",\r\n            \"level\": \"Info\",\r\n            \"displayStatus\": \"Ready\",\r\n            \"message\": \"Guest Agent is running\",\r\n            \"time\": \"2017-05-30T05:46:42+00:00\"\r\n          }\r\n        ],\r\n        \"extensionHandlers\": []\r\n      },\r\n      \"disks\": [\r\n        {\r\n          \"name\": \"clid37a01a499e02bac-os-1496122992169\",\r\n          \"statuses\": [\r\n            {\r\n              \"code\": \"ProvisioningState/succeeded\",\r\n              \"level\": \"Info\",\r\n              \"displayStatus\": \"Provisioning succeeded\",\r\n              \"time\": \"2017-05-30T05:45:11.7744057+00:00\"\r\n            }\r\n          ]\r\n        }\r\n      ],\r\n      \"bootDiagnostics\": {\r\n        \"consoleScreenshotBlobUri\": \"https://xplattstoragestsp2120.blob.core.windows.net/bootdiagnostics-xplatvmst-0f7acde5-7dfa-4883-b8fc-1f22e684e971/xplatvmStSp.0f7acde5-7dfa-4883-b8fc-1f22e684e971.screenshot.bmp\",\r\n        \"serialConsoleLogBlobUri\": \"https://xplattstoragestsp2120.blob.core.windows.net/bootdiagnostics-xplatvmst-0f7acde5-7dfa-4883-b8fc-1f22e684e971/xplatvmStSp.0f7acde5-7dfa-4883-b8fc-1f22e684e971.serialconsole.log\"\r\n      },\r\n      \"statuses\": [\r\n        {\r\n          \"code\": \"ProvisioningState/succeeded\",\r\n          \"level\": \"Info\",\r\n          \"displayStatus\": \"Provisioning succeeded\",\r\n          \"time\": \"2017-05-30T05:46:42.5782582+00:00\"\r\n        },\r\n        {\r\n          \"code\": \"PowerState/running\",\r\n          \"level\": \"Info\",\r\n          \"displayStatus\": \"VM running\"\r\n        }\r\n      ]\r\n    }\r\n  },\r\n  \"type\": \"Microsoft.Compute/virtualMachines\",\r\n  \"location\": \"southeastasia\",\r\n  \"tags\": {},\r\n  \"id\": \"/subscriptions/e33f361b-53c2-4cc7-b829-78906708387b/resourceGroups/xplatTestGVMStart/providers/Microsoft.Compute/virtualMachines/xplatvmStSp\",\r\n  \"name\": \"xplatvmStSp\"\r\n}", { 'cache-control': 'no-cache',
  pragma: 'no-cache',
  'content-length': '4920',
  'content-type': 'application/json; charset=utf-8',
  expires: '-1',
  'strict-transport-security': 'max-age=31536000; includeSubDomains',
  'x-ms-served-by': 'dce02487-9cda-4782-8138-773eb1573792_131340057859683594',
  'x-ms-request-id': '49aed344-b805-4ade-8aee-2fdfc4b5c64b',
  server: 'Microsoft-HTTPAPI/2.0',
  'x-ms-ratelimit-remaining-subscription-reads': '14992',
  'x-ms-correlation-request-id': '962b2a46-4672-4b8a-8265-677f2142f8f5',
  'x-ms-routing-request-id': 'WESTUS2:20170530T054645Z:962b2a46-4672-4b8a-8265-677f2142f8f5',
  date: 'Tue, 30 May 2017 05:46:45 GMT',
  connection: 'close' });
 return result; },
function (nock) { 
var result = 
nock('https://management.azure.com:443')
  .get('/subscriptions/e33f361b-53c2-4cc7-b829-78906708387b/resourceGroups/xplatTestGVMStart/providers/Microsoft.Compute/virtualMachines/xplatvmStSp?$expand=instanceView&api-version=2017-03-30')
  .reply(200, "{\r\n  \"properties\": {\r\n    \"vmId\": \"0f7acde5-7dfa-4883-b8fc-1f22e684e971\",\r\n    \"hardwareProfile\": {\r\n      \"vmSize\": \"Standard_DS1\"\r\n    },\r\n    \"storageProfile\": {\r\n      \"imageReference\": {\r\n        \"publisher\": \"canonical\",\r\n        \"offer\": \"UbuntuServer\",\r\n        \"sku\": \"16.04.0-LTS\",\r\n        \"version\": \"latest\"\r\n      },\r\n      \"osDisk\": {\r\n        \"osType\": \"Linux\",\r\n        \"name\": \"clid37a01a499e02bac-os-1496122992169\",\r\n        \"createOption\": \"FromImage\",\r\n        \"vhd\": {\r\n          \"uri\": \"https://xplattstoragestsp2120.blob.core.windows.net/xplatteststoragecntstsp/clid37a01a499e02bac-os-1496122992169.vhd\"\r\n        },\r\n        \"caching\": \"ReadWrite\"\r\n      },\r\n      \"dataDisks\": []\r\n    },\r\n    \"osProfile\": {\r\n      \"computerName\": \"xplatvmStSp\",\r\n      \"adminUsername\": \"azureuser\",\r\n      \"linuxConfiguration\": {\r\n        \"disablePasswordAuthentication\": false,\r\n        \"ssh\": {\r\n          \"publicKeys\": [\r\n            {\r\n              \"path\": \"/home/azureuser/.ssh/authorized_keys\",\r\n              \"keyData\": \"MIID/zCCAuegAwIBAgIJAMUAa+XVLvAeMA0GCSqGSIb3DQEBBQUAMIGVMQswCQYD\\r\\nVQQGEwJJbjESMBAGA1UECAwJS2FybmF0YWthMRIwEAYDVQQHDAlCYW5nYWxvcmUx\\r\\nEDAOBgNVBAoMB2JyaWxsaW8xEjAQBgNVBAsMCW1pY3Jvc29mdDEQMA4GA1UEAwwH\\r\\nYnJpbGxpbzEmMCQGCSqGSIb3DQEJARYXc3JlZWthbnRoYnNAeWFob28uY28uaW4w\\r\\nHhcNMTUwMzA1MTE1MzEyWhcNMTYwMzA0MTE1MzEyWjCBlTELMAkGA1UEBhMCSW4x\\r\\nEjAQBgNVBAgMCUthcm5hdGFrYTESMBAGA1UEBwwJQmFuZ2Fsb3JlMRAwDgYDVQQK\\r\\nDAdicmlsbGlvMRIwEAYDVQQLDAltaWNyb3NvZnQxEDAOBgNVBAMMB2JyaWxsaW8x\\r\\nJjAkBgkqhkiG9w0BCQEWF3NyZWVrYW50aGJzQHlhaG9vLmNvLmluMIIBIjANBgkq\\r\\nhkiG9w0BAQEFAAOCAQ8AMIIBCgKCAQEAyUNKaOuT0NK+S8Ck81zy9xJ6hXfZvAC6\\r\\nlhbmf/6s/WVimJ/TX5NMhQJwC9k6ZIF92KfYrojHNvHDufSZ3EtKUVwRFCDjmgMT\\r\\nDL09WkGaZt7gROYFK0iZ4KrYGovUwlwum9fHB24OJiOV4bi0ek62/rHx9fjYZpvp\\r\\naIH2PV/hN8SCZ0x7HJMberD4gVoU/Kv42nNvwjLUW6IZfVx/Gv5OeFDtWHfSvUEF\\r\\ndadHKTPn3Ab20Iu6gZIbLO9Vuf38/IpaYGfnFCouHdzmiTiLieYNe3CUPcOJNSv7\\r\\n1G8KYpx3uNJRkJPab5OsRyJw75Gvzkr9OgaPss9tVD6Gt68u3WQtVQIDAQABo1Aw\\r\\nTjAdBgNVHQ4EFgQUogvhXB+xZ2JJPfLO6cVs4ForzscwHwYDVR0jBBgwFoAUogvh\\r\\nXB+xZ2JJPfLO6cVs4ForzscwDAYDVR0TBAUwAwEB/zANBgkqhkiG9w0BAQUFAAOC\\r\\nAQEAdDj7qUNJ45xlF5cjd+4x5NHvAD1VTjOKu+Xh/uzSSjXqB2F0aOMWA9lx0qaQ\\r\\noJgHkGxj3zz/W7ik/cVGL2O+vRIOKv/y0OPogEmS3Hw+P+O6OGE7x1G6YN0zLVoL\\r\\nu4BN/BEYmjttxM9I7qqL7C5cJoE+K3s/w1/pt/68ohJcr7F9Ohi7cso62xuGY1Rm\\r\\nksAh2EUDsU9JV/P+C9AMpLSrb03JJYzVj4w1RHbrmw2AjFyGXdQYkggyXisg+Ifr\\r\\n5gbNN7HigpHf7b2i3CQBUqp9m23frh5AhnLI2qp3UXgc52U5ieLdi/t6j0TTZqqY\\r\\nHhHqofKrj938HHlBNpC5/LVh3w==\\r\\n\"\r\n            }\r\n          ]\r\n        }\r\n      },\r\n      \"secrets\": []\r\n    },\r\n    \"networkProfile\": {\"networkInterfaces\":[{\"id\":\"/subscriptions/e33f361b-53c2-4cc7-b829-78906708387b/resourceGroups/xplatTestGVMStart/providers/Microsoft.Network/networkInterfaces/xplattestnicStSp\"}]},\r\n    \"diagnosticsProfile\": {\r\n      \"bootDiagnostics\": {\r\n        \"enabled\": true,\r\n        \"storageUri\": \"https://xplattstoragestsp2120.blob.core.windows.net/\"\r\n      }\r\n    },\r\n    \"provisioningState\": \"Succeeded\",\r\n    \"instanceView\": {\r\n      \"vmAgent\": {\r\n        \"vmAgentVersion\": \"2.1.3\",\r\n        \"statuses\": [\r\n          {\r\n            \"code\": \"ProvisioningState/succeeded\",\r\n            \"level\": \"Info\",\r\n            \"displayStatus\": \"Ready\",\r\n            \"message\": \"Guest Agent is running\",\r\n            \"time\": \"2017-05-30T05:46:42+00:00\"\r\n          }\r\n        ],\r\n        \"extensionHandlers\": []\r\n      },\r\n      \"disks\": [\r\n        {\r\n          \"name\": \"clid37a01a499e02bac-os-1496122992169\",\r\n          \"statuses\": [\r\n            {\r\n              \"code\": \"ProvisioningState/succeeded\",\r\n              \"level\": \"Info\",\r\n              \"displayStatus\": \"Provisioning succeeded\",\r\n              \"time\": \"2017-05-30T05:45:11.7744057+00:00\"\r\n            }\r\n          ]\r\n        }\r\n      ],\r\n      \"bootDiagnostics\": {\r\n        \"consoleScreenshotBlobUri\": \"https://xplattstoragestsp2120.blob.core.windows.net/bootdiagnostics-xplatvmst-0f7acde5-7dfa-4883-b8fc-1f22e684e971/xplatvmStSp.0f7acde5-7dfa-4883-b8fc-1f22e684e971.screenshot.bmp\",\r\n        \"serialConsoleLogBlobUri\": \"https://xplattstoragestsp2120.blob.core.windows.net/bootdiagnostics-xplatvmst-0f7acde5-7dfa-4883-b8fc-1f22e684e971/xplatvmStSp.0f7acde5-7dfa-4883-b8fc-1f22e684e971.serialconsole.log\"\r\n      },\r\n      \"statuses\": [\r\n        {\r\n          \"code\": \"ProvisioningState/succeeded\",\r\n          \"level\": \"Info\",\r\n          \"displayStatus\": \"Provisioning succeeded\",\r\n          \"time\": \"2017-05-30T05:46:42.5782582+00:00\"\r\n        },\r\n        {\r\n          \"code\": \"PowerState/running\",\r\n          \"level\": \"Info\",\r\n          \"displayStatus\": \"VM running\"\r\n        }\r\n      ]\r\n    }\r\n  },\r\n  \"type\": \"Microsoft.Compute/virtualMachines\",\r\n  \"location\": \"southeastasia\",\r\n  \"tags\": {},\r\n  \"id\": \"/subscriptions/e33f361b-53c2-4cc7-b829-78906708387b/resourceGroups/xplatTestGVMStart/providers/Microsoft.Compute/virtualMachines/xplatvmStSp\",\r\n  \"name\": \"xplatvmStSp\"\r\n}", { 'cache-control': 'no-cache',
  pragma: 'no-cache',
  'content-length': '4920',
  'content-type': 'application/json; charset=utf-8',
  expires: '-1',
  'strict-transport-security': 'max-age=31536000; includeSubDomains',
  'x-ms-served-by': 'dce02487-9cda-4782-8138-773eb1573792_131340057859683594',
  'x-ms-request-id': '49aed344-b805-4ade-8aee-2fdfc4b5c64b',
  server: 'Microsoft-HTTPAPI/2.0',
  'x-ms-ratelimit-remaining-subscription-reads': '14992',
  'x-ms-correlation-request-id': '962b2a46-4672-4b8a-8265-677f2142f8f5',
  'x-ms-routing-request-id': 'WESTUS2:20170530T054645Z:962b2a46-4672-4b8a-8265-677f2142f8f5',
  date: 'Tue, 30 May 2017 05:46:45 GMT',
  connection: 'close' });
 return result; },
function (nock) { 
var result = 
nock('http://management.azure.com:443')
  .post('/subscriptions/e33f361b-53c2-4cc7-b829-78906708387b/resourceGroups/xplatTestGVMStart/providers/Microsoft.Storage/storageAccounts/xplattstoragestsp2120/listKeys?api-version=2016-12-01')
  .reply(200, "{\"keys\":[{\"keyName\":\"key1\",\"permissions\":\"Full\",\"value\":\"kiI+Q7TMqtxfS7ao4AN/dJL/0lQi5lrrIsyTMownzTvQfnLJBBpvwqz7YyX7zt8K2nz5d1rMN+z51DFchnGVoQ==\"},{\"keyName\":\"key2\",\"permissions\":\"Full\",\"value\":\"sM9o61D9eLmHPlF+zi1gMIKUMlT9+ZfOUP4L0EzL27rau32DC1awd8B/VfqJyGoBv3iaqin4Yn/nuVA7KGE6TA==\"}]}\n", { 'cache-control': 'no-cache',
  pragma: 'no-cache',
  'content-length': '289',
  'content-type': 'application/json',
  expires: '-1',
  'x-ms-request-id': 'c5661a8b-f16e-4365-8222-78607c4f70b5',
  server: 'Microsoft-Azure-Storage-Resource-Provider/1.0',
  'x-ms-ratelimit-remaining-subscription-writes': '1196',
  'x-ms-correlation-request-id': 'c5661a8b-f16e-4365-8222-78607c4f70b5',
  'x-ms-routing-request-id': 'WESTUS2:20170530T054646Z:c5661a8b-f16e-4365-8222-78607c4f70b5',
  'strict-transport-security': 'max-age=31536000; includeSubDomains',
  date: 'Tue, 30 May 2017 05:46:46 GMT',
  connection: 'close' });
 return result; },
function (nock) { 
var result = 
nock('https://management.azure.com:443')
  .post('/subscriptions/e33f361b-53c2-4cc7-b829-78906708387b/resourceGroups/xplatTestGVMStart/providers/Microsoft.Storage/storageAccounts/xplattstoragestsp2120/listKeys?api-version=2016-12-01')
  .reply(200, "{\"keys\":[{\"keyName\":\"key1\",\"permissions\":\"Full\",\"value\":\"kiI+Q7TMqtxfS7ao4AN/dJL/0lQi5lrrIsyTMownzTvQfnLJBBpvwqz7YyX7zt8K2nz5d1rMN+z51DFchnGVoQ==\"},{\"keyName\":\"key2\",\"permissions\":\"Full\",\"value\":\"sM9o61D9eLmHPlF+zi1gMIKUMlT9+ZfOUP4L0EzL27rau32DC1awd8B/VfqJyGoBv3iaqin4Yn/nuVA7KGE6TA==\"}]}\n", { 'cache-control': 'no-cache',
  pragma: 'no-cache',
  'content-length': '289',
  'content-type': 'application/json',
  expires: '-1',
  'x-ms-request-id': 'c5661a8b-f16e-4365-8222-78607c4f70b5',
  server: 'Microsoft-Azure-Storage-Resource-Provider/1.0',
  'x-ms-ratelimit-remaining-subscription-writes': '1196',
  'x-ms-correlation-request-id': 'c5661a8b-f16e-4365-8222-78607c4f70b5',
  'x-ms-routing-request-id': 'WESTUS2:20170530T054646Z:c5661a8b-f16e-4365-8222-78607c4f70b5',
  'strict-transport-security': 'max-age=31536000; includeSubDomains',
  date: 'Tue, 30 May 2017 05:46:46 GMT',
  connection: 'close' });
 return result; },
function (nock) { 
var result = 
nock('http://xplattstoragestsp2120.blob.core.windows.net:443')
  .head('/bootdiagnostics-xplatvmst-0f7acde5-7dfa-4883-b8fc-1f22e684e971/xplatvmStSp.0f7acde5-7dfa-4883-b8fc-1f22e684e971.serialconsole.log')
  .reply(200, "", { 'content-length': '51712',
  'content-type': 'text/plain',
  'last-modified': 'Tue, 30 May 2017 05:46:30 GMT',
  'accept-ranges': 'bytes',
  etag: '"0x8D4A71F38ADFDA8"',
  server: 'Windows-Azure-Blob/1.0 Microsoft-HTTPAPI/2.0',
  'x-ms-request-id': '7832a285-0001-00ad-3008-d91efc000000',
  'x-ms-version': '2016-05-31',
  'x-ms-lease-status': 'unlocked',
  'x-ms-lease-state': 'available',
  'x-ms-blob-type': 'PageBlob',
  'x-ms-blob-sequence-number': '0',
  'x-ms-server-encrypted': 'false',
  date: 'Tue, 30 May 2017 05:46:47 GMT',
  connection: 'close' });
 return result; },
function (nock) { 
var result = 
nock('https://xplattstoragestsp2120.blob.core.windows.net:443')
  .head('/bootdiagnostics-xplatvmst-0f7acde5-7dfa-4883-b8fc-1f22e684e971/xplatvmStSp.0f7acde5-7dfa-4883-b8fc-1f22e684e971.serialconsole.log')
  .reply(200, "", { 'content-length': '51712',
  'content-type': 'text/plain',
  'last-modified': 'Tue, 30 May 2017 05:46:30 GMT',
  'accept-ranges': 'bytes',
  etag: '"0x8D4A71F38ADFDA8"',
  server: 'Windows-Azure-Blob/1.0 Microsoft-HTTPAPI/2.0',
  'x-ms-request-id': '7832a285-0001-00ad-3008-d91efc000000',
  'x-ms-version': '2016-05-31',
  'x-ms-lease-status': 'unlocked',
  'x-ms-lease-state': 'available',
  'x-ms-blob-type': 'PageBlob',
  'x-ms-blob-sequence-number': '0',
  'x-ms-server-encrypted': 'false',
  date: 'Tue, 30 May 2017 05:46:47 GMT',
  connection: 'close' });
 return result; },
function (nock) { 
var result = 
nock('http://xplattstoragestsp2120.blob.core.windows.net:443')
  .get('/bootdiagnostics-xplatvmst-0f7acde5-7dfa-4883-b8fc-1f22e684e971/xplatvmStSp.0f7acde5-7dfa-4883-b8fc-1f22e684e971.serialconsole.log')
  .reply(200, "\u001b[H\u001b[J\u001b[1;1H[    0.000000] Initializing cgroup subsys cpuset\r\n[    0.000000] Initializing cgroup subsys cpu\r\n[    0.000000] Initializing cgroup subsys cpuacct\r\n[    0.000000] Linux version 4.4.0-47-generic (buildd@lcy01-03) (gcc version 5.4.0 20160609 (Ubuntu 5.4.0-6ubuntu1~16.04.2) ) #68-Ubuntu SMP Wed Oct 26 19:39:52 UTC 2016 (Ubuntu 4.4.0-47.68-generic 4.4.24)\r\n[    0.000000] Command line: BOOT_IMAGE=/boot/vmlinuz-4.4.0-47-generic root=UUID=e990f8b3-1d6b-4615-8280-8ead4ed2fe7c ro console=tty1 console=ttyS0 earlyprintk=ttyS0 rootdelay=300\r\n[    0.000000] KERNEL supported cpus:\r\n[    0.000000]   Intel GenuineIntel\r\n[    0.000000]   AMD AuthenticAMD\r\n[    0.000000]   Centaur CentaurHauls\r\n[    0.000000] x86/fpu: xstate_offset[2]:  576, xstate_sizes[2]:  256\r\n[    0.000000] x86/fpu: Supporting XSAVE feature 0x01: 'x87 floating point registers'\r\n[    0.000000] x86/fpu: Supporting XSAVE feature 0x02: 'SSE registers'\r\n[    0.000000] x86/fpu: Supporting XSAVE feature 0x04: 'AVX registers'\r\n[    0.000000] x86/fpu: Enabled xstate features 0x7, context size is 832 bytes, using 'standard' format.\r\n[    0.000000] x86/fpu: Using 'eager' FPU context switches.\r\n[    0.000000] e820: BIOS-provided physical RAM map:\r\n[    0.000000] BIOS-e820: [mem 0x0000000000000000-0x000000000009fbff] usable\r\n[    0.000000] BIOS-e820: [mem 0x000000000009fc00-0x000000000009ffff] reserved\r\n[    0.000000] BIOS-e820: [mem 0x00000000000e0000-0x00000000000fffff] reserved\r\n[    0.000000] BIOS-e820: [mem 0x0000000000100000-0x000000001ffeffff] usable\r\n[    0.000000] BIOS-e820: [mem 0x000000001fff0000-0x000000001fffefff] ACPI data\r\n[    0.000000] BIOS-e820: [mem 0x000000001ffff000-0x000000001fffffff] ACPI NVS\r\n[    0.000000] BIOS-e820: [mem 0x0000000100000000-0x00000001bfffffff] usable\r\n[    0.000000] bootconsole [earlyser0] enabled\r\n[    0.000000] NX (Execute Disable) protection: active\r\n[    0.000000] SMBIOS 2.3 present.\r\n[    0.000000] Hypervisor detected: Microsoft HyperV\r\n[    0.000000] HyperV: features 0xe7f, hints 0x2c\r\n[    0.000000] HyperV: LAPIC Timer Frequency: 0xc3500\r\n[    0.000000] clocksource: hyperv_clocksource: mask: 0xffffffffffffffff max_cycles: 0x24e6a1710, max_idle_ns: 440795202120 ns\r\n[    0.000000] tsc: Marking TSC unstable due to running on Hyper-V\r\n[    0.000000] e820: last_pfn = 0x1c0000 max_arch_pfn = 0x400000000\r\n[    0.000000] x86/PAT: Configuration [0-7]: WB  WC  UC- UC  WB  WC  UC- WT  \r\n[    0.000000] e820: last_pfn = 0x1fff0 max_arch_pfn = 0x400000000\r\n[    0.000000] found SMP MP-table at [mem 0x000ff780-0x000ff78f] mapped at [ffff8800000ff780]\r\n[    0.000000] Scanning 1 areas for low memory corruption\r\n[    0.000000] RAMDISK: [mem 0x1d3ff000-0x1f779fff]\r\n[    0.000000] ACPI: Early table checksum verification disabled\r\n[    0.000000] ACPI: RSDP 0x00000000000F56F0 000014 (v00 ACPIAM)\r\n[    0.000000] ACPI: RSDT 0x000000001FFF0000 000040 (v01 VRTUAL MICROSFT 05001223 MSFT 00000097)\r\n[    0.000000] ACPI: FACP 0x000000001FFF0200 000081 (v02 VRTUAL MICROSFT 05001223 MSFT 00000097)\r\n[    0.000000] ACPI: DSDT 0x000000001FFF1724 002E78 (v01 MSFTVM MSFTVM02 00000002 INTL 02002026)\r\n[    0.000000] ACPI: FACS 0x000000001FFFF000 000040\r\n[    0.000000] ACPI: WAET 0x000000001FFF1480 000028 (v01 VRTUAL MICROSFT 05001223 MSFT 00000097)\r\n[    0.000000] ACPI: SLIC 0x000000001FFF14C0 000176 (v01 VRTUAL MICROSFT 05001223 MSFT 00000097)\r\n[    0.000000] ACPI: OEM0 0x000000001FFF16C0 000064 (v01 VRTUAL MICROSFT 05001223 MSFT 00000097)\r\n[    0.000000] ACPI: SRAT 0x000000001FFF0600 000090 (v02 VRTUAL MICROSFT 00000001 MSFT 00000001)\r\n[    0.000000] ACPI: APIC 0x000000001FFF0300 00024C (v01 VRTUAL MICROSFT 05001223 MSFT 00000097)\r\n[    0.000000] ACPI: OEMB 0x000000001FFFF040 000064 (v01 VRTUAL MICROSFT 05001223 MSFT 00000097)\r\n[    0.000000] SRAT: PXM 0 -> APIC 0x00 -> Node 0\r\n[    0.000000] SRAT: Node 0 PXM 0 [mem 0x00000000-0x1fffffff]\r\n[    0.000000] SRAT: Node 0 PXM 0 [mem 0x100000000-0x1bfffffff]\r\n[    0.000000] NUMA: Node 0 [mem 0x00000000-0x1fffffff] + [mem 0x100000000-0x1bfffffff] -> [mem 0x00000000-0x1bfffffff]\r\n[    0.000000] NODE_DATA(0) allocated [mem 0x1bfffa000-0x1bfffefff]\r\n[    0.000000] Zone ranges:\r\n[    0.000000]   DMA      [mem 0x0000000000001000-0x0000000000ffffff]\r\n[    0.000000]   DMA32    [mem 0x0000000001000000-0x00000000ffffffff]\r\n[    0.000000]   Normal   [mem 0x0000000100000000-0x00000001bfffffff]\r\n[    0.000000]   Device   empty\r\n[    0.000000] Movable zone start for each node\r\n[    0.000000] Early memory node ranges\r\n[    0.000000]   node   0: [mem 0x0000000000001000-0x000000000009efff]\r\n[    0.000000]   node   0: [mem 0x0000000000100000-0x000000001ffeffff]\r\n[    0.000000]   node   0: [mem 0x0000000100000000-0x00000001bfffffff]\r\n[    0.000000] Initmem setup node 0 [mem 0x0000000000001000-0x00000001bfffffff]\r\n[    0.000000] ACPI: PM-Timer IO Port: 0x408\r\n[    0.000000] IOAPIC[0]: apic_id 0, version 17, address 0xfec00000, GSI 0-23\r\n[    0.000000] ACPI: INT_SRC_OVR (bus 0 bus_irq 0 global_irq 2 dfl dfl)\r\n[    0.000000] ACPI: INT_SRC_OVR (bus 0 bus_irq 9 global_irq 9 high level)\r\n[    0.000000] Using ACPI (MADT) for SMP configuration information\r\n[    0.000000] smpboot: Allowing 64 CPUs, 63 hotplug CPUs\r\n[    0.000000] PM: Registered nosave memory: [mem 0x00000000-0x00000fff]\r\n[    0.000000] PM: Registered nosave memory: [mem 0x0009f000-0x0009ffff]\r\n[    0.000000] PM: Registered nosave memory: [mem 0x000a0000-0x000dffff]\r\n[    0.000000] PM: Registered nosave memory: [mem 0x000e0000-0x000fffff]\r\n[    0.000000] PM: Registered nosave memory: [mem 0x1fff0000-0x1fffefff]\r\n[    0.000000] PM: Registered nosave memory: [mem 0x1ffff000-0x1fffffff]\r\n[    0.000000] PM: Registered nosave memory: [mem 0x20000000-0xffffffff]\r\n[    0.000000] e820: [mem 0x20000000-0xffffffff] available for PCI devices\r\n[    0.000000] Booting paravirtualized kernel on bare hardware\r\n[    0.000000] clocksource: refined-jiffies: mask: 0xffffffff max_cycles: 0xffffffff, max_idle_ns: 7645519600211568 ns\r\n[    0.000000] setup_percpu: NR_CPUS:256 nr_cpumask_bits:256 nr_cpu_ids:64 nr_node_ids:1\r\n[    0.000000] PERCPU: Embedded 33 pages/cpu @ffff8801bae00000 s98008 r8192 d28968 u262144\r\n[    0.000000] Built 1 zonelists in Node order, mobility grouping on.  Total pages: 903033\r\n[    0.000000] Policy zone: Normal\r\n[    0.000000] Kernel command line: BOOT_IMAGE=/boot/vmlinuz-4.4.0-47-generic root=UUID=e990f8b3-1d6b-4615-8280-8ead4ed2fe7c ro console=tty1 console=ttyS0 earlyprintk=ttyS0 rootdelay=300\r\n[    0.000000] log_buf_len individual max cpu contribution: 4096 bytes\r\n[    0.000000] log_buf_len total cpu_extra contributions: 258048 bytes\r\n[    0.000000] log_buf_len min size: 262144 bytes\r\n[    0.000000] log_buf_len: 524288 bytes\r\n[    0.000000] early log buf free: 253140(96%)\r\n[    0.000000] PID hash table entries: 4096 (order: 3, 32768 bytes)\r\n[    0.000000] Memory: 3482052K/3669560K available (8423K kernel code, 1285K rwdata, 3952K rodata, 1480K init, 1292K bss, 187508K reserved, 0K cma-reserved)\r\n[    0.000000] SLUB: HWalign=64, Order=0-3, MinObjects=0, CPUs=64, Nodes=1\r\n[    0.000000] Hierarchical RCU implementation.\r\n[    0.000000] \tBuild-time adjustment of leaf fanout to 64.\r\n[    0.000000] \tRCU restricting CPUs from NR_CPUS=256 to nr_cpu_ids=64.\r\n[    0.000000] RCU: Adjusting geometry for rcu_fanout_leaf=64, nr_cpu_ids=64\r\n[    0.000000] NR_IRQS:16640 nr_irqs:936 16\r\n[    0.000000] Console: colour VGA+ 80x25\r\n[    0.000000] console [tty1] enabled\r\n[    0.000000] console [ttyS0] enabled\r\n[    0.000000] console [ttyS0] enabled\r\n[    0.000000] bootconsole [earlyser0] disabled\r\n[    0.000000] bootconsole [earlyser0] disabled\r\n[    0.000000] tsc: Fast TSC calibration failed\r\n[    0.000000] tsc: Unable to calibrate against PIT\r\n[    0.000000] tsc: using PMTIMER reference calibration\r\n[    0.000000] tsc: Detected 2194.505 MHz processor\r\n[    0.016047] Calibrating delay loop (skipped), value calculated using timer frequency.. 4389.01 BogoMIPS (lpj=8778020)\r\n[    0.021388] pid_max: default: 65536 minimum: 512\r\n[    0.024037] ACPI: Core revision 20150930\r\n[    0.027382] ACPI: 1 ACPI AML tables successfully acquired and loaded\r\n[    0.030451] Security Framework initialized\r\n[    0.032019] Yama: becoming mindful.\r\n[    0.033544] AppArmor: AppArmor initialized\r\n[    0.035328] Dentry cache hash table entries: 524288 (order: 10, 4194304 bytes)\r\n[    0.036945] Inode-cache hash table entries: 262144 (order: 9, 2097152 bytes)\r\n[    0.040428] Mount-cache hash table entries: 8192 (order: 4, 65536 bytes)\r\n[    0.042124] Mountpoint-cache hash table entries: 8192 (order: 4, 65536 bytes)\r\n[    0.044302] Initializing cgroup subsys io\r\n[    0.045776] Initializing cgroup subsys memory\r\n[    0.048036] Initializing cgroup subsys devices\r\n[    0.049534] Initializing cgroup subsys freezer\r\n[    0.051037] Initializing cgroup subsys net_cls\r\n[    0.052033] Initializing cgroup subsys perf_event\r\n[    0.053571] Initializing cgroup subsys net_prio\r\n[    0.056023] Initializing cgroup subsys hugetlb\r\n[    0.057502] Initializing cgroup subsys pids\r\n[    0.059106] mce: CPU supports 1 MCE banks\r\n[    0.060060] Last level iTLB entries: 4KB 512, 2MB 8, 4MB 8\r\n[    0.061632] Last level dTLB entries: 4KB 512, 2MB 32, 4MB 32, 1GB 0\r\n[    0.088568] ftrace: allocating 32047 entries in 126 pages\r\n[    0.104226] smpboot: Max logical packages: 64\r\n[    0.105640] smpboot: APIC(0) Converting physical 0 to logical package 0\r\n[    0.107073] Switched APIC routing to physical flat.\r\n[    0.121023] ..TIMER: vector=0x30 apic1=0 pin1=2 apic2=-1 pin2=-1\r\n[    0.124097] smpboot: CPU0: Intel(R) Xeon(R) CPU E5-2660 0 @ 2.20GHz (family: 0x6, model: 0x2d, stepping: 0x7)\r\n[    0.127790] Performance Events: unsupported p6 CPU model 45 no PMU driver, software events only.\r\n[    0.131354] x86: Booted up 1 node, 1 CPUs\r\n[    0.132006] smpboot: Total of 1 processors activated (4389.01 BogoMIPS)\r\n[    0.136007] NMI watchdog: disabled (cpu0): hardware events not enabled\r\n[    0.137436] NMI watchdog: Shutting down hard lockup detector on all cpus\r\n[    0.139800] devtmpfs: initialized\r\n[    0.142634] evm: security.selinux\r\n[    0.144006] evm: security.SMACK64\r\n[    0.145115] evm: security.SMACK64EXEC\r\n[    0.146243] evm: security.SMACK64TRANSMUTE\r\n[    0.148007] evm: security.SMACK64MMAP\r\n[    0.149136] evm: security.ima\r\n[    0.150213] evm: security.capability\r\n[    0.151485] PM: Registering ACPI NVS region [mem 0x1ffff000-0x1fffffff] (4096 bytes)\r\n[    0.152115] clocksource: jiffies: mask: 0xffffffff max_cycles: 0xffffffff, max_idle_ns: 7645041785100000 ns\r\n[    0.156163] pinctrl core: initialized pinctrl subsystem\r\n[    0.157869] RTC time:  5:45:57, date: 05/30/17\r\n[    0.160176] NET: Registered protocol family 16\r\n[    0.161577] cpuidle: using governor ladder\r\n[    0.162811] cpuidle: using governor menu\r\n[    0.164005] PCCT header not found.\r\n[    0.165529] ACPI: bus type PCI registered\r\n[    0.166663] acpiphp: ACPI Hot Plug PCI Controller Driver version: 0.5\r\n[    0.168353] PCI: Using configuration type 1 for base access\r\n[    0.172142] ACPI: Added _OSI(Module Device)\r\n[    0.173601] ACPI: Added _OSI(Processor Device)\r\n[    0.174802] ACPI: Added _OSI(3.0 _SCP Extensions)\r\n[    0.176003] ACPI: Added _OSI(Processor Aggregator Device)\r\n[    0.179810] ACPI: Interpreter enabled\r\n[    0.180015] ACPI: (supports S0 S5)\r\n[    0.181124] ACPI: Using IOAPIC for interrupt routing\r\n[    0.182493] PCI: Using host bridge windows from ACPI; if necessary, use \"pci=nocrs\" and report a bug\r\n[    0.193166] ACPI: PCI Root Bridge [PCI0] (domain 0000 [bus 00-ff])\r\n[    0.194418] acpi PNP0A03:00: _OSC: OS supports [ASPM ClockPM Segments MSI]\r\n[    0.195684] acpi PNP0A03:00: _OSC failed (AE_NOT_FOUND); disabling ASPM\r\n[    0.196013] acpi PNP0A03:00: fail to add MMCONFIG information, can't access extended PCI configuration space under this bridge.\r\n[    0.198705] PCI host bridge to bus 0000:00\r\n[    0.200006] pci_bus 0000:00: root bus resource [mem 0xfe0000000-0xfffefffff window]\r\n[    0.201415] pci_bus 0000:00: root bus resource [io  0x0000-0x0cf7 window]\r\n[    0.202641] pci_bus 0000:00: root bus resource [io  0x0d00-0xffff window]\r\n[    0.204009] pci_bus 0000:00: root bus resource [mem 0x000a0000-0x000bffff window]\r\n[    0.205336] pci_bus 0000:00: root bus resource [mem 0x20000000-0xfffbffff window]\r\n[    0.206716] pci_bus 0000:00: root bus resource [bus 00-ff]\r\n[    0.210935] pci 0000:00:07.1: legacy IDE quirk: reg 0x10: [io  0x01f0-0x01f7]\r\n[    0.212005] pci 0000:00:07.1: legacy IDE quirk: reg 0x14: [io  0x03f6]\r\n[    0.213150] pci 0000:00:07.1: legacy IDE quirk: reg 0x18: [io  0x0170-0x0177]\r\n[    0.214323] pci 0000:00:07.1: legacy IDE quirk: reg 0x1c: [io  0x0376]\r\n[    0.216227] * Found PM-Timer Bug on the chipset. Due to workarounds for a bug,\r\n[    0.216227] * this clock source is slow. Consider trying other clock sources\r\n[    0.221507] pci 0000:00:07.3: quirk: [io  0x0400-0x043f] claimed by PIIX4 ACPI\r\n[    0.232430] ACPI: PCI Interrupt Link [LNKA] (IRQs 3 4 5 7 9 10 *11 12 14 15)\r\n[    0.241615] ACPI: PCI Interrupt Link [LNKB] (IRQs 3 4 5 7 9 10 11 12 14 15) *0, disabled.\r\n[    0.252192] ACPI: PCI Interrupt Link [LNKC] (IRQs 3 4 5 7 9 10 11 12 14 15) *0, disabled.\r\n[    0.263091] ACPI: PCI Interrupt Link [LNKD] (IRQs 3 4 5 7 9 10 11 12 14 15) *0, disabled.\r\n[    0.272999] ACPI: Enabled 1 GPEs in block 00 to 0F\r\n[    0.276168] vgaarb: setting as boot device: PCI:0000:00:08.0\r\n[    0.277407] vgaarb: device added: PCI:0000:00:08.0,decodes=io+mem,owns=io+mem,locks=none\r\n[    0.279113] vgaarb: loaded\r\n[    0.280003] vgaarb: bridge control possible 0000:00:08.0\r\n[    0.281510] SCSI subsystem initialized\r\n[    0.282709] ACPI: bus type USB registered\r\n[    0.284021] usbcore: registered new interface driver usbfs\r\n[    0.285327] usbcore: registered new interface driver hub\r\n[    0.286610] usbcore: registered new device driver usb\r\n[    0.288018] PCI: Using ACPI for IRQ routing\r\n[    0.289772] NetLabel: Initializing\r\n[    0.291170] NetLabel:  domain hash size = 128\r\n[    0.292006] NetLabel:  protocols = UNLABELED CIPSOv4\r\n[    0.293239] NetLabel:  unlabeled traffic allowed by default\r\n[    0.294582] amd_nb: Cannot enumerate AMD northbridges\r\n[    0.296034] clocksource: Switched to clocksource hyperv_clocksource\r\n[    0.304661] AppArmor: AppArmor Filesystem Enabled\r\n[    0.307211] pnp: PnP ACPI init\r\n[    0.310578] system 00:06: [io  0x01e0-0x01ef] has been reserved\r\n[    0.311848] system 00:06: [io  0x0160-0x016f] has been reserved\r\n[    0.313429] system 00:06: [io  0x0278-0x027f] has been reserved\r\n[    0.314764] system 00:06: [io  0x0378-0x037f] has been reserved\r\n[    0.316121] system 00:06: [io  0x0678-0x067f] has been reserved\r\n[    0.317449] system 00:06: [io  0x0778-0x077f] has been reserved\r\n[    0.318787] system 00:06: [io  0x04d0-0x04d1] has been reserved\r\n[    0.320402] system 00:07: [io  0x0400-0x043f] has been reserved\r\n[    0.321735] system 00:07: [io  0x0370-0x0371] has been reserved\r\n[    0.323059] system 00:07: [io  0x0440-0x044f] has been reserved\r\n[    0.324422] system 00:07: [mem 0xfec00000-0xfec00fff] could not be reserved\r\n[    0.325855] system 00:07: [mem 0xfee00000-0xfee00fff] has been reserved\r\n[    0.327377] system 00:08: [mem 0x00000000-0x0009ffff] could not be reserved\r\n[    0.328818] system 00:08: [mem 0x000c0000-0x000dffff] could not be reserved\r\n[    0.330348] system 00:08: [mem 0x000e0000-0x000fffff] could not be reserved\r\n[    0.331758] system 00:08: [mem 0x00100000-0x1fffffff] could not be reserved\r\n[    0.333197] system 00:08: [mem 0xfffc0000-0xffffffff] has been reserved\r\n[    0.334790] pnp: PnP ACPI: found 9 devices\r\n[    0.342096] clocksource: acpi_pm: mask: 0xffffff max_cycles: 0xffffff, max_idle_ns: 2085701024 ns\r\n[    0.345203] NET: Registered protocol family 2\r\n[    0.347659] TCP established hash table entries: 32768 (order: 6, 262144 bytes)\r\n[    0.349383] TCP bind hash table entries: 32768 (order: 7, 524288 bytes)\r\n[    0.350836] TCP: Hash tables configured (established 32768 bind 32768)\r\n[    0.352328] UDP hash table entries: 2048 (order: 4, 65536 bytes)\r\n[    0.353704] UDP-Lite hash table entries: 2048 (order: 4, 65536 bytes)\r\n[    0.355290] NET: Registered protocol family 1\r\n[    0.356525] pci 0000:00:00.0: Limiting direct PCI/PCI transfers\r\n[    0.358138] Trying to unpack rootfs image as initramfs...\r\n[    1.044860] Freeing initrd memory: 36332K (ffff88001d3ff000 - ffff88001f77a000)\r\n[    1.046930] PCI-DMA: Using software bounce buffering for IO (SWIOTLB)\r\n[    1.048195] software IO TLB [mem 0x193ff000-0x1d3ff000] (64MB) mapped at [ffff8800193ff000-ffff88001d3fefff]\r\n[    1.049977] RAPL PMU detected, API unit is 2^-32 Joules, 3 fixed counters 10737418240 ms ovfl timer\r\n[    1.051875] hw unit of domain pp0-core 2^-0 Joules\r\n[    1.053005] hw unit of domain package 2^-0 Joules\r\n[    1.054044] hw unit of domain dram 2^-0 Joules\r\n[    1.055121] clocksource: tsc: mask: 0xffffffffffffffff max_cycles: 0x1fa1ebcd523, max_idle_ns: 440795240646 ns\r\n[    1.057179] Scanning for low memory corruption every 60 seconds\r\n[    1.059446] futex hash table entries: 16384 (order: 8, 1048576 bytes)\r\n[    1.060825] audit: initializing netlink subsys (disabled)\r\n[    1.061925] audit: type=2000 audit(1496123158.060:1): initialized\r\n[    1.063405] Initialise system trusted keyring\r\n[    1.064555] HugeTLB registered 2 MB page size, pre-allocated 0 pages\r\n[    1.067264] zbud: loaded\r\n[    1.069432] VFS: Disk quotas dquot_6.6.0\r\n[    1.071295] VFS: Dquot-cache hash table entries: 512 (order 0, 4096 bytes)\r\n[    1.073123] squashfs: version 4.0 (2009/01/31) Phillip Lougher\r\n[    1.074746] fuse init (API version 7.23)\r\n[    1.076100] Key type big_key registered\r\n[    1.077686] Allocating IMA MOK and blacklist keyrings.\r\n[    1.079280] Key type asymmetric registered\r\n[    1.080482] Asymmetric key parser 'x509' registered\r\n[    1.081751] Block layer SCSI generic (bsg) driver version 0.4 loaded (major 249)\r\n[    1.083410] io scheduler noop registered\r\n[    1.084614] io scheduler deadline registered (default)\r\n[    1.085922] io scheduler cfq registered\r\n[    1.087313] pci_hotplug: PCI Hot Plug PCI Core version: 0.5\r\n[    1.088876] pciehp: PCI Express Hot Plug Controller Driver version: 0.4\r\n[    1.090393] input: Power Button as /devices/LNXSYSTM:00/LNXPWRBN:00/input/input0\r\n[    1.092032] ACPI: Power Button [PWRF]\r\n[    1.093409] GHES: HEST is not enabled!\r\n[    1.094631] Serial: 8250/16550 driver, 32 ports, IRQ sharing enabled\r\n[    1.117233] 00:03: ttyS0 at I/O 0x3f8 (irq = 4, base_baud = 115200) is a 16550A\r\n[    1.140049] 00:04: ttyS1 at I/O 0x2f8 (irq = 3, base_baud = 115200) is a 16550A\r\n[    1.143407] Linux agpgart interface v0.103\r\n[    1.148448] brd: module loaded\r\n[    1.151393] loop: module loaded\r\n[    1.152633] ata_piix 0000:00:07.1: Hyper-V Virtual Machine detected, ATA device ignore set\r\n[    1.155877] scsi host0: ata_piix\r\n[    1.156967] scsi host1: ata_piix\r\n[    1.158194] ata1: PATA max UDMA/33 cmd 0x1f0 ctl 0x3f6 bmdma 0xffa0 irq 14\r\n[    1.159461] ata2: PATA max UDMA/33 cmd 0x170 ctl 0x376 bmdma 0xffa8 irq 15\r\n[    1.161254] libphy: Fixed MDIO Bus: probed\r\n[    1.162257] tun: Universal TUN/TAP device driver, 1.6\r\n[    1.163704] tun: (C) 1999-2004 Max Krasnyansky <maxk@qualcomm.com>\r\n[    1.165704] PPP generic driver version 2.4.2\r\n[    1.166787] ehci_hcd: USB 2.0 'Enhanced' Host Controller (EHCI) Driver\r\n[    1.167992] ehci-pci: EHCI PCI platform driver\r\n[    1.169027] ehci-platform: EHCI generic platform driver\r\n[    1.170136] ohci_hcd: USB 1.1 'Open' Host Controller (OHCI) Driver\r\n[    1.171301] ohci-pci: OHCI PCI platform driver\r\n[    1.172335] ohci-platform: OHCI generic platform driver\r\n[    1.174612] uhci_hcd: USB Universal Host Controller Interface driver\r\n[    1.177063] i8042: PNP: PS/2 Controller [PNP0303:PS2K,PNP0f03:PS2M] at 0x60,0x64 irq 1,12\r\n[    1.181725] serio: i8042 KBD port at 0x60,0x64 irq 1\r\n[    1.183023] serio: i8042 AUX port at 0x60,0x64 irq 12\r\n[    1.184427] mousedev: PS/2 mouse device common for all mice\r\n[    1.185950] rtc_cmos 00:00: RTC can wake from S4\r\n[    1.207830] input: AT Translated Set 2 keyboard as /devices/platform/i8042/serio0/input/input1\r\n[    1.210630] rtc_cmos 00:00: rtc core: registered rtc_cmos as rtc0\r\n[    1.212653] rtc_cmos 00:00: alarms up to one month, 114 bytes nvram\r\n[    1.213847] i2c /dev entries driver\r\n[    1.214912] device-mapper: uevent: version 1.0.3\r\n[    1.216058] device-mapper: ioctl: 4.34.0-ioctl (2015-10-28) initialised: dm-devel@redhat.com\r\n[    1.217579] ledtrig-cpu: registered to indicate activity on CPUs\r\n[    1.219054] NET: Registered protocol family 10\r\n[    1.220444] NET: Registered protocol family 17\r\n[    1.221526] Key type dns_resolver registered\r\n[    1.222711] microcode: CPU0 sig=0x206d7, pf=0x1, revision=0xffffffff\r\n[    1.223953] microcode: Microcode Update Driver: v2.01 <tigran@aivazian.fsnet.co.uk>, Peter Oruba\r\n[    1.225592] registered taskstats version 1\r\n[    1.226650] Loading compiled-in X.509 certificates\r\n[    1.229885] Loaded X.509 cert 'Build time autogenerated kernel key: f7bc719d96df7c6d6fed8f4b9fd5d4ff001383c8'\r\n[    1.232808] zswap: loaded using pool lzo/zbud\r\n[    1.235802] Key type trusted registered\r\n[    1.239870] Key type encrypted registered\r\n[    1.241097] AppArmor: AppArmor sha1 policy hashing enabled\r\n[    1.242414] ima: No TPM chip found, activating TPM-bypass!\r\n[    1.243832] evm: HMAC attrs: 0x1\r\n[    1.245358]   Magic number: 1:14:771\r\n[    1.246795] rtc_cmos 00:00: setting system clock to 2017-05-30 05:45:58 UTC (1496123158)\r\n[    1.248611] BIOS EDD facility v0.16 2004-Jun-25, 0 devices found\r\n[    1.249950] EDD information not available.\r\n[    1.323973] ata2.00: ATAPI: Virtual CD, , max MWDMA2\r\n[    1.327804] ata2.00: configured for MWDMA2\r\n[    1.330425] scsi 1:0:0:0: CD-ROM            Msft     Virtual CD/ROM   1.0  PQ: 0 ANSI: 5\r\n[    1.334480] sr 1:0:0:0: [sr0] scsi3-mmc drive: 0x/0x tray\r\n[    1.335764] cdrom: Uniform CD-ROM driver Revision: 3.20\r\n[    1.337927] sr 1:0:0:0: Attached scsi generic sg0 type 5\r\n[    1.340918] Freeing unused kernel memory: 1480K (ffffffff81f43000 - ffffffff820b5000)\r\n[    1.342395] Write protecting the kernel read-only data: 14336k\r\n[    1.344307] Freeing unused kernel memory: 1804K (ffff88000183d000 - ffff880001a00000)\r\n[    1.346340] Freeing unused kernel memory: 144K (ffff880001ddc000 - ffff880001e00000)\r\nLoading, please wait...\r\nstarting version 229\r\n[    1.365899] random: udevadm: uninitialized urandom read (16 bytes read, 2 bits of entropy available)\r\n[    1.367978] random: udevadm: uninitialized urandom read (16 bytes read, 2 bits of entropy available)\r\n[    1.370308] random: systemd-udevd: uninitialized urandom read (16 bytes read, 2 bits of entropy available)\r\n[    1.373067] random: systemd-udevd: uninitialized urandom read (16 bytes read, 2 bits of entropy available)\r\n[    1.375153] random: systemd-udevd: uninitialized urandom read (16 bytes read, 2 bits of entropy available)\r\n[    1.377148] random: udevadm: uninitialized urandom read (16 bytes read, 2 bits of entropy available)\r\n[    1.379010] random: udevadm: uninitialized urandom read (16 bytes read, 2 bits of entropy available)\r\n[    1.380892] random: systemd-udevd: uninitialized urandom read (16 bytes read, 2 bits of entropy available)\r\n[    1.383837] random: udevadm: uninitialized urandom read (16 bytes read, 2 bits of entropy available)\r\n[    1.385727] random: udevadm: uninitialized urandom read (16 bytes read, 2 bits of entropy available)\r\n[    1.450372] FUJITSU Extended Socket Network Device Driver - version 1.0 - Copyright (c) 2015 FUJITSU LIMITED\r\n[    1.458233] clocksource: hyperv_clocksource_tsc_page: mask: 0xffffffffffffffff max_cycles: 0x24e6a1710, max_idle_ns: 440795202120 ns\r\n[    1.477593] clocksource: Switched to clocksource hyperv_clocksource_tsc_page\r\n[    1.519624] hv_vmbus: Hyper-V Host Build:9600-6.3-18-0.18190; Vmbus version:3.0\r\n[    1.531423] hv_vmbus: Unknown GUID: f8e65716-3cb3-4a06-9a60-1889c5cccab5\r\n[    1.532921] hv_vmbus: Unknown GUID: 3375baf4-9e15-4b30-b765-67acb10d607b\r\n[    1.534396] hv_vmbus: Unknown GUID: 276aacf4-ac15-426c-98dd-7521ad3f01fe\r\n[    1.537341] hv_vmbus: registering driver hyperv_fb\r\n[    1.539389] Floppy drive(s): fd0 is 1.44M\r\n[    1.543434] hyperv_fb: Screen resolution: 1152x864, Color depth: 32\r\n[    1.549903] Console: switching to colour frame buffer device 144x54\r\n[    1.558736] FDC 0 is an 82078.\r\n[    1.616098] AVX version of gcm_enc/dec engaged.\r\n[    1.617053] AES CTR mode by8 optimization enabled\r\n[    1.666492] hv_vmbus: registering driver hv_storvsc\r\n[    1.671552] hidraw: raw HID events driver (C) Jiri Kosina\r\n[    1.673994] hv_vmbus: registering driver hyperv_keyboard\r\n[    1.679859] hv_utils: Registering HyperV Utility Driver\r\n[    1.680821] hv_vmbus: registering driver hv_util\r\n[    1.696258] hv_vmbus: registering driver hid_hyperv\r\n[    1.702080] hv_vmbus: registering driver hv_netvsc\r\n[    1.709395] scsi host2: storvsc_host_t\r\n[    1.710564] scsi 2:0:0:0: Direct-Access     Msft     Virtual Disk     1.0  PQ: 0 ANSI: 4\r\n[    1.712531] sd 2:0:0:0: Attached scsi generic sg1 type 0\r\n[    1.713752] sd 2:0:0:0: [sda] 61440000 512-byte logical blocks: (31.5 GB/29.3 GiB)\r\n[    1.714860] sd 2:0:0:0: [sda] 4096-byte physical blocks\r\n[    1.716226] sd 2:0:0:0: [sda] Write Protect is off\r\n[    1.718966] sd 2:0:0:0: [sda] Write cache: enabled, read cache: enabled, supports DPO and FUA\r\n[    1.721323] input: Microsoft Vmbus HID-compliant Mouse as /devices/0006:045E:0621.0001/input/input4\r\n[    1.723000] hid 0006:045E:0621.0001: input: <UNKNOWN> HID v0.01 Mouse [Microsoft Vmbus HID-compliant Mouse] on \r\n[    1.725161]  sda: sda1\r\n[    1.727659] hv_netvsc: hv_netvsc channel opened successfully\r\n[    1.729133] sd 2:0:0:0: [sda] Attached SCSI disk\r\n[    1.866003] hv_netvsc vmbus_14: Send section size: 6144, Section count:2560\r\n[    1.868448] hv_netvsc vmbus_14: Device MAC 00:0d:3a:a2:e3:5d link state up\r\n[    1.886309] scsi host3: storvsc_host_t\r\n[    1.888413] scsi 3:0:1:0: Direct-Access     Msft     Virtual Disk     1.0  PQ: 0 ANSI: 4\r\n[    1.890005] sd 3:0:1:0: Attached scsi generic sg2 type 0\r\n[    1.891012] sd 3:0:1:0: [sdb] 14680064 512-byte logical blocks: (7.52 GB/7.00 GiB)\r\n[    1.891982] sd 3:0:1:0: [sdb] 4096-byte physical blocks\r\n[    1.895912] sd 3:0:1:0: [sdb] Write Protect is off\r\n[    1.897687] psmouse serio1: trackpoint: failed to get extended button data\r\n[    1.900158] sd 3:0:1:0: [sdb] Write cache: enabled, read cache: enabled, supports DPO and FUA\r\n[    1.903277] scsi host4: storvsc_host_t\r\n[    1.907052]  sdb: sdb1\r\n[    1.910681] sd 3:0:1:0: [sdb] Attached SCSI disk\r\n[    1.914156] scsi host5: storvsc_host_t\r\nBegin: Loading ssential driver ...
[    3.322930] md: linear personality registered for level -1\r\n[    3.328573] md: multipath personality registered for level -4\r\n[    3.333774] md: raid0 personality registered for level 0\r\n[    3.339888] md: raid1 personality registered for level 1\r\n[    3.412018] raid6: sse2x1   gen()  5464 MB/s\r\n[    3.480010] raid6: sse2x1   xor()  4349 MB/s\r\n[    3.548014] raid6: sse2x2   gen()  6834 MB/s\r\n[    3.616015] raid6: sse2x2   xor()  5025 MB/s\r\n[    3.684016] raid6: sse2x4   gen()  6808 MB/s\r\n[    3.752012] raid6: sse2x4   xor()  5770 MB/s\r\n[    3.753603] raid6: using algorithm sse2x2 gen() 6834 MB/s\r\n[    3.755171] raid6: .... xor() 5025 MB/s, rmw enabled\r\n[    3.756725] raid6: using ssse3x2 recovery algorithm\r\n[    3.761188] xor: automatically using best checksumming function:\r\n[    3.800007]    avx       : 14153.000 MB/sec\r\n[    3.803906] async_tx: api initialized (async)\r\n[    3.821467] md: raid6 personality registered for level 6\r\n[    3.823783] md: raid5 personality registered for level 5\r\n[    3.825775] md: raid4 personality registered for level 4\r\n[    3.835208] md: raid10 personality registered for level 10\r\ndone.\r\nBegin: Running /scripts/init-premount ... done.\r\nBegin: Mounting root file system ... Begin: Running /scripts/local-top ... done.\r\nBegin: Running /scripts/local-premount ...
[    3.904262] Btrfs loaded\r\nScanning for Btrfs filesystems\r\n[    4.012219] blk_update_request: I/O error, dev fd0, sector 0\r\n[    4.014667] floppy: error -5 while reading block 0\r\ndone.\r\nWarning: fsck not present, so skipping root fil system\r\n[    4.107769] EXT4-fs (sda1): mounted filesystem with ordered data mode. Opts: (null)\r\ndone.\r\nBegin: Running /scripts/local-bottom ... done.\r\nBegin: Running /scripts/init-bottom ... Warning: overlayroot: debug is usted\r\ndone.\r\n[    4.446927] random: nonblocking pool is initialized\r\n[    5.328954] systemd[1]: systemd 229 running in system mode. (+PAM +AUDIT +SELINUX +IMA +APPARMOR +SMACK +SYSVINIT +UTMP +LIBCRYPTSETUP +GCRYPT +GNUTLS +ACL +XZ -LZ4 +SECCOMP +BLKID +ELFUTILS +KMOD -IDN)\r\n[    5.333210] systemd[1]: Detected virtualization microsoft.\r\n[    5.335405] systemd[1]: Detected architecture x86-64.\r\n\r\nWelcome to \u001b[1mUbuntu 16.04.1 LTS\u001b[0m!\r\n\r\n[    5.427552] systemd[1]: Set hostname to <ubuntu>.\r\n[    5.467757] systemd[1]: Initializing machine ID from random generator.\r\n[    5.470738] systemd[1]: Installed transient /etc/machine-id file.\r\n[    6.034252] systemd[1]: Listening on udev Control Socket.\r\n[\u001b[0;32m  OK  \u001b[m] Listening on udv Control Socke.\r\n[    6.044355] systemd[1]: Listening on Device-mapper event daemon FIFOs.\r\n[\u001b[0;32m  OK  \u001b[0m] Listening on Device-mapper event daemon FIFOs.\r\n[    6.053405] systemd[1]: Set up automount Arbitrary Executable File Formats File System Automount Point.\r\n[\u001b[0;32m  OK  \u001b[0m] Set up automount Arbitrary Executab...ats File System Automount Point.\r\n[    6.063213] systemd[1]: Reached target Encrypted Volumes.\r\n[\u001b[0;32m  OK  \u001b[0m] Reached target Encrypted Volume.\r\n[    6.080788] systemd[1]: Listening on Journal Socket (/dev/log).\r\n[\u001b[0;32m  OK  \u001b[0m] Listening on Jornal Socket (/dv/log).\r\n[    6.092524] systemd[1]: Reached target Swap.\r\n[\u001b[0;32m  OK  \u001b[0m] Reached target wap.\r\n[    6.103851] systemd[1]: Started Forward Password Requests to Wall Directory Watch.\r\n[\u001b[0;32m  OK  \u001b[m] Started Forward Password Requess to Wall Direcory Watch.\r\n[    6.116022] systemd[1]: Listening on Syslog Socket.\r\n[\u001b[0;32m  OK  \u001b[m] Listening on Sylog Socket.\r\n[    6.127684] systemd[1]: Created slice User and Session Slice.\r\n[\u001b[0;32m  OK  \u001b[0m] Created slice Uer and Session lice.\r\n[    6.139482] systemd[1]: Listening on LVM2 poll daemon socket.\r\n[\u001b[0;32m  OK  \u001b[0m] Listening on LVM2 poll daemon socket.\r\n[    6.151092] systemd[1]: Listening on Journal Audit Socket.\r\n[\u001b[0;32m  OK  \u001b[0m] Listening on Journal Audit Socket.\r\n[    6.163099] systemd[1]: Created slice System Slice.\r\n[\u001b[0;32m  OK  \u001b[0m] Created slice System Slice.\r\n[    6.175689] systemd[1]: Created slice system-serial\\x2dgetty.slice.\r\n[\u001b[0;32m  OK  \u001b[0m] Created slice system-serial\\x2dgetty.slice.\r\n[    6.187469] systemd[1]: Listening on LVM2 metadata daemon socket.\r\n[\u001b[0;32m  OK  \u001b[0m] Listening on LVM2 metadata daemon socket.\r\n[    6.200507] systemd[1]: Reached target User and Group Name Lookups.\r\n[\u001b[0;32m  OK  \u001b[0m] Reached target User and Group Name Lookups.\r\n[    6.212509] systemd[1]: Listening on udev Kernel Socket.\r\n[\u001b[0;32m  OK  \u001b[0m] Listening on udev Kernel Socket.\r\n[    6.223990] systemd[1]: Listening on Journal Socket.\r\n[\u001b[0;32m  OK  \u001b[0m] Listening on Journal Socket.\r\n[    6.236293] systemd[1]: Mounting Huge Pages File System...\r\n         Mounting Huge Pages File System...\r\n[    6.247026] systemd[1]: Starting Uncomplicated firewall...\r\n         Starting Uncomplicated firewall...\r\n[    6.258223] systemd[1]: Starting Create list of required static device nodes for the current kernel...\r\n         Starting Create list of require st... nodes for the current kernel...\r\n[    6.273278] systemd[1]: Starting Nameserver information manager...\r\n         Starting Nameserver information manager...\r\n[    6.285144] systemd[1]: Starting Remount Root and Kernel File Systems...\r\n         Starting Remount Root and Kernel File Systems...\r\n[    6.299666] systemd[1]: Starting Set console keymap...\r\n         Starting Set console keymap...[    6.307324] EXT4-fs (sda1): re-mounted. Opts: discard\r\n\r\n[    6.314070] systemd[1]: Starting Journal Service...\r\n         Starting Journal Service...\r\n[    6.327375] systemd[1]: Mounting Debug File System...\r\n         Mounting Debug File System...\r\n[    6.358335] systemd[1]: Starting Load Kernel Modules...\r\n         Starting Load Kernel Modules...\r\n[    6.384793] systemd[1]: Mounting POSIX Message Queue File System...\r\n         Mounting POSIX Message Queue File System...\r\n[    6.414082] systemd[1]: Starting Monitoring of LVM2 mirrors, snapshots etc. using dmeventd or progress polling...\r\n         Starting Monitoring of LVM2 mirrors... dmeventd or progress polling...\r\n[    6.437276] systemd[1]: Reached target Slices.\r\n[\u001b[0;32m  OK  \u001b[0m] Reached target Slices.\r\n[    6.454578] systemd[1]: Listening on /dev/initctl Compatibility Named Pipe.\r\n[    6.461355] Loading iSCSI transport class v2.0-870.\r\n[\u001b[0;32m  OK  \u001b[0m] Listening on /dev/initctl Compaibility Named Pipe.\r\n[    6.483460] systemd[1]: Mounted Huge Pages File System.\r\n[\u001b[0;32m  OK  \u001b[0m] Mounted Huge Paes File System.\r\n[    6.508419] systemd[1]: Mounted POSIX Message Queue File System.\r\n[\u001b[0;32m  OK  \u001b[0m] Mounted POSIX Message Queue Fil System.\r\n[    6.537243] systemd[1]: Mounted Debug File System.\r\n[    6.541943] iscsi: registered transport (tcp)\r\n[\u001b[0;32m  OK  \u001b[0m] Mounted Debug File System.\r\n[    6.565425] systemd[1]: Started Journal Service.\r\n[\u001b[0;32m  OK  \u001b[0m] Started JournalService.\r\n[\u001b[0;32m  OK  \u001b[0m] Started Uncomplicated firewall.\r\n[\u001b[0;32m  OK  \u001b[0m] Started Create list of required sta...ce nodes for the current kernel.\r\n[\u001b[0;32m  OK  \u001b[0m] Started Remount Root and Kernel File Systems.\r\n[\u001b[0;32m  OK  \u001b[0m] Started Set console keymap.\r\n[\u001b[0;32m  OK  \u001b[0m] Started Nameserver information manager.\r\n[    6.688394] iscsi: registered transport (iser)\r\n[\u001b[0;32m  OK  \u001b[0m] Started Load Kernel Modules.\r\n         Mounting FUSE Control File System...\r\n         Starting Apply Kernel Variables...\r\n[\u001b[0;32m  OK  \u001b[0m] Started LVM2 metadata daemon.\r\n         Starting udev Coldplug all Devices...\r\n         Starting Load/Save Random Seed...\r\n         Starting Create Static Device Nodes in /dev...\r\n         Starting Flush Journal to Persistent Storage...\r\n[\u001b[0;32m  OK  \u001b[0m] Mounted FUSE Cotrol File System.\r\n[\u001b[0;32m  OK  \u001b[0m] Started Apply Krnel Variables.\r\n[\u001b[0;32m  OK  \u001b[0m] Started Load/Sae Random Seed.\r\n[\u001b[0;32m  OK  \u001b[0m] Started udev Coldplug all Devices.\r\n[\u001b[0;32m  OK  \u001b[m] Started Flush Journal to Persistent Storage.\r\n[\u001b[0;32m  OK  \u001b[0m] Started Create Static Device Nodes in /dev.\r\n         Starting udev Krnel Device Manger...\r\n[\u001b[0;32m  OK  \u001b[0m] Started Monitoring of LVM2 mirrors,...ng dmeventd or progress polling.\r\n[\u001b[0;32m  OK  \u001b[0m] Started udev Kernel Device Manager.\r\n[\u001b[0;32m  OK  \u001b[0m] Reached target Local File Systems (Pre).\r\n         Mounting /etc/network/interfaces.dynamic.d...\r\n[\u001b[0;32m  OK  \u001b[0m] Started Dispatch Password Requests to Console Directory Watch.\r\n[\u001b[0;32m  OK  \u001b[0m] Mounted /etc/network/interfaces.dynamic.d.\r\n[\u001b[0;32m  OK  \u001b[0m] Reached target Local File Systems.\r\n         Starting Tell Plymouth To Write Out Runtime Data...\r\n         Starting Run snappy firstboot setup...\r\n         Starting Initial cloud-init job(pre-networking)...\r\n         Starting LSB: AppArmor initialization...\r\n         Starting Create Volatile Files and Directories...\r\n         Starting Commit a transient machine-id on disk..\r\n         Starting Set console font and keymap...\r\n[[    7.719662] piix4_smbus 0000:00:07.3: SMBus base address uninitialized - upgrade BIOS or use force_addr=0xaddr\r\n\u001b[0;32m  OK  \u001b[0m] Started Tell Plymouth To Write Out Runtime Data.\r\n[\u001b[0;32m  OK  \u001b[0m] Started Create Volatile Files and Directories.\r\n[\u001b[0;32m  OK  \u001b[0m] Started Commit a transient machine-id on disk.\r\n[\u001b[0;32m  OK  \u001b[0m] Found device /dev/ttyS0.\r\n         Starting Network Time Synchronization...\r\n         Starting Update UTMP about System Boot/Shutdown..\r\n[\u001b[0;32m  OK  \u001b[0m] Started Update UTMP about System Boot/Shutdown.\r\n[\u001b[0;32m  OK  \u001b[0m] Started Network Time Synchronization.\r\n[\u001b[0;32m  OK  \u001b[0m] Reached target System Time Syncronized.\r\n[\u001b[0;32m  OK  \u001b[0m] Started Set console font and keymap.\r\n[\u001b[0;32m  OK  \u001b[0m] Created slice system-getty.slice.\r\n[\u001b[0;32m  OK  \u001b[0m] Listening on Load/Save RF Kill Switch Status /dev/rfkill Watch.\r\n[    8.473447] intel_rapl: no valid rapl domains found in package 0\r\n[\u001b[0;32m  OK  \u001b[0m] Started Run snappy firstboot setup.\r\n[\u001b[0;32m  OK  \u001b[0m] Started LSB: AppArmor initialization.\r\n[\u001b[0;32m  OK  \u001b[0m] Reached target System Initialization.\r\n[\u001b[0;32m  OK  \u001b[m] Listening on UUD daemon activation socket.\r\n[\u001b[0;32m  OK  \u001b[0m] Started Daily Ceanup of Temporary Directories.\r\n[\u001b[0;32m  OK  \u001b[0m] Started Timer to automatically refresh installed snaps.\r\n[\u001b[0;32m  OK  \u001b[0m] Started Daily at activities.\r\n[\u001b[0;32m  OK  \u001b[0m] Reached target imers.\r\n         Starting Socket activation for nappy daemon.\r\n[\u001b[0;32m  OK  \u001b[0m] Listening on D-us System Message Bus Socket.\r\n[\u001b[0;32m  OK  \u001b[0m] Started Trigger resolvconf update for networkd DNS.\r\n[\u001b[0;32m  OK  \u001b[0m] Started ACPI Events Check.\r\n[\u001b[0;32m  OK  \u001b[0m] Reached target Paths.\r\n[\u001b[0;32m  OK  \u001b[0m] Listening on ACPID Listen Socket.\r\n         Starting LXD - unix socket.\r\n[\u001b[0;32m  OK  \u001b[0m] Listening on Socket activation for snappy daemo.\r\n[\u001b[0;32m  OK  \u001b[0m] Listening on LXD - unix socket.\r\n[\u001b[0;32m  OK  \u001b[0m] Reached target Sockets.\r\n[\u001b[0;32m  OK  \u001b[0m] Reached target Basic System.\r\n         Starting LXD - container startup/shutdown...\r\n[\u001b[0;32m  OK  \u001b[0m] Started Snappy daemon.\r\n[\u001b[0;32m  OK  \u001b[0m] Started D-Bus System Message Bus.\r\n[\u001b[0;32m  OK  \u001b[0m] Started Hyper-V KVP Protocol Daemon.\r\n[\u001b[0;32m  OK  \u001b[0m] Started ACPI evnt daemon.\r\n         Starting LSB: Rcord successful boot for GRUB...\r\n[\u001b[0;32m  OK  \u001b[0m] Started Hyper-V VSS Protocol Damon.\r\n[\u001b[0;32m  OK  \u001b[0m] Started Name Service Cache Daemn.\r\n         Starting Therma Daemon Service..\r\n         Starting LSB: MD monitoring daemon...\r\n[\u001b[0;32m  OK  \u001b[0m] Started FUSE filesystem for LXC.\r\n         Starting Login ervice...\r\n         Starting System Logging Service...\r\n[\u001b[0;32m  OK  \u001b[0m] Started Regular background program processing daemon.\r\n[\u001b[0;32m  OK  \u001b[m] Started Deferred execution scheduler.\r\n         Starting Accounts Service...\r\n[\u001b[0;32m  OK  \u001b[0m] Started Hyper-V File Copy Protocol Daemon.\r\n[\u001b[0;32m  OK  \u001b[0m] Started Login Service.\r\n[\u001b[0;32m  OK  \u001b[0m] Started System Logging Service.\r\n[\u001b[0;32m  OK  \u001b[m] Started LSB: Record successful boot for GRUB.\r\n[\u001b[0;32m  OK  \u001b[0m] Started LSB: MD monitoring daemon.\r\n         Starting Authenicate and Authorize Users to Ru Privileged Tass...\r\n[\u001b[0;32m  OK  \u001b[0m] Started Thermal Daemon Service.\r\n[\u001b[0;32m  OK  \u001b[0m] Started Authenticate and Authorize Users to Run Privileged Tasks.\r\n[\u001b[0;32m  OK  \u001b[0m] Started Accounts Service.\r\n[\u001b[0;32m  OK  \u001b[0m] Started LXD - container startup/shutdown.\r\n[   13.036061] cloud-init[591]: Cloud-init v. 0.7.8 running 'init-local' at Tue, 30 May 2017 05:46:10 +0000. Up 12.62 seconds.\r\n[\u001b[0;32m  OK  \u001b[0m] Started Initial cloud-init job (pre-networking)\r\n[\u001b[0;32m  OK  \u001b[m] Reached target Network (Pre).\r\n         Starting Raise network interfacs...\r\n[\u001b[0;32m  OK  \u001b[0m] Started Raise network interfaces.\r\n[\u001b[0;32m  OK  \u001b[0m] Reached target Network.\r\n         Starting Initial cloud-init job (metadata service crawler)...\r\n[   14.896257] blk_update_request: I/O error, dev fd0, sector 0\r\n[   14.944261] blk_update_request: I/O error, dev fd0, sector 0\r\n[   15.100877] cloud-init[1128]: + i=eth0\r\n[   15.127145] cloud-init[1128]: + x=0\r\n[   15.145457] cloud-init[1128]: + ifdown eth0\r\n[   15.162330] cloud-init[1128]: Killed old client process\r\n[   16.135969] cloud-init[1128]: Internet Systems Consortium DHC Client 4.3.3\r\n[   16.147415] cloud-init[1128]: Copyright 2004-2015 Internet Systems Consortium.\r\n[   16.157511] cloud-init[1128]: All rights reseved.\r\n[   16.174959] cloud-init[1128]: For info, please visit https://ww.isc.org/software/dhcp/\r\n[   16.208292] cloud-init[1128]: Listening on LPF/eth0/00:0d:3a:a2:e3:5d\r\n[   16.238933] cloud-init[1128]: Sending on   LPF/eth0/00:0d:3a:a2:e3:5d\r\n[   16.268297] cloud-init[1128]: Sending on   Socket/fallback\r\n[   16.296507] cloud-init[1128]: DHCPRELEASE on eth0 to 168.63.129.16 port 67 (xid=0x458ee032)\r\n[   16.755427] cloud-init[1128]: + ifup eth0\r\n[   16.779567] cloud-init[1128]: Internet Systems Consortium DHCP Client 4.3.3\r\n[   16.792893] cloud-init[1128]: Copyright 2004-2015 Internet Systems Consortium\r\n[   16.802761] cloud-init[1128]: All rights reserved.\r\n[   16.812271] cloud-init[1128]: For info, please visit https://www.isc.org/software/dhcp/\r\n[   16.823467] cloud-init[1128]: Listening on LPF/eth0/00:0d:3a:a2:e3:5d\r\n[   16.838794] cloud-init[1128]: Sending on   LPF/eth0/00:0d:3a:a2:e3:5d\r\n[   16.855124] cloud-init[1128]: Sending on   Socket/fallback\r\n[   16.869987] cloud-init[1128]: DHCPDISCOVER oneth0 to 255.255255.255 port 67interval 3 (xid0x53f71804)\r\n[   16.888256] cloud-init[1128]: DHCPREQUEST of 0.0.0.4 on eth0to 255.255.255.55 port 67 (xid0x418f753)\r\n[   16.904991] cloud-init[1128]: DHCPOFFER of 10.0.0.4 from 168.3.129.16\r\n[   16.920163] cloud-init[1128]: DHCPACK of 10.0.0.4 from 168.63.129.16\r\n[   17.418681] cloud-init[1128]: bound to 10.0.04 -- renewal in 4294967295 seconds.\r\n[   17.456254] cloud-init[1128]: + exit 0\r\n[\u001b[0;32m  OK  \u001b[0m] Started Azure Lnux Agent.\r\n2017/05/30 05:46:16.330503 INFO Azure Linux Agent Version:2.1.3\r\n2017/05/30 05:46:16.335667 INFO OS: ubuntu 16.04\r\n2017/05/30 05:46:16.339998 INFO Python: 3.5.2\r\n2017/05/30 05:46:16.344121 INFO Run daemon\r\n2017/05/30 05:46:16.348278 INFO run Ubuntu provision handler\r\n2017/05/30 05:46:16.352601 INFO Waiting cloud-init to copy ovf-env.xml.\r\n2017/05/30 05:46:16.361973 INFO Detect protocol endpoints\r\n2017/05/30 05:46:16.367816 INFO WireServer endpoint is not foun. Rerun dhcp handler\r\n2017/05/30 05:46:16.374240 INFO Send dhcp request\r\n2017/05/30 05:46:16.686041 INFOConfigure route\r\n2017/05/30 05:46:16.692707 INFOGateway:10.0.0.1\r\n2017/05/30 05:46:16.698457 INFO Routes:None\r\n2017/05/30 05:46:16.705900 INFO Wire server endoint:168.63.129.16\r\n2017/05/30 05:46:16.760759 INFO Fabric preferred wire protocol version:2015-04-05\r\n2017/05/30 05:46:16.766962 INFO Wire protocol version:2012-11-30\r\n2017/05/30 05:46:16.771297 WARNING Server prefered version:2015-04-05\r\n[   22.316199] blk_update_request: I/O error, dev fd0, sector 0\r\n[   22.368634] blk_update_request: I/O error, dev fd0, sector 0\r\n2017/05/30 05:46:21.179781 INFOSleep 15 second to prevent thrttling\r\n[   24.201931] cloud-init[1128]: Cloud-init v. 07.8 running 'init' at Tue, 30 My 2017 05:46:12+0000. Up 14.63seconds.\r\n[   24.220031] cloud-init[1128]: ci-info: +++++++++++++++++++++++++++++++++++++Net device info+++++++++++++++++++++++++++++++++++++\r\n[   24.248338] cloud-init[1128]: ci-info: +--------+------+-----------------------------+---------------+-------+-------------------+\r\n[   24.287617] cloud-init[\u001b[0;32m  OK  \u001b[0m] [1128]: ci-info: | Device |  Up  |           Address           |      Mask     | Scope      Hw-Address    |Started Initial cloud-init job (metadata service crawler).\r\n\r\n[   24.308510] cloud-init[\u001b[0;32m  OK  \u001b[0m] Reached target Network is Online.[1128]: \r\nci-info: +--------+------+----------------------------+---------------+-------+-------------------+\r\n[   24.343117] cloud-init[1128]: ci-info: |   lo   | True |          127.0.0.1          |   255.0.0.0   |   .   |         .         |\r\n[   24.355166] cloud-init[1128]: ci-info: |   lo   | True |           ::1/128           |              |  host          .         |\r\n[   24.366409] cloud-init[1128]: ci-info: |  eth  | True |           10.0.0.4         | 255.25.255.0 |   .   | 00:0d:3a:a2:e35d |\r\n[   24.377591] cloud-init[1128]: ci-info: |  eth0  | True | fe80:20d:3aff:fea2:e35d/64 |       .       |  link | 00:0d:3a:a2:e35d |\r\n[   24.388744] cloud-init[1128]: ci-info: +-------+------+----------------------------+---------------+-------+-------------------+         Starting Pollinate to seed the pseudo random nuber generator..\r\n         \r\n[   24.405416] cloud-init[1128]: ci-info: ++++++++++++++++++++++++++++Route IP4 info+++++++++++++++++++++++++++++Starting /etc/rc.local Compatibility...\r\n\r\n        
[   24.429844] Starting iSCSI nitiator daemon (iscsid)...\r\n[cloud-init\u001b[0;32m  OK  \u001b[m] Reached target loud-config avalability.[1128]: ci-info: +------+-----------------+----------+-----------------+-----------+-------+\r\n\r\n        
[   24.457063] Starting Apply the settings specified in cloud-config...\r\n[\u001b[0;32m  OK  \u001b[0mcloud-init[1128]: ] Started /etc/rc.local Compatibility.\r\nci-info: | Route |   Destination   | Gateway  |     Genmask     | Interface | Flags |\r\n[   24.523763] cloud-init[1128]: ci-info: +-------+-----------------+----------+-----------------+-----------+-------+\r\n[   24.571827] [\u001b[0;32m  OK  \u001b[0m] cloud-init[1128]: Started iSCSI initiator daemon (iscsid).\r\nci-info: |   0   |     0.0.0.0     | 10.0.0.1 |     0.0.0.0     |    eth0   |   UG  |         Starting Login to default iSCSI targets...\r\n\r\n[   24.640619] cloud-init[1128]: ci-info: |   1   |     10.0.0.0   | 0.0.0.0  |  255.255.255.0 |    eth0   |  U   |\r\n[   24.672028] cloud-init[1128]: ci-info: |   2  |  168.63.129.6  | 10.0.0.1 | 255.255.255.255 |    eth0   |  UGH  |\r\n[\u001b[0;32m  OK  \u001b[m] Started Login to default iSCSI targets.[   24.721390] cloud-init\r\n[1128]: ci-info: |   3  | 169.254.169.254 | 10.0.0.1 |255.255.255.255|    eth0   |  UGH  |[\u001b[0;32m  OK  \u001b[0m] Reached target emote File Systems (Pre).\r\n\r\n[\u001b[0;32m  OK  \u001b[0m]
[   24.768156] cloud-init[1128]: Reached target Remote File Systems.\r\n         Starting Permit User Sessions...\r\n         Starting LSB: automatic crash report generation...ci-info: +-------+-----------------+----------+-----------------+-----------+-------+\r\n         Starting LSB: Set the CPU Frequency Scaling governor to \"ondemand\"...\r\n\r\n         Starting LSB: daemon to balance interrupts for SMP systems...\r\n[\u001b[0;32m  OK  \u001b[0m] Started Permit User Sessions.\r\n[   24.866263] cloud-init[1128]: Generating public/private rsa key pair.         Starting Terminate Plymouth Boot Screen...\r\n         Starting Hold until boot process finishes up...\r\n\r\n[\u001b[0;32m  OK  \u001b[0m] Started LSB: Set the CPU Frequency Scaling governor to \"ondemand\".\r\n[\u001b[0;32m  OK  \u001b[0m] Started Terminate Plymouth Boot Screen.[   24.974965] cloud-init[1128]: Your identification has been saved in /etc/ssh/ssh_host_rsa_key.\r\n[\u001b[0;32m  OK  \u001b[0m] Started LSB: automatic crash report generation.\r\n[\r\n\u001b[0;32m  OK  \u001b[0m] Started Hold until boot process finishes up.\r\n[\u001b[0;32m  OK  \u001b[m] Started LSB: daemon to balance interrupts for SP systems.\r\n[   25.037327] cloud-init[1128]: Your public keyhas been saved in /etc/ssh/ssh_ost_rsa_key.pub.\r\n[\u001b[0;32m  OK  \u001b[0m] Started Getty on tty1.\r\n[[   25.096188] cloud-init\u001b[0;32m  OK  \u001b[0m] Started Serial Getty on ttyS0.\r\n[1128]: The key fingerprint is:[\u001b[0;32m  OK  \u001b[0m] Reached target Login Prompts.\r\n\r\n         Starting Set console scheme...[   25.149163] cloud-init[1128]: \r\nSHA256:Lo9Soq40fxO/wjiwQbZLKSA/npX08g1LmnBzfpFJA58 root@xplatvmtSp\r\n[   25.184233] cloud-init[1128]: The key's randomart image is:\r\n[[   25.205843] cloud-init[1128]: +---[RSA 2048]----+\u001b[0;32m  OK  \u001b[0m] Started Set console scheme.\r\n\r\n[   25.242023] cloud-init[1128]: |                 |\r\n[   25.269480] cloud-init[1128]: |      .          |\r\n[   25.301216] cloud-init[1128]: |       o .       |\r\n[   25.320169] cloud-init[1128]: |oo  .   E        |\r\n[   25.340177] cloud-init[1128]: |=.o. o .S+       |\r\n[   25.361391] cloud-init[1128]: |.*+ B.*.+        |\r\n[   25.385429] cloud-init[1128]: |o+=Bo%++..       |\r\n[   25.412164] cloud-init[1128]: |.o*o+=+=o       |\r\n[   25.432166] cloud-init[1128]: |.o..o.+oo        |\r\n[   25.452156] cloud-init[1128]: +----[SHA256]-----+\r\n[   25.470904] cloud-init[1128]: Generating publc/private dsa key pair.\r\n[   25.490658] cloud-init[1128]: Your identification has been saed in /etc/ssh/sh_host_dsa_key\r\n[   25.509366] cloud-init[1128]: Your public key has been saved in /etc/ssh/ssh_host_dsa_key.pub.\r\n[   25.529142] cloud-init[1128]: The key fingerpint is:\r\n[   25.546405] cloud-init[1128]: SHA256:mXEe7LOeDmt1Qqoyx8lrYgVHQDC+wK8Ab2omLr1/rm4 root@xplatvmtSp\r\n[   25.568241] cloud-init[1128]: The key's randomart image is:\r\n[   25.585079] cloud-init[1128]: +---[DSA 1024]----+\r\n[   25.602664] cloud-init[1128]: |  ooo.           |\r\n[   25.625460] cloud-init[1128]: |.. .  .  .       |\r\n[   25.652157] cloud-init[1128]: |o..  .  . +      |\r\n[   25.677451] cloud-init[1128]: |.o... .  B..     |\r\n[   25.704159] cloud-init[1128]: |. +. o  So+      |\r\n[   25.728144] cloud-init[1128]: |.o.   . . oo.    |\r\n[   25.753461] cloud-init[1128]: |o=   + o...o     |\r\n[   25.779739] cloud-init[1128]: |* . E O .+ .     |\r\n[   25.804551] cloud-init[1128]: |...*+Xoo..+      |\r\n[   25.828558] cloud-init[1128]: +----[SHA256]-----+\r\n[   25.855334] cloud-init[1128]: Generating public/private ecdsa key pair.\r\n[   25.885420] cloud-init[1128]: Your identification has been saved in /etc/ssh/ssh_host_ecdsa_key.\r\n[   25.912162] cloud-init[1128]: Your public key has been saved in /etc/ssh/ssh_host_ecdsa_key.pub.\r\n[   25.944158] cloud-init[1128]: The key fingerprint is:\r\n[   25.968146] cloud-init[1128]: SHA256:Ifsz/hKMcDErd+1hHWouo7WaeIcDrxwVWOTsEjbG9lg root@xplatvmStSp\r\n[   25.996149] cloud-init[1128]: The key's randomart image is:\r\n[   26.019364] cloud-init[1128]: +---[ECDSA 256]---+\r\n[   26.041439] cloud-init[1128]: |     .o          |\r\n[   26.054579] cloud-init[1128]: |   . =o     .    |\r\n[   26.069004] cloud-init[1128]: |    O E+.. o .  |\r\n[   26.080193] cloud-init[1128]: |   +oB++..* .   |\r\n[   26.087009] cloud-init[1128]: |    o==+S= .     |\r\n[   26.093942] cloud-init[1128]: |    .o..* o      |\r\n[   26.103803] cloud-init[1128]: |    .o ++=       |\r\n[   26.121072] cloud-init[1128]: |   . o*o+o       |\r\n[   26.131545] cloud-init[1128]: |    +oo+.o.      |\r\n[   26.155728] cloud-init[1128]: +----[SHA256]----+\r\n[   26.172155] cloud-init[1128]: Generating public/private ed2559 key pair.\r\n[   26.183008] cloud-init[1128]: Your identificaion has been saed in /etc/ssh/ssh_host_ed25519_key.\r\n[   26.193364] cloud-init[1128]: Your public key has been saved n /etc/ssh/ssh_host_ed25519_key.pub.\r\n[   26.203739] cloud-init[1128]: The key fingerprint is:\r\n[   26.225440] cloud-init[1128]: SHA256:pnxdifTP0MsMz7WrS08W9d8/Z+N+ZHyNIWhzIwG46s root@xplatvmtSp\r\n[   26.240598] cloud-init[1128]: The key's randomart image is:\r\n[   26.249952] cloud-init[1128]: +--[ED25519 256--+\r\n[   26.263237] cloud-init[1128]: |                |\r\n[   26.288197] cloud-init[1128]: |                |\r\n[   26.318024] cloud-init[1128]: |        o .   .  |\r\n[   26.348251] cloud-init[1128]: |       . + B o o |\r\n[   26.368209] cloud-init[1128]: |        S + O o .|\r\n[   26.384167] cloud-init[1128]: |     . o + . * +=|\r\n[   26.410210] cloud-init[1128]: |      o o . .o=O|\r\n[   26.432199] cloud-init[1128]: |       o     +BO@|\r\n[   26.455762] cloud-init[1128]: |      E     . *O@|\r\n[   26.466711] cloud-init[1128]: +----[SHA256]-----+\r\n[   30.581332] cloud-init[1452]: Generating locales (this might ake a while)...\r\n\r\r\nUbuntu 16.04.1 LTS xplatvmStSp ttyS0\r\n\r\nxplatvmStSp login: \u0000\u0000\u0000\u0000\u0000\u0000\u0000\u0000\u0000\u0000\u0000\u0000\u0000\u0000\u0000\u0000\u0000\u0000\u0000\u0000\u0000\u0000\u0000\u0000\u0000\u0000\u0000\u0000\u0000\u0000\u0000\u0000\u0000\u0000\u0000\u0000\u0000\u0000\u0000\u0000\u0000\u0000\u0000\u0000\u0000\u0000\u0000\u0000\u0000\u0000\u0000\u0000\u0000\u0000\u0000\u0000\u0000\u0000\u0000\u0000\u0000\u0000\u0000\u0000\u0000\u0000\u0000\u0000\u0000\u0000\u0000\u0000\u0000\u0000\u0000\u0000\u0000\u0000\u0000\u0000\u0000\u0000\u0000\u0000\u0000\u0000\u0000\u0000\u0000\u0000\u0000\u0000\u0000\u0000\u0000\u0000\u0000\u0000\u0000\u0000\u0000\u0000\u0000\u0000\u0000\u0000\u0000\u0000\u0000\u0000\u0000\u0000\u0000\u0000\u0000\u0000\u0000\u0000\u0000\u0000\u0000\u0000\u0000\u0000\u0000\u0000\u0000\u0000\u0000\u0000\u0000\u0000\u0000\u0000\u0000\u0000\u0000\u0000\u0000\u0000\u0000\u0000\u0000\u0000\u0000\u0000\u0000\u0000\u0000\u0000\u0000\u0000\u0000\u0000\u0000\u0000\u0000\u0000\u0000\u0000\u0000\u0000\u0000\u0000\u0000\u0000\u0000\u0000\u0000\u0000\u0000\u0000\u0000\u0000\u0000\u0000\u0000\u0000\u0000\u0000\u0000\u0000\u0000\u0000\u0000\u0000\u0000\u0000\u0000\u0000\u0000\u0000\u0000\u0000\u0000\u0000\u0000\u0000\u0000\u0000\u0000\u0000\u0000\u0000\u0000\u0000\u0000\u0000\u0000\u0000\u0000\u0000\u0000\u0000\u0000\u0000\u0000\u0000\u0000\u0000\u0000\u0000\u0000\u0000\u0000\u0000\u0000\u0000\u0000\u0000\u0000\u0000\u0000\u0000\u0000\u0000\u0000\u0000\u0000\u0000\u0000\u0000\u0000\u0000\u0000\u0000\u0000\u0000\u0000\u0000\u0000\u0000\u0000\u0000\u0000\u0000\u0000\u0000\u0000\u0000\u0000\u0000\u0000\u0000\u0000\u0000\u0000\u0000\u0000\u0000\u0000\u0000\u0000\u0000\u0000\u0000\u0000\u0000\u0000\u0000\u0000\u0000\u0000\u0000\u0000\u0000\u0000\u0000\u0000\u0000\u0000\u0000\u0000\u0000\u0000\u0000\u0000\u0000\u0000\u0000\u0000\u0000\u0000\u0000\u0000\u0000\u0000\u0000\u0000\u0000\u0000\u0000\u0000\u0000\u0000\u0000\u0000\u0000\u0000\u0000\u0000\u0000\u0000\u0000\u0000\u0000\u0000\u0000\u0000\u0000\u0000\u0000\u0000\u0000\u0000\u0000\u0000\u0000\u0000\u0000\u0000\u0000\u0000\u0000\u0000\u0000\u0000\u0000\u0000\u0000\u0000\u0000\u0000\u0000", { 'content-length': '51712',
  'content-type': 'text/plain',
  'last-modified': 'Tue, 30 May 2017 05:46:30 GMT',
  'accept-ranges': 'bytes',
  etag: '"0x8D4A71F38ADFDA8"',
  server: 'Windows-Azure-Blob/1.0 Microsoft-HTTPAPI/2.0',
  'x-ms-request-id': 'db989cdd-0001-00a5-3308-d9058f000000',
  'x-ms-version': '2016-05-31',
  'x-ms-lease-status': 'unlocked',
  'x-ms-lease-state': 'available',
  'x-ms-blob-type': 'PageBlob',
  'x-ms-blob-sequence-number': '0',
  'x-ms-server-encrypted': 'false',
  date: 'Tue, 30 May 2017 05:46:47 GMT',
  connection: 'close' });
 return result; },
function (nock) { 
var result = 
nock('https://xplattstoragestsp2120.blob.core.windows.net:443')
  .get('/bootdiagnostics-xplatvmst-0f7acde5-7dfa-4883-b8fc-1f22e684e971/xplatvmStSp.0f7acde5-7dfa-4883-b8fc-1f22e684e971.serialconsole.log')
