// This file has been autogenerated.

var profile = require('../../../lib/util/profile');

exports.getMockedProfile = function () {
  var newProfile = new profile.Profile();

  newProfile.addSubscription(new profile.Subscription({
    id: 'e33f361b-53c2-4cc7-b829-78906708387b',
    name: 'Microsoft Azure Internal Consumption',
    user: {
      name: 'user@domain.example',
      type: 'servicePrincipal'
    },
    tenantId: '72f988bf-86f1-41af-91ab-2d7cd011db47',
    state: 'Enabled',
    registeredProviders: [],
    _eventsCount: '1',
    isDefault: true
  }, newProfile.environments['AzureCloud']));

  return newProfile;
};

exports.setEnvironment = function() {
  process.env['AZURE_VM_TEST_LOCATION'] = 'southeastasia';
  process.env['SSHCERT'] = 'test/myCert.pem';
};

exports.scopes = [[function (nock) { 
var result = 
nock('http://management.azure.com:443')
  .get('/subscriptions/e33f361b-53c2-4cc7-b829-78906708387b/resourceGroups/xplatTestGVMStart/providers/Microsoft.Compute/virtualMachines/xplatvmStSp?$expand=instanceView&api-version=2017-03-30')
  .reply(200, "{\r\n  \"properties\": {\r\n    \"vmId\": \"bf25c391-0900-4173-a439-604c92c03b80\",\r\n    \"hardwareProfile\": {\r\n      \"vmSize\": \"Standard_DS1\"\r\n    },\r\n    \"storageProfile\": {\r\n      \"imageReference\": {\r\n        \"publisher\": \"canonical\",\r\n        \"offer\": \"UbuntuServer\",\r\n        \"sku\": \"16.04.0-LTS\",\r\n        \"version\": \"latest\"\r\n      },\r\n      \"osDisk\": {\r\n        \"osType\": \"Linux\",\r\n        \"name\": \"cli56bbee52ab1c4eb6-os-1496424868214\",\r\n        \"createOption\": \"FromImage\",\r\n        \"vhd\": {\r\n          \"uri\": \"https://xplattstoragestsp1626.blob.core.windows.net/xplatteststoragecntstsp/cli56bbee52ab1c4eb6-os-1496424868214.vhd\"\r\n        },\r\n        \"caching\": \"ReadWrite\"\r\n      },\r\n      \"dataDisks\": []\r\n    },\r\n    \"osProfile\": {\r\n      \"computerName\": \"xplatvmStSp\",\r\n      \"adminUsername\": \"azureuser\",\r\n      \"linuxConfiguration\": {\r\n        \"disablePasswordAuthentication\": false,\r\n        \"ssh\": {\r\n          \"publicKeys\": [\r\n            {\r\n              \"path\": \"/home/azureuser/.ssh/authorized_keys\",\r\n              \"keyData\": \"MIID/zCCAuegAwIBAgIJAMUAa+XVLvAeMA0GCSqGSIb3DQEBBQUAMIGVMQswCQYD\\r\\nVQQGEwJJbjESMBAGA1UECAwJS2FybmF0YWthMRIwEAYDVQQHDAlCYW5nYWxvcmUx\\r\\nEDAOBgNVBAoMB2JyaWxsaW8xEjAQBgNVBAsMCW1pY3Jvc29mdDEQMA4GA1UEAwwH\\r\\nYnJpbGxpbzEmMCQGCSqGSIb3DQEJARYXc3JlZWthbnRoYnNAeWFob28uY28uaW4w\\r\\nHhcNMTUwMzA1MTE1MzEyWhcNMTYwMzA0MTE1MzEyWjCBlTELMAkGA1UEBhMCSW4x\\r\\nEjAQBgNVBAgMCUthcm5hdGFrYTESMBAGA1UEBwwJQmFuZ2Fsb3JlMRAwDgYDVQQK\\r\\nDAdicmlsbGlvMRIwEAYDVQQLDAltaWNyb3NvZnQxEDAOBgNVBAMMB2JyaWxsaW8x\\r\\nJjAkBgkqhkiG9w0BCQEWF3NyZWVrYW50aGJzQHlhaG9vLmNvLmluMIIBIjANBgkq\\r\\nhkiG9w0BAQEFAAOCAQ8AMIIBCgKCAQEAyUNKaOuT0NK+S8Ck81zy9xJ6hXfZvAC6\\r\\nlhbmf/6s/WVimJ/TX5NMhQJwC9k6ZIF92KfYrojHNvHDufSZ3EtKUVwRFCDjmgMT\\r\\nDL09WkGaZt7gROYFK0iZ4KrYGovUwlwum9fHB24OJiOV4bi0ek62/rHx9fjYZpvp\\r\\naIH2PV/hN8SCZ0x7HJMberD4gVoU/Kv42nNvwjLUW6IZfVx/Gv5OeFDtWHfSvUEF\\r\\ndadHKTPn3Ab20Iu6gZIbLO9Vuf38/IpaYGfnFCouHdzmiTiLieYNe3CUPcOJNSv7\\r\\n1G8KYpx3uNJRkJPab5OsRyJw75Gvzkr9OgaPss9tVD6Gt68u3WQtVQIDAQABo1Aw\\r\\nTjAdBgNVHQ4EFgQUogvhXB+xZ2JJPfLO6cVs4ForzscwHwYDVR0jBBgwFoAUogvh\\r\\nXB+xZ2JJPfLO6cVs4ForzscwDAYDVR0TBAUwAwEB/zANBgkqhkiG9w0BAQUFAAOC\\r\\nAQEAdDj7qUNJ45xlF5cjd+4x5NHvAD1VTjOKu+Xh/uzSSjXqB2F0aOMWA9lx0qaQ\\r\\noJgHkGxj3zz/W7ik/cVGL2O+vRIOKv/y0OPogEmS3Hw+P+O6OGE7x1G6YN0zLVoL\\r\\nu4BN/BEYmjttxM9I7qqL7C5cJoE+K3s/w1/pt/68ohJcr7F9Ohi7cso62xuGY1Rm\\r\\nksAh2EUDsU9JV/P+C9AMpLSrb03JJYzVj4w1RHbrmw2AjFyGXdQYkggyXisg+Ifr\\r\\n5gbNN7HigpHf7b2i3CQBUqp9m23frh5AhnLI2qp3UXgc52U5ieLdi/t6j0TTZqqY\\r\\nHhHqofKrj938HHlBNpC5/LVh3w==\\r\\n\"\r\n            }\r\n          ]\r\n        }\r\n      },\r\n      \"secrets\": []\r\n    },\r\n    \"networkProfile\": {\"networkInterfaces\":[{\"id\":\"/subscriptions/e33f361b-53c2-4cc7-b829-78906708387b/resourceGroups/xplatTestGVMStart/providers/Microsoft.Network/networkInterfaces/xplattestnicStSp\"}]},\r\n    \"diagnosticsProfile\": {\r\n      \"bootDiagnostics\": {\r\n        \"enabled\": true,\r\n        \"storageUri\": \"https://xplattstoragestsp1626.blob.core.windows.net/\"\r\n      }\r\n    },\r\n    \"provisioningState\": \"Succeeded\",\r\n    \"instanceView\": {\r\n      \"vmAgent\": {\r\n        \"vmAgentVersion\": \"2.1.3\",\r\n        \"statuses\": [\r\n          {\r\n            \"code\": \"ProvisioningState/succeeded\",\r\n            \"level\": \"Info\",\r\n            \"displayStatus\": \"Ready\",\r\n            \"message\": \"Guest Agent is running\",\r\n            \"time\": \"2017-06-02T17:38:01+00:00\"\r\n          }\r\n        ],\r\n        \"extensionHandlers\": []\r\n      },\r\n      \"disks\": [\r\n        {\r\n          \"name\": \"cli56bbee52ab1c4eb6-os-1496424868214\",\r\n          \"statuses\": [\r\n            {\r\n              \"code\": \"ProvisioningState/succeeded\",\r\n              \"level\": \"Info\",\r\n              \"displayStatus\": \"Provisioning succeeded\",\r\n              \"time\": \"2017-06-02T17:36:35.217821+00:00\"\r\n            }\r\n          ]\r\n        }\r\n      ],\r\n      \"bootDiagnostics\": {\r\n        \"consoleScreenshotBlobUri\": \"https://xplattstoragestsp1626.blob.core.windows.net/bootdiagnostics-xplatvmst-bf25c391-0900-4173-a439-604c92c03b80/xplatvmStSp.bf25c391-0900-4173-a439-604c92c03b80.screenshot.bmp\",\r\n        \"serialConsoleLogBlobUri\": \"https://xplattstoragestsp1626.blob.core.windows.net/bootdiagnostics-xplatvmst-bf25c391-0900-4173-a439-604c92c03b80/xplatvmStSp.bf25c391-0900-4173-a439-604c92c03b80.serialconsole.log\"\r\n      },\r\n      \"statuses\": [\r\n        {\r\n          \"code\": \"ProvisioningState/succeeded\",\r\n          \"level\": \"Info\",\r\n          \"displayStatus\": \"Provisioning succeeded\",\r\n          \"time\": \"2017-06-02T17:38:00.9075911+00:00\"\r\n        },\r\n        {\r\n          \"code\": \"PowerState/running\",\r\n          \"level\": \"Info\",\r\n          \"displayStatus\": \"VM running\"\r\n        }\r\n      ]\r\n    }\r\n  },\r\n  \"type\": \"Microsoft.Compute/virtualMachines\",\r\n  \"location\": \"southeastasia\",\r\n  \"tags\": {},\r\n  \"id\": \"/subscriptions/e33f361b-53c2-4cc7-b829-78906708387b/resourceGroups/xplatTestGVMStart/providers/Microsoft.Compute/virtualMachines/xplatvmStSp\",\r\n  \"name\": \"xplatvmStSp\"\r\n}", { 'cache-control': 'no-cache',
  pragma: 'no-cache',
  'content-length': '4919',
  'content-type': 'application/json; charset=utf-8',
  expires: '-1',
  'strict-transport-security': 'max-age=31536000; includeSubDomains',
  'x-ms-served-by': 'dce02487-9cda-4782-8138-773eb1573792_131340057859683594',
  'x-ms-request-id': 'ea826736-a910-4736-8a0d-0c82bcbd6271',
  server: 'Microsoft-HTTPAPI/2.0',
  'x-ms-ratelimit-remaining-subscription-reads': '14992',
  'x-ms-correlation-request-id': '894ac7c2-4c57-4313-8f68-5b6c415524dd',
  'x-ms-routing-request-id': 'WESTUS:20170602T173810Z:894ac7c2-4c57-4313-8f68-5b6c415524dd',
  date: 'Fri, 02 Jun 2017 17:38:10 GMT',
  connection: 'close' });
 return result; },
function (nock) { 
var result = 
nock('https://management.azure.com:443')
  .get('/subscriptions/e33f361b-53c2-4cc7-b829-78906708387b/resourceGroups/xplatTestGVMStart/providers/Microsoft.Compute/virtualMachines/xplatvmStSp?$expand=instanceView&api-version=2017-03-30')
  .reply(200, "{\r\n  \"properties\": {\r\n    \"vmId\": \"bf25c391-0900-4173-a439-604c92c03b80\",\r\n    \"hardwareProfile\": {\r\n      \"vmSize\": \"Standard_DS1\"\r\n    },\r\n    \"storageProfile\": {\r\n      \"imageReference\": {\r\n        \"publisher\": \"canonical\",\r\n        \"offer\": \"UbuntuServer\",\r\n        \"sku\": \"16.04.0-LTS\",\r\n        \"version\": \"latest\"\r\n      },\r\n      \"osDisk\": {\r\n        \"osType\": \"Linux\",\r\n        \"name\": \"cli56bbee52ab1c4eb6-os-1496424868214\",\r\n        \"createOption\": \"FromImage\",\r\n        \"vhd\": {\r\n          \"uri\": \"https://xplattstoragestsp1626.blob.core.windows.net/xplatteststoragecntstsp/cli56bbee52ab1c4eb6-os-1496424868214.vhd\"\r\n        },\r\n        \"caching\": \"ReadWrite\"\r\n      },\r\n      \"dataDisks\": []\r\n    },\r\n    \"osProfile\": {\r\n      \"computerName\": \"xplatvmStSp\",\r\n      \"adminUsername\": \"azureuser\",\r\n      \"linuxConfiguration\": {\r\n        \"disablePasswordAuthentication\": false,\r\n        \"ssh\": {\r\n          \"publicKeys\": [\r\n            {\r\n              \"path\": \"/home/azureuser/.ssh/authorized_keys\",\r\n              \"keyData\": \"MIID/zCCAuegAwIBAgIJAMUAa+XVLvAeMA0GCSqGSIb3DQEBBQUAMIGVMQswCQYD\\r\\nVQQGEwJJbjESMBAGA1UECAwJS2FybmF0YWthMRIwEAYDVQQHDAlCYW5nYWxvcmUx\\r\\nEDAOBgNVBAoMB2JyaWxsaW8xEjAQBgNVBAsMCW1pY3Jvc29mdDEQMA4GA1UEAwwH\\r\\nYnJpbGxpbzEmMCQGCSqGSIb3DQEJARYXc3JlZWthbnRoYnNAeWFob28uY28uaW4w\\r\\nHhcNMTUwMzA1MTE1MzEyWhcNMTYwMzA0MTE1MzEyWjCBlTELMAkGA1UEBhMCSW4x\\r\\nEjAQBgNVBAgMCUthcm5hdGFrYTESMBAGA1UEBwwJQmFuZ2Fsb3JlMRAwDgYDVQQK\\r\\nDAdicmlsbGlvMRIwEAYDVQQLDAltaWNyb3NvZnQxEDAOBgNVBAMMB2JyaWxsaW8x\\r\\nJjAkBgkqhkiG9w0BCQEWF3NyZWVrYW50aGJzQHlhaG9vLmNvLmluMIIBIjANBgkq\\r\\nhkiG9w0BAQEFAAOCAQ8AMIIBCgKCAQEAyUNKaOuT0NK+S8Ck81zy9xJ6hXfZvAC6\\r\\nlhbmf/6s/WVimJ/TX5NMhQJwC9k6ZIF92KfYrojHNvHDufSZ3EtKUVwRFCDjmgMT\\r\\nDL09WkGaZt7gROYFK0iZ4KrYGovUwlwum9fHB24OJiOV4bi0ek62/rHx9fjYZpvp\\r\\naIH2PV/hN8SCZ0x7HJMberD4gVoU/Kv42nNvwjLUW6IZfVx/Gv5OeFDtWHfSvUEF\\r\\ndadHKTPn3Ab20Iu6gZIbLO9Vuf38/IpaYGfnFCouHdzmiTiLieYNe3CUPcOJNSv7\\r\\n1G8KYpx3uNJRkJPab5OsRyJw75Gvzkr9OgaPss9tVD6Gt68u3WQtVQIDAQABo1Aw\\r\\nTjAdBgNVHQ4EFgQUogvhXB+xZ2JJPfLO6cVs4ForzscwHwYDVR0jBBgwFoAUogvh\\r\\nXB+xZ2JJPfLO6cVs4ForzscwDAYDVR0TBAUwAwEB/zANBgkqhkiG9w0BAQUFAAOC\\r\\nAQEAdDj7qUNJ45xlF5cjd+4x5NHvAD1VTjOKu+Xh/uzSSjXqB2F0aOMWA9lx0qaQ\\r\\noJgHkGxj3zz/W7ik/cVGL2O+vRIOKv/y0OPogEmS3Hw+P+O6OGE7x1G6YN0zLVoL\\r\\nu4BN/BEYmjttxM9I7qqL7C5cJoE+K3s/w1/pt/68ohJcr7F9Ohi7cso62xuGY1Rm\\r\\nksAh2EUDsU9JV/P+C9AMpLSrb03JJYzVj4w1RHbrmw2AjFyGXdQYkggyXisg+Ifr\\r\\n5gbNN7HigpHf7b2i3CQBUqp9m23frh5AhnLI2qp3UXgc52U5ieLdi/t6j0TTZqqY\\r\\nHhHqofKrj938HHlBNpC5/LVh3w==\\r\\n\"\r\n            }\r\n          ]\r\n        }\r\n      },\r\n      \"secrets\": []\r\n    },\r\n    \"networkProfile\": {\"networkInterfaces\":[{\"id\":\"/subscriptions/e33f361b-53c2-4cc7-b829-78906708387b/resourceGroups/xplatTestGVMStart/providers/Microsoft.Network/networkInterfaces/xplattestnicStSp\"}]},\r\n    \"diagnosticsProfile\": {\r\n      \"bootDiagnostics\": {\r\n        \"enabled\": true,\r\n        \"storageUri\": \"https://xplattstoragestsp1626.blob.core.windows.net/\"\r\n      }\r\n    },\r\n    \"provisioningState\": \"Succeeded\",\r\n    \"instanceView\": {\r\n      \"vmAgent\": {\r\n        \"vmAgentVersion\": \"2.1.3\",\r\n        \"statuses\": [\r\n          {\r\n            \"code\": \"ProvisioningState/succeeded\",\r\n            \"level\": \"Info\",\r\n            \"displayStatus\": \"Ready\",\r\n            \"message\": \"Guest Agent is running\",\r\n            \"time\": \"2017-06-02T17:38:01+00:00\"\r\n          }\r\n        ],\r\n        \"extensionHandlers\": []\r\n      },\r\n      \"disks\": [\r\n        {\r\n          \"name\": \"cli56bbee52ab1c4eb6-os-1496424868214\",\r\n          \"statuses\": [\r\n            {\r\n              \"code\": \"ProvisioningState/succeeded\",\r\n              \"level\": \"Info\",\r\n              \"displayStatus\": \"Provisioning succeeded\",\r\n              \"time\": \"2017-06-02T17:36:35.217821+00:00\"\r\n            }\r\n          ]\r\n        }\r\n      ],\r\n      \"bootDiagnostics\": {\r\n        \"consoleScreenshotBlobUri\": \"https://xplattstoragestsp1626.blob.core.windows.net/bootdiagnostics-xplatvmst-bf25c391-0900-4173-a439-604c92c03b80/xplatvmStSp.bf25c391-0900-4173-a439-604c92c03b80.screenshot.bmp\",\r\n        \"serialConsoleLogBlobUri\": \"https://xplattstoragestsp1626.blob.core.windows.net/bootdiagnostics-xplatvmst-bf25c391-0900-4173-a439-604c92c03b80/xplatvmStSp.bf25c391-0900-4173-a439-604c92c03b80.serialconsole.log\"\r\n      },\r\n      \"statuses\": [\r\n        {\r\n          \"code\": \"ProvisioningState/succeeded\",\r\n          \"level\": \"Info\",\r\n          \"displayStatus\": \"Provisioning succeeded\",\r\n          \"time\": \"2017-06-02T17:38:00.9075911+00:00\"\r\n        },\r\n        {\r\n          \"code\": \"PowerState/running\",\r\n          \"level\": \"Info\",\r\n          \"displayStatus\": \"VM running\"\r\n        }\r\n      ]\r\n    }\r\n  },\r\n  \"type\": \"Microsoft.Compute/virtualMachines\",\r\n  \"location\": \"southeastasia\",\r\n  \"tags\": {},\r\n  \"id\": \"/subscriptions/e33f361b-53c2-4cc7-b829-78906708387b/resourceGroups/xplatTestGVMStart/providers/Microsoft.Compute/virtualMachines/xplatvmStSp\",\r\n  \"name\": \"xplatvmStSp\"\r\n}", { 'cache-control': 'no-cache',
  pragma: 'no-cache',
  'content-length': '4919',
  'content-type': 'application/json; charset=utf-8',
  expires: '-1',
  'strict-transport-security': 'max-age=31536000; includeSubDomains',
  'x-ms-served-by': 'dce02487-9cda-4782-8138-773eb1573792_131340057859683594',
  'x-ms-request-id': 'ea826736-a910-4736-8a0d-0c82bcbd6271',
  server: 'Microsoft-HTTPAPI/2.0',
  'x-ms-ratelimit-remaining-subscription-reads': '14992',
  'x-ms-correlation-request-id': '894ac7c2-4c57-4313-8f68-5b6c415524dd',
  'x-ms-routing-request-id': 'WESTUS:20170602T173810Z:894ac7c2-4c57-4313-8f68-5b6c415524dd',
  date: 'Fri, 02 Jun 2017 17:38:10 GMT',
  connection: 'close' });
 return result; },
function (nock) { 
var result = 
nock('http://management.azure.com:443')
  .post('/subscriptions/e33f361b-53c2-4cc7-b829-78906708387b/resourceGroups/xplatTestGVMStart/providers/Microsoft.Storage/storageAccounts/xplattstoragestsp1626/listKeys?api-version=2016-12-01')
  .reply(200, "{\"keys\":[{\"keyName\":\"key1\",\"permissions\":\"Full\",\"value\":\"MsgJoMv27zTnzJ6i4yMmQiyTxs46aN2dxLppgbWlvVnYdIarBrEXJu4/hFjtm8JE5M9mxu2rQlw5IBvInqeHvQ==\"},{\"keyName\":\"key2\",\"permissions\":\"Full\",\"value\":\"S0f3A/Cpm0rJ07yt8Zsg/XBUE7rYiEoh7m0IXAeNY85vtH2TCxZRAT4uvqN2H5efDDvrRGefnpEuwF85yWEPFQ==\"}]}\n", { 'cache-control': 'no-cache',
  pragma: 'no-cache',
  'content-length': '289',
  'content-type': 'application/json',
  expires: '-1',
  'x-ms-request-id': '931e0f13-237b-47aa-a809-e50a136e756b',
  server: 'Microsoft-Azure-Storage-Resource-Provider/1.0',
  'x-ms-ratelimit-remaining-subscription-writes': '1195',
  'x-ms-correlation-request-id': '931e0f13-237b-47aa-a809-e50a136e756b',
  'x-ms-routing-request-id': 'WESTUS:20170602T173810Z:931e0f13-237b-47aa-a809-e50a136e756b',
  'strict-transport-security': 'max-age=31536000; includeSubDomains',
  date: 'Fri, 02 Jun 2017 17:38:09 GMT',
  connection: 'close' });
 return result; },
function (nock) { 
var result = 
nock('https://management.azure.com:443')
  .post('/subscriptions/e33f361b-53c2-4cc7-b829-78906708387b/resourceGroups/xplatTestGVMStart/providers/Microsoft.Storage/storageAccounts/xplattstoragestsp1626/listKeys?api-version=2016-12-01')
  .reply(200, "{\"keys\":[{\"keyName\":\"key1\",\"permissions\":\"Full\",\"value\":\"MsgJoMv27zTnzJ6i4yMmQiyTxs46aN2dxLppgbWlvVnYdIarBrEXJu4/hFjtm8JE5M9mxu2rQlw5IBvInqeHvQ==\"},{\"keyName\":\"key2\",\"permissions\":\"Full\",\"value\":\"S0f3A/Cpm0rJ07yt8Zsg/XBUE7rYiEoh7m0IXAeNY85vtH2TCxZRAT4uvqN2H5efDDvrRGefnpEuwF85yWEPFQ==\"}]}\n", { 'cache-control': 'no-cache',
  pragma: 'no-cache',
  'content-length': '289',
  'content-type': 'application/json',
  expires: '-1',
  'x-ms-request-id': '931e0f13-237b-47aa-a809-e50a136e756b',
  server: 'Microsoft-Azure-Storage-Resource-Provider/1.0',
  'x-ms-ratelimit-remaining-subscription-writes': '1195',
  'x-ms-correlation-request-id': '931e0f13-237b-47aa-a809-e50a136e756b',
  'x-ms-routing-request-id': 'WESTUS:20170602T173810Z:931e0f13-237b-47aa-a809-e50a136e756b',
  'strict-transport-security': 'max-age=31536000; includeSubDomains',
  date: 'Fri, 02 Jun 2017 17:38:09 GMT',
  connection: 'close' });
 return result; },
function (nock) { 
var result = 
nock('http://xplattstoragestsp1626.blob.core.windows.net:443')
  .head('/bootdiagnostics-xplatvmst-bf25c391-0900-4173-a439-604c92c03b80/xplatvmStSp.bf25c391-0900-4173-a439-604c92c03b80.serialconsole.log')
  .reply(200, "", { 'content-length': '54272',
  'content-type': 'text/plain',
  'last-modified': 'Fri, 02 Jun 2017 17:37:53 GMT',
  'accept-ranges': 'bytes',
  etag: '"0x8D4A9DE193059BA"',
  server: 'Windows-Azure-Blob/1.0 Microsoft-HTTPAPI/2.0',
  'x-ms-request-id': '06a832b8-0001-001a-18c7-db11f9000000',
  'x-ms-version': '2016-05-31',
  'x-ms-lease-status': 'unlocked',
  'x-ms-lease-state': 'available',
  'x-ms-blob-type': 'PageBlob',
  'x-ms-blob-sequence-number': '0',
  'x-ms-server-encrypted': 'false',
  date: 'Fri, 02 Jun 2017 17:38:11 GMT',
  connection: 'close' });
 return result; },
function (nock) { 
var result = 
nock('https://xplattstoragestsp1626.blob.core.windows.net:443')
  .head('/bootdiagnostics-xplatvmst-bf25c391-0900-4173-a439-604c92c03b80/xplatvmStSp.bf25c391-0900-4173-a439-604c92c03b80.serialconsole.log')
  .reply(200, "", { 'content-length': '54272',
  'content-type': 'text/plain',
  'last-modified': 'Fri, 02 Jun 2017 17:37:53 GMT',
  'accept-ranges': 'bytes',
  etag: '"0x8D4A9DE193059BA"',
  server: 'Windows-Azure-Blob/1.0 Microsoft-HTTPAPI/2.0',
  'x-ms-request-id': '06a832b8-0001-001a-18c7-db11f9000000',
  'x-ms-version': '2016-05-31',
  'x-ms-lease-status': 'unlocked',
  'x-ms-lease-state': 'available',
  'x-ms-blob-type': 'PageBlob',
  'x-ms-blob-sequence-number': '0',
  'x-ms-server-encrypted': 'false',
  date: 'Fri, 02 Jun 2017 17:38:11 GMT',
  connection: 'close' });
 return result; },
function (nock) { 
var result = 
nock('http://xplattstoragestsp1626.blob.core.windows.net:443')
  .get('/bootdiagnostics-xplatvmst-bf25c391-0900-4173-a439-604c92c03b80/xplatvmStSp.bf25c391-0900-4173-a439-604c92c03b80.serialconsole.log')
  .reply(200, "\u001b[H\u001b[J\u001b[1;1H[    0.000000] Initializing cgroup subsys cpuset\r\n[    0.000000] Initializing cgroup subsys cpu\r\n[    0.000000] Initializing cgroup subsys cpuacct\r\n[    0.000000] Linux version 4.4.0-47-generic (buildd@lcy01-03) (gcc version 5.4.0 20160609 (Ubuntu 5.4.0-6ubuntu1~16.04.2) ) #68-Ubuntu SMP Wed Oct 26 19:39:52 UTC 2016 (Ubuntu 4.4.0-47.68-generic 4.4.24)\r\n[    0.000000] Command line: BOOT_IMAGE=/boot/vmlinuz-4.4.0-47-generic root=UUID=e990f8b3-1d6b-4615-8280-8ead4ed2fe7c ro console=tty1 console=ttyS0 earlyprintk=ttyS0 rootdelay=300\r\n[    0.000000] KERNEL supported cpus:\r\n[    0.000000]   Intel GenuineIntel\r\n[    0.000000]   AMD AuthenticAMD\r\n[    0.000000]   Centaur CentaurHauls\r\n[    0.000000] x86/fpu: xstate_offset[2]:  576, xstate_sizes[2]:  256\r\n[    0.000000] x86/fpu: Supporting XSAVE feature 0x01: 'x87 floating point registers'\r\n[    0.000000] x86/fpu: Supporting XSAVE feature 0x02: 'SSE registers'\r\n[    0.000000] x86/fpu: Supporting XSAVE feature 0x04: 'AVX registers'\r\n[    0.000000] x86/fpu: Enabled xstate features 0x7, context size is 832 bytes, using 'standard' format.\r\n[    0.000000] x86/fpu: Using 'eager' FPU context switches.\r\n[    0.000000] e820: BIOS-provided physical RAM map:\r\n[    0.000000] BIOS-e820: [mem 0x0000000000000000-0x000000000009fbff] usable\r\n[    0.000000] BIOS-e820: [mem 0x000000000009fc00-0x000000000009ffff] reserved\r\n[    0.000000] BIOS-e820: [mem 0x00000000000e0000-0x00000000000fffff] reserved\r\n[    0.000000] BIOS-e820: [mem 0x0000000000100000-0x000000001ffeffff] usable\r\n[    0.000000] BIOS-e820: [mem 0x000000001fff0000-0x000000001fffefff] ACPI data\r\n[    0.000000] BIOS-e820: [mem 0x000000001ffff000-0x000000001fffffff] ACPI NVS\r\n[    0.000000] BIOS-e820: [mem 0x0000000100000000-0x00000001bfffffff] usable\r\n[    0.000000] bootconsole [earlyser0] enabled\r\n[    0.000000] NX (Execute Disable) protection: active\r\n[    0.000000] SMBIOS 2.3 present.\r\n[    0.000000] Hypervisor detected: Microsoft HyperV\r\n[    0.000000] HyperV: features 0xe7f, hints 0x2c\r\n[    0.000000] HyperV: LAPIC Timer Frequency: 0xc3500\r\n[    0.000000] clocksource: hyperv_clocksource: mask: 0xffffffffffffffff max_cycles: 0x24e6a1710, max_idle_ns: 440795202120 ns\r\n[    0.000000] tsc: Marking TSC unstable due to running on Hyper-V\r\n[    0.000000] e820: last_pfn = 0x1c0000 max_arch_pfn = 0x400000000\r\n[    0.000000] x86/PAT: Configuration [0-7]: WB  WC  UC- UC  WB  WC  UC- WT  \r\n[    0.000000] e820: last_pfn = 0x1fff0 max_arch_pfn = 0x400000000\r\n[    0.000000] found SMP MP-table at [mem 0x000ff780-0x000ff78f] mapped at [ffff8800000ff780]\r\n[    0.000000] Scanning 1 areas for low memory corruption\r\n[    0.000000] RAMDISK: [mem 0x1d3ff000-0x1f779fff]\r\n[    0.000000] ACPI: Early table checksum verification disabled\r\n[    0.000000] ACPI: RSDP 0x00000000000F56F0 000014 (v00 ACPIAM)\r\n[    0.000000] ACPI: RSDT 0x000000001FFF0000 000040 (v01 VRTUAL MICROSFT 05001223 MSFT 00000097)\r\n[    0.000000] ACPI: FACP 0x000000001FFF0200 000081 (v02 VRTUAL MICROSFT 05001223 MSFT 00000097)\r\n[    0.000000] ACPI: DSDT 0x000000001FFF1724 002E78 (v01 MSFTVM MSFTVM02 00000002 INTL 02002026)\r\n[    0.000000] ACPI: FACS 0x000000001FFFF000 000040\r\n[    0.000000] ACPI: WAET 0x000000001FFF1480 000028 (v01 VRTUAL MICROSFT 05001223 MSFT 00000097)\r\n[    0.000000] ACPI: SLIC 0x000000001FFF14C0 000176 (v01 VRTUAL MICROSFT 05001223 MSFT 00000097)\r\n[    0.000000] ACPI: OEM0 0x000000001FFF16C0 000064 (v01 VRTUAL MICROSFT 05001223 MSFT 00000097)\r\n[    0.000000] ACPI: SRAT 0x000000001FFF0600 000090 (v02 VRTUAL MICROSFT 00000001 MSFT 00000001)\r\n[    0.000000] ACPI: APIC 0x000000001FFF0300 00024C (v01 VRTUAL MICROSFT 05001223 MSFT 00000097)\r\n[    0.000000] ACPI: OEMB 0x000000001FFFF040 000064 (v01 VRTUAL MICROSFT 05001223 MSFT 00000097)\r\n[    0.000000] SRAT: PXM 0 -> APIC 0x00 -> Node 0\r\n[    0.000000] SRAT: Node 0 PXM 0 [mem 0x00000000-0x1fffffff]\r\n[    0.000000] SRAT: Node 0 PXM 0 [mem 0x100000000-0x1bfffffff]\r\n[    0.000000] NUMA: Node 0 [mem 0x00000000-0x1fffffff] + [mem 0x100000000-0x1bfffffff] -> [mem 0x00000000-0x1bfffffff]\r\n[    0.000000] NODE_DATA(0) allocated [mem 0x1bfffa000-0x1bfffefff]\r\n[    0.000000] Zone ranges:\r\n[    0.000000]   DMA      [mem 0x0000000000001000-0x0000000000ffffff]\r\n[    0.000000]   DMA32    [mem 0x0000000001000000-0x00000000ffffffff]\r\n[    0.000000]   Normal   [mem 0x0000000100000000-0x00000001bfffffff]\r\n[    0.000000]   Device   empty\r\n[    0.000000] Movable zone start for each node\r\n[    0.000000] Early memory node ranges\r\n[    0.000000]   node   0: [mem 0x0000000000001000-0x000000000009efff]\r\n[    0.000000]   node   0: [mem 0x0000000000100000-0x000000001ffeffff]\r\n[    0.000000]   node   0: [mem 0x0000000100000000-0x00000001bfffffff]\r\n[    0.000000] Initmem setup node 0 [mem 0x0000000000001000-0x00000001bfffffff]\r\n[    0.000000] ACPI: PM-Timer IO Port: 0x408\r\n[    0.000000] IOAPIC[0]: apic_id 0, version 17, address 0xfec00000, GSI 0-23\r\n[    0.000000] ACPI: INT_SRC_OVR (bus 0 bus_irq 0 global_irq 2 dfl dfl)\r\n[    0.000000] ACPI: INT_SRC_OVR (bus 0 bus_irq 9 global_irq 9 high level)\r\n[    0.000000] Using ACPI (MADT) for SMP configuration information\r\n[    0.000000] smpboot: Allowing 64 CPUs, 63 hotplug CPUs\r\n[    0.000000] PM: Registered nosave memory: [mem 0x00000000-0x00000fff]\r\n[    0.000000] PM: Registered nosave memory: [mem 0x0009f000-0x0009ffff]\r\n[    0.000000] PM: Registered nosave memory: [mem 0x000a0000-0x000dffff]\r\n[    0.000000] PM: Registered nosave memory: [mem 0x000e0000-0x000fffff]\r\n[    0.000000] PM: Registered nosave memory: [mem 0x1fff0000-0x1fffefff]\r\n[    0.000000] PM: Registered nosave memory: [mem 0x1ffff000-0x1fffffff]\r\n[    0.000000] PM: Registered nosave memory: [mem 0x20000000-0xffffffff]\r\n[    0.000000] e820: [mem 0x20000000-0xffffffff] available for PCI devices\r\n[    0.000000] Booting paravirtualized kernel on bare hardware\r\n[    0.000000] clocksource: refined-jiffies: mask: 0xffffffff max_cycles: 0xffffffff, max_idle_ns: 7645519600211568 ns\r\n[    0.000000] setup_percpu: NR_CPUS:256 nr_cpumask_bits:256 nr_cpu_ids:64 nr_node_ids:1\r\n[    0.000000] PERCPU: Embedded 33 pages/cpu @ffff8801bae00000 s98008 r8192 d28968 u262144\r\n[    0.000000] Built 1 zonelists in Node order, mobility grouping on.  Total pages: 903033\r\n[    0.000000] Policy zone: Normal\r\n[    0.000000] Kernel command line: BOOT_IMAGE=/boot/vmlinuz-4.4.0-47-generic root=UUID=e990f8b3-1d6b-4615-8280-8ead4ed2fe7c ro console=tty1 console=ttyS0 earlyprintk=ttyS0 rootdelay=300\r\n[    0.000000] log_buf_len individual max cpu contribution: 4096 bytes\r\n[    0.000000] log_buf_len total cpu_extra contributions: 258048 bytes\r\n[    0.000000] log_buf_len min size: 262144 bytes\r\n[    0.000000] log_buf_len: 524288 bytes\r\n[    0.000000] early log buf free: 253140(96%)\r\n[    0.000000] PID hash table entries: 4096 (order: 3, 32768 bytes)\r\n[    0.000000] Memory: 3482052K/3669560K available (8423K kernel code, 1285K rwdata, 3952K rodata, 1480K init, 1292K bss, 187508K reserved, 0K cma-reserved)\r\n[    0.000000] SLUB: HWalign=64, Order=0-3, MinObjects=0, CPUs=64, Nodes=1\r\n[    0.000000] Hierarchical RCU implementation.\r\n[    0.000000] \tBuild-time adjustment of leaf fanout to 64.\r\n[    0.000000] \tRCU restricting CPUs from NR_CPUS=256 to nr_cpu_ids=64.\r\n[    0.000000] RCU: Adjusting geometry for rcu_fanout_leaf=64, nr_cpu_ids=64\r\n[    0.000000] NR_IRQS:16640 nr_irqs:936 16\r\n[    0.000000] Console: colour VGA+ 80x25\r\n[    0.000000] console [tty1] enabled\r\n[    0.000000] console [ttyS0] enabled\r\n[    0.000000] console [ttyS0] enabled\r\n[    0.000000] bootconsole [earlyser0] disabled\r\n[    0.000000] bootconsole [earlyser0] disabled\r\n[    0.000000] tsc: Unable to calibrate against PIT\r\n[    0.000000] tsc: using PMTIMER reference calibration\r\n[    0.000000] tsc: Detected 2194.686 MHz processor\r\n[    0.016036] Calibrating delay loop (skipped), value calculated using timer frequency.. 4389.37 BogoMIPS (lpj=8778744)\r\n[    0.021372] pid_max: default: 65536 minimum: 512\r\n[    0.022943] ACPI: Core revision 20150930\r\n[    0.025926] ACPI: 1 ACPI AML tables successfully acquired and loaded\r\n[    0.029134] Security Framework initialized\r\n[    0.030646] Yama: becoming mindful.\r\n[    0.032069] AppArmor: AppArmor initialized\r\n[    0.033894] Dentry cache hash table entries: 524288 (order: 10, 4194304 bytes)\r\n[    0.036943] Inode-cache hash table entries: 262144 (order: 9, 2097152 bytes)\r\n[    0.040429] Mount-cache hash table entries: 8192 (order: 4, 65536 bytes)\r\n[    0.042234] Mountpoint-cache hash table entries: 8192 (order: 4, 65536 bytes)\r\n[    0.044302] Initializing cgroup subsys io\r\n[    0.045733] Initializing cgroup subsys memory\r\n[    0.047227] Initializing cgroup subsys devices\r\n[    0.048021] Initializing cgroup subsys freezer\r\n[    0.049486] Initializing cgroup subsys net_cls\r\n[    0.050979] Initializing cgroup subsys perf_event\r\n[    0.052021] Initializing cgroup subsys net_prio\r\n[    0.053517] Initializing cgroup subsys hugetlb\r\n[    0.056019] Initializing cgroup subsys pids\r\n[    0.057505] mce: CPU supports 1 MCE banks\r\n[    0.058977] Last level iTLB entries: 4KB 512, 2MB 8, 4MB 8\r\n[    0.060018] Last level dTLB entries: 4KB 512, 2MB 32, 4MB 32, 1GB 0\r\n[    0.086639] ftrace: allocating 32047 entries in 126 pages\r\n[    0.100175] smpboot: Max logical packages: 64\r\n[    0.101737] smpboot: APIC(0) Converting physical 0 to logical package 0\r\n[    0.104054] Switched APIC routing to physical flat.\r\n[    0.119769] ..TIMER: vector=0x30 apic1=0 pin1=2 apic2=-1 pin2=-1\r\n[    0.120149] smpboot: CPU0: Intel(R) Xeon(R) CPU E5-2660 0 @ 2.20GHz (family: 0x6, model: 0x2d, stepping: 0x7)\r\n[    0.124016] Performance Events: unsupported p6 CPU model 45 no PMU driver, software events only.\r\n[    0.129300] x86: Booted up 1 node, 1 CPUs\r\n[    0.130787] smpboot: Total of 1 processors activated (4389.37 BogoMIPS)\r\n[    0.132009] NMI watchdog: disabled (cpu0): hardware events not enabled\r\n[    0.133858] NMI watchdog: Shutting down hard lockup detector on all cpus\r\n[    0.140244] devtmpfs: initialized\r\n[    0.144209] evm: security.selinux\r\n[    0.145925] evm: security.SMACK64\r\n[    0.147818] evm: security.SMACK64EXEC\r\n[    0.148007] evm: security.SMACK64TRANSMUTE\r\n[    0.149318] evm: security.SMACK64MMAP\r\n[    0.150416] evm: security.ima\r\n[    0.152007] evm: security.capability\r\n[    0.153200] PM: Registering ACPI NVS region [mem 0x1ffff000-0x1fffffff] (4096 bytes)\r\n[    0.154913] clocksource: jiffies: mask: 0xffffffff max_cycles: 0xffffffff, max_idle_ns: 7645041785100000 ns\r\n[    0.156172] pinctrl core: initialized pinctrl subsystem\r\n[    0.157785] RTC time: 17:37:18, date: 06/02/17\r\n[    0.160178] NET: Registered protocol family 16\r\n[    0.161550] cpuidle: using governor ladder\r\n[    0.162743] cpuidle: using governor menu\r\n[    0.164005] PCCT header not found.\r\n[    0.165246] ACPI: bus type PCI registered\r\n[    0.166466] acpiphp: ACPI Hot Plug PCI Controller Driver version: 0.5\r\n[    0.168476] PCI: Using configuration type 1 for base access\r\n[    0.171904] ACPI: Added _OSI(Module Device)\r\n[    0.172004] ACPI: Added _OSI(Processor Device)\r\n[    0.173007] ACPI: Added _OSI(3.0 _SCP Extensions)\r\n[    0.174008] ACPI: Added _OSI(Processor Aggregator Device)\r\n[    0.178196] ACPI: Interpreter enabled\r\n[    0.180016] ACPI: (supports S0 S5)\r\n[    0.180866] ACPI: Using IOAPIC for interrupt routing\r\n[    0.181906] PCI: Using host bridge windows from ACPI; if necessary, use \"pci=nocrs\" and report a bug\r\n[    0.194462] ACPI: PCI Root Bridge [PCI0] (domain 0000 [bus 00-ff])\r\n[    0.196010] acpi PNP0A03:00: _OSC: OS supports [ASPM ClockPM Segments MSI]\r\n[    0.197503] acpi PNP0A03:00: _OSC failed (AE_NOT_FOUND); disabling ASPM\r\n[    0.198857] acpi PNP0A03:00: fail to add MMCONFIG information, can't access extended PCI configuration space under this bridge.\r\n[    0.200598] PCI host bridge to bus 0000:00\r\n[    0.201732] pci_bus 0000:00: root bus resource [mem 0xfe0000000-0xfffefffff window]\r\n[    0.204008] pci_bus 0000:00: root bus resource [io  0x0000-0x0cf7 window]\r\n[    0.205355] pci_bus 0000:00: root bus resource [io  0x0d00-0xffff window]\r\n[    0.206736] pci_bus 0000:00: root bus resource [mem 0x000a0000-0x000bffff window]\r\n[    0.208004] pci_bus 0000:00: root bus resource [mem 0x20000000-0xfffbffff window]\r\n[    0.209586] pci_bus 0000:00: root bus resource [bus 00-ff]\r\n[    0.218280] pci 0000:00:07.1: legacy IDE quirk: reg 0x10: [io  0x01f0-0x01f7]\r\n[    0.219718] pci 0000:00:07.1: legacy IDE quirk: reg 0x14: [io  0x03f6]\r\n[    0.220003] pci 0000:00:07.1: legacy IDE quirk: reg 0x18: [io  0x0170-0x0177]\r\n[    0.221766] pci 0000:00:07.1: legacy IDE quirk: reg 0x1c: [io  0x0376]\r\n[    0.224455] * Found PM-Timer Bug on the chipset. Due to workarounds for a bug,\r\n[    0.224455] * this clock source is slow. Consider trying other clock sources\r\n[    0.228461] pci 0000:00:07.3: quirk: [io  0x0400-0x043f] claimed by PIIX4 ACPI\r\n[    0.239189] ACPI: PCI Interrupt Link [LNKA] (IRQs 3 4 5 7 9 10 *11 12 14 15)\r\n[    0.248185] ACPI: PCI Interrupt Link [LNKB] (IRQs 3 4 5 7 9 10 11 12 14 15) *0, disabled.\r\n[    0.259257] ACPI: PCI Interrupt Link [LNKC] (IRQs 3 4 5 7 9 10 11 12 14 15) *0, disabled.\r\n[    0.269702] ACPI: PCI Interrupt Link [LNKD] (IRQs 3 4 5 7 9 10 11 12 14 15) *0, disabled.\r\n[    0.280181] ACPI: Enabled 1 GPEs in block 00 to 0F\r\n[    0.282826] vgaarb: setting as boot device: PCI:0000:00:08.0\r\n[    0.284000] vgaarb: device added: PCI:0000:00:08.0,decodes=io+mem,owns=io+mem,locks=none\r\n[    0.284003] vgaarb: loaded\r\n[    0.288003] vgaarb: bridge control possible 0000:00:08.0\r\n[    0.289520] SCSI subsystem initialized\r\n[    0.290708] ACPI: bus type USB registered\r\n[    0.291876] usbcore: registered new interface driver usbfs\r\n[    0.292013] usbcore: registered new interface driver hub\r\n[    0.293286] usbcore: registered new device driver usb\r\n[    0.294697] PCI: Using ACPI for IRQ routing\r\n[    0.296802] NetLabel: Initializing\r\n[    0.298138] NetLabel:  domain hash size = 128\r\n[    0.300003] NetLabel:  protocols = UNLABELED CIPSOv4\r\n[    0.301202] NetLabel:  unlabeled traffic allowed by default\r\n[    0.302516] amd_nb: Cannot enumerate AMD northbridges\r\n[    0.304021] clocksource: Switched to clocksource hyperv_clocksource\r\n[    0.312009] AppArmor: AppArmor Filesystem Enabled\r\n[    0.314930] pnp: PnP ACPI init\r\n[    0.318360] system 00:06: [io  0x01e0-0x01ef] has been reserved\r\n[    0.319638] system 00:06: [io  0x0160-0x016f] has been reserved\r\n[    0.320912] system 00:06: [io  0x0278-0x027f] has been reserved\r\n[    0.322448] system 00:06: [io  0x0378-0x037f] has been reserved\r\n[    0.323710] system 00:06: [io  0x0678-0x067f] has been reserved\r\n[    0.324994] system 00:06: [io  0x0778-0x077f] has been reserved\r\n[    0.326245] system 00:06: [io  0x04d0-0x04d1] has been reserved\r\n[    0.327643] system 00:07: [io  0x0400-0x043f] has been reserved\r\n[    0.328922] system 00:07: [io  0x0370-0x0371] has been reserved\r\n[    0.330176] system 00:07: [io  0x0440-0x044f] has been reserved\r\n[    0.331697] system 00:07: [mem 0xfec00000-0xfec00fff] could not be reserved\r\n[    0.333052] system 00:07: [mem 0xfee00000-0xfee00fff] has been reserved\r\n[    0.334478] system 00:08: [mem 0x00000000-0x0009ffff] could not be reserved\r\n[    0.335829] system 00:08: [mem 0x000c0000-0x000dffff] could not be reserved\r\n[    0.337197] system 00:08: [mem 0x000e0000-0x000fffff] could not be reserved\r\n[    0.338655] system 00:08: [mem 0x00100000-0x1fffffff] could not be reserved\r\n[    0.339979] system 00:08: [mem 0xfffc0000-0xffffffff] has been reserved\r\n[    0.341789] pnp: PnP ACPI: found 9 devices\r\n[    0.348984] clocksource: acpi_pm: mask: 0xffffff max_cycles: 0xffffff, max_idle_ns: 2085701024 ns\r\n[    0.350508] NET: Registered protocol family 2\r\n[    0.352515] TCP established hash table entries: 32768 (order: 6, 262144 bytes)\r\n[    0.354531] TCP bind hash table entries: 32768 (order: 7, 524288 bytes)\r\n[    0.355915] TCP: Hash tables configured (established 32768 bind 32768)\r\n[    0.357307] UDP hash table entries: 2048 (order: 4, 65536 bytes)\r\n[    0.358591] UDP-Lite hash table entries: 2048 (order: 4, 65536 bytes)\r\n[    0.360095] NET: Registered protocol family 1\r\n[    0.361242] pci 0000:00:00.0: Limiting direct PCI/PCI transfers\r\n[    0.362751] Trying to unpack rootfs image as initramfs...\r\n[    1.057427] Freeing initrd memory: 36332K (ffff88001d3ff000 - ffff88001f77a000)\r\n[    1.059551] PCI-DMA: Using software bounce buffering for IO (SWIOTLB)\r\n[    1.061285] software IO TLB [mem 0x193ff000-0x1d3ff000] (64MB) mapped at [ffff8800193ff000-ffff88001d3fefff]\r\n[    1.063337] RAPL PMU detected, API unit is 2^-32 Joules, 3 fixed counters 10737418240 ms ovfl timer\r\n[    1.065231] hw unit of domain pp0-core 2^-0 Joules\r\n[    1.066543] hw unit of domain package 2^-0 Joules\r\n[    1.067838] hw unit of domain dram 2^-0 Joules\r\n[    1.085291] clocksource: tsc: mask: 0xffffffffffffffff max_cycles: 0x1fa2971066e, max_idle_ns: 440795309523 ns\r\n[    1.087302] Scanning for low memory corruption every 60 seconds\r\n[    1.089842] futex hash table entries: 16384 (order: 8, 1048576 bytes)\r\n[    1.091450] audit: initializing netlink subsys (disabled)\r\n[    1.092791] audit: type=2000 audit(1496425039.092:1): initialized\r\n[    1.094529] Initialise system trusted keyring\r\n[    1.096052] HugeTLB registered 2 MB page size, pre-allocated 0 pages\r\n[    1.098980] zbud: loaded\r\n[    1.100289] VFS: Disk quotas dquot_6.6.0\r\n[    1.101513] VFS: Dquot-cache hash table entries: 512 (order 0, 4096 bytes)\r\n[    1.103248] squashfs: version 4.0 (2009/01/31) Phillip Lougher\r\n[    1.104875] fuse init (API version 7.23)\r\n[    1.106189] Key type big_key registered\r\n[    1.107344] Allocating IMA MOK and blacklist keyrings.\r\n[    1.108891] Key type asymmetric registered\r\n[    1.110039] Asymmetric key parser 'x509' registered\r\n[    1.111281] Block layer SCSI generic (bsg) driver version 0.4 loaded (major 249)\r\n[    1.112885] io scheduler noop registered\r\n[    1.114001] io scheduler deadline registered (default)\r\n[    1.115284] io scheduler cfq registered\r\n[    1.116744] pci_hotplug: PCI Hot Plug PCI Core version: 0.5\r\n[    1.118012] pciehp: PCI Express Hot Plug Controller Driver version: 0.4\r\n[    1.119428] input: Power Button as /devices/LNXSYSTM:00/LNXPWRBN:00/input/input0\r\n[    1.121146] ACPI: Power Button [PWRF]\r\n[    1.122460] GHES: HEST is not enabled!\r\n[    1.123643] Serial: 8250/16550 driver, 32 ports, IRQ sharing enabled\r\n[    1.145999] 00:03: ttyS0 at I/O 0x3f8 (irq = 4, base_baud = 115200) is a 16550A\r\n[    1.169205] 00:04: ttyS1 at I/O 0x2f8 (irq = 3, base_baud = 115200) is a 16550A\r\n[    1.172393] Linux agpgart interface v0.103\r\n[    1.178347] brd: module loaded\r\n[    1.182083] loop: module loaded\r\n[    1.183473] ata_piix 0000:00:07.1: Hyper-V Virtual Machine detected, ATA device ignore set\r\n[    1.187409] scsi host0: ata_piix\r\n[    1.189209] scsi host1: ata_piix\r\n[    1.190500] ata1: PATA max UDMA/33 cmd 0x1f0 ctl 0x3f6 bmdma 0xffa0 irq 14\r\n[    1.191905] ata2: PATA max UDMA/33 cmd 0x170 ctl 0x376 bmdma 0xffa8 irq 15\r\n[    1.194267] libphy: Fixed MDIO Bus: probed\r\n[    1.195424] tun: Universal TUN/TAP device driver, 1.6\r\n[    1.197044] tun: (C) 1999-2004 Max Krasnyansky <maxk@qualcomm.com>\r\n[    1.199243] PPP generic driver version 2.4.2\r\n[    1.200939] ehci_hcd: USB 2.0 'Enhanced' Host Controller (EHCI) Driver\r\n[    1.202758] ehci-pci: EHCI PCI platform driver\r\n[    1.204357] ehci-platform: EHCI generic platform driver\r\n[    1.206369] ohci_hcd: USB 1.1 'Open' Host Controller (OHCI) Driver\r\n[    1.208222] ohci-pci: OHCI PCI platform driver\r\n[    1.209849] ohci-platform: OHCI generic platform driver\r\n[    1.211549] uhci_hcd: USB Universal Host Controller Interface driver\r\n[    1.213483] i8042: PNP: PS/2 Controller [PNP0303:PS2K,PNP0f03:PS2M] at 0x60,0x64 irq 1,12\r\n[    1.219093] serio: i8042 KBD port at 0x60,0x64 irq 1\r\n[    1.220657] serio: i8042 AUX port at 0x60,0x64 irq 12\r\n[    1.222323] mousedev: PS/2 mouse device common for all mice\r\n[    1.224822] rtc_cmos 00:00: RTC can wake from S4\r\n[    1.248114] input: AT Translated Set 2 keyboard as /devices/platform/i8042/serio0/input/input1\r\n[    1.250953] rtc_cmos 00:00: rtc core: registered rtc_cmos as rtc0\r\n[    1.252975] rtc_cmos 00:00: alarms up to one month, 114 bytes nvram\r\n[    1.254441] i2c /dev entries driver\r\n[    1.255617] device-mapper: uevent: version 1.0.3\r\n[    1.256872] device-mapper: ioctl: 4.34.0-ioctl (2015-10-28) initialised: dm-devel@redhat.com\r\n[    1.259646] ledtrig-cpu: registered to indicate activity on CPUs\r\n[    1.261492] NET: Registered protocol family 10\r\n[    1.263148] NET: Registered protocol family 17\r\n[    1.264482] Key type dns_resolver registered\r\n[    1.265890] microcode: CPU0 sig=0x206d7, pf=0x1, revision=0xffffffff\r\n[    1.267913] microcode: Microcode Update Driver: v2.01 <tigran@aivazian.fsnet.co.uk>, Peter Oruba\r\n[    1.269940] registered taskstats version 1\r\n[    1.271187] Loading compiled-in X.509 certificates\r\n[    1.273572] Loaded X.509 cert 'Build time autogenerated kernel key: f7bc719d96df7c6d6fed8f4b9fd5d4ff001383c8'\r\n[    1.275560] zswap: loaded using pool lzo/zbud\r\n[    1.278837] Key type trusted registered\r\n[    1.282846] Key type encrypted registered\r\n[    1.284100] AppArmor: AppArmor sha1 policy hashing enabled\r\n[    1.285463] ima: No TPM chip found, activating TPM-bypass!\r\n[    1.286839] evm: HMAC attrs: 0x1\r\n[    1.288590]   Magic number: 5:533:642\r\n[    1.290020] rtc_cmos 00:00: setting system clock to 2017-06-02 17:37:20 UTC (1496425040)\r\n[    1.291748] BIOS EDD facility v0.16 2004-Jun-25, 0 devices found\r\n[    1.293135] EDD information not available.\r\n[    1.353520] ata2.00: ATAPI: Virtual CD, , max MWDMA2\r\n[    1.356968] ata2.00: configured for MWDMA2\r\n[    1.360621] scsi 1:0:0:0: CD-ROM            Msft     Virtual CD/ROM   1.0  PQ: 0 ANSI: 5\r\n[    1.365574] sr 1:0:0:0: [sr0] scsi3-mmc drive: 0x/0x tray\r\n[    1.367278] cdrom: Uniform CD-ROM driver Revision: 3.20\r\n[    1.370556] sr 1:0:0:0: Attached scsi generic sg0 type 5\r\n[    1.374081] Freeing unused kernel memory: 1480K (ffffffff81f43000 - ffffffff820b5000)\r\n[    1.375536] Write protecting the kernel read-only data: 14336k\r\n[    1.377372] Freeing unused kernel memory: 1804K (ffff88000183d000 - ffff880001a00000)\r\n[    1.379560] Freeing unused kernel memory: 144K (ffff880001ddc000 - ffff880001e00000)\r\nLoading, please wait...\r\nstarting version 229\r\n[    1.400537] random: systemd-udevd: uninitialized urandom read (16 bytes read, 2 bits of entropy available)\r\n[    1.402451] random: systemd-udevd: uninitialized urandom read (16 bytes read, 2 bits of entropy available)\r\n[    1.404404] random: udevadm: uninitialized urandom read (16 bytes read, 2 bits of entropy available)\r\n[    1.406201] random: udevadm: uninitialized urandom read (16 bytes read, 2 bits of entropy available)\r\n[    1.408373] random: systemd-udevd: uninitialized urandom read (16 bytes read, 2 bits of entropy available)\r\n[    1.410577] random: systemd-udevd: uninitialized urandom read (16 bytes read, 2 bits of entropy available)\r\n[    1.412550] random: udevadm: uninitialized urandom read (16 bytes read, 2 bits of entropy available)\r\n[    1.414804] random: udevadm: uninitialized urandom read (16 bytes read, 2 bits of entropy available)\r\n[    1.417665] random: udevadm: uninitialized urandom read (16 bytes read, 2 bits of entropy available)\r\n[    1.419829] random: udevadm: uninitialized urandom read (16 bytes read, 2 bits of entropy available)\r\n[    1.484759] FUJITSU Extended Socket Network Device Driver - version 1.0 - Copyright (c) 2015 FUJITSU LIMITED\r\n[    1.496920] clocksource: hyperv_clocksource_tsc_page: mask: 0xffffffffffffffff max_cycles: 0x24e6a1710, max_idle_ns: 440795202120 ns\r\n[    1.514201] clocksource: Switched to clocksource hyperv_clocksource_tsc_page\r\n[    1.530757] Floppy drive(s): fd0 is 1.44M\r\n[    1.538007] hv_vmbus: Hyper-V Host Build:9600-6.3-18-0.18190; Vmbus version:3.0\r\n[    1.539601] hv_vmbus: Unknown GUID: f8e65716-3cb3-4a06-9a60-1889c5cccab5\r\n[    1.541170] hv_vmbus: Unknown GUID: 3375baf4-9e15-4b30-b765-67acb10d607b\r\n[    1.543379] hv_vmbus: Unknown GUID: 276aacf4-ac15-426c-98dd-7521ad3f01fe\r\n[    1.546501] hv_vmbus: registering driver hyperv_fb\r\n[    1.549753] FDC 0 is an 82078.\r\n[    1.552476] hyperv_fb: Screen resolution: 1152x864, Color depth: 32\r\n[    1.560837] Console: switching to colour frame buffer device 144x54\r\n[    1.597452] AVX version of gcm_enc/dec engaged.\r\n[    1.598383] AES CTR mode by8 optimization enabled\r\n[    1.675857] hv_vmbus: registering driver hv_storvsc\r\n[    1.683073] hidraw: raw HID events driver (C) Jiri Kosina\r\n[    1.685591] hv_vmbus: registering driver hyperv_keyboard\r\n[    1.688896] hv_utils: Registering HyperV Utility Driver\r\n[    1.689897] hv_vmbus: registering driver hv_util\r\n[    1.700290] hv_vmbus: registering driver hv_netvsc\r\n[    1.705454] hv_vmbus: registering driver hid_hyperv\r\n[    1.708664] hv_netvsc: hv_netvsc channel opened successfully\r\n[    1.861355] hv_netvsc vmbus_14: Send section size: 6144, Section count:2560\r\n[    1.863461] hv_netvsc vmbus_14: Device MAC 00:0d:3a:a2:71:60 link state up\r\n[    1.865786] input: Microsoft Vmbus HID-compliant Mouse as /devices/0006:045E:0621.0001/input/input4\r\n[    1.870243] hid-generic 0006:045E:0621.0001: input: <UNKNOWN> HID v0.01 Mouse [Microsoft Vmbus HID-compliant Mouse] on \r\n[    1.880494] scsi host2: storvsc_host_t\r\n[    1.881517] scsi 2:0:0:0: Direct-Access     Msft     Virtual Disk     1.0  PQ: 0 ANSI: 4\r\n[    1.883016] sd 2:0:0:0: [sda] 61440000 512-byte logical blocks: (31.5 GB/29.3 GiB)\r\n[    1.883991] sd 2:0:0:0: [sda] 4096-byte physical blocks\r\n[    1.885158] sd 2:0:0:0: Attached scsi generic sg1 type 0\r\n[    1.886726] sd 2:0:0:0: [sda] Write Protect is off\r\n[    1.887675] sd 2:0:0:0: [sda] Write cache: enabled, read cache: enabled, supports DPO and FUA\r\n[    1.889504]  sda: sda1\r\n[    1.890557] sd 2:0:0:0: [sda] Attached SCSI disk\r\n[    1.892470] scsi host3: storvsc_host_t\r\n[    1.893553] scsi 3:0:1:0: Direct-Access     Msft     Virtual Disk     1.0  PQ: 0 ANSI: 4\r\n[    1.895119] sd 3:0:1:0: Attached scsi generic sg2 type 0\r\n[    1.896033] sd 3:0:1:0: [sdb] 14680064 512-byte logical blocks: (7.52 GB/7.00 GiB)\r\n[    1.897004] sd 3:0:1:0: [sdb] 4096-byte physical blocks\r\n[    1.898786] sd 3:0:1:0: [sdb] Write Protect is off\r\n[    1.900693] sd 3:0:1:0: [sdb] Write cache: enabled, read cache: enabled, supports DPO and FUA\r\n[    1.903605]  sdb: sdb1\r\n[    1.905924] scsi host4: storvsc_host_t\r\n[    1.909287] sd 3:0:1:0: [sdb] Attached SCSI disk\r\n[    1.916499] scsi host5: storvsc_host_t\r\n[    1.928366] psmouse serio1: trackpoint: failed to get extended button data\r\nBegin: Loading ssential driver ...
[    3.410402] md: linear personality registered for level -1\r\n[    3.416739] md: multipath personality registered for level -4\r\n[    3.422112] md: raid0 personality registered for level 0\r\n[    3.427633] md: raid1 personality registered for level 1\r\n[    3.500019] raid6: sse2x1   gen()  5690 MB/s\r\n[    3.568009] raid6: sse2x1   xor()  4484 MB/s\r\n[    3.636011] raid6: sse2x2   gen()  7011 MB/s\r\n[    3.704012] raid6: sse2x2   xor()  4873 MB/s\r\n[    3.772016] raid6: sse2x4   gen()  7704 MB/s\r\n[    3.840016] raid6: sse2x4   xor()  5421 MB/s\r\n[    3.842248] raid6: using algorithm sse2x4 gen() 7704 MB/s\r\n[    3.844496] raid6: .... xor() 5421 MB/s, rmw enabled\r\n[    3.846254] raid6: using ssse3x2 recovery algorithm\r\n[    3.850564] xor: automatically using best checksumming function:\r\n[    3.892010]    avx       : 14108.000 MB/sec\r\n[    3.896584] async_tx: api initialized (async)\r\n[    3.912194] md: raid6 personality registered for level 6\r\n[    3.915131] md: raid5 personality registered for level 5\r\n[    3.916865] md: raid4 personality registered for level 4\r\n[    3.925560] md: raid10 personality registered for level 10\r\ndone.\r\nBegin: Running /scripts/init-premount ... done.\r\nBegin: Mounting root file system ... Begin: Running /scripts/local-top ... done.\r\nBegin: Running /scripts/local-premount ...
[    3.989488] Btrfs loaded\r\nScanning for Btrfs filesystems\r\n[    4.116196] blk_update_request: I/O error, dev fd0, sector 0\r\n[    4.118326] floppy: error -5 while reading block 0\r\ndone.\r\nWarning: fsck not present, so skipping root file system\r\n[    4.219940] EXT4-fs (sda1): mounted filesystem with ordered data mode. Opts: (null)\r\ndone.\r\nBegin: Running /scripts/local-bottom ... done.\r\nBegin: Running scripts/init-bottom ...
[    4.393978] random: nonblocking pool is initialized\r\nWarning: overlayroot: debug is usted\r\ndone.\r\n[    5.239372] systemd[1]: systemd 229 running in system mode. (+PAM +AUDIT +SELINUX +IMA +APPARMOR +SMACK +SYSVINIT +UTMP +LIBCRYPTSETUP +GCRYPT +GNUTLS +ACL +XZ -LZ4 +SECCOMP +BLKID +ELFUTILS +KMOD -IDN)\r\n[    5.243823] systemd[1]: Detected virtualization microsoft.\r\n[    5.245661] systemd[1]: Detected architecture x86-64.\r\n\r\nWelcome to \u001b[1mUbuntu 16.04.1 LS\u001b[0m!\r\n\r\n[    5.304758] systemd[1]: Set hostname to <ubuntu>.\r\n[    5.343872] systemd[1]: Initializing machine ID from random generator.\r\n[    5.346045] systemd[1]: Installed transient /etc/machine-id file.\r\n[    5.958875] systemd[1]: Reached target Encrypted Volumes.\r\n[\u001b[0;32m  OK  \u001b[0m] Reached target Encrypted Volumes.\r\n[    5.968521] systemd[1]: Listening on Device-mapper event daemon FIFOs.\r\n[\u001b[0;32m  OK  \u001b[0m] Listening on Deice-mapper even daemon FIFOs.\r\n[    5.978461] systemd[1]: Listening on udev Control Socket.\r\n[\u001b[0;32m  OK  \u001b[0m] Listening on udev Control Socket.\r\n[    5.992090] systemd[1]: Listening on LVM2 metadata daemon socket.\r\n[\u001b[0;32m  OK  \u001b[0m] Listening on LVM2 metadata daemon socket.\r\n[    6.004027] systemd[1]: Set up automount Arbitrary Executable File Formats File System Automount Point.\r\n[\u001b[0;32m  OK  \u001b[0m] Set up automoun Arbitrary Executab...ats File ystem AutomountPoint.\r\n[    6.016334] systemd[1]: Listening on udev Kernel Socket.\r\n[\u001b[0;32m  OK  \u001b[0m] Listening on udev Kernel Socket.\r\n[    6.027708] systemd[1]: Listening on Journal Audit Socket.\r\n[\u001b[0;32m  OK  \u001b[0m] Listening on Jornal Audit Socket.\r\n[    6.040362] systemd[1]: Created slice System Slice.\r\n[\u001b[0;32m  OK  \u001b[m] Created slice System Slice.\r\n[    6.051730] systemd[1]: Reached target Swap.\r\n[\u001b[0;32m  OK  \u001b[m] Reached target wap.\r\n[    6.063430] systemd[1]: Created slice system-serial\\x2dgetty.slice.\r\n[\u001b[0;32m  OK  \u001b[0m] Created slice system-serial\\x2detty.slice.\r\n[    6.075429] systemd[1]: Created slice User and Session Slice.\r\n[\u001b[0;32m  OK  \u001b[0m] Created slice Uer and Session lice.\r\n[    6.087014] systemd[1]: Reached target User and Group Name Lookups.\r\n[\u001b[0;32m  OK  \u001b[0m] Reached target ser and Group Name Lookups.\r\n[    6.098786] systemd[1]: Listening on LVM2 poll daemon socket.\r\n[\u001b[0;32m  OK  \u001b[0m] Listening on LVM2 poll daemon socket.\r\n[    6.110495] systemd[1]: Started Forward Password Requests to Wall Directory Watch.\r\n[\u001b[0;32m  OK  \u001b[0m] Started Forward Password Requests to Wall Directory Watch.\r\n[    6.135505] systemd[1]: Reached target Slices.\r\n[\u001b[0;32m  OK  \u001b[0m] Reached target Slices.\r\n[    6.147102] systemd[1]: Listening on Syslog Socket.\r\n[\u001b[0;32m  OK  \u001b[0m] Listening on Syslog Socket.\r\n[    6.158541] systemd[1]: Listening on Journal Socket.\r\n[\u001b[0;32m  OK  \u001b[0m] Listening on Jornal Socket.\r\n[    6.175197] systemd[1]: Mounting Debug File System...\r\n         Mounting Debug ile System...\r\n[    6.185097] systemd[1]: Starting Nameserver information manager...\r\n         Starting Nameserver informationmanager...\r\n[    6.196609] systemd[1]: Starting Monitoring of LVM2 mirrors, snapshots etc. using dmeventd or progress polling...\r\n         Starting Monitoing of LVM2 mirors... dmeventdor progress polling...\r\n[    6.207940] systemd[1]: Starting Create list of required static device nodes for the current kernel...\r\n         Starting Create list of require st... nodes for the current kernel...\r\n[    6.221935] systemd[1]: Starting Load Kernel Modules...\r\n         Starting Load Kernel Modules...\r\n[    6.239177] systemd[1]: Mounting Huge Pages File System...\r\n         Mounting Huge Pges File System..\r\n[    6.252006] systemd[1]: Mounting POSIX Message Queue File System...\r\n         Mounting POSIX essage Queue File System...\r\n[    6.268202] systemd[1]: Starting Set console keymap...\r\n[    6.275100] Loading iSCSI transport class v2.0-870.\r\n         Starting Set console keymap...\r\n[    6.292519] systemd[1]: Starting Uncomplicated firewall...\r\n         Starting Uncomplicated firewall...\r\n[    6.308742] systemd[1]: Starting Remount Root and Kernel File Systems...\r\n         Starting Remount Root and Kerne File Systems...\r\n[    6.330659] systemd[1]: Listening on /dev/initctl Compatibility Named Pipe.\r\n[\u001b[0;32m  OK  \u001b[m[    6.345971] iscsi: registered transport (tcp)\r\n]
[    6.349961] EXT4-fs (sda1): re-mounted. Opts: discard\r\nListening on /dev/initctl Compaibility Named Pipe.\r\n[    6.360363] systemd[1]: Listening on Journal Socket (/dev/log).\r\n[\u001b[0;32m  OK  \u001b[m] Listening on Journal Socket (/dev/log).\r\n[    6.385151] systemd[1]: Starting Journal Service...\r\n         Starting Journa Service...\r\n[    6.407273] systemd[1]: Mounted Huge Pages File System.\r\n[\u001b[0;32m  OK  \u001b[0m] Mounted Huge Pages File System.\r\n[    6.430695] systemd[1]: Mounted POSIX Message Queue File System.\r\n[\u001b[0;32m  OK  \u001b[0m] Mounted POSIX Message Queue File System.\r\n[    6.447245] systemd[1]: Mounted Debug File System.\r\n[\u001b[0;32m  OK  \u001b[0m] Mounted Debug File System.\r\n[    6.462984] systemd[1]: Started Create list of required static device nodes for the current kernel.\r\n[\u001b[0;32m  OK  \u001b[0m] Started Create ist of required sta...ce nodes for the current kernel.\r\n[    6.483969] systemd[1]: Started Set console keymap.\r\n[\u001b[0;32m  OK  \u001b[0m]
[    6.492399] iscsi: registered transport (iser)\r\nStarted Set console keymap.\r\n[    6.503055] systemd[1]: Started Load Kernel Modules.\r\n[\u001b[0;32m  OK  \u001b[0m] Started Load Kernel Modules.\r\n[    6.533202] systemd[1]: Started Uncomplicated firewall.\r\n[\u001b[0;32m  OK  \u001b[m] Started Uncomplicated firewall.\r\n[    6.546220] systemd[1]: Started Remount Root and Kernel File Systems.\r\n[\u001b[0;32m  OK  \u001b[0m] Started Remount Root and Kernel File Systems.\r\n[    6.562840] systemd[1]: Started Nameserver information manager.\r\n[\u001b[0;32m  OK  \u001b[0m] Started Nameserver information manager.\r\n[    6.587869] systemd[1]: Started Journal Service.\r\n[\u001b[0;32m  OK  \u001b[0m] Started JournalService.\r\n[\u001b[0;32m  OK  \u001b[0m] Started LVM2 metadata daemon.\r\n         Starting Flush Journal to Persitent Storage...\r\n         Starting udev Cldplug all Devices...\r\n         Starting Load/Save Random Seed..\r\n         Starting Apply Kernel Variables...\r\n         Mounting FUSE Control File System...\r\n         Starting Create Static Device Ndes in /dev...\r\n[\u001b[0;32m  OK  \u001b[m] Mounted FUSE Cotrol File Syste.\r\n[\u001b[0;32m  OK  \u001b[0m] Started Apply Kernel Variables.\r\n[\u001b[0;32m  OK  \u001b[0m] Started Monitoring of LVM2 mirrors,...ng dmeventd or progress polling.\r\n[\u001b[0;32m  OK  \u001b[0m] Started Load/Save Random Seed.\r\n[\u001b[0;32m  OK  \u001b[m] Started Create tatic Device Noes in /dev.\r\n[\u001b[0;32m  OK  \u001b[0m] Started udev Codplug all Devics.\r\n[\u001b[0;32m  OK  \u001b[0m] Started Flush Jurnal to Persisent Storage.\r\n         Starting udev Kernel Device Manger...\r\n[\u001b[0;32m  OK  \u001b[0m] Started udev Kernel Device Manager.\r\n[\u001b[0;32m  OK  \u001b[0m] Started Dispatch Password Requests to Console Directory Watch.\r\n[\u001b[0;32m  OK  \u001b[0m] Reached target Local File Systems (Pre).\r\n         Mounting /etc/network/interfaces.dynamic.d...\r\n[\u001b[0;32m  OK  \u001b[0m] Mounted /etc/network/interfaces.dynamic.d.\r\n[\u001b[0;32m  OK  \u001b[m] Reached target ocal File Systems.\r\n         Starting Set console font and keymap...\r\n         Starting Commit a transient machine-id on disk...\r\n         Starting LSB: AppArmor initialiation...\r\n         Starting Initia cloud-init job (pre-networking...\r\n         Starting Create Volatile Files and Directories...\r\n         Starting Tell Plymouth To Write Out Runtime Data...\r\n[    7.491798] piix4_smbus 0000:00:07.3: SMBus base address uninitialized - upgrade BIOS or use force_addr=0xaddr\r\n         Starting Run snppy firstboot stup...\r\n[\u001b[0;32m  OK  \u001b[0m] Started Commit a transient machine-id on disk.\r\n[\u001b[0;32m  OK  \u001b[0m] Started Create olatile Files and Directories.\r\n[\u001b[0;32m  OK  \u001b[0m] Started Tell Plmouth To Write Out Runtime Data\r\n         Starting Network Time Synchroniation...\r\n         Starting Update UTMP about System Boot/Shutdown..\r\n[\u001b[0;32m  OK  \u001b[0m] Started Update TMP about Syste Boot/Shutdown.\r\n[\u001b[0;32m  OK  \u001b[0m] Started NetworkTime Synchronization.\r\n[\u001b[0;32m  OK  \u001b[0m] Reached target System Time Synchronized.\r\n[\u001b[0;32m  OK  \u001b[0m] Started Set console font and keymap.\r\n[\u001b[0;32m  OK  \u001b[0m] Created slice system-getty.slice.\r\n[\u001b[0;32m  OK  \u001b[0m] Found device /dv/ttyS0.\r\n[    8.080397] intel_rapl: no valid rapl domains found in package 0\r\n[\u001b[0;32m  OK  \u001b[m] Listening on Load/Save RF Kill Switch Status /dev/rfkill Watch.\r\n[\u001b[0;32m  OK  \u001b[0m] Started Run snapy firstboot seup.\r\n[\u001b[0;32m  OK  \u001b[m] Started LSB: ApArmor initializtion.\r\n[\u001b[0;32m  OK  \u001b[0m] Reached target System Initializtion.\r\n[\u001b[0;32m  OK  \u001b[0m] Listening on ACPID Listen Socket.\r\n         Starting LXD - unix socket.\r\n[\u001b[0;32m  OK  \u001b[0m] Started Daily apt activities.\r\n         Starting Socketactivation for snappy daemon.\r\n[\u001b[0;32m  OK  \u001b[0m] Listening on UUID daemon activaion socket.\r\n[\u001b[0;32m  OK  \u001b[m] Listening on D-Bus System Messae Bus Socket.\r\n[\u001b[0;32m  OK  \u001b[0m] Started Daily Cleanup of Temporry Directories.\r\n[\u001b[0;32m  OK  \u001b[0m] Started Timer to automatically refresh installed snaps.\r\n[\u001b[0;32m  OK  \u001b[0m] Reached target Timers.\r\n[\u001b[0;32m  OK  \u001b[0m] Started ACPI Evnts Check.\r\n[\u001b[0;32m  OK  \u001b[0m] Started Trigger resolvconf updae for networkd NS.\r\n[\u001b[0;32m  OK  \u001b[m] Reached target Paths.\r\n[\u001b[0;32m  OK  \u001b[0m] Listening on LXD - unix socket.\r\n[\u001b[0;32m  OK  \u001b[0m] Listening on Socket activation for snappy daemo.\r\n[\u001b[0;32m  OK  \u001b[0m] Reached target ockets.\r\n[\u001b[0;32m  OK  \u001b[0m] Reached target Basic System.\r\n[\u001b[0;32m  OK  \u001b[m] Started D-Bus System Message Bus.\r\n[\u001b[0;32m  OK  \u001b[0m] Started Hyper-VFile Copy Protool Daemon.\r\n[\u001b[0;32m  OK  \u001b[0m] Started FUSE filesystem for LXC\r\n         Starting Thermal Daemon Service..\r\n         Starting LSB: Rcord successfulboot for GRUB..\r\n[\u001b[0;32m  OK  \u001b[0m] Started Hyper-V KVP Protocol Damon.\r\n[\u001b[0;32m  OK  \u001b[0m] Started Deferred execution scheduler.\r\n         Starting System Logging Service...\r\n         Starting LSB: MD monitoring daemon...\r\n         Starting Accounts Service...\r\n[\u001b[0;32m  OK  \u001b[0m] Started Snappy daemon.\r\n[\u001b[0;32m  OK  \u001b[0m] Started Name Service Cache Daemon.\r\n[\u001b[0;32m  OK  \u001b[0m] Started Regular background program processing daemon.\r\n         Starting Login Service...\r\n[\u001b[0;32m  OK  \u001b[0m] Started Hyper-V VSS Protocol Daemon.\r\n[\u001b[0;32m  OK  \u001b[0m] Started ACPI event daemon.\r\n         Starting LXD - container startup/shutdown...\r\n[\u001b[0;32m  OK  \u001b[0m] Started System Logging Service.\r\n[\u001b[0;32m  OK  \u001b[0m] Started Login Service.\r\n[\u001b[0;32m  OK  \u001b[m] Started LSB: Record successful boot for GRUB.\r\n[\u001b[0;32m  OK  \u001b[m] Started LSB: MD monitoring daemn.\r\n         Starting Authenticate and Authorize Users to Run Privileged Tasks...\r\n[\u001b[0;32m  OK  \u001b[0m] Started Thermal Daemon Service.\r\n[\u001b[0;32m  OK  \u001b[0m] Started Authenticate and Authorize Users to Run Privileged Tasks.\r\n[\u001b[0;32m  OK  \u001b[0m] Started Accounts Service.\r\n[   12.048429] cloud-init[583]: Cloud-init v. 0.7.8 running 'init-local' at Fri, 02 Jun 2017 17:37:30 +0000. Up 11.63 seconds.\r\n[\u001b[0;32m  OK  \u001b[0m] Started Initialcloud-init job (pre-networking)\r\n[\u001b[0;32m  OK  \u001b[0m] Reached target Network (Pre).\r\n         Starting Raise etwork interfacs...\r\n[\u001b[0;32m  OK  \u001b[0m] Started LXD - cntainer startup/shutdown.\r\n[\u001b[0;32m  OK  \u001b[0m] Started Raise network interfaces.\r\n[\u001b[0;32m  OK  \u001b[0m] Reached target Network.\r\n         Starting Initial cloud-init job(metadata service crawler)...\r\n[   14.036098] blk_update_request: I/O error, dev fd0, sector 0\r\n[   14.080190] blk_update_request: I/O error, dev fd0, sector 0\r\n[   14.202171] cloud-init[1112]: + i=eth0\r\n[   14.221578] cloud-init[1112]: + x=0\r\n[   14.239342] cloud-init[1112]: + ifdown eth0\r\n[   14.249426] cloud-init[1112]: Killed old cliet process\r\n[   15.236086] cloud-init[1112]: Internet Systems Consortium DHCP Client 4.3.3\r\n[   15.245296] cloud-init[1112]: Copyright 2004-2015 Internet Systems Consortium.\r\n[   15.253094] cloud-init[1112]: All rights reserved.\r\n[   15.260134] cloud-init[1112]: For info, pleas visit https://ww.isc.org/softare/dhcp/\r\n[   15.284275] cloud-init[1112]: Listening on LPF/eth0/00:0d:3a:a2:71:60\r\n[   15.316273] cloud-init[1112]: Sending on   LP/eth0/00:0d:3a:a2:71:60\r\n[   15.333142] cloud-init[1112]: Sending on   Socket/fallback\r\n[   15.350505] cloud-init[1112]: DHCPRELEASE on th0 to 168.63.19.16 port 67 (xid=0x701b19c2)\r\n[   15.835414] cloud-init[1112]: + ifup eth0\r\n[   15.849698] cloud-init[1112]: Internet System Consortium DHC Client 4.3.3\r\n[   15.869824] cloud-init[1112]: Copyright 2004-2015 Internet Sytems Consortium\r\n[   15.879784] cloud-init[1112]: All rights reserved.\r\n[   15.889063] cloud-init[1112]: For info, please visit https://www.isc.org/software/dhcp/\r\n[   15.905171] cloud-init[1112]: Listening on LPF/eth0/00:0d:3a:a2:71:60\r\n[   15.915637] cloud-init[1112]: Sending on   LPF/eth0/00:0d:3a:a2:71:60\r\n[   15.935105] cloud-init[1112]: Sending on   Socket/fallback\r\n[   15.950568] cloud-init[1112]: DHCPDISCOVER on eth0 to 255.255.255.255 port 67 interval 3 (xid=0x4d157d6e)\r\n[   15.988657] cloud-init[1112]: DHCPREQUEST of 0.0.0.4 on eth0to 255.255.255.55 port 67 (xid0x6e7d154d)\r\n[   16.012248] cloud-init[1112]: DHCPOFFER of 10.0.0.4 from 168.63.129.16\r\n[   16.040377] cloud-init[1112]: DHCPACK of 10.0.0.4 from 168.63129.16\r\n[   16.587279] cloud-init[1112]: bound to 10.0.0.4 -- renewal in 4294967295 seconds.\r\n[   16.617281] cloud-init[1112]: + exit 0\r\n[\u001b[0;32m  OK  \u001b[0m] Started Azure Linux Agent.\r\n2017/06/02 17:37:36.467544 INFOAzure Linux Agent Version:2.1.3\r\n2017/06/02 17:37:36.479339 INFO OS: ubuntu 16.04\r\n2017/06/02 17:37:36.485543 INFO Python: 3.5.2\r\n2017/06/02 17:37:36.491376 INFO Run daemon\r\n2017/06/02 17:37:36.497132 INFO run Ubuntu provision handler\r\n2017/06/02 17:37:36.503002 INFO Waiting cloud-iit to copy ovf-nv.xml.\r\n2017/06/02 17:3:36.512446 INFODetect protocolendpoints\r\n2017/06/02 17:37:36.517215 INFO WireServer endpoint is not foun. Rerun dhcp hadler\r\n2017/06/02 17:37:36.522916 INFO Send dhcp request\r\n2017/06/02 17:37:36.740077 INFOConfigure route\r\n2017/06/02 17:3:36.747500 INFOGateway:10.0.0.1\r\n2017/06/02 17:37:36.753233 INFO Routes:None\r\n2017/06/02 17:37:36.761589 INFOWire server endpoint:168.63.129.16\r\n2017/06/02 17:37:36.798270 INFO Fabric preferred wire protocol version:2015-04-05\r\n2017/06/02 17:37:36.804553 INFO Wire protocol version:2012-11-3\r\n2017/06/02 17:37:36.808712 WARNING Server prefered version:2015-04-05\r\n[   21.036123] blk_update_request: I/O error, dev fd0, sector 0\r\n[   21.084215] blk_update_request: I/O error, dev fd0, sector 0\r\n2017/06/02 17:3:41.017660 INFOSleep 15 second to prevent thrttling\r\n[   23.398617] cloud-init[1112]: Cloud-init v. 0.7.8 running 'init' at Fri, 02 Jun 2017 17:37:33 +0000. Up 13.80 seconds.\r\n[   23.434347] cloud-init[1112]: ci-info: +++++++++++++++++++++++++++++++++++++Net device info+++++++++++++++++++++++++++++++++++\r\n[   23.457693] cloud-init[1112]: ci-info: +--------+------+----------------------------+---------------+-------+-------------------+\r\n[   23.490359] cloud-init[1112]: ci-info: | Device |  Up  |          Address          |      Mask     | Scope      Hw-Address   |[\u001b[0;32m  OK  \u001b[0m] Started Initial cloud-init job (metadata servic crawler).\r\n[   23.510072] cloud-init\r\n[\u001b[0;32m  OK  \u001b[m[1112]: ci-info: +--------+------+-----------------------------+---------------+-------+-------------------+] Reached target Cloud-config availability.\r\n[\u001b[0;32m  OK  \u001b[0m\r\n[   23.535199] ] Reached target Network is Online.\r\ncloud-init[1112]: ci-info: |  eth0  | True |           10.0.0.4          | 255.255.255.0 |   .   | 00:0d:3a:a2:71:60 |         Starting /etc/rc.local Compatibility...\r\n\r\n[   23.554217] cloud-init         Starting Apply the settings specified in cloud-config...[1112]: ci-info: |  eth0  | True | fe80::20d:3aff:fea2:7160/64 |       .       |  link | 00:0d:3a:a2:71:60 |\r\n         Starting iSCSI initiator daemon (iscsid)...\r\n\r\n         Starting Pollinate to seed the pseudo random number generator...[   23.598433] cloud-init\r\n[[1112]: ci-info: |   lo   | True |          127.0.0.1          |   255.0.0.0   |   .   |         .         |\u001b[0;32m  OK  \u001b[0m] Started /etc/rc.local Compatibility.\r\n\r\n[   23.659998] cloud-init[1112]: ci-info: |   lo   | True |          ::1/128           |              |  host |         .         |\r\n[   23.705942] cloud-init[1112]: ci-info: +-------+------+---------------------------+---------------+-------+------------------+\r\n[   23.730610] cloud-init[1112]: ci-info: ++++++++++++++++++++++++++++Route IPv4 info+++++++++++++++++++++++++++++\r\n[\u001b[0;32m  OK  \u001b[0m[   23.757030] cloud-init[1112]: ] Started iSCSI initiator daemon (iscsid).\r\n         Starting Login to default iSCSI targets...ci-info: +-------+-----------------+----------+-----------------+-----------+-------+\r\n\r\n[   23.818938] cloud-init[1112]: ci-info: | Route |   Destination   | Gateway  |     Genmask    | Interface | Flags |\r\n[   23.865898] cloud-init[1112]: ci-info: +------+-----------------+----------+----------------+-----------+------+\r\n[\u001b[0;32m  OK  \u001b[m] Started Login to default iSCSI argets.[   23.928848] \r\n[\u001b[0;32m  OK  \u001b[m] Reached target emote File Systms (Pre).cloud-init[1112]: ci-info: |   0  |     0.0.0.0     | 10.0.0.1 |     0.0.0.0     |    eth0   |   UG  |\r\n[\u001b[0;32m  OK  \u001b[0m] Reached target Remote File Systms.\r\n         Starting LSB: atomatic crash rport generation..\r\n\r\n[   23.990080] cloud-init         Starting LSB: daemon to balance interrupts for SMP systems...\r\n         [1112]: ci-info: |   1   |     10.0.0.0    | 0.0.0.0  |  255.255.255.0  |    eth0   |   U   |Starting Permit User Sessions...\r\n         Starting LSB: Set the CPU Frequency Scaling governor to \"ondemand\"...\r\n[\u001b[0;32m  OK  \u001b[0m] Started Permit User Sessions.\r\n\r\n[   24.083323] cloud-init[1112]:          Starting Terminte Plymouth Boot Screen...\r\n         Starting Hold until boot process finishes up...ci-info: |   2   |  168.63.129.16  | 10.0.0.1 | 255.255.255.255 |    eth0   |  UGH  |\r\n[\u001b[0;32m  OK  \u001b[0m] Started LSB: Set the CPU Frequency Scaling governor to \"ondeman\".\r\n[\u001b[0;32m  OK  \u001b[0m] \r\nStarted Terminate Plymouth BootScreen.\r\n[\u001b[0;32m  OK  \u001b[0m] Started LSB: automatic crash report generation.[   24.233388] cloud-init\r\n[\u001b[0;32m  OK  \u001b[m] Started LSB: damon to balance nterrupts for SP systems.\r\n[1112]: ci-info: |   3  | 169.254.169.54 | 10.0.0.1 | 255.255.255.255 |    eth0   |  GH  |[\u001b[0;32m  OK  \u001b[0m] Started Hold until boot process finishes up.\r\n\r\n[   24.276154] cloud-init[1112]: ci-info: +-------+-----------------+----------+-----------------+-----------+-------+[\u001b[0;32m  OK  \u001b[0m] Started Getty o tty1.\r\n\r\n[   24.336404]          Starting Set console scheme...\r\n[\u001b[0;32m  OK  \u001b[0m] Started Serial Getty on ttyS0.cloud-init[1112]: Generating publc/private rsa key pair.\r\n[\u001b[0;32m  OK  \u001b[0m\r\n] Reached target Login Prompts.\r\n[   24.398559] cloud-init[1112]: Your identificaion has been saed in /etc/ssh/ssh_host_rsa_key\r\n[   24.436152] cloud-init[\u001b[0;32m  OK  \u001b[m] [1112]: Your public key has been saved n /etc/ssh/ssh_ost_rsa_key.pub.Started Set console scheme.\r\n\r\n[   24.484207] cloud-init[1112]: The key fingerpint is:\r\n[   24.512167] cloud-init[1112]: SHA256:PX4m/aomhuMueJBgkPMau/EDe2TmcrV2GItm8Gsq4 root@xplatvmtSp\r\n[   24.540135] cloud-init[1112]: The key's randomart image is:\r\n[   24.564143] cloud-init[1112]: +---[RSA 2048]----+\r\n[   24.592319] cloud-init[1112]: | .              |\r\n[   24.612145] cloud-init[1112]: |+                |\r\n[   24.629066] cloud-init[1112]: |.o .             |\r\n[   24.648416] cloud-init[1112]: |o.o .    .       |\r\n[   24.665059] cloud-init[1112]: |.* * O  S o      |\r\n[   24.688149] cloud-init[1112]: |= + / +  . o     |\r\n[   24.705891] cloud-init[1112]: | B B B .  o +    |\r\n[   24.732148] cloud-init[1112]: |+ B = o o .+ .   |\r\n[   24.753370] cloud-init[1112]: |Eo o +oo o.....  |\r\n[   24.780147] cloud-init[1112]: +----[SHA256]-----+\r\n[   24.808159] cloud-init[1112]: Generating public/private dsa key pair.\r\n[   24.832148] cloud-init[1112]: Your identification has been saved in /etc/ssh/ssh_host_dsa_key.\r\n[   24.860151] cloud-init[1112]: Your public key has been saved in /etc/ssh/ssh_host_dsa_key.pub.\r\n[   24.884148] cloud-init[1112]: The key fingerprint is:\r\n[   24.907493] cloud-init[1112]: SHA256:U4SdVdgmrnTlv1UJny8Ndr9BFOhx2b5PHQ7jFHuTK3c root@xplatvmStSp\r\n[   24.936600] cloud-init[1112]: The key's randoart image is:\r\n[   24.960163] cloud-init[1112]: +---[DSA 1024]---+\r\n[   24.980148] cloud-init[1112]: |         o.o.+o.+|\r\n[   24.998631] cloud-init[1112]: |        ..o o=+.|\r\n[   25.019945] cloud-init[1112]: |          ...=O.+|\r\n[   25.036927] cloud-init[1112]: |         .. o*X+|\r\n[   25.058104] cloud-init[1112]: |        S. oo.*=X|\r\n[   25.077234] cloud-init[1112]: |         ..  o.*E|\r\n[   25.094144] cloud-init[1112]: |              ooB|\r\n[   25.116024] cloud-init[1112]: |              o.|\r\n[   25.133188] cloud-init[1112]: |                 |\r\n[   25.154587] cloud-init[1112]: +----[SHA256]-----+\r\n[   25.173072] cloud-init[1112]: Generating public/private ecdsakey pair.\r\n[   25.191515] cloud-init[1112]: Your identification has been saved in /etc/ssh/ssh_host_ecdsa_key.\r\n[   25.209760] cloud-init[1112]: Your public key has been saved in /etc/ssh/ssh_host_ecdsa_key.pub.\r\n[   25.225161] cloud-init[1112]: The key fingerprint is:\r\n[   25.234747] cloud-init[1112]: SHA256:kh+vgJyfExfuUnL/BTLnKDyXoj3gwQ+AQn43TDrbZvc root@xplatvmStSp\r\n[   25.245223] cloud-init[1112]: The key's randoart image is:\r\n[   25.254882] cloud-init[1112]: +---[ECDSA 256]---+\r\n[   25.264695] cloud-init[1112]: |                |\r\n[   25.275598] cloud-init[1112]: | .   .           |\r\n[   25.286415] cloud-init[1112]: |o  .+            |\r\n[   25.296219] cloud-init[1112]: |...+.+ ..        |\r\n[   25.306312] cloud-init[1112]: | .. =o+.S.o o    |\r\n[   25.320077] cloud-init[1112]: |   o *B==o B .   |\r\n[   25.331688] cloud-init[1112]: |    *.o%B.= . .  |\r\n[   25.341658] cloud-init[1112]: |     .+=+E.  .   |\r\n[   25.351654] cloud-init[1112]: |      +oo. ..    |\r\n[   25.363993] cloud-init[1112]: +----[SHA256]-----+\r\n[   25.386676] cloud-init[1112]: Generating public/private ed25519 key pair.\r\n[   25.401150] cloud-init[1112]: Your identification has been saved in /etc/ssh/ssh_host_ed25519_key.\r\n[   25.418544] cloud-init[1112]: Your public key has been saved in /etc/ssh/ssh_host_ed25519_key.pub.\r\n[   25.436610] cloud-init[1112]: The key fingerprint is:\r\n[   25.448968] cloud-init[1112]: SHA256:eJhSNoGmiM/GpS8mQve4EiiMYo98KDyDy8aQumhFgk root@xplatvmStSp\r\n[   25.458926] cloud-init[1112]: The key's randomart image is:\r\n[   25.476162] cloud-init[1112]: +--[ED25519 256]--+\r\n[   25.498987] cloud-init[1112]: |     ..         |\r\n[   25.517465] cloud-init[1112]: |E   o  .         |\r\n[   25.537042] cloud-init[1112]: |+..o  +          |\r\n[   25.558918] cloud-init[1112]: |o+...o =         |\r\n[   25.576211] cloud-init[1112]: |+=oo. + S        |\r\n[   25.604259] cloud-init[1112]: |B=*o . .         |\r\n[   25.632342] cloud-init[1112]: |%.B.o            |\r\n[   25.654432] cloud-init[1112]: |O%o+..           |\r\n[   25.687350] cloud-init[1112]: |O*=o.           |\r\n[   25.696734] cloud-init[1112]: +----[SHA256]-----+\r\n[   29.687821] cloud-init[1421]: Generating locales (this might ake a while)...\r\n\r\r\nUbuntu 16.04.1 LTS xplatvmStSp ttyS0\r\n\r\nxplatvmStSp login:
[   31.068770] cloud-init[1421]:   en_US.UTF-8.. done\r\n[   31.076398] cloud-init[1421]: Generation complete.\r\n[   32.860659] cloud-init[1421]: Cloud-init v. 07.8 running 'modules:config' atFri, 02 Jun 201 17:37:44 +0000 Up 24.93 secons.\r\nci-info: ++Authorized keys from /home/azureuser/.ssh/authorized_keys for user azureuser+++\r\nci-info: +---------+-------------------------------------------------+---------+---------+\r\nci-info: | Keytype |                Fingerprint (md5)                | Options | Comment |\r\nci-info: +---------+----------------------------------------------+---------+---------+\r\nci-info: | ssh-rsa | 8f:df:8f:18:ba:cd:cc:63:7c:1f:ea:ae:ba:09:40:65 |    -    |    -    |\r\nci-info: +---------+----------------------------------------------+------------------+\r\n<14>Jun  2 17:37:52 ec2: \r\n<14>Jun  2 17:3:52 ec2: #########################################################\r\n<14>Jun  2 17:37:52 ec2: -----BEGIN SSH HOST KEY FINGERPRINTS-----\r\n<14>Jun  2 17:37:52 ec2: 1024 SHA256:U4SdVdgmrnlv1UJny8Ndr9BFOx2b5PHQ7jFHuTK3 root@xplatvmStp (DSA)\r\n<14>Jun  2 17:3:52 ec2: 256 SH256:kh+vgJyfExfUnL/BTLnKDyXoj3wQ+AQn43TDrbZvc root@xplatvmStSp (ECDSA)\r\n<14>Jun  2 17:37:52 ec2: 256 SHA256:eJhSNoGmiM/GpS8mQve4EiiMYo98KDyDy8aQumhFwgk root@xplatvmStSp (ED25519)\r\n<14>Jun  2 17:37:52 ec2: 2048 SHA256:PX4m/aomhuMueJBgkPMau/EDHe2TmcrV2GItm8GsSq4 root@xplatvmStSp (RSA)\r\n<14>Jun  2 17:37:52 ec2: -----END SSH HOST KEY FINGERPRINTS-----\r\n<14>Jun  2 17:37:52 ec2: #############################################################\r\n-----BEGIN SSH HOST KEY KEYS-----\r\necdsa-sha2-nistp256 AAAAE2VjZHNhLXNoYTItbmlzdHANTYAAAAIbmlzdHAyNTYAAABBBCt9Ab95EYHqiQCA494ZjNd8/JHgdQvh9d+Ga9GbvTKEs7PPXEpU5IoM19YjvL2ncZUBtTXBC+UG42oRnG1c7Ms= root@xplatvmStSp\r\nssh-ed25519 AAAAC3NzaC1lZDI1NTE5AAAAIMVzeWvq6sMLlvlK/gqKQbQTrNRFCvuHna/dZXpYvNtG root@xplatvmStSp\r\nssh-rsa AAAAB3NzaC1yc2EAAAADAQABAAABAQDia7dW7cMWXGnXEgt23cOvURB5FfecZH+2h/lWZ9p130MOPHxJQ0S6nnMeD5H3JpkI9coKesUkkwM4iB8xLXirBj4elMYk3oju8WSB8XlajhY7SKdMC0/KV7aVi5jApgZzweq3HTjvD4JSLfmmeX+C3wI3MDsAunfdDGs3UlTrGNouvppVukFr3h0WGJA4x7iokqvhaHaRtZRRdy1Wz9nDZxfelM2i4SOolUJoddAxosa/S8981rGqRgsewvi01UrFyB9mwwsnQWv4mWAklyw0AIUVdpmXjW8/ct4+HUadab4r+AHPYMeROuulvhmQKukB4RIS+zD/0FNT0WnrrsAL root@xplatvmStSp\r\n-----END SSH HOST KEY KEYS-----\r\n[   33.792998] cloud-init[1642]: Cloud-init v. 07.8 running 'moules:final' at ri, 02 Jun 2017 17:37:52 +0000.Up 33.40 seconds.\r\n[   33.810137] cloud-init[1642]: Cloud-init v. 07.8 finished atFri, 02 Jun 201 17:37:52 +0000 Datasource DataSourceAzureNet [seed=/dev/sr0]. Up 33.77 secons\r\n\u0000\u0000\u0000\u0000\u0000\u0000\u0000\u0000\u0000\u0000\u0000\u0000\u0000\u0000\u0000\u0000\u0000\u0000\u0000\u0000\u0000\u0000\u0000\u0000\u0000\u0000\u0000\u0000\u0000\u0000\u0000\u0000\u0000\u0000\u0000", { 'content-length': '54272',
  'content-type': 'text/plain',
  'last-modified': 'Fri, 02 Jun 2017 17:37:53 GMT',
  'accept-ranges': 'bytes',
  etag: '"0x8D4A9DE193059BA"',
  server: 'Windows-Azure-Blob/1.0 Microsoft-HTTPAPI/2.0',
  'x-ms-request-id': '80fdacb4-0001-009d-0fc7-db44d6000000',
  'x-ms-version': '2016-05-31',
  'x-ms-lease-status': 'unlocked',
  'x-ms-lease-state': 'available',
  'x-ms-blob-type': 'PageBlob',
  'x-ms-blob-sequence-number': '0',
  'x-ms-server-encrypted': 'false',
  date: 'Fri, 02 Jun 2017 17:38:12 GMT',
  connection: 'close' });
 return result; },
function (nock) { 
var result = 
nock('https://xplattstoragestsp1626.blob.core.windows.net:443')
  .get('/bootdiagnostics-xplatvmst-bf25c391-0900-4173-a439-604c92c03b80/xplatvmStSp.bf25c391-0900-4173-a439-604c92c03b80.serialconsole.log')
