// This file has been autogenerated.

var profile = require('../../../lib/util/profile');

exports.getMockedProfile = function () {
  var newProfile = new profile.Profile();

  newProfile.addSubscription(new profile.Subscription({
    id: 'e33f361b-53c2-4cc7-b829-78906708387b',
    name: 'Microsoft Azure Internal Consumption',
    user: {
      name: 'user@domain.example',
      type: 'servicePrincipal'
    },
    tenantId: '72f988bf-86f1-41af-91ab-2d7cd011db47',
    state: 'Enabled',
    registeredProviders: [],
    _eventsCount: '1',
    isDefault: true
  }, newProfile.environments['AzureCloud']));

  return newProfile;
};

exports.setEnvironment = function() {
  process.env['AZURE_VM_TEST_LOCATION'] = 'southeastasia';
  process.env['SSHCERT'] = 'test/myCert.pem';
};

exports.scopes = [[function (nock) { 
var result = 
nock('http://management.azure.com:443')
  .get('/subscriptions/e33f361b-53c2-4cc7-b829-78906708387b/resourceGroups/xplatTestZVMCreate2715/providers/Microsoft.Compute/virtualMachines/xplatvm?$expand=instanceView&api-version=2017-03-30')
  .reply(200, "{\r\n  \"properties\": {\r\n    \"vmId\": \"ca8e897b-5443-4030-a3a7-c14dd1020989\",\r\n    \"availabilitySet\": {\r\n      \"id\": \"/subscriptions/e33f361b-53c2-4cc7-b829-78906708387b/resourceGroups/xplatTestZVMCreate2715/providers/Microsoft.Compute/availabilitySets/XPLATTESTZVMAVAIL6526\"\r\n    },\r\n    \"hardwareProfile\": {\r\n      \"vmSize\": \"Standard_DS1\"\r\n    },\r\n    \"storageProfile\": {\r\n      \"imageReference\": {\r\n        \"publisher\": \"canonical\",\r\n        \"offer\": \"UbuntuServer\",\r\n        \"sku\": \"16.04.0-LTS\",\r\n        \"version\": \"latest\"\r\n      },\r\n      \"osDisk\": {\r\n        \"osType\": \"Linux\",\r\n        \"name\": \"clib617f2984e108abb-os-1496122439110\",\r\n        \"createOption\": \"FromImage\",\r\n        \"vhd\": {\r\n          \"uri\": \"https://xplatteststorage17987.blob.core.windows.net/xplatteststoragecnt13610/clib617f2984e108abb-os-1496122439110.vhd\"\r\n        },\r\n        \"caching\": \"ReadWrite\"\r\n      },\r\n      \"dataDisks\": []\r\n    },\r\n    \"osProfile\": {\r\n      \"computerName\": \"xplatvm\",\r\n      \"adminUsername\": \"azureuser\",\r\n      \"linuxConfiguration\": {\r\n        \"disablePasswordAuthentication\": false,\r\n        \"ssh\": {\r\n          \"publicKeys\": [\r\n            {\r\n              \"path\": \"/home/azureuser/.ssh/authorized_keys\",\r\n              \"keyData\": \"MIID/zCCAuegAwIBAgIJAMUAa+XVLvAeMA0GCSqGSIb3DQEBBQUAMIGVMQswCQYD\\r\\nVQQGEwJJbjESMBAGA1UECAwJS2FybmF0YWthMRIwEAYDVQQHDAlCYW5nYWxvcmUx\\r\\nEDAOBgNVBAoMB2JyaWxsaW8xEjAQBgNVBAsMCW1pY3Jvc29mdDEQMA4GA1UEAwwH\\r\\nYnJpbGxpbzEmMCQGCSqGSIb3DQEJARYXc3JlZWthbnRoYnNAeWFob28uY28uaW4w\\r\\nHhcNMTUwMzA1MTE1MzEyWhcNMTYwMzA0MTE1MzEyWjCBlTELMAkGA1UEBhMCSW4x\\r\\nEjAQBgNVBAgMCUthcm5hdGFrYTESMBAGA1UEBwwJQmFuZ2Fsb3JlMRAwDgYDVQQK\\r\\nDAdicmlsbGlvMRIwEAYDVQQLDAltaWNyb3NvZnQxEDAOBgNVBAMMB2JyaWxsaW8x\\r\\nJjAkBgkqhkiG9w0BCQEWF3NyZWVrYW50aGJzQHlhaG9vLmNvLmluMIIBIjANBgkq\\r\\nhkiG9w0BAQEFAAOCAQ8AMIIBCgKCAQEAyUNKaOuT0NK+S8Ck81zy9xJ6hXfZvAC6\\r\\nlhbmf/6s/WVimJ/TX5NMhQJwC9k6ZIF92KfYrojHNvHDufSZ3EtKUVwRFCDjmgMT\\r\\nDL09WkGaZt7gROYFK0iZ4KrYGovUwlwum9fHB24OJiOV4bi0ek62/rHx9fjYZpvp\\r\\naIH2PV/hN8SCZ0x7HJMberD4gVoU/Kv42nNvwjLUW6IZfVx/Gv5OeFDtWHfSvUEF\\r\\ndadHKTPn3Ab20Iu6gZIbLO9Vuf38/IpaYGfnFCouHdzmiTiLieYNe3CUPcOJNSv7\\r\\n1G8KYpx3uNJRkJPab5OsRyJw75Gvzkr9OgaPss9tVD6Gt68u3WQtVQIDAQABo1Aw\\r\\nTjAdBgNVHQ4EFgQUogvhXB+xZ2JJPfLO6cVs4ForzscwHwYDVR0jBBgwFoAUogvh\\r\\nXB+xZ2JJPfLO6cVs4ForzscwDAYDVR0TBAUwAwEB/zANBgkqhkiG9w0BAQUFAAOC\\r\\nAQEAdDj7qUNJ45xlF5cjd+4x5NHvAD1VTjOKu+Xh/uzSSjXqB2F0aOMWA9lx0qaQ\\r\\noJgHkGxj3zz/W7ik/cVGL2O+vRIOKv/y0OPogEmS3Hw+P+O6OGE7x1G6YN0zLVoL\\r\\nu4BN/BEYmjttxM9I7qqL7C5cJoE+K3s/w1/pt/68ohJcr7F9Ohi7cso62xuGY1Rm\\r\\nksAh2EUDsU9JV/P+C9AMpLSrb03JJYzVj4w1RHbrmw2AjFyGXdQYkggyXisg+Ifr\\r\\n5gbNN7HigpHf7b2i3CQBUqp9m23frh5AhnLI2qp3UXgc52U5ieLdi/t6j0TTZqqY\\r\\nHhHqofKrj938HHlBNpC5/LVh3w==\\r\\n\"\r\n            }\r\n          ]\r\n        }\r\n      },\r\n      \"secrets\": []\r\n    },\r\n    \"networkProfile\": {\"networkInterfaces\":[{\"id\":\"/subscriptions/e33f361b-53c2-4cc7-b829-78906708387b/resourceGroups/xplatTestZVMCreate2715/providers/Microsoft.Network/networkInterfaces/xplattestnic\"}]},\r\n    \"diagnosticsProfile\": {\r\n      \"bootDiagnostics\": {\r\n        \"enabled\": true,\r\n        \"storageUri\": \"https://clisto3508256576xplatvm.blob.core.windows.net/\"\r\n      }\r\n    },\r\n    \"provisioningState\": \"Succeeded\",\r\n    \"instanceView\": {\r\n      \"platformUpdateDomain\": 0,\r\n      \"platformFaultDomain\": 0,\r\n      \"vmAgent\": {\r\n        \"vmAgentVersion\": \"2.1.3\",\r\n        \"statuses\": [\r\n          {\r\n            \"code\": \"ProvisioningState/succeeded\",\r\n            \"level\": \"Info\",\r\n            \"displayStatus\": \"Ready\",\r\n            \"message\": \"Guest Agent is running\",\r\n            \"time\": \"2017-05-30T05:38:08+00:00\"\r\n          }\r\n        ],\r\n        \"extensionHandlers\": []\r\n      },\r\n      \"disks\": [\r\n        {\r\n          \"name\": \"clib617f2984e108abb-os-1496122439110\",\r\n          \"statuses\": [\r\n            {\r\n              \"code\": \"ProvisioningState/succeeded\",\r\n              \"level\": \"Info\",\r\n              \"displayStatus\": \"Provisioning succeeded\",\r\n              \"time\": \"2017-05-30T05:35:59.1391207+00:00\"\r\n            }\r\n          ]\r\n        }\r\n      ],\r\n      \"bootDiagnostics\": {\r\n        \"consoleScreenshotBlobUri\": \"https://clisto3508256576xplatvm.blob.core.windows.net/bootdiagnostics-xplatvm-ca8e897b-5443-4030-a3a7-c14dd1020989/xplatvm.ca8e897b-5443-4030-a3a7-c14dd1020989.screenshot.bmp\",\r\n        \"serialConsoleLogBlobUri\": \"https://clisto3508256576xplatvm.blob.core.windows.net/bootdiagnostics-xplatvm-ca8e897b-5443-4030-a3a7-c14dd1020989/xplatvm.ca8e897b-5443-4030-a3a7-c14dd1020989.serialconsole.log\"\r\n      },\r\n      \"statuses\": [\r\n        {\r\n          \"code\": \"ProvisioningState/succeeded\",\r\n          \"level\": \"Info\",\r\n          \"displayStatus\": \"Provisioning succeeded\",\r\n          \"time\": \"2017-05-30T05:37:48.5856312+00:00\"\r\n        },\r\n        {\r\n          \"code\": \"PowerState/running\",\r\n          \"level\": \"Info\",\r\n          \"displayStatus\": \"VM running\"\r\n        }\r\n      ]\r\n    }\r\n  },\r\n  \"type\": \"Microsoft.Compute/virtualMachines\",\r\n  \"location\": \"southeastasia\",\r\n  \"tags\": {\r\n    \"a\": \"b\",\r\n    \"b\": \"c\",\r\n    \"d\": \"\"\r\n  },\r\n  \"id\": \"/subscriptions/e33f361b-53c2-4cc7-b829-78906708387b/resourceGroups/xplatTestZVMCreate2715/providers/Microsoft.Compute/virtualMachines/xplatvm\",\r\n  \"name\": \"xplatvm\"\r\n}", { 'cache-control': 'no-cache',
  pragma: 'no-cache',
  'content-length': '5229',
  'content-type': 'application/json; charset=utf-8',
  expires: '-1',
  'strict-transport-security': 'max-age=31536000; includeSubDomains',
  'x-ms-served-by': 'dce02487-9cda-4782-8138-773eb1573792_131340057859683594',
  'x-ms-request-id': '7d9f817e-051e-47d7-ae3c-969acd78fce0',
  server: 'Microsoft-HTTPAPI/2.0',
  'x-ms-ratelimit-remaining-subscription-reads': '14993',
  'x-ms-correlation-request-id': '0e744d30-e9cd-47d7-881c-f51dde684956',
  'x-ms-routing-request-id': 'WESTUS2:20170530T053823Z:0e744d30-e9cd-47d7-881c-f51dde684956',
  date: 'Tue, 30 May 2017 05:38:23 GMT',
  connection: 'close' });
 return result; },
function (nock) { 
var result = 
nock('https://management.azure.com:443')
  .get('/subscriptions/e33f361b-53c2-4cc7-b829-78906708387b/resourceGroups/xplatTestZVMCreate2715/providers/Microsoft.Compute/virtualMachines/xplatvm?$expand=instanceView&api-version=2017-03-30')
  .reply(200, "{\r\n  \"properties\": {\r\n    \"vmId\": \"ca8e897b-5443-4030-a3a7-c14dd1020989\",\r\n    \"availabilitySet\": {\r\n      \"id\": \"/subscriptions/e33f361b-53c2-4cc7-b829-78906708387b/resourceGroups/xplatTestZVMCreate2715/providers/Microsoft.Compute/availabilitySets/XPLATTESTZVMAVAIL6526\"\r\n    },\r\n    \"hardwareProfile\": {\r\n      \"vmSize\": \"Standard_DS1\"\r\n    },\r\n    \"storageProfile\": {\r\n      \"imageReference\": {\r\n        \"publisher\": \"canonical\",\r\n        \"offer\": \"UbuntuServer\",\r\n        \"sku\": \"16.04.0-LTS\",\r\n        \"version\": \"latest\"\r\n      },\r\n      \"osDisk\": {\r\n        \"osType\": \"Linux\",\r\n        \"name\": \"clib617f2984e108abb-os-1496122439110\",\r\n        \"createOption\": \"FromImage\",\r\n        \"vhd\": {\r\n          \"uri\": \"https://xplatteststorage17987.blob.core.windows.net/xplatteststoragecnt13610/clib617f2984e108abb-os-1496122439110.vhd\"\r\n        },\r\n        \"caching\": \"ReadWrite\"\r\n      },\r\n      \"dataDisks\": []\r\n    },\r\n    \"osProfile\": {\r\n      \"computerName\": \"xplatvm\",\r\n      \"adminUsername\": \"azureuser\",\r\n      \"linuxConfiguration\": {\r\n        \"disablePasswordAuthentication\": false,\r\n        \"ssh\": {\r\n          \"publicKeys\": [\r\n            {\r\n              \"path\": \"/home/azureuser/.ssh/authorized_keys\",\r\n              \"keyData\": \"MIID/zCCAuegAwIBAgIJAMUAa+XVLvAeMA0GCSqGSIb3DQEBBQUAMIGVMQswCQYD\\r\\nVQQGEwJJbjESMBAGA1UECAwJS2FybmF0YWthMRIwEAYDVQQHDAlCYW5nYWxvcmUx\\r\\nEDAOBgNVBAoMB2JyaWxsaW8xEjAQBgNVBAsMCW1pY3Jvc29mdDEQMA4GA1UEAwwH\\r\\nYnJpbGxpbzEmMCQGCSqGSIb3DQEJARYXc3JlZWthbnRoYnNAeWFob28uY28uaW4w\\r\\nHhcNMTUwMzA1MTE1MzEyWhcNMTYwMzA0MTE1MzEyWjCBlTELMAkGA1UEBhMCSW4x\\r\\nEjAQBgNVBAgMCUthcm5hdGFrYTESMBAGA1UEBwwJQmFuZ2Fsb3JlMRAwDgYDVQQK\\r\\nDAdicmlsbGlvMRIwEAYDVQQLDAltaWNyb3NvZnQxEDAOBgNVBAMMB2JyaWxsaW8x\\r\\nJjAkBgkqhkiG9w0BCQEWF3NyZWVrYW50aGJzQHlhaG9vLmNvLmluMIIBIjANBgkq\\r\\nhkiG9w0BAQEFAAOCAQ8AMIIBCgKCAQEAyUNKaOuT0NK+S8Ck81zy9xJ6hXfZvAC6\\r\\nlhbmf/6s/WVimJ/TX5NMhQJwC9k6ZIF92KfYrojHNvHDufSZ3EtKUVwRFCDjmgMT\\r\\nDL09WkGaZt7gROYFK0iZ4KrYGovUwlwum9fHB24OJiOV4bi0ek62/rHx9fjYZpvp\\r\\naIH2PV/hN8SCZ0x7HJMberD4gVoU/Kv42nNvwjLUW6IZfVx/Gv5OeFDtWHfSvUEF\\r\\ndadHKTPn3Ab20Iu6gZIbLO9Vuf38/IpaYGfnFCouHdzmiTiLieYNe3CUPcOJNSv7\\r\\n1G8KYpx3uNJRkJPab5OsRyJw75Gvzkr9OgaPss9tVD6Gt68u3WQtVQIDAQABo1Aw\\r\\nTjAdBgNVHQ4EFgQUogvhXB+xZ2JJPfLO6cVs4ForzscwHwYDVR0jBBgwFoAUogvh\\r\\nXB+xZ2JJPfLO6cVs4ForzscwDAYDVR0TBAUwAwEB/zANBgkqhkiG9w0BAQUFAAOC\\r\\nAQEAdDj7qUNJ45xlF5cjd+4x5NHvAD1VTjOKu+Xh/uzSSjXqB2F0aOMWA9lx0qaQ\\r\\noJgHkGxj3zz/W7ik/cVGL2O+vRIOKv/y0OPogEmS3Hw+P+O6OGE7x1G6YN0zLVoL\\r\\nu4BN/BEYmjttxM9I7qqL7C5cJoE+K3s/w1/pt/68ohJcr7F9Ohi7cso62xuGY1Rm\\r\\nksAh2EUDsU9JV/P+C9AMpLSrb03JJYzVj4w1RHbrmw2AjFyGXdQYkggyXisg+Ifr\\r\\n5gbNN7HigpHf7b2i3CQBUqp9m23frh5AhnLI2qp3UXgc52U5ieLdi/t6j0TTZqqY\\r\\nHhHqofKrj938HHlBNpC5/LVh3w==\\r\\n\"\r\n            }\r\n          ]\r\n        }\r\n      },\r\n      \"secrets\": []\r\n    },\r\n    \"networkProfile\": {\"networkInterfaces\":[{\"id\":\"/subscriptions/e33f361b-53c2-4cc7-b829-78906708387b/resourceGroups/xplatTestZVMCreate2715/providers/Microsoft.Network/networkInterfaces/xplattestnic\"}]},\r\n    \"diagnosticsProfile\": {\r\n      \"bootDiagnostics\": {\r\n        \"enabled\": true,\r\n        \"storageUri\": \"https://clisto3508256576xplatvm.blob.core.windows.net/\"\r\n      }\r\n    },\r\n    \"provisioningState\": \"Succeeded\",\r\n    \"instanceView\": {\r\n      \"platformUpdateDomain\": 0,\r\n      \"platformFaultDomain\": 0,\r\n      \"vmAgent\": {\r\n        \"vmAgentVersion\": \"2.1.3\",\r\n        \"statuses\": [\r\n          {\r\n            \"code\": \"ProvisioningState/succeeded\",\r\n            \"level\": \"Info\",\r\n            \"displayStatus\": \"Ready\",\r\n            \"message\": \"Guest Agent is running\",\r\n            \"time\": \"2017-05-30T05:38:08+00:00\"\r\n          }\r\n        ],\r\n        \"extensionHandlers\": []\r\n      },\r\n      \"disks\": [\r\n        {\r\n          \"name\": \"clib617f2984e108abb-os-1496122439110\",\r\n          \"statuses\": [\r\n            {\r\n              \"code\": \"ProvisioningState/succeeded\",\r\n              \"level\": \"Info\",\r\n              \"displayStatus\": \"Provisioning succeeded\",\r\n              \"time\": \"2017-05-30T05:35:59.1391207+00:00\"\r\n            }\r\n          ]\r\n        }\r\n      ],\r\n      \"bootDiagnostics\": {\r\n        \"consoleScreenshotBlobUri\": \"https://clisto3508256576xplatvm.blob.core.windows.net/bootdiagnostics-xplatvm-ca8e897b-5443-4030-a3a7-c14dd1020989/xplatvm.ca8e897b-5443-4030-a3a7-c14dd1020989.screenshot.bmp\",\r\n        \"serialConsoleLogBlobUri\": \"https://clisto3508256576xplatvm.blob.core.windows.net/bootdiagnostics-xplatvm-ca8e897b-5443-4030-a3a7-c14dd1020989/xplatvm.ca8e897b-5443-4030-a3a7-c14dd1020989.serialconsole.log\"\r\n      },\r\n      \"statuses\": [\r\n        {\r\n          \"code\": \"ProvisioningState/succeeded\",\r\n          \"level\": \"Info\",\r\n          \"displayStatus\": \"Provisioning succeeded\",\r\n          \"time\": \"2017-05-30T05:37:48.5856312+00:00\"\r\n        },\r\n        {\r\n          \"code\": \"PowerState/running\",\r\n          \"level\": \"Info\",\r\n          \"displayStatus\": \"VM running\"\r\n        }\r\n      ]\r\n    }\r\n  },\r\n  \"type\": \"Microsoft.Compute/virtualMachines\",\r\n  \"location\": \"southeastasia\",\r\n  \"tags\": {\r\n    \"a\": \"b\",\r\n    \"b\": \"c\",\r\n    \"d\": \"\"\r\n  },\r\n  \"id\": \"/subscriptions/e33f361b-53c2-4cc7-b829-78906708387b/resourceGroups/xplatTestZVMCreate2715/providers/Microsoft.Compute/virtualMachines/xplatvm\",\r\n  \"name\": \"xplatvm\"\r\n}", { 'cache-control': 'no-cache',
  pragma: 'no-cache',
  'content-length': '5229',
  'content-type': 'application/json; charset=utf-8',
  expires: '-1',
  'strict-transport-security': 'max-age=31536000; includeSubDomains',
  'x-ms-served-by': 'dce02487-9cda-4782-8138-773eb1573792_131340057859683594',
  'x-ms-request-id': '7d9f817e-051e-47d7-ae3c-969acd78fce0',
  server: 'Microsoft-HTTPAPI/2.0',
  'x-ms-ratelimit-remaining-subscription-reads': '14993',
  'x-ms-correlation-request-id': '0e744d30-e9cd-47d7-881c-f51dde684956',
  'x-ms-routing-request-id': 'WESTUS2:20170530T053823Z:0e744d30-e9cd-47d7-881c-f51dde684956',
  date: 'Tue, 30 May 2017 05:38:23 GMT',
  connection: 'close' });
 return result; },
function (nock) { 
var result = 
nock('http://management.azure.com:443')
  .post('/subscriptions/e33f361b-53c2-4cc7-b829-78906708387b/resourceGroups/xplatTestZVMCreate2715/providers/Microsoft.Storage/storageAccounts/clisto3508256576xplatvm/listKeys?api-version=2016-12-01')
  .reply(200, "{\"keys\":[{\"keyName\":\"key1\",\"permissions\":\"Full\",\"value\":\"JZtNUSCA+XSYGaMqFxF+eFYP27ItzdtC5lRCTQttk3Nk0DzvMULqVuzN5ZKM+EyUbKfTUJW54c6jEIXR4g4jJA==\"},{\"keyName\":\"key2\",\"permissions\":\"Full\",\"value\":\"gIMjLZVhNYCPDfbw+1P31sgXm4LsvSstVJ4fpn6rbWinQyjVIrZyr9z46SHYFIegA+lz40IZ1W+EvJAmUAxmTg==\"}]}\n", { 'cache-control': 'no-cache',
  pragma: 'no-cache',
  'content-length': '289',
  'content-type': 'application/json',
  expires: '-1',
  'x-ms-request-id': 'f96f7499-9d65-4ee6-a4f4-9cbe85cdae9b',
  server: 'Microsoft-Azure-Storage-Resource-Provider/1.0',
  'x-ms-ratelimit-remaining-subscription-writes': '1198',
  'x-ms-correlation-request-id': 'f96f7499-9d65-4ee6-a4f4-9cbe85cdae9b',
  'x-ms-routing-request-id': 'WESTUS2:20170530T053823Z:f96f7499-9d65-4ee6-a4f4-9cbe85cdae9b',
  'strict-transport-security': 'max-age=31536000; includeSubDomains',
  date: 'Tue, 30 May 2017 05:38:23 GMT',
  connection: 'close' });
 return result; },
function (nock) { 
var result = 
nock('https://management.azure.com:443')
  .post('/subscriptions/e33f361b-53c2-4cc7-b829-78906708387b/resourceGroups/xplatTestZVMCreate2715/providers/Microsoft.Storage/storageAccounts/clisto3508256576xplatvm/listKeys?api-version=2016-12-01')
  .reply(200, "{\"keys\":[{\"keyName\":\"key1\",\"permissions\":\"Full\",\"value\":\"JZtNUSCA+XSYGaMqFxF+eFYP27ItzdtC5lRCTQttk3Nk0DzvMULqVuzN5ZKM+EyUbKfTUJW54c6jEIXR4g4jJA==\"},{\"keyName\":\"key2\",\"permissions\":\"Full\",\"value\":\"gIMjLZVhNYCPDfbw+1P31sgXm4LsvSstVJ4fpn6rbWinQyjVIrZyr9z46SHYFIegA+lz40IZ1W+EvJAmUAxmTg==\"}]}\n", { 'cache-control': 'no-cache',
  pragma: 'no-cache',
  'content-length': '289',
  'content-type': 'application/json',
  expires: '-1',
  'x-ms-request-id': 'f96f7499-9d65-4ee6-a4f4-9cbe85cdae9b',
  server: 'Microsoft-Azure-Storage-Resource-Provider/1.0',
  'x-ms-ratelimit-remaining-subscription-writes': '1198',
  'x-ms-correlation-request-id': 'f96f7499-9d65-4ee6-a4f4-9cbe85cdae9b',
  'x-ms-routing-request-id': 'WESTUS2:20170530T053823Z:f96f7499-9d65-4ee6-a4f4-9cbe85cdae9b',
  'strict-transport-security': 'max-age=31536000; includeSubDomains',
  date: 'Tue, 30 May 2017 05:38:23 GMT',
  connection: 'close' });
 return result; },
function (nock) { 
var result = 
nock('http://clisto3508256576xplatvm.blob.core.windows.net:443')
  .head('/bootdiagnostics-xplatvm-ca8e897b-5443-4030-a3a7-c14dd1020989/xplatvm.ca8e897b-5443-4030-a3a7-c14dd1020989.serialconsole.log')
  .reply(200, "", { 'content-length': '59392',
  'content-type': 'text/plain',
  'last-modified': 'Tue, 30 May 2017 05:38:10 GMT',
  'accept-ranges': 'bytes',
  etag: '"0x8D4A71E0EDF1F41"',
  server: 'Windows-Azure-Blob/1.0 Microsoft-HTTPAPI/2.0',
  'x-ms-request-id': '868ee41b-0001-00ba-5306-d9de9f000000',
  'x-ms-version': '2016-05-31',
  'x-ms-lease-status': 'unlocked',
  'x-ms-lease-state': 'available',
  'x-ms-blob-type': 'PageBlob',
  'x-ms-blob-sequence-number': '0',
  'x-ms-server-encrypted': 'false',
  date: 'Tue, 30 May 2017 05:38:24 GMT',
  connection: 'close' });
 return result; },
function (nock) { 
var result = 
nock('https://clisto3508256576xplatvm.blob.core.windows.net:443')
  .head('/bootdiagnostics-xplatvm-ca8e897b-5443-4030-a3a7-c14dd1020989/xplatvm.ca8e897b-5443-4030-a3a7-c14dd1020989.serialconsole.log')
  .reply(200, "", { 'content-length': '59392',
  'content-type': 'text/plain',
  'last-modified': 'Tue, 30 May 2017 05:38:10 GMT',
  'accept-ranges': 'bytes',
  etag: '"0x8D4A71E0EDF1F41"',
  server: 'Windows-Azure-Blob/1.0 Microsoft-HTTPAPI/2.0',
  'x-ms-request-id': '868ee41b-0001-00ba-5306-d9de9f000000',
  'x-ms-version': '2016-05-31',
  'x-ms-lease-status': 'unlocked',
  'x-ms-lease-state': 'available',
  'x-ms-blob-type': 'PageBlob',
  'x-ms-blob-sequence-number': '0',
  'x-ms-server-encrypted': 'false',
  date: 'Tue, 30 May 2017 05:38:24 GMT',
  connection: 'close' });
 return result; },
function (nock) { 
var result = 
nock('http://clisto3508256576xplatvm.blob.core.windows.net:443')
  .get('/bootdiagnostics-xplatvm-ca8e897b-5443-4030-a3a7-c14dd1020989/xplatvm.ca8e897b-5443-4030-a3a7-c14dd1020989.serialconsole.log')
  .reply(200, "\u001b[H\u001b[J\u001b[1;1H[    0.000000] Initializing cgroup subsys cpuset\r\n[    0.000000] Initializing cgroup subsys cpu\r\n[    0.000000] Initializing cgroup subsys cpuacct\r\n[    0.000000] Linux version 4.4.0-47-generic (buildd@lcy01-03) (gcc version 5.4.0 20160609 (Ubuntu 5.4.0-6ubuntu1~16.04.2) ) #68-Ubuntu SMP Wed Oct 26 19:39:52 UTC 2016 (Ubuntu 4.4.0-47.68-generic 4.4.24)\r\n[    0.000000] Command line: BOOT_IMAGE=/boot/vmlinuz-4.4.0-47-generic root=UUID=e990f8b3-1d6b-4615-8280-8ead4ed2fe7c ro console=tty1 console=ttyS0 earlyprintk=ttyS0 rootdelay=300\r\n[    0.000000] KERNEL supported cpus:\r\n[    0.000000]   Intel GenuineIntel\r\n[    0.000000]   AMD AuthenticAMD\r\n[    0.000000]   Centaur CentaurHauls\r\n[    0.000000] x86/fpu: xstate_offset[2]:  576, xstate_sizes[2]:  256\r\n[    0.000000] x86/fpu: Supporting XSAVE feature 0x01: 'x87 floating point registers'\r\n[    0.000000] x86/fpu: Supporting XSAVE feature 0x02: 'SSE registers'\r\n[    0.000000] x86/fpu: Supporting XSAVE feature 0x04: 'AVX registers'\r\n[    0.000000] x86/fpu: Enabled xstate features 0x7, context size is 832 bytes, using 'standard' format.\r\n[    0.000000] x86/fpu: Using 'eager' FPU context switches.\r\n[    0.000000] e820: BIOS-provided physical RAM map:\r\n[    0.000000] BIOS-e820: [mem 0x0000000000000000-0x000000000009fbff] usable\r\n[    0.000000] BIOS-e820: [mem 0x000000000009fc00-0x000000000009ffff] reserved\r\n[    0.000000] BIOS-e820: [mem 0x00000000000e0000-0x00000000000fffff] reserved\r\n[    0.000000] BIOS-e820: [mem 0x0000000000100000-0x000000001ffeffff] usable\r\n[    0.000000] BIOS-e820: [mem 0x000000001fff0000-0x000000001fffefff] ACPI data\r\n[    0.000000] BIOS-e820: [mem 0x000000001ffff000-0x000000001fffffff] ACPI NVS\r\n[    0.000000] BIOS-e820: [mem 0x0000000100000000-0x00000001bfffffff] usable\r\n[    0.000000] bootconsole [earlyser0] enabled\r\n[    0.000000] NX (Execute Disable) protection: active\r\n[    0.000000] SMBIOS 2.3 present.\r\n[    0.000000] Hypervisor detected: Microsoft HyperV\r\n[    0.000000] HyperV: features 0xe7f, hints 0x2c\r\n[    0.000000] HyperV: LAPIC Timer Frequency: 0xc3500\r\n[    0.000000] clocksource: hyperv_clocksource: mask: 0xffffffffffffffff max_cycles: 0x24e6a1710, max_idle_ns: 440795202120 ns\r\n[    0.000000] tsc: Marking TSC unstable due to running on Hyper-V\r\n[    0.000000] e820: last_pfn = 0x1c0000 max_arch_pfn = 0x400000000\r\n[    0.000000] x86/PAT: Configuration [0-7]: WB  WC  UC- UC  WB  WC  UC- WT  \r\n[    0.000000] e820: last_pfn = 0x1fff0 max_arch_pfn = 0x400000000\r\n[    0.000000] found SMP MP-table at [mem 0x000ff780-0x000ff78f] mapped at [ffff8800000ff780]\r\n[    0.000000] Scanning 1 areas for low memory corruption\r\n[    0.000000] RAMDISK: [mem 0x1d3ff000-0x1f779fff]\r\n[    0.000000] ACPI: Early table checksum verification disabled\r\n[    0.000000] ACPI: RSDP 0x00000000000F56F0 000014 (v00 ACPIAM)\r\n[    0.000000] ACPI: RSDT 0x000000001FFF0000 000040 (v01 VRTUAL MICROSFT 05001223 MSFT 00000097)\r\n[    0.000000] ACPI: FACP 0x000000001FFF0200 000081 (v02 VRTUAL MICROSFT 05001223 MSFT 00000097)\r\n[    0.000000] ACPI: DSDT 0x000000001FFF1724 002E78 (v01 MSFTVM MSFTVM02 00000002 INTL 02002026)\r\n[    0.000000] ACPI: FACS 0x000000001FFFF000 000040\r\n[    0.000000] ACPI: WAET 0x000000001FFF1480 000028 (v01 VRTUAL MICROSFT 05001223 MSFT 00000097)\r\n[    0.000000] ACPI: SLIC 0x000000001FFF14C0 000176 (v01 VRTUAL MICROSFT 05001223 MSFT 00000097)\r\n[    0.000000] ACPI: OEM0 0x000000001FFF16C0 000064 (v01 VRTUAL MICROSFT 05001223 MSFT 00000097)\r\n[    0.000000] ACPI: SRAT 0x000000001FFF0600 000090 (v02 VRTUAL MICROSFT 00000001 MSFT 00000001)\r\n[    0.000000] ACPI: APIC 0x000000001FFF0300 00024C (v01 VRTUAL MICROSFT 05001223 MSFT 00000097)\r\n[    0.000000] ACPI: OEMB 0x000000001FFFF040 000064 (v01 VRTUAL MICROSFT 05001223 MSFT 00000097)\r\n[    0.000000] SRAT: PXM 0 -> APIC 0x00 -> Node 0\r\n[    0.000000] SRAT: Node 0 PXM 0 [mem 0x00000000-0x1fffffff]\r\n[    0.000000] SRAT: Node 0 PXM 0 [mem 0x100000000-0x1bfffffff]\r\n[    0.000000] NUMA: Node 0 [mem 0x00000000-0x1fffffff] + [mem 0x100000000-0x1bfffffff] -> [mem 0x00000000-0x1bfffffff]\r\n[    0.000000] NODE_DATA(0) allocated [mem 0x1bfffa000-0x1bfffefff]\r\n[    0.000000] Zone ranges:\r\n[    0.000000]   DMA      [mem 0x0000000000001000-0x0000000000ffffff]\r\n[    0.000000]   DMA32    [mem 0x0000000001000000-0x00000000ffffffff]\r\n[    0.000000]   Normal   [mem 0x0000000100000000-0x00000001bfffffff]\r\n[    0.000000]   Device   empty\r\n[    0.000000] Movable zone start for each node\r\n[    0.000000] Early memory node ranges\r\n[    0.000000]   node   0: [mem 0x0000000000001000-0x000000000009efff]\r\n[    0.000000]   node   0: [mem 0x0000000000100000-0x000000001ffeffff]\r\n[    0.000000]   node   0: [mem 0x0000000100000000-0x00000001bfffffff]\r\n[    0.000000] Initmem setup node 0 [mem 0x0000000000001000-0x00000001bfffffff]\r\n[    0.000000] ACPI: PM-Timer IO Port: 0x408\r\n[    0.000000] IOAPIC[0]: apic_id 0, version 17, address 0xfec00000, GSI 0-23\r\n[    0.000000] ACPI: INT_SRC_OVR (bus 0 bus_irq 0 global_irq 2 dfl dfl)\r\n[    0.000000] ACPI: INT_SRC_OVR (bus 0 bus_irq 9 global_irq 9 high level)\r\n[    0.000000] Using ACPI (MADT) for SMP configuration information\r\n[    0.000000] smpboot: Allowing 64 CPUs, 63 hotplug CPUs\r\n[    0.000000] PM: Registered nosave memory: [mem 0x00000000-0x00000fff]\r\n[    0.000000] PM: Registered nosave memory: [mem 0x0009f000-0x0009ffff]\r\n[    0.000000] PM: Registered nosave memory: [mem 0x000a0000-0x000dffff]\r\n[    0.000000] PM: Registered nosave memory: [mem 0x000e0000-0x000fffff]\r\n[    0.000000] PM: Registered nosave memory: [mem 0x1fff0000-0x1fffefff]\r\n[    0.000000] PM: Registered nosave memory: [mem 0x1ffff000-0x1fffffff]\r\n[    0.000000] PM: Registered nosave memory: [mem 0x20000000-0xffffffff]\r\n[    0.000000] e820: [mem 0x20000000-0xffffffff] available for PCI devices\r\n[    0.000000] Booting paravirtualized kernel on bare hardware\r\n[    0.000000] clocksource: refined-jiffies: mask: 0xffffffff max_cycles: 0xffffffff, max_idle_ns: 7645519600211568 ns\r\n[    0.000000] setup_percpu: NR_CPUS:256 nr_cpumask_bits:256 nr_cpu_ids:64 nr_node_ids:1\r\n[    0.000000] PERCPU: Embedded 33 pages/cpu @ffff8801bae00000 s98008 r8192 d28968 u262144\r\n[    0.000000] Built 1 zonelists in Node order, mobility grouping on.  Total pages: 903033\r\n[    0.000000] Policy zone: Normal\r\n[    0.000000] Kernel command line: BOOT_IMAGE=/boot/vmlinuz-4.4.0-47-generic root=UUID=e990f8b3-1d6b-4615-8280-8ead4ed2fe7c ro console=tty1 console=ttyS0 earlyprintk=ttyS0 rootdelay=300\r\n[    0.000000] log_buf_len individual max cpu contribution: 4096 bytes\r\n[    0.000000] log_buf_len total cpu_extra contributions: 258048 bytes\r\n[    0.000000] log_buf_len min size: 262144 bytes\r\n[    0.000000] log_buf_len: 524288 bytes\r\n[    0.000000] early log buf free: 253140(96%)\r\n[    0.000000] PID hash table entries: 4096 (order: 3, 32768 bytes)\r\n[    0.000000] Memory: 3482052K/3669560K available (8423K kernel code, 1285K rwdata, 3952K rodata, 1480K init, 1292K bss, 187508K reserved, 0K cma-reserved)\r\n[    0.000000] SLUB: HWalign=64, Order=0-3, MinObjects=0, CPUs=64, Nodes=1\r\n[    0.000000] Hierarchical RCU implementation.\r\n[    0.000000] \tBuild-time adjustment of leaf fanout to 64.\r\n[    0.000000] \tRCU restricting CPUs from NR_CPUS=256 to nr_cpu_ids=64.\r\n[    0.000000] RCU: Adjusting geometry for rcu_fanout_leaf=64, nr_cpu_ids=64\r\n[    0.000000] NR_IRQS:16640 nr_irqs:936 16\r\n[    0.000000] Console: colour VGA+ 80x25\r\n[    0.000000] console [tty1] enabled\r\n[    0.000000] console [ttyS0] enabled\r\n[    0.000000] console [ttyS0] enabled\r\n[    0.000000] bootconsole [earlyser0] disabled\r\n[    0.000000] bootconsole [earlyser0] disabled\r\n[    0.000000] tsc: Fast TSC calibration failed\r\n[    0.000000] tsc: Unable to calibrate against PIT\r\n[    0.000000] tsc: using PMTIMER reference calibration\r\n[    0.000000] tsc: Detected 2194.458 MHz processor\r\n[    0.020036] Calibrating delay loop (skipped), value calculated using timer frequency.. 4388.91 BogoMIPS (lpj=8777832)\r\n[    0.023381] pid_max: default: 65536 minimum: 512\r\n[    0.024033] ACPI: Core revision 20150930\r\n[    0.028850] ACPI: 1 ACPI AML tables successfully acquired and loaded\r\n[    0.032090] Security Framework initialized\r\n[    0.033513] Yama: becoming mindful.\r\n[    0.034958] AppArmor: AppArmor initialized\r\n[    0.036370] Dentry cache hash table entries: 524288 (order: 10, 4194304 bytes)\r\n[    0.040917] Inode-cache hash table entries: 262144 (order: 9, 2097152 bytes)\r\n[    0.043331] Mount-cache hash table entries: 8192 (order: 4, 65536 bytes)\r\n[    0.044078] Mountpoint-cache hash table entries: 8192 (order: 4, 65536 bytes)\r\n[    0.048331] Initializing cgroup subsys io\r\n[    0.049916] Initializing cgroup subsys memory\r\n[    0.051440] Initializing cgroup subsys devices\r\n[    0.052023] Initializing cgroup subsys freezer\r\n[    0.053555] Initializing cgroup subsys net_cls\r\n[    0.056021] Initializing cgroup subsys perf_event\r\n[    0.057492] Initializing cgroup subsys net_prio\r\n[    0.059009] Initializing cgroup subsys hugetlb\r\n[    0.060020] Initializing cgroup subsys pids\r\n[    0.061983] mce: CPU supports 1 MCE banks\r\n[    0.064052] Last level iTLB entries: 4KB 512, 2MB 8, 4MB 8\r\n[    0.065604] Last level dTLB entries: 4KB 512, 2MB 32, 4MB 32, 1GB 0\r\n[    0.091914] ftrace: allocating 32047 entries in 126 pages\r\n[    0.104154] smpboot: Max logical packages: 64\r\n[    0.105880] smpboot: APIC(0) Converting physical 0 to logical package 0\r\n[    0.107459] Switched APIC routing to physical flat.\r\n[    0.123903] ..TIMER: vector=0x30 apic1=0 pin1=2 apic2=-1 pin2=-1\r\n[    0.124151] smpboot: CPU0: Intel(R) Xeon(R) CPU E5-2660 0 @ 2.20GHz (family: 0x6, model: 0x2d, stepping: 0x7)\r\n[    0.128016] Performance Events: unsupported p6 CPU model 45 no PMU driver, software events only.\r\n[    0.133301] x86: Booted up 1 node, 1 CPUs\r\n[    0.134786] smpboot: Total of 1 processors activated (4388.91 BogoMIPS)\r\n[    0.136009] NMI watchdog: disabled (cpu0): hardware events not enabled\r\n[    0.137707] NMI watchdog: Shutting down hard lockup detector on all cpus\r\n[    0.144468] devtmpfs: initialized\r\n[    0.148340] evm: security.selinux\r\n[    0.150693] evm: security.SMACK64\r\n[    0.151760] evm: security.SMACK64EXEC\r\n[    0.152007] evm: security.SMACK64TRANSMUTE\r\n[    0.153137] evm: security.SMACK64MMAP\r\n[    0.154223] evm: security.ima\r\n[    0.156002] evm: security.capability\r\n[    0.157273] PM: Registering ACPI NVS region [mem 0x1ffff000-0x1fffffff] (4096 bytes)\r\n[    0.158940] clocksource: jiffies: mask: 0xffffffff max_cycles: 0xffffffff, max_idle_ns: 7645041785100000 ns\r\n[    0.160174] pinctrl core: initialized pinctrl subsystem\r\n[    0.161768] RTC time:  5:36:35, date: 05/30/17\r\n[    0.164183] NET: Registered protocol family 16\r\n[    0.165524] cpuidle: using governor ladder\r\n[    0.166621] cpuidle: using governor menu\r\n[    0.168005] PCCT header not found.\r\n[    0.169116] ACPI: bus type PCI registered\r\n[    0.170381] acpiphp: ACPI Hot Plug PCI Controller Driver version: 0.5\r\n[    0.172034] PCI: Using configuration type 1 for base access\r\n[    0.175060] ACPI: Added _OSI(Module Device)\r\n[    0.176004] ACPI: Added _OSI(Processor Device)\r\n[    0.177158] ACPI: Added _OSI(3.0 _SCP Extensions)\r\n[    0.178622] ACPI: Added _OSI(Processor Aggregator Device)\r\n[    0.182615] ACPI: Interpreter enabled\r\n[    0.184015] ACPI: (supports S0 S5)\r\n[    0.185075] ACPI: Using IOAPIC for interrupt routing\r\n[    0.186279] PCI: Using host bridge windows from ACPI; if necessary, use \"pci=nocrs\" and report a bug\r\n[    0.198891] ACPI: PCI Root Bridge [PCI0] (domain 0000 [bus 00-ff])\r\n[    0.200008] acpi PNP0A03:00: _OSC: OS supports [ASPM ClockPM Segments MSI]\r\n[    0.201798] acpi PNP0A03:00: _OSC failed (AE_NOT_FOUND); disabling ASPM\r\n[    0.203214] acpi PNP0A03:00: fail to add MMCONFIG information, can't access extended PCI configuration space under this bridge.\r\n[    0.204594] PCI host bridge to bus 0000:00\r\n[    0.205704] pci_bus 0000:00: root bus resource [mem 0xfe0000000-0xfffefffff window]\r\n[    0.208004] pci_bus 0000:00: root bus resource [io  0x0000-0x0cf7 window]\r\n[    0.209306] pci_bus 0000:00: root bus resource [io  0x0d00-0xffff window]\r\n[    0.210600] pci_bus 0000:00: root bus resource [mem 0x000a0000-0x000bffff window]\r\n[    0.212004] pci_bus 0000:00: root bus resource [mem 0x20000000-0xfffbffff window]\r\n[    0.213547] pci_bus 0000:00: root bus resource [bus 00-ff]\r\n[    0.221766] pci 0000:00:07.1: legacy IDE quirk: reg 0x10: [io  0x01f0-0x01f7]\r\n[    0.223307] pci 0000:00:07.1: legacy IDE quirk: reg 0x14: [io  0x03f6]\r\n[    0.224003] pci 0000:00:07.1: legacy IDE quirk: reg 0x18: [io  0x0170-0x0177]\r\n[    0.225341] pci 0000:00:07.1: legacy IDE quirk: reg 0x1c: [io  0x0376]\r\n[    0.227124] * Found PM-Timer Bug on the chipset. Due to workarounds for a bug,\r\n[    0.227124] * this clock source is slow. Consider trying other clock sources\r\n[    0.229672] pci 0000:00:07.3: quirk: [io  0x0400-0x043f] claimed by PIIX4 ACPI\r\n[    0.243939] ACPI: PCI Interrupt Link [LNKA] (IRQs 3 4 5 7 9 10 *11 12 14 15)\r\n[    0.252876] ACPI: PCI Interrupt Link [LNKB] (IRQs 3 4 5 7 9 10 11 12 14 15) *0, disabled.\r\n[    0.263674] ACPI: PCI Interrupt Link [LNKC] (IRQs 3 4 5 7 9 10 11 12 14 15) *0, disabled.\r\n[    0.273846] ACPI: PCI Interrupt Link [LNKD] (IRQs 3 4 5 7 9 10 11 12 14 15) *0, disabled.\r\n[    0.284991] ACPI: Enabled 1 GPEs in block 00 to 0F\r\n[    0.288200] vgaarb: setting as boot device: PCI:0000:00:08.0\r\n[    0.289489] vgaarb: device added: PCI:0000:00:08.0,decodes=io+mem,owns=io+mem,locks=none\r\n[    0.291228] vgaarb: loaded\r\n[    0.292003] vgaarb: bridge control possible 0000:00:08.0\r\n[    0.293535] SCSI subsystem initialized\r\n[    0.294791] ACPI: bus type USB registered\r\n[    0.296025] usbcore: registered new interface driver usbfs\r\n[    0.297296] usbcore: registered new interface driver hub\r\n[    0.298542] usbcore: registered new device driver usb\r\n[    0.300203] PCI: Using ACPI for IRQ routing\r\n[    0.302110] NetLabel: Initializing\r\n[    0.303190] NetLabel:  domain hash size = 128\r\n[    0.304004] NetLabel:  protocols = UNLABELED CIPSOv4\r\n[    0.305483] NetLabel:  unlabeled traffic allowed by default\r\n[    0.308120] amd_nb: Cannot enumerate AMD northbridges\r\n[    0.309494] clocksource: Switched to clocksource hyperv_clocksource\r\n[    0.316756] AppArmor: AppArmor Filesystem Enabled\r\n[    0.319229] pnp: PnP ACPI init\r\n[    0.325732] system 00:06: [io  0x01e0-0x01ef] has been reserved\r\n[    0.329917] system 00:06: [io  0x0160-0x016f] has been reserved\r\n[    0.331368] system 00:06: [io  0x0278-0x027f] has been reserved\r\n[    0.332708] system 00:06: [io  0x0378-0x037f] has been reserved\r\n[    0.334105] system 00:06: [io  0x0678-0x067f] has been reserved\r\n[    0.335433] system 00:06: [io  0x0778-0x077f] has been reserved\r\n[    0.336781] system 00:06: [io  0x04d0-0x04d1] has been reserved\r\n[    0.338256] system 00:07: [io  0x0400-0x043f] has been reserved\r\n[    0.339578] system 00:07: [io  0x0370-0x0371] has been reserved\r\n[    0.340903] system 00:07: [io  0x0440-0x044f] has been reserved\r\n[    0.342136] system 00:07: [mem 0xfec00000-0xfec00fff] could not be reserved\r\n[    0.343516] system 00:07: [mem 0xfee00000-0xfee00fff] has been reserved\r\n[    0.344983] system 00:08: [mem 0x00000000-0x0009ffff] could not be reserved\r\n[    0.346396] system 00:08: [mem 0x000c0000-0x000dffff] could not be reserved\r\n[    0.347722] system 00:08: [mem 0x000e0000-0x000fffff] could not be reserved\r\n[    0.349073] system 00:08: [mem 0x00100000-0x1fffffff] could not be reserved\r\n[    0.350400] system 00:08: [mem 0xfffc0000-0xffffffff] has been reserved\r\n[    0.352545] pnp: PnP ACPI: found 9 devices\r\n[    0.359770] clocksource: acpi_pm: mask: 0xffffff max_cycles: 0xffffff, max_idle_ns: 2085701024 ns\r\n[    0.362921] NET: Registered protocol family 2\r\n[    0.364648] TCP established hash table entries: 32768 (order: 6, 262144 bytes)\r\n[    0.366247] TCP bind hash table entries: 32768 (order: 7, 524288 bytes)\r\n[    0.367641] TCP: Hash tables configured (established 32768 bind 32768)\r\n[    0.368996] UDP hash table entries: 2048 (order: 4, 65536 bytes)\r\n[    0.370426] UDP-Lite hash table entries: 2048 (order: 4, 65536 bytes)\r\n[    0.371902] NET: Registered protocol family 1\r\n[    0.373045] pci 0000:00:00.0: Limiting direct PCI/PCI transfers\r\n[    0.374595] Trying to unpack rootfs image as initramfs...\r\n[    1.064632] Freeing initrd memory: 36332K (ffff88001d3ff000 - ffff88001f77a000)\r\n[    1.066720] PCI-DMA: Using software bounce buffering for IO (SWIOTLB)\r\n[    1.068336] software IO TLB [mem 0x193ff000-0x1d3ff000] (64MB) mapped at [ffff8800193ff000-ffff88001d3fefff]\r\n[    1.070682] RAPL PMU detected, API unit is 2^-32 Joules, 3 fixed counters 10737418240 ms ovfl timer\r\n[    1.072687] hw unit of domain pp0-core 2^-0 Joules\r\n[    1.074199] hw unit of domain package 2^-0 Joules\r\n[    1.075600] hw unit of domain dram 2^-0 Joules\r\n[    1.077030] clocksource: tsc: mask: 0xffffffffffffffff max_cycles: 0x1fa1bf961a0, max_idle_ns: 440795232474 ns\r\n[    1.079235] Scanning for low memory corruption every 60 seconds\r\n[    1.082075] futex hash table entries: 16384 (order: 8, 1048576 bytes)\r\n[    1.084004] audit: initializing netlink subsys (disabled)\r\n[    1.085597] audit: type=2000 audit(1496122595.084:1): initialized\r\n[    1.087559] Initialise system trusted keyring\r\n[    1.089266] HugeTLB registered 2 MB page size, pre-allocated 0 pages\r\n[    1.092520] zbud: loaded\r\n[    1.094174] VFS: Disk quotas dquot_6.6.0\r\n[    1.095778] VFS: Dquot-cache hash table entries: 512 (order 0, 4096 bytes)\r\n[    1.097842] squashfs: version 4.0 (2009/01/31) Phillip Lougher\r\n[    1.099779] fuse init (API version 7.23)\r\n[    1.101478] Key type big_key registered\r\n[    1.103010] Allocating IMA MOK and blacklist keyrings.\r\n[    1.104873] Key type asymmetric registered\r\n[    1.106399] Asymmetric key parser 'x509' registered\r\n[    1.107911] Block layer SCSI generic (bsg) driver version 0.4 loaded (major 249)\r\n[    1.110191] io scheduler noop registered\r\n[    1.111711] io scheduler deadline registered (default)\r\n[    1.113342] io scheduler cfq registered\r\n[    1.115608] pci_hotplug: PCI Hot Plug PCI Core version: 0.5\r\n[    1.116968] pciehp: PCI Express Hot Plug Controller Driver version: 0.4\r\n[    1.118430] input: Power Button as /devices/LNXSYSTM:00/LNXPWRBN:00/input/input0\r\n[    1.119976] ACPI: Power Button [PWRF]\r\n[    1.121344] GHES: HEST is not enabled!\r\n[    1.122574] Serial: 8250/16550 driver, 32 ports, IRQ sharing enabled\r\n[    1.145956] 00:03: ttyS0 at I/O 0x3f8 (irq = 4, base_baud = 115200) is a 16550A\r\n[    1.171548] 00:04: ttyS1 at I/O 0x2f8 (irq = 3, base_baud = 115200) is a 16550A\r\n[    1.174603] Linux agpgart interface v0.103\r\n[    1.180068] brd: module loaded\r\n[    1.183326] loop: module loaded\r\n[    1.185133] ata_piix 0000:00:07.1: Hyper-V Virtual Machine detected, ATA device ignore set\r\n[    1.189837] scsi host0: ata_piix\r\n[    1.191326] scsi host1: ata_piix\r\n[    1.192933] ata1: PATA max UDMA/33 cmd 0x1f0 ctl 0x3f6 bmdma 0xffa0 irq 14\r\n[    1.194646] ata2: PATA max UDMA/33 cmd 0x170 ctl 0x376 bmdma 0xffa8 irq 15\r\n[    1.197959] libphy: Fixed MDIO Bus: probed\r\n[    1.199694] tun: Universal TUN/TAP device driver, 1.6\r\n[    1.201736] tun: (C) 1999-2004 Max Krasnyansky <maxk@qualcomm.com>\r\n[    1.203767] PPP generic driver version 2.4.2\r\n[    1.205555] ehci_hcd: USB 2.0 'Enhanced' Host Controller (EHCI) Driver\r\n[    1.207523] ehci-pci: EHCI PCI platform driver\r\n[    1.209826] ehci-platform: EHCI generic platform driver\r\n[    1.211784] ohci_hcd: USB 1.1 'Open' Host Controller (OHCI) Driver\r\n[    1.213823] ohci-pci: OHCI PCI platform driver\r\n[    1.215780] ohci-platform: OHCI generic platform driver\r\n[    1.217975] uhci_hcd: USB Universal Host Controller Interface driver\r\n[    1.220382] i8042: PNP: PS/2 Controller [PNP0303:PS2K,PNP0f03:PS2M] at 0x60,0x64 irq 1,12\r\n[    1.225810] serio: i8042 KBD port at 0x60,0x64 irq 1\r\n[    1.227290] serio: i8042 AUX port at 0x60,0x64 irq 12\r\n[    1.228652] mousedev: PS/2 mouse device common for all mice\r\n[    1.230726] rtc_cmos 00:00: RTC can wake from S4\r\n[    1.253760] input: AT Translated Set 2 keyboard as /devices/platform/i8042/serio0/input/input1\r\n[    1.256589] rtc_cmos 00:00: rtc core: registered rtc_cmos as rtc0\r\n[    1.258569] rtc_cmos 00:00: alarms up to one month, 114 bytes nvram\r\n[    1.260295] i2c /dev entries driver\r\n[    1.261852] device-mapper: uevent: version 1.0.3\r\n[    1.263176] device-mapper: ioctl: 4.34.0-ioctl (2015-10-28) initialised: dm-devel@redhat.com\r\n[    1.264887] ledtrig-cpu: registered to indicate activity on CPUs\r\n[    1.266566] NET: Registered protocol family 10\r\n[    1.268138] NET: Registered protocol family 17\r\n[    1.269356] Key type dns_resolver registered\r\n[    1.270680] microcode: CPU0 sig=0x206d7, pf=0x1, revision=0xffffffff\r\n[    1.272736] microcode: Microcode Update Driver: v2.01 <tigran@aivazian.fsnet.co.uk>, Peter Oruba\r\n[    1.274553] registered taskstats version 1\r\n[    1.275804] Loading compiled-in X.509 certificates\r\n[    1.278091] Loaded X.509 cert 'Build time autogenerated kernel key: f7bc719d96df7c6d6fed8f4b9fd5d4ff001383c8'\r\n[    1.281133] zswap: loaded using pool lzo/zbud\r\n[    1.284048] Key type trusted registered\r\n[    1.287931] Key type encrypted registered\r\n[    1.289066] AppArmor: AppArmor sha1 policy hashing enabled\r\n[    1.290281] ima: No TPM chip found, activating TPM-bypass!\r\n[    1.291827] evm: HMAC attrs: 0x1\r\n[    1.293275]   Magic number: 1:358:619\r\n[    1.294710] rtc_cmos 00:00: setting system clock to 2017-05-30 05:36:36 UTC (1496122596)\r\n[    1.296387] BIOS EDD facility v0.16 2004-Jun-25, 0 devices found\r\n[    1.299219] EDD information not available.\r\n[    1.356711] ata2.00: ATAPI: Virtual CD, , max MWDMA2\r\n[    1.359528] ata2.00: configured for MWDMA2\r\n[    1.362145] scsi 1:0:0:0: CD-ROM            Msft     Virtual CD/ROM   1.0  PQ: 0 ANSI: 5\r\n[    1.366761] sr 1:0:0:0: [sr0] scsi3-mmc drive: 0x/0x tray\r\n[    1.368704] cdrom: Uniform CD-ROM driver Revision: 3.20\r\n[    1.373044] sr 1:0:0:0: Attached scsi generic sg0 type 5\r\n[    1.375858] Freeing unused kernel memory: 1480K (ffffffff81f43000 - ffffffff820b5000)\r\n[    1.378981] Write protecting the kernel read-only data: 14336k\r\n[    1.381000] Freeing unused kernel memory: 1804K (ffff88000183d000 - ffff880001a00000)\r\n[    1.382956] Freeing unused kernel memory: 144K (ffff880001ddc000 - ffff880001e00000)\r\nLoading, please wait...\r\nstarting version 229\r\n[    1.403849] random: udevadm: uninitialized urandom read (16 bytes read, 2 bits of entropy available)\r\n[    1.406111] random: systemd-udevd: uninitialized urandom read (16 bytes read, 2 bits of entropy available)\r\n[    1.408740] random: systemd-udevd: uninitialized urandom read (16 bytes read, 2 bits of entropy available)\r\n[    1.411966] random: systemd-udevd: uninitialized urandom read (16 bytes read, 2 bits of entropy available)\r\n[    1.413946] random: udevadm: uninitialized urandom read (16 bytes read, 2 bits of entropy available)\r\n[    1.415984] random: udevadm: uninitialized urandom read (16 bytes read, 2 bits of entropy available)\r\n[    1.418393] random: systemd-udevd: uninitialized urandom read (16 bytes read, 2 bits of entropy available)\r\n[    1.420405] random: udevadm: uninitialized urandom read (16 bytes read, 2 bits of entropy available)\r\n[    1.422183] random: udevadm: uninitialized urandom read (16 bytes read, 2 bits of entropy available)\r\n[    1.425387] random: udevadm: uninitialized urandom read (16 bytes read, 2 bits of entropy available)\r\n[    1.484615] FUJITSU Extended Socket Network Device Driver - version 1.0 - Copyright (c) 2015 FUJITSU LIMITED\r\n[    1.500250] clocksource: hyperv_clocksource_tsc_page: mask: 0xffffffffffffffff max_cycles: 0x24e6a1710, max_idle_ns: 440795202120 ns\r\n[    1.527694] clocksource: Switched to clocksource hyperv_clocksource_tsc_page\r\n[    1.533603] Floppy drive(s): fd0 is 1.44M\r\n[    1.548333] hv_vmbus: Hyper-V Host Build:9600-6.3-18-0.18190; Vmbus version:3.0\r\n[    1.550173] hv_vmbus: Unknown GUID: f8e65716-3cb3-4a06-9a60-1889c5cccab5\r\n[    1.551638] hv_vmbus: Unknown GUID: 3375baf4-9e15-4b30-b765-67acb10d607b\r\n[    1.555491] hv_vmbus: registering driver hyperv_fb\r\n[    1.557712] hv_vmbus: Unknown GUID: 276aacf4-ac15-426c-98dd-7521ad3f01fe\r\n[    1.564144] FDC 0 is an 82078.\r\n[    1.569721] hyperv_fb: Screen resolution: 1152x864, Color depth: 32\r\n[    1.580232] Console: switching to colour frame buffer device 144x54\r\n[    1.631513] AVX version of gcm_enc/dec engaged.\r\n[    1.632556] AES CTR mode by8 optimization enabled\r\n[    1.694511] hv_vmbus: registering driver hv_storvsc\r\n[    1.699605] hidraw: raw HID events driver (C) Jiri Kosina\r\n[    1.702066] hv_vmbus: registering driver hyperv_keyboard\r\n[    1.705636] hv_vmbus: registering driver hid_hyperv\r\n[    1.708988] hv_utils: Registering HyperV Utility Driver\r\n[    1.709848] hv_vmbus: registering driver hv_util\r\n[    1.722690] scsi host2: storvsc_host_t\r\n[    1.730043] scsi 2:0:0:0: Direct-Access     Msft     Virtual Disk     1.0  PQ: 0 ANSI: 4\r\n[    1.732960] sd 2:0:0:0: Attached scsi generic sg1 type 0\r\n[    1.733881] sd 2:0:0:0: [sda] 61440000 512-byte logical blocks: (31.5 GB/29.3 GiB)\r\n[    1.734931] sd 2:0:0:0: [sda] 4096-byte physical blocks\r\n[    1.738138] hv_vmbus: registering driver hv_netvsc\r\n[    1.739332] sd 2:0:0:0: [sda] Write Protect is off\r\n[    1.740497] sd 2:0:0:0: [sda] Write cache: enabled, read cache: enabled, supports DPO and FUA\r\n[    1.744194]  sda: sda1\r\n[    1.745332] input: Microsoft Vmbus HID-compliant Mouse as /devices/0006:045E:0621.0001/input/input4\r\n[    1.746910] hid 0006:045E:0621.0001: input: <UNKNOWN> HID v0.01 Mouse [Microsoft Vmbus HID-compliant Mouse] on \r\n[    1.748785] sd 2:0:0:0: [sda] Attached SCSI disk\r\n[    1.765221] scsi host3: storvsc_host_t\r\n[    1.766417] scsi 3:0:1:0: Direct-Access     Msft     Virtual Disk     1.0  PQ: 0 ANSI: 4\r\n[    1.768053] sd 3:0:1:0: [sdb] 14680064 512-byte logical blocks: (7.52 GB/7.00 GiB)\r\n[    1.769156] sd 3:0:1:0: [sdb] 4096-byte physical blocks\r\n[    1.770167] sd 3:0:1:0: Attached scsi generic sg2 type 0\r\n[    1.773200] hv_netvsc: hv_netvsc channel opened successfully\r\n[    1.856019] sd 3:0:1:0: [sdb] Write Protect is off\r\n[    1.857424] sd 3:0:1:0: [sdb] Write cache: enabled, read cache: enabled, supports DPO and FUA\r\n[    1.859709]  sdb: sdb1\r\n[    1.862235] sd 3:0:1:0: [sdb] Attached SCSI disk\r\n[    1.909297] hv_netvsc vmbus_14: Send section size: 6144, Section count:2560\r\n[    1.912275] hv_netvsc vmbus_14: Device MAC 00:0d:3a:a2:30:a2 link state up\r\n[    1.925827] scsi host4: storvsc_host_t\r\n[    1.932020] psmouse serio1: trackpoint: failed to get extended button data\r\n[    1.937335] scsi host5: storvsc_host_t\r\nBegin: Loading essential drivers ...
[    3.158364] md: linear personality registered for level -1\r\n[    3.164484] md: multipath personality registered for level -4\r\n[    3.170513] md: raid0 personality registered for level 0\r\n[    3.177032] md: raid1 personality registered for level 1\r\n[    3.252019] raid6: sse2x1   gen()  5153 MB/s\r\n[    3.320013] raid6: sse2x1   xor()  4446 MB/s\r\n[    3.388015] raid6: sse2x2   gen()  6966 MB/s\r\n[    3.456013] raid6: sse2x2   xor()  5229 MB/s\r\n[    3.524013] raid6: sse2x4   gen()  7839 MB/s\r\n[    3.592017] raid6: sse2x4   xor()  5851 MB/s\r\n[    3.593732] raid6: using algorithm sse2x4 gen() 7839 MB/s\r\n[    3.596041] raid6: .... xor() 5851 MB/s, rmw enabled\r\n[    3.597748] raid6: using ssse3x2 recovery algorithm\r\n[    3.602636] xor: automatically using best checksumming function:\r\n[    3.644801]    avx       : 16814.000 MB/sec\r\n[    3.650401] async_tx: api initialized (async)\r\n[    3.669765] md: raid6 personality registered for level 6\r\n[    3.672198] md: raid5 personality registered for level 5\r\n[    3.673789] md: raid4 personality registered for level 4\r\n[    3.682571] md: raid10 personality registered for level 10\r\ndone.\r\nBegin: Running /scripts/init-premount ... done.\r\nBegin: Mounting root file syste ... Begin: Running /scripts/local-top ... done.\r\nBegin: Running /scripts/local-premount ...
[    3.745973] Btrfs loaded\r\nScanning for Btrfs filesystems\r\n[    3.872211] blk_update_request: I/O error, dev fd0, sector 0\r\n[    3.874652] floppy: error -5 while reading block 0\r\ndone.\r\nWarning: fsck not present, so skipping root file system\r\n[    3.947528] EXT4-fs (sda1): mounted filesystem with ordered data mode. Opts: (null)\r\ndone.\r\nBegin: Running /scripts/local-bottom ... done.\r\nBegin: Running /scripts/init-bottom ... Warning: overlayroot: debug is busted\r\ndone.\r\n[    4.362197] systemd[1]: systemd 229 running in system mode. (+PAM +AUDIT +SELINUX +IMA +APPARMOR +SMACK +SYSVINIT +UTMP +LIBCRYPTSETUP +GCRYPT +GNUTLS +ACL +XZ -LZ4 +SECCOMP +BLKID +ELFUTILS +KMOD -IDN)\r\n[    4.366437] systemd[1]: Detected virtualization microsoft.\r\n[    4.368201] systemd[1]: Detected architecture x86-64.\r\n\r\nWelcome to \u001b[1mUbuntu 16.04.1 LTS\u001b[0m!\r\n\r\n[    4.390629] systemd[1]: Set hostname to <ubuntu>.\r\n[    4.401514] systemd[1]: Initializing machine ID from random generator.\r\n[    4.403574] systemd[1]: Installed transient /etc/machine-id file.\r\n[    4.674854] systemd[1]: Listening on Device-mapper event daemon FIFOs.\r\n[\u001b[0;32m  OK  \u001b[0m] Listening on Deice-mapper even daemon FIFOs.\r\n[    4.688326] systemd[1]: Listening on Journal Socket (/dev/log).\r\n[\u001b[0;32m  OK  \u001b[m] Listening on Journal Socket (/dev/log).\r\n[    4.700646] systemd[1]: Started Forward Password Requests to Wall Directory Watch.\r\n[\u001b[0;32m  OK  \u001b[0m] Started Forward Password Requests to Wall Directory Watch.\r\n[    4.713377] systemd[1]: Listening on Syslog Socket.\r\n[\u001b[0;32m  OK  \u001b[0m] Listening on Syslog Socket.\r\n[    4.722841] systemd[1]: Listening on udev Kernel Socket.\r\n[\u001b[0;32m  OK  \u001b[0m] Listening on udev Kernel Socket.\r\n[    4.731464] systemd[1]: Listening on LVM2 metadata daemon socket.\r\n[\u001b[0;32m  OK  \u001b[0m] Listening on LVM2 metadata daemon socket.\r\n[    4.743082] systemd[1]: Created slice System Slice.\r\n[\u001b[0;32m  OK  \u001b[0m] Created slice Sstem Slice.\r\n[    4.755623] systemd[1]: Created slice system-serial\\x2dgetty.slice.\r\n[\u001b[0;32m  OK  \u001b[0m] Created slice system-serial\\x2dgetty.slice.\r\n[    4.767708] systemd[1]: Listening on Journal Socket.\r\n[\u001b[0;32m  OK  \u001b[0m] Listening on Journal Socket.\r\n[    4.780040] systemd[1]: Mounting POSIX Message Queue File System...\r\n         Mounting POSIX Message Queue File System...\r\n[    4.791234] systemd[1]: Mounting Debug File System...\r\n         Mounting Debug ile System...\r\n[    4.807830] systemd[1]: Starting Set console keymap...\r\n         Starting Set console keymap...\r\n[    4.819338] systemd[1]: Starting Uncomplicated firewall...\r\n         Starting Uncomplicated firewall..\r\n[    4.833415] systemd[1]: Starting Create list of required static device nodes for the current kernel...\r\n         Starting Create list of require st... nodes for the current kenel...\r\n[    4.859094] systemd[1]: Starting Monitoring of LVM2 mirrors, snapshots etc. using dmeventd or progress polling...\r\n        
[    4.872704] random: nonblocking pool is initialized\r\nStarting Monitoing of LVM2 mirors... dmeventd or progress poling...\r\n[    4.892112] systemd[1]: Listening on LVM2 poll daemon socket.\r\n[\u001b[0;32m  OK  \u001b[0m] Listening on LVM2 poll daemon socket.\r\n[    4.915089] systemd[1]: Listening on /dev/initctl Compatibility Named Pipe.\r\n[\u001b[0;32m  OK  \u001b[0m] Listening on /dev/initctl Compaibility Named Ppe.\r\n[    4.937929] systemd[1]: Starting Remount Root and Kernel File Systems...\r\n         Starting Remoun Root and Kerne File Systems..\r\n[    4.955917] systemd[1]: Reached target Encrypted Volumes.\r\n[[    4.966532] EXT4-fs (sda1): re-mounted. Opts: discard\r\n\u001b[0;32m  OK  \u001b[0m] Reached target Encrypted Volume.\r\n[    4.978732] systemd[1]: Set up automount Arbitrary Executable File Formats File System Automount Point.\r\n[\u001b[0;32m  OK  \u001b[0m] Set up automount Arbitrary Executab...ats File System Automount Point.\r\n[    4.994585] systemd[1]: Listening on udev Control Socket.\r\n[\u001b[0;32m  OK  \u001b[0m] Listening on udev Control Socket.\r\n[    5.007740] systemd[1]: Mounting Huge Pages File System...\r\n         Mounting Huge Pages File System...\r\n[    5.022169] systemd[1]: Reached target User and Group Name Lookups.\r\n[\u001b[0;32m  OK  \u001b[0m] Reached target User and Group Name Lookups.\r\n[    5.034803] systemd[1]: Reached target Swap.\r\n[\u001b[0;32m  OK  \u001b[0m] Reached target Swap.\r\n[    5.046381] systemd[1]: Created slice User and Session Slice.\r\n[\u001b[0;32m  OK  \u001b[0m] Created slice User and Session Slice.\r\n[    5.057978] systemd[1]: Reached target Slices.\r\n[\u001b[0;32m  OK  \u001b[0m] Reached target Slices.\r\n[    5.069772] systemd[1]: Starting Nameserver information manager...\r\n         Starting Nameserver information manager...\r\n[    5.081146] systemd[1]: Listening on Journal Audit Socket.\r\n[\u001b[0;32m  OK  \u001b[0m] Listening on Journal Audit Socket.\r\n[    5.093501] systemd[1]: Starting Journal Service...\r\n         Starting Journal Service...\r\n[    5.104831] systemd[1]: Starting Load Kernel Modules...\r\n         Starting Load Kernel Modules...\r\n[    5.119599] systemd[1]: Mounted Huge Pages File System.\r\n[\u001b[0;32m  OK  \u001b[0m] Mounted Huge Pages File System.[    5.134822] Loading iSCSI transport class v2.0-870.\r\n\r\n[    5.140088] systemd[1]: Mounted POSIX Message Queue File System.\r\n[\u001b[0;32m  OK  \u001b[0m] Mounted POSIX Message Queue File System.\r\n[    5.160660] systemd[1]: Mounted Debug File System.\r\n[[    5.177937] iscsi: registered transport (tcp)\r\n\u001b[0;32m  OK  \u001b[0m] Mounted Debug Fle System.\r\n[    5.191273] systemd[1]: Started Journal Service.\r\n[\u001b[0;32m  OK  \u001b[0m] Started Journal Service.\r\n[\u001b[0;32m  OK  \u001b[0m] Started Set console keymap.\r\n[\u001b[0;32m  OK  \u001b[0m] Started Uncomplcated firewall.\r\n[\u001b[0;32m  OK  \u001b[m] Started Create ist of required sta...ce nodes or the current ernel.\r\n[\u001b[0;32m  OK  \u001b[0m] Started Remount Root and Kernel File Systems.\r\n[    5.271992] iscsi: registered transport (iser)\r\n[\u001b[0;32m  OK  \u001b[0m] Started Load Kernel Modules.\r\n[\u001b[0;32m  OK  \u001b[m] Started Nameserer information manager.\r\n         Starting Apply ernel Variables...\r\n         Mounting FUSE Cntrol File Systm...\r\n[\u001b[0;32m  OK  \u001b[0m] Started LVM2 metadata daemon.\r\n         Starting udev Coldplug all Devices...\r\n         Starting Load/Save Random Seed...\r\n         Starting Create Static Device Nodes in /dev...\r\n         Starting Flush ournal to Persistent Storage...\r\n[\u001b[0;32m  OK  \u001b[0m] Mounted FUSE Control File System.\r\n[\u001b[0;32m  OK  \u001b[0m] Started Apply Kernel Variables.\r\n[\u001b[0;32m  OK  \u001b[0m] Started Load/Save Random Seed.\r\n[\u001b[0;32m  OK  \u001b[0m] Started Create Static Device Noes in /dev.\r\n[\u001b[0;32m  OK  \u001b[0m] Started udev Coldplug all Devices.\r\n[\u001b[0;32m  OK  \u001b[0m] Started Monitoring of LVM2 mirrors,...ng dmeventd or progress polling.\r\n[\u001b[0;32m  OK  \u001b[m] Started Flush Journal to Persistent Storage.\r\n         Starting udev Kernel Device Manager...\r\n[\u001b[0;32m  OK  \u001b[0m] Started udev Kernel Device Manager.\r\n[\u001b[0;32m  OK  \u001b[0m] Started Dispatch Password Requests to Console Directory Watch.\r\n[\u001b[0;32m  OK  \u001b[0m] Reached target Local File Systems (Pre).\r\n         Mounting /etc/network/interfaces.dynamic.d...\r\n[\u001b[0;32m  OK  \u001b[m] Mounted /etc/network/interfaces.dynamic.d.\r\n[\u001b[0;32m  OK  \u001b[0m] Reached target Local File Systems.\r\n         Starting Create Volatile Files and Directories...\r\n         Starting Set console font and keymap...\r\n         Starting Tell Plymouth To Write Out Runtime Data...\r\n         Starting LSB: AppArmor initialization...\r\n         Starting Run snappy firstboot setup...\r\n         Starting Initial cloud-init job (pre-networking)...\r\n         Starting Commit a transient machine-id on disk...\r\n[\u001b[0;32m  OK  \u001b[0m] Started Create Volatile Files ad Directories.\r\n[\u001b[0;32m  OK  \u001b[0m] Started Tell Plymouth To Write Out Runtime Data.\r\n[\u001b[0;32m  OK  \u001b[0m] Started Commit a transient machine-id on disk.\r\n         Starting Network Time Synchronization...\r\n         Starting Update UTMP about System Boot/Shutdown...\r\n[\u001b[0;32m  OK  \u001b[0m] Started Set console font and keymap.\r\n[\u001b[0;32m  OK  \u001b[0m] Started Network Time Synchronization.\r\n[\u001b[0;32m  OK  \u001b[0m] Reached target System Time Synchronized.\r\n[\u001b[0;32m  OK  \u001b[0m] Created slice system-getty.slice.\r\n[\u001b[0;32m  OK  \u001b[0m] Started Update UTMP about System Boot/Shutdown.\r\n[    6.482087] piix4_smbus 0000:00:07.3: SMBus base address uninitialized - upgrade BIOS or use force_addr=0xaddr\r\n[\u001b[0;32m  OK  \u001b[0m] Found device /dev/ttyS0.\r\n[    6.773455] intel_rapl: no valid rapl domains found in package 0\r\n[\u001b[0;32m  OK  \u001b[0m] Started Run snappy firstboot setup.\r\n[\u001b[0;32m  OK  \u001b[0m] Listening on Load/Save RF Kill Switch Status /dv/rfkill Watch.\r\n[\u001b[0;32m  OK  \u001b[0m] Started LSB: AppArmor initialization.\r\n[\u001b[0;32m  OK  \u001b[0m] Reached target System Initialization.\r\n[\u001b[0;32m  OK  \u001b[0m] Started Daily Cleanup of Temporary Directories.\r\n[\u001b[0;32m  OK  \u001b[0m] Listening on ACPID Listen Socket.\r\n[\u001b[0;32m  OK  \u001b[0m] Listening on D-Bus System Message Bus Socket.\r\n         Starting LXD - unix socket.\r\n[    8.755969] [\u001b[0;32m  OK  \u001b[0m] Started ACPI Events Check.cloud-init[596]: Cloud-init v. 0.7.8 running 'init-local' at Tue, 30 May 2017 05:36:43 +0000. Up 8.46 seconds.\r\n[\u001b[0;32m  OK  \u001b[0m] Started Daily at activities.\r\n[\u001b[0;32m  OK  \u001b[0m] Listening on UUID daemon activaion socket.\r\n\r\n[\u001b[0;32m  OK  \u001b[0m] Started Triggerresolvconf updae for networkd NS.\r\n[\u001b[0;32m  OK  \u001b[m] Reached target Paths.\r\n         Starting Socket activation for snappy daemon.\r\n[\u001b[0;32m  OK  \u001b[0m] Started Timer to automatically refresh installed snaps.\r\n[\u001b[0;32m  OK  \u001b[0m] Reached target Timers.\r\n[\u001b[0;32m  OK  \u001b[0m] Listening on LXD - unix socket.\r\n[\u001b[0;32m  OK  \u001b[0m] Listening on Socket activation for snappy daemon.\r\n[\u001b[0;32m  OK  \u001b[0m] Started Initial cloud-init job (pre-networking).\r\n[\u001b[0;32m  OK  \u001b[0m] Reached target Network (Pre).\r\n         Starting Raise etwork interfaces...\r\n[\u001b[0;32m  OK  \u001b[0m] Reached target Sockets.\r\n[\u001b[0;32m  OK  \u001b[0m] Reached target Basic System.\r\n[\u001b[0;32m  OK  \u001b[0m] Started Hyper-V KVP Protocol Daemon.\r\n         Starting Accounts Service...\r\n         Starting SystemLogging Service..\r\n[\u001b[0;32m  OK  \u001b[0m] Started Snappy daemon.\r\n         Starting LSB: Record succesboot for GRUB...\r\n         Starting LXD - container startup/shutdown...\r\n[\u001b[0;32m  OK  \u001b[0m] Started Name Service Cache Daemon.\r\n[\u001b[0;32m  OK  \u001b[0m] Started Hyper-V File Copy Protocol Daemon.\r\n[\u001b[0;32m  OK  \u001b[0m] Started FUSE filesystem for LXC.\r\n         Starting Login ervice...\r\n         Starting LSB: MD monitoring daemon...\r\n[\u001b[0;32m  OK  \u001b[0m] Started Regular background program processing daemon.\r\n[\u001b[0;32m  OK  \u001b[m] Started Deferred execution scheduler.\r\n         Starting Thermal Daemon Service...\r\n[\u001b[0;32m  OK  \u001b[0m] Started Hyper-V VSS Protocol Daemon.\r\n[\u001b[0;32m  OK  \u001b[0m] Started ACPI event daemon.\r\n[\u001b[0;32m  OK  \u001b[0m] Started D-Bus Sstem Message Bus.\r\n[\u001b[0;32m  OK  \u001b[0m] Started System Logging Service.\r\n[\u001b[0;32m  OK  \u001b[m] Started Thermal Daemon Service.\r\n[\u001b[0;32m  OK  \u001b[0m] Started LSB: Record successful boot for GRUB.\r\n[\u001b[0;32m  OK  \u001b[0m] Started Login Service.\r\n[\u001b[0;32m  OK  \u001b[0m] Started LSB: MD monitoring daemon.\r\n         Starting Authenticate and Authorize Users to Run Privileged Tasks...\r\n[\u001b[0;32m  OK  \u001b[0m] Started Authenticate and Authorize Users to Run Privileged Tasks.\r\n[\u001b[0;32m  OK  \u001b[0m] Started Accounts Service.\r\n[\u001b[0;32m  OK  \u001b[m] Started LXD - cntainer startupshutdown.\r\n[\u001b[0m\u001b[0;31m*     \u001b[0m] A start job is unning for Rais network interfces (11s / 5min4s)\r\u001b[K[\u001b[0;1;31m*\u001b[0m\u001b[0;31m*    \u001b[0m] A start job is running for Raise network interfaces (11s / 5min 4s)\r\u001b[K[\u001b[0;31m*\u001b[0;1;31m*\u001b[0m\u001b[0;31m*   \u001b[0m] A start job is running for Raise network interfaces (12s / 5min 4s)\r\u001b[K[ \u001b[0;31m*\u001b[0;1;1m*\u001b[0m\u001b[0;31m* \u001b[0m] A start job is unning for Raise network interfaces (13s / 5min 4s)\r\u001b[K[  \u001b[0;31m*\u001b[0;131m*\u001b[0m\u001b[0;31m* \u001b[0m] A start job is unning for Rais network interfces (13s / 5min 4s)\r\u001b[K[   \u001b[0;31m*\u001b[0;;31m*\u001b[0m\u001b[0;31*\u001b[0m] A start job is running for Raise network interfaces (14s / 5min4s)\r\u001b[K[    \u001b[0;31m*\u001b[0;1;31m*\u001b[0m] A start job is running for Raise network interfces (14s / 5min4s)\r\u001b[K[     \u001b[0;31m*\u001b[0m] A start job is running for Raise network interfaces (15s / 5min 4s)\r\u001b[K[    \u001b[0;31m*\u001b[0;1;31m*\u001b[0m] A start job is unning for Raise network interfaces (16s / 5min 4s)\r\u001b[K[   \u001b[0;31m*\u001b[0;1;31m*\u001b[0m\u001b[0;31m*\u001b[0m] A start job is running for Raise network interfaces (16s / 5min 4s)\r\u001b[K[  \u001b[0;31m*\u001b[0;1;31m*\u001b[0m\u001b[0;31m* \u001b[0m] A start job is running for Raise network interfaces (17s / 5min 4s)\r\u001b[K[ \u001b[0;31m*\u001b[0;1;1m*\u001b[0m\u001b[0;31m* \u001b[0m] A start job is running for Rais network interfaces (17s / 5min4s)\r\u001b[K[\u001b[0;31m*\u001b[0;1;31m*\u001b[0m\u001b[0;31m*   \u001b[0m] A start job is running for Raise network interfaces (18s / 5min 4s)\r\u001b[K[\u001b[0;1;31m*\u001b[0m\u001b[0;31m*    \u001b[0m] A start job is unning for Rais network interfaces (18s / 5min4s)\r\u001b[K[\u001b[0m\u001b[0;31m*     \u001b[0m] A start job is running for Raise network interfces (19s / 5min4s)\r\u001b[K[\u001b[0;1;31m*\u001b[0m\u001b[0;31m*    \u001b[0m] A start job is running for Raise network interfaces (20s / 5min 4s)\r\u001b[K[\u001b[0;31m*\u001b[0;1;3m*\u001b[0m\u001b[0;31m*  \u001b[0m] A start job is running for Raise network interfaces (20s / 5min 4s)\r\u001b[K[ \u001b[0;31m*\u001b[0;1;31m*\u001b[0m\u001b[0;31m*  \u001b[0m] A start job is unning for Rais network interfces (21s / 5min 4s)\r\u001b[K[  \u001b[0;31m*\u001b[0;1;31m*\u001b[0m\u001b[0;31m \u001b[0m] A start job is running for Raise network interfaces (21s / 5min4s)\r\u001b[K[   \u001b[0;31m*\u001b[0;1;31m*\u001b[0m\u001b[0;31m*\u001b[0m] A start job is running for Raise network interfaces (22s / 5min 4s)\r\u001b[K[    \u001b[0;31m*\u001b[01;31m*\u001b[0m] A start job is running for Rais network interfces (23s / 5min4s)\r\u001b[K[     \u001b[0;31m*\u001b[0m] A start job is unning for Raise network interfaces (23s / 5min 4s)\r\u001b[K[    \u001b[0;31m*\u001b[01;31m*\u001b[0m] A start job is running for Rais network interfaces (24s / 5min4s)\r\u001b[K[   \u001b[0;31m*\u001b[0;1;31m*\u001b[0m\u001b[0;31*\u001b[0m] A start job is running for Rais network interfces (24s / 5min4s)\r\u001b[K[  \u001b[0;31m*\u001b[0;1;31m*\u001b[0m\u001b[0;31m \u001b[0m] A start job is running for Raise network interfaces (25s / 5min 4s)\r\u001b[K[ \u001b[0;31m*\u001b[0;1;31m*\u001b[0m\u001b[0;31m*  \u001b[0m] A start job is running for Raise network interfces (26s / 5min4s)\r\u001b[K[\u001b[0;31m*\u001b[0;1;31m*\u001b[0m\u001b[0;31m*  \u001b[0m] A start job is unning for Raise network interfaces (26s / 5min 4s)\r\u001b[K[\u001b[0;1;31m*\u001b[0m\u001b[0;31m*    \u001b[0m] A start job is running for Raise network interfces (27s / 5min4s)\r\u001b[K[\u001b[0m\u001b[0;31m*    \u001b[0m] A start job is running for Raise network interfaces (27s / 5min 4s)\r\u001b[K[\u001b[0;1;31m*\u001b[0m\u001b[0;31m*    \u001b[0m] A start job is running for Raise network interfaces (28s / 5min 4s)\r\u001b[K[\u001b[0;31m*\u001b[0;1;31m*\u001b[0m\u001b[0;31m*   \u001b[0m] A start job is running for Raise network interfaces (28s / 5min 4s)\r\u001b[K[ \u001b[0;31m*\u001b[0;1;31m*\u001b[0m\u001b[0;31m*  \u001b[0m] A start job is running for Raise network interfaces (29s / 5min 4s)\r\u001b[K[  \u001b[0;31m*\u001b[0;1;31m*\u001b[0m\u001b[0;31m \u001b[0m] A start job is running for Raise network interfaces (30s / 5min 4s)\r\u001b[K[   \u001b[0;31m*\u001b[0;1;31m*\u001b[0m\u001b[0;31*\u001b[0m] A start job is unning for Rais network interfces (30s / 5min4s)\r\u001b[K[ \u001b[\u001b[0;1;31m*\u001b[0m] A start job is running for Raise network interfaces (31s / 5min 4s)\r\u001b[K[     \u001b[0;31m*\u001b[0m] A start job is running for Raise network interfces (31s / 5min 4s)\r\u001b[K[    \u001b[0;31m*\u001b[0;1;31m*\u001b[0m] A start job is running for Rais network interfaces (32s / 5min 4s)\r\u001b[K[   \u001b[0;31m*\u001b[0;;31m*\u001b[0m\u001b[0;31m*\u001b[0m] A start job is running for Raise network interfces (33s / 5min4s)\r\u001b[K[  \u001b[0;31m*\u001b[0;1;31m*\u001b[0m\u001b[0;31m* \u001b[0m] A start job is running for Raise network interfces (33s / 5min 4s)\r\u001b[K[ \u001b[0;31m*\u001b[0;1;31m*\u001b[0m\u001b[0;31m*  \u001b[0m] A start job is running for Raise network interfaces (34s / 5min 4s)\r\u001b[K[\u001b[0;32m  OK  \u001b[0m] Started Raise network interfaces.\r\n         Starting Initial cloud-init job (metadata servie crawler)...\r\n[\u001b[0;32m  OK  \u001b[0m] Reached target etwork.\r\n[   39.844265] blk_update_request: I/O error, dev fd0, sector 0\r\n[   39.896187] blk_update_request: I/O error, dev fd0, sector 0\r\n[   40.008616] cloud-init[1118]: + i=eth0\r\n[   40.033273] cloud-init[1118]: + x=0\r\n[   40.051769] cloud-init[1118]: + ifdown eth0\r\n[   40.064833] cloud-init[1118]: Killed old client process\r\n[   41.042494] cloud-init[1118]: Internet Systems Consortium DHCP Client 4.3.3\r\n[   41.054462] cloud-init[1118]: Copyright 2004-2015 Internet Systems Consortium.\r\n[   41.080339] cloud-init[1118]: All rights reserved.\r\n[   41.112068] cloud-init[1118]: For info, pleas visit https://ww.isc.org/softare/dhcp/\r\n[   41.133262] cloud-init[1118]: Listening on LPF/eth0/00:0d:3a:2:30:a2\r\n[   41.156285] cloud-init[1118]: Sending on   LPF/eth0/00:0d:3a:a2:30:a2\r\n[   41.173237] cloud-init[1118]: Sending on   Socket/fallback\r\n[   41.196325] cloud-init[1118]: DHCPRELEASE on eth0 to 168.63.129.16 port 67 (xid=0x147c0cd3)\r\n[   41.659167] cloud-init[1118]: + ifup eth0\r\n[   41.681555] cloud-init[1118]: Internet Systems Consortium DHCP Client 4.3.3\r\n[   41.697878] cloud-init[1118]: Copyright 2004-2015 Internet Systems Consortium.\r\n[   41.712088] cloud-init[1118]: All rights reserved.\r\n[   41.726112] cloud-init[1118]: For info, pleas visit https://www.isc.org/software/dhcp/\r\n[   41.741176] cloud-init[1118]: Listening on LPF/eth0/00:0d:3a:2:30:a2\r\n[   41.783162] cloud-init[1118]: Sending on   LP/eth0/00:0d:3a:2:30:a2\r\n[   41.813393] cloud-init[1118]: Sending on   Soket/fallback\r\n[   41.840320] cloud-init[1118]: DHCPDISCOVER on eth0 to 255.255.255.255 port 67interval 3 (xid0x91e07464)\r\n[   41.866200] cloud-init[1118]: DHCPREQUEST of 10.0.0.4 on eth0 to 255.255.255.255 port 67 (xid=0x6474e091)\r\n[   41.902416] cloud-init[1118]: DHCPOFFER of 10.0.0.4 from 168.63.129.16\r\n[   41.924746] cloud-init[1118]: DHCPACK of 10.0.0.4 from 168.63.129.16\r\n[   42.364936] cloud-init[1118]: bound to 10.0.0.4 -- renewal in 4294967294 seconds.\r\n[   42.401354] cloud-init[1118]: + exit 0\r\n[\u001b[0;32m  OK  \u001b[0m] Started Azure Linux Agent.\r\n2017/05/30 05:37:17.941225 INFO Azure Linux Agent Version:2.1.3\r\n2017/05/30 05:37:17.948061 INFO OS: ubuntu 16.04\r\n2017/05/30 05:37:17.954812 INFO Python: 3.5.2\r\n2017/05/30 05:37:17.961079 INFO Run daemon\r\n2017/05/30 05:37:17.968966 INFO run Ubuntu provision handler\r\n2017/05/30 05:37:17.976092 INFO Waiting cloud-init to copy ovf-env.xml.\r\n2017/05/30 05:37:17.986572 INFO Detect protocol endpoints\r\n2017/05/30 05:37:17.994135 INFO WireServer endpoint is not found. Rerun dhcp handler\r\n2017/05/30 05:37:18.000994 INFO Send dhcp request\r\n2017/05/30 05:37:18.101522 INFO Configure route\r\n2017/05/30 05:37:18.110651 INFO Gateway:10.0.0.\r\n2017/05/30 05:37:18.116796 INFO Routes:None\r\n2017/05/30 05:37:18.124438 INFO Wire server endpoint:168.63.129.16\r\n2017/05/30 05:37:18.147017 INFO Fabric preferred wire protocol version:2015-04-05\r\n2017/05/30 05:37:18.154606 INFO Wire protocol version:2012-11-30\r\n2017/05/30 05:37:18.162320 WARNING Server prefered version:2015-04-05\r\n[   46.732127] blk_update_request: I/O error, dev fd0, sector 0\r\n[   46.780174] blk_update_request: I/O error, dev fd0, sector 0\r\n2017/05/30 05:3:22.725310 INFO Sleep 15 second to prevent thrttling\r\n[   48.351289] cloud-init[1118]: Cloud-init v. 0.7.8 running 'init' at Tue, 30 May 2017 05:37:14 +0000. Up 39.64 seconds.\r\n[   48.380399] cloud-init[1118]: ci-info: ++++++++++++++++++++++++++++++++++++++Net device info++++++++++++++++++++++++++++++++++++++\r\n[   48.408332] cloud-init[1118]: ci-info: +--------+------+-----------------------------+--------------+-------+-------------------+\r\n[   48.440364] cloud-init[1118]: [\u001b[0;32m  OK  \u001b[0mci-info: | Device |  Up  |           Address           |      Mask     | Scope |     Hw-Address    |] Started Initial cloud-init job (metadata service crawler).\r\n\r\n[   48.467510] cloud-init[\u001b[0;32m  OK  \u001b[0m[1118]: ci-info: +--------+------+-----------------------------+---------------+-------+-------------------+] Reached target Cloud-config availability.\r\n[\u001b[0;32m  OK  \u001b[0m] \r\n[   48.494240] cloud-initReached target Network is Online.\r\n[1118]: ci-info: |  eth0  | True |           10.0.0.4          | 255.255.255.0 |   .   | 00:0d:3a:a2:30:a2 |\r\n         Starting Pollinate to seed the pseudo random number generator...\r\n[   48.507168]          Starting iSCSI initiator daemon (iscsid)...cloud-init[1118]: \r\nci-info: |  eth0  | True | fe80::20d:3aff:fea2:30a2/64 |       .       |  link | 00:0d:3a:a2:30:a2 |         Starting /etc/rc.local Compatibility...\r\n\r\n         Starting Apply the settings specified in cloud-config...\r\n[\u001b[0;32m  OK  \u001b[0m]
[   48.580236] cloud-init[1118]: Started /etc/rc.local Compatibility.\r\nci-info: |   lo   | True |          127.0.0.1         |   255.0.0.0   |   .   |         .         |\r\n[\u001b[0;32m  OK  \u001b[0m] Started iSCSI initiator daemon iscsid).[   48.654559] \r\n         Starting Login to default iSCSI targets...\r\ncloud-init[1118]: ci-info: |   lo   | True |           ::1/128           |       .       |  host |         .         |\r\n[\u001b[0;32m  OK  \u001b[0m] Started Login to default iSCSI targets.\r\n[   48.744788] cloud-init[1118]: [\u001b[0;32m  OK  \u001b[m] Reached target Remote File Systms (Pre).\r\n[\u001b[0;32m  OK  \u001b[m] ci-info: +--------+------+-----------------------------+---------------+-------+-------------------+Reached target Remote File Systems.\r\n         \r\nStarting LSB: daemon to balance interrupts for SMP systems...\r\n         Starting Permit User Sessions..[   48.815755] \r\n         cloud-initStarting LSB: Set the CPU Frequency Scaling governor to \"ondemand\"...\r\n         Starting LSB: atomatic crash rport generation..[1118]: \r\n[\u001b[0;32m  OK  \u001b[0m] Started Permit User Sessions.ci-info: ++++++++++++++++++++++++++++++Route IPv4 info+++++++++++++++++++++++++++++++\r\n\r\n[\u001b[0;32m  OK  \u001b[0m[   48.964456] cloud-init] Started LSB: Set the CPU Frequency Scaling governor to \"ondeman\".\r\n[\u001b[0;32m  OK  \u001b[0m] Started LSB: damon to balance interrupts for SMP systems.\r\n[1118]: ci-info: +-------+-----------------+----------+-----------------+-----------+-------+         \r\nStarting Hold until boot process finishes up...\r\n         Starting Terminate Plymouth Boot Screen...\r\n[\u001b[0;32m  OK  \u001b[0m]
[   49.077146] cloud-init[1118]: Started Hold unil boot processfinishes up.\r\n[\u001b[0;32m  OK  \u001b[0m] ci-info: | Route |   Destination   | Gateway  |     Genmask    | Interface | Flags |\r\nStarted LSB: automatic crash report generation.\r\n[\u001b[0;32m  OK  \u001b[0m] Started Terminate Plymouth Boot Screen.\r\n[   49.120964] cloud-init[1118]: ci-info: +------+----------------+----------+---------------+-----------+-------+[\u001b[0;32m  OK  \u001b[0m] \r\n[   49.157865] cloud-initStarted Serial Getty on ttyS0.\r\n         Starting Set cosole scheme...\r\n[1118]: ci-info: |   0  |     0.0.0.0    | 10.0.0.1 |     0.0.0.0    |    eth0   |   UG  |[\u001b[0;32m  OK  \u001b[0m] Started Getty on tty1.\r\n\r\n[\u001b[0;32m  OK  \u001b[0m[   49.196881] cloud-init[1118]: ] Reached target Login Prompts.\r\n[\u001b[0;32m  OK  \u001b[0m] Started Set console scheme.\r\nci-info: |   1   |     10.0.0.0    | 0.0.0.0  |  255.255.255.0  |    eth0   |   U   |\r\n[   49.236185] cloud-init[1118]: ci-info: |   2  |  168.63.129.16  | 10.0.0.1 | 255.255.255.255 |    eth0   |  UGH  |\r\n[   49.260578] cloud-init[1118]: ci-info: |   3   | 169.254.169.254 | 10.0.0.1 | 255.255.255.255 |    eth0   |  UGH  |\r\n[   49.281735] cloud-init[1118]: ci-info: +-------+-----------------+----------+-----------------+-----------+-------+\r\n[   49.308412] cloud-init[1118]: Generating public/private rsa ky pair.\r\n[   49.332170] cloud-init[1118]: Your identificaion has been saed in /etc/ssh/ssh_host_rsa_key.\r\n[   49.356157] cloud-init[1118]: Your public keyhas been saved n /etc/ssh/ssh_ost_rsa_key.pub.\r\n[   49.374589] cloud-init[1118]: The key fingerpint is:\r\n[   49.398131] cloud-init[1118]: SHA256:O6tdiJKqRAWK5KcJ1mRxFgd+nv5c8wuv3FXbFLvAb8M root@xplatvm\r\n[   49.424370] cloud-init[1118]: The key's randomart image is:\r\n[   49.457194] cloud-init[1118]: +---[RSA 2048]----+\r\n[   49.477119] cloud-init[1118]: | o +.=o.         |\r\n[   49.500162] cloud-init[1118]: |= = + .          |\r\n[   49.517104] cloud-init[1118]: |+o + . .       . |\r\n[   49.537079] cloud-init[1118]: |o =   o .   .  o|\r\n[   49.556153] cloud-init[1118]: | +     oS    o .o|\r\n[   49.573143] cloud-init[1118]: |.    ... o    +.=|\r\n[   49.590242] cloud-init[1118]: | .  o ..+ .+  E.|\r\n[   49.611603] cloud-init[1118]: |.  . . .o+o * o .|\r\n[   49.628151] cloud-init[1118]: |...   ..oo o.=.  |\r\n[   49.649531] cloud-init[1118]: +----[SHA256]-----+\r\n[   49.668024] cloud-init[1118]: Generating public/private dsa key pair.\r\n[   49.688199] cloud-init[1118]: Your identification has been saved in /etc/ssh/ssh_host_dsa_key.\r\n[   49.705185] cloud-init[1118]: Your public key has been saved in /etc/ssh/ssh_host_dsa_key.pub.\r\n[   49.728150] cloud-init[1118]: The key fingerprint is:\r\n[   49.752188] cloud-init[1118]: SHA256:PEygsTUG/jiRjlWTNK2PXste+ySeMm1zT34yxrTA/c root@xplatvm\r\n[   49.773530] cloud-init[1118]: The key's randomart image is:\r\n[   49.804201] cloud-init[1118]: +---[DSA 1024]----+\r\n[   49.836640] cloud-init[1118]: |    ooXo         |\r\n[   49.872217] cloud-init[1118]: |   . O.=.        |\r\n[   49.908170] cloud-init[1118]: |    B  ..        |\r\n[   49.936096] cloud-init[1118]: |   + +.+         |\r\n[   49.956146] cloud-init[1118]: |  . + .oS  .     |\r\n[   49.973102] cloud-init[1118]: |     .. o.  o .  |\r\n[   49.992403] cloud-init[1118]: |     . o oo .=.. |\r\n[   50.014707] cloud-init[1118]: |      . =o+=oo* o|\r\n[   50.032457] cloud-init[1118]: |       ..+++.++=E|\r\n[   50.053117] cloud-init[1118]: +----[SHA256]-----+\r\n[   50.076025] cloud-init[1118]: Generating public/private ecdsa key pair.\r\n[   50.094660] cloud-init[1118]: Your identification has been saed in /etc/ssh/ssh_host_ecdsa_key.\r\n[   50.113100] cloud-init[1118]: Your public keyhas been saved n /etc/ssh/ssh_host_ecdsa_key.pb.\r\n[   50.134217] cloud-init[1118]: The key fingerpint is:\r\n[   50.152415] cloud-init[1118]: SHA256:2fIq7SbK3dj2/wOtSGSLWcQd0JEdHK0xYNiXoG3M root@xplatvm\r\n[   50.166360] cloud-init[1118]: The key's randomart image is:\r\n[   50.184106] cloud-init[1118]: +---[ECDSA 256]---+\r\n[   50.200412] cloud-init[1118]: |      .o .=O.=   |\r\n[   50.213371] cloud-init[1118]: |       .+ o * .  |\r\n[   50.229231] cloud-init[1118]: |      .  = o .   |\r\n[   50.247441] cloud-init[1118]: |       +.oX E    |\r\n[   50.269681] cloud-init[1118]: |      + S++=     |\r\n[   50.284876] cloud-init[1118]: |       = = o     |\r\n[   50.297442] cloud-init[1118]: |       .. o      |\r\n[   50.322934] cloud-init[1118]: |   o. *ooo       |\r\n[   50.334985] cloud-init[1118]: |  ..+=.B=oo      |\r\n[   50.372318] cloud-init[1118]: +----[SHA256]-----+\r\n[   50.400257] cloud-init[1118]: Generating publc/private ed25519 key pair.\r\n[   50.440043] cloud-init[\u001b[0;32m  OK  \u001b[0m] Started Pollinate to seed the pseudo random number generator.\r\n[1118]: Your identification has been saved in /etc/ssh/ssh_host_ed25519_key.         Starting OpenBSD Secure Shell server...\r\n\r\n[   50.495750] cloud-init[1118]: Your public key has been saved in /etc/ssh/ssh_ost_ed25519_keypub.\r\n[   50.523248] cloud-init[1118]: The key fingerprint is:[\u001b[0;32m  OK  \u001b[0m] Started OpenBSD Secure Shell server.\r\n[   50.557457] cloud-init\r\n[1118]: SHA256:xj8lBv9H/URXojtqI/UEPNzYNtdyEMhfO6VUTQpREQ4 root@xplatvm\r\n[   50.592281] cloud-init[1118]: The key's randoart image is:\r\n[   50.608380] cloud-init[1118]: +--[ED25519 256]--+\r\n[   50.640268] cloud-init[1118]: |           .E+B*=|\r\n[   50.655273] cloud-init[1118]: |         o +o=.==|\r\n[   50.667853] cloud-init[1118]: |        . * *o=oB|\r\n[   50.677763] cloud-init[1118]: |       . o + +oB.|\r\n[   50.687467] cloud-init[1118]: |        S = = . +|\r\n[   50.700384] cloud-init[1118]: |       . + B o ..|\r\n[   50.711237] cloud-init[1118]: |        . * o . .|\r\n[   50.721385] cloud-init[1118]: |         o o .   |\r\n[   50.730759] cloud-init[1118]: |                 |\r\n[   50.740750] cloud-init[1118]: +----[SHA256]-----+\r\n[   54.581757] cloud-init[1441]: Generating locales (this might take a while)...\r\n\r\r\nUbuntu 16.04.1 LTS xplatvm ttyS0\r\n\r\nxplatvm login:
[   55.769867] cloud-init[1441]:   en_US.UTF-8... done\r\n[   55.782761] cloud-init[1441]: Generation complete.\r\n[   56.812734] cloud-init[1441]: Cloud-init v. 0.7.8 running 'modules:config' atTue, 30 May 2017 05:37:25 +0000. Up 49.91 seconds.\r\nci-info: ++Authorized keys from /home/azureuser/.ssh/authorized_keys for user azureuser+++\r\nci-info: +---------+------------------------------------------------+---------+---------+\r\nci-info: | Keytype |                Fingerprint (md5)                | Options | Comment |\r\nci-info: +---------+------------------------------------------------+---------+---------+\r\nci-info: | ssh-rsa | 8f:df:8f:18:ba:cd:cc:63:7c:1f:ea:ae:ba:09:40:65 |    -    |    -    |\r\nci-info: +---------+-------------------------------------------------+---------+---------+\r\n<14>May 30 05:37:32 ec2: \r\n<14>May 30 05:37:32 ec2: #############################################################\r\n<14>May 30 05:37:32 ec2: -----BEGIN SSH HOST KEY FINGERPRINTS-----\r\n<14>May 30 05:37:32 ec2: 1024 SHA256:PEygsTUG/jiRjlWTNK2PXste+ySeMm1zT34yxrTA+/c root@xplatvm (DSA)\r\n<14>May 30 05:37:32 ec2: 256 SHA256:2fIq7SbKi3dj2/wOtSGSLWcQzd0JEdHK0xYNiXoGb3M root@xplatvm (ECDSA)\r\n<14>May 30 05:37:32 ec2: 256 SHA256:xj8lBv9H/URXojtqI/UEPNzYNtdyEMhfO6VUTQpREQ4 root@xplatvm (ED25519)\r\n<14>May 30 05:37:32 ec2: 2048 SHA256:O6tdiJKqRAWK5KcJ1mRxFgd+nv5c8wuv3FXbFLvAb8M root@xplatvm (RSA)\r\n<14>May 30 05:37:32 ec2: -----END SSH HOST KEY FINGERPRINTS-----\r\n<14>May 30 05:37:32 ec2: #############################################################\r\n-----BEGIN SSH HOST KEY KEYS-----\r\necdsa-sha2-nist256 AAAAE2VjZHNLXNoYTItbmlzdHAyNTYAAAAIbmlzdHANTYAAABBBICZ1Rxa92cgZHivhBjRu0h0nsdbpGjcj3P0RmO+hxl9JCwsudrVHlzFawYtPZQ1LJ/ICSKukUWVTltVIF0neY= root@xplatvm\r\nssh-ed25519 AAAAC3NzaC1lZDI1NTE5AAAAIO+FvPp9AfyMjOLyU3EC9gu1vv1tyvvOvSOWxebB6Wv4 root@xplatvm\r\nssh-rsa AAAAB3NzaC1yc2EAAAADAQABAAABAQC5i2bFnr2Wm0YDoEirCnCcSC5eGg0P6tgvOppvWFooal1OSUlwg0DaCzJvJ8i03lTpMARqv3QD5IHs+zrfvSFRsFplo/fYw3838+GWKLnwNV7bOIWxFCSs4z5fXb5bBZPsLhF3A6ATpyrraQ5OFNsk0mPp+MQxL3pG9mfFfZgMIuud13s2qFYxflMgnLA/MzzZJQkwHp9J02hfSU1vr4363VXwWR3rVsFBPMl1O3MBIA7PJhzRzkfLyfjuEA7z4IzJQXB+Y+gvSQqeT72PYaIoS6rfp46kYS6uNdHm9p75JOk7LoceE9QG4dEcGBCm6aCOfLAE8FMFi1u+gfjGfiIJ root@xplatvm\r\n-----END SSH HOST KEY KEYS-----\r\n[   57.794303] cloud-init[1647]: Cloud-init v. 07.8 running 'moules:final' at Tue, 30 May 2017 05:37:32 +0000. Up 57.42 seconds.\r\n[   57.816470] cloud-init[1647]: Cloud-init v. 0.7.8 finished atTue, 30 May 201 05:37:32 +0000 Datasource DataSourceAzureNet [seed=/dev/sr0].  Up 57.78 seconds\r\n2017/05/30 05:3:37.752634 INFOWait for ssh host key to be genrated.\r\n2017/05/30 05:37:37.761578 INFO Finished provisioning\r\n2017/05/30 05:37:42.078597 INFO Event: name=WALA, op=Provision, message=Provision succeed\r\n2017/05/30 05:37:42.084183 INFO Detect protocol endpoints\r\n2017/05/30 05:37:42.087981 INFO Start env monitor service.\r\n2017/05/30 05:37:42.091137 INFO Configure routes\r\n2017/05/30 05:37:42.097882 INFO Gateway:10.0.0.1\r\n2017/05/30 05:37:42.104911 INFO Routes:None\r\n2017/05/30 05:37:42.111433 INFO Event: name=WALA, op=HeartBeat, message=\r\n2017/05/30 05:37:42.135484 INFO Set block dev timeout: sda with timeout: 300\r\n2017/05/30 05:37:42.141968 INFO Set block dev timeout: sdb with timeout: 300\r\n2017/05/30 05:37:43.146369 INFO Handle new ext andler config\r\n2017/05/30 05:37:43.150913 INFONo ext handler config found\r\n2017/05/30 05:3:43.223378 INFOSuccessfully reorted vm agent tatus\r\n\u0000\u0000\u0000\u0000\u0000\u0000\u0000\u0000\u0000\u0000\u0000\u0000\u0000\u0000\u0000\u0000\u0000\u0000\u0000\u0000\u0000\u0000\u0000\u0000\u0000\u0000\u0000\u0000\u0000\u0000\u0000\u0000\u0000\u0000\u0000\u0000\u0000\u0000\u0000\u0000\u0000\u0000\u0000\u0000\u0000\u0000\u0000\u0000\u0000\u0000\u0000\u0000\u0000\u0000\u0000\u0000\u0000\u0000\u0000\u0000\u0000\u0000\u0000\u0000\u0000\u0000\u0000\u0000\u0000\u0000\u0000\u0000\u0000\u0000\u0000\u0000\u0000\u0000\u0000\u0000\u0000\u0000\u0000\u0000\u0000\u0000\u0000\u0000\u0000\u0000\u0000\u0000\u0000\u0000\u0000\u0000\u0000\u0000\u0000\u0000\u0000\u0000\u0000\u0000\u0000\u0000\u0000\u0000\u0000\u0000\u0000\u0000\u0000\u0000\u0000\u0000\u0000\u0000\u0000\u0000\u0000\u0000\u0000\u0000\u0000\u0000\u0000\u0000\u0000\u0000\u0000\u0000\u0000\u0000\u0000\u0000\u0000\u0000\u0000\u0000\u0000\u0000\u0000\u0000\u0000\u0000\u0000\u0000\u0000\u0000\u0000\u0000\u0000\u0000\u0000\u0000\u0000\u0000\u0000\u0000\u0000\u0000\u0000\u0000\u0000\u0000\u0000\u0000\u0000\u0000\u0000\u0000\u0000\u0000\u0000\u0000\u0000\u0000\u0000\u0000\u0000\u0000\u0000\u0000\u0000\u0000\u0000\u0000\u0000\u0000\u0000\u0000\u0000\u0000\u0000\u0000\u0000\u0000\u0000\u0000\u0000\u0000\u0000\u0000\u0000\u0000\u0000\u0000\u0000\u0000\u0000\u0000\u0000\u0000\u0000\u0000\u0000\u0000\u0000\u0000\u0000\u0000\u0000\u0000\u0000\u0000\u0000\u0000", { 'content-length': '59392',
  'content-type': 'text/plain',
  'last-modified': 'Tue, 30 May 2017 05:38:10 GMT',
  'accept-ranges': 'bytes',
  etag: '"0x8D4A71E0EDF1F41"',
  server: 'Windows-Azure-Blob/1.0 Microsoft-HTTPAPI/2.0',
  'x-ms-request-id': '7b95e933-0001-013e-2b06-d9cee2000000',
  'x-ms-version': '2016-05-31',
  'x-ms-lease-status': 'unlocked',
  'x-ms-lease-state': 'available',
  'x-ms-blob-type': 'PageBlob',
  'x-ms-blob-sequence-number': '0',
  'x-ms-server-encrypted': 'false',
  date: 'Tue, 30 May 2017 05:38:25 GMT',
  connection: 'close' });
 return result; },
function (nock) { 
var result = 
nock('https://clisto3508256576xplatvm.blob.core.windows.net:443')
  .get('/bootdiagnostics-xplatvm-ca8e897b-5443-4030-a3a7-c14dd1020989/xplatvm.ca8e897b-5443-4030-a3a7-c14dd1020989.serialconsole.log')
