// This file has been autogenerated.

var profile = require('../../../lib/util/profile');

exports.getMockedProfile = function () {
  var newProfile = new profile.Profile();

  newProfile.addSubscription(new profile.Subscription({
    id: 'e33f361b-53c2-4cc7-b829-78906708387b',
    name: 'Microsoft Azure Internal Consumption',
    user: {
      name: 'user@domain.example',
      type: 'servicePrincipal'
    },
    tenantId: '72f988bf-86f1-41af-91ab-2d7cd011db47',
    state: 'Enabled',
    registeredProviders: [],
    _eventsCount: '1',
    isDefault: true
  }, newProfile.environments['AzureCloud']));

  return newProfile;
};

exports.setEnvironment = function() {
  process.env['AZURE_VM_TEST_LOCATION'] = 'southeastasia';
  process.env['SSHCERT'] = 'test/myCert.pem';
};

exports.scopes = [[function (nock) { 
var result = 
nock('http://management.azure.com:443')
  .get('/subscriptions/e33f361b-53c2-4cc7-b829-78906708387b/resourceGroups/xplatTestZVMCreate3752/providers/Microsoft.Compute/virtualMachines/xplatvm?$expand=instanceView&api-version=2017-03-30')
  .reply(200, "{\r\n  \"properties\": {\r\n    \"vmId\": \"c2bb3c2e-54c0-4115-bcb8-db37087102ec\",\r\n    \"availabilitySet\": {\r\n      \"id\": \"/subscriptions/e33f361b-53c2-4cc7-b829-78906708387b/resourceGroups/xplatTestZVMCreate3752/providers/Microsoft.Compute/availabilitySets/XPLATTESTZVMAVAIL5025\"\r\n    },\r\n    \"hardwareProfile\": {\r\n      \"vmSize\": \"Standard_DS1\"\r\n    },\r\n    \"storageProfile\": {\r\n      \"imageReference\": {\r\n        \"publisher\": \"canonical\",\r\n        \"offer\": \"UbuntuServer\",\r\n        \"sku\": \"16.04.0-LTS\",\r\n        \"version\": \"latest\"\r\n      },\r\n      \"osDisk\": {\r\n        \"osType\": \"Linux\",\r\n        \"name\": \"clif845eef0f56ed40d-os-1496424185646\",\r\n        \"createOption\": \"FromImage\",\r\n        \"vhd\": {\r\n          \"uri\": \"https://xplatteststorage11328.blob.core.windows.net/xplatteststoragecnt13810/clif845eef0f56ed40d-os-1496424185646.vhd\"\r\n        },\r\n        \"caching\": \"ReadWrite\"\r\n      },\r\n      \"dataDisks\": []\r\n    },\r\n    \"osProfile\": {\r\n      \"computerName\": \"xplatvm\",\r\n      \"adminUsername\": \"azureuser\",\r\n      \"linuxConfiguration\": {\r\n        \"disablePasswordAuthentication\": false,\r\n        \"ssh\": {\r\n          \"publicKeys\": [\r\n            {\r\n              \"path\": \"/home/azureuser/.ssh/authorized_keys\",\r\n              \"keyData\": \"MIID/zCCAuegAwIBAgIJAMUAa+XVLvAeMA0GCSqGSIb3DQEBBQUAMIGVMQswCQYD\\r\\nVQQGEwJJbjESMBAGA1UECAwJS2FybmF0YWthMRIwEAYDVQQHDAlCYW5nYWxvcmUx\\r\\nEDAOBgNVBAoMB2JyaWxsaW8xEjAQBgNVBAsMCW1pY3Jvc29mdDEQMA4GA1UEAwwH\\r\\nYnJpbGxpbzEmMCQGCSqGSIb3DQEJARYXc3JlZWthbnRoYnNAeWFob28uY28uaW4w\\r\\nHhcNMTUwMzA1MTE1MzEyWhcNMTYwMzA0MTE1MzEyWjCBlTELMAkGA1UEBhMCSW4x\\r\\nEjAQBgNVBAgMCUthcm5hdGFrYTESMBAGA1UEBwwJQmFuZ2Fsb3JlMRAwDgYDVQQK\\r\\nDAdicmlsbGlvMRIwEAYDVQQLDAltaWNyb3NvZnQxEDAOBgNVBAMMB2JyaWxsaW8x\\r\\nJjAkBgkqhkiG9w0BCQEWF3NyZWVrYW50aGJzQHlhaG9vLmNvLmluMIIBIjANBgkq\\r\\nhkiG9w0BAQEFAAOCAQ8AMIIBCgKCAQEAyUNKaOuT0NK+S8Ck81zy9xJ6hXfZvAC6\\r\\nlhbmf/6s/WVimJ/TX5NMhQJwC9k6ZIF92KfYrojHNvHDufSZ3EtKUVwRFCDjmgMT\\r\\nDL09WkGaZt7gROYFK0iZ4KrYGovUwlwum9fHB24OJiOV4bi0ek62/rHx9fjYZpvp\\r\\naIH2PV/hN8SCZ0x7HJMberD4gVoU/Kv42nNvwjLUW6IZfVx/Gv5OeFDtWHfSvUEF\\r\\ndadHKTPn3Ab20Iu6gZIbLO9Vuf38/IpaYGfnFCouHdzmiTiLieYNe3CUPcOJNSv7\\r\\n1G8KYpx3uNJRkJPab5OsRyJw75Gvzkr9OgaPss9tVD6Gt68u3WQtVQIDAQABo1Aw\\r\\nTjAdBgNVHQ4EFgQUogvhXB+xZ2JJPfLO6cVs4ForzscwHwYDVR0jBBgwFoAUogvh\\r\\nXB+xZ2JJPfLO6cVs4ForzscwDAYDVR0TBAUwAwEB/zANBgkqhkiG9w0BAQUFAAOC\\r\\nAQEAdDj7qUNJ45xlF5cjd+4x5NHvAD1VTjOKu+Xh/uzSSjXqB2F0aOMWA9lx0qaQ\\r\\noJgHkGxj3zz/W7ik/cVGL2O+vRIOKv/y0OPogEmS3Hw+P+O6OGE7x1G6YN0zLVoL\\r\\nu4BN/BEYmjttxM9I7qqL7C5cJoE+K3s/w1/pt/68ohJcr7F9Ohi7cso62xuGY1Rm\\r\\nksAh2EUDsU9JV/P+C9AMpLSrb03JJYzVj4w1RHbrmw2AjFyGXdQYkggyXisg+Ifr\\r\\n5gbNN7HigpHf7b2i3CQBUqp9m23frh5AhnLI2qp3UXgc52U5ieLdi/t6j0TTZqqY\\r\\nHhHqofKrj938HHlBNpC5/LVh3w==\\r\\n\"\r\n            }\r\n          ]\r\n        }\r\n      },\r\n      \"secrets\": []\r\n    },\r\n    \"networkProfile\": {\"networkInterfaces\":[{\"id\":\"/subscriptions/e33f361b-53c2-4cc7-b829-78906708387b/resourceGroups/xplatTestZVMCreate3752/providers/Microsoft.Network/networkInterfaces/xplattestnic\"}]},\r\n    \"diagnosticsProfile\": {\r\n      \"bootDiagnostics\": {\r\n        \"enabled\": true,\r\n        \"storageUri\": \"https://clisto484735394xplatvm.blob.core.windows.net/\"\r\n      }\r\n    },\r\n    \"provisioningState\": \"Succeeded\",\r\n    \"instanceView\": {\r\n      \"platformUpdateDomain\": 0,\r\n      \"platformFaultDomain\": 0,\r\n      \"vmAgent\": {\r\n        \"vmAgentVersion\": \"2.1.3\",\r\n        \"statuses\": [\r\n          {\r\n            \"code\": \"ProvisioningState/succeeded\",\r\n            \"level\": \"Info\",\r\n            \"displayStatus\": \"Ready\",\r\n            \"message\": \"Guest Agent is running\",\r\n            \"time\": \"2017-06-02T17:27:16+00:00\"\r\n          }\r\n        ],\r\n        \"extensionHandlers\": []\r\n      },\r\n      \"disks\": [\r\n        {\r\n          \"name\": \"clif845eef0f56ed40d-os-1496424185646\",\r\n          \"statuses\": [\r\n            {\r\n              \"code\": \"ProvisioningState/succeeded\",\r\n              \"level\": \"Info\",\r\n              \"displayStatus\": \"Provisioning succeeded\",\r\n              \"time\": \"2017-06-02T17:25:11.9702197+00:00\"\r\n            }\r\n          ]\r\n        }\r\n      ],\r\n      \"bootDiagnostics\": {\r\n        \"consoleScreenshotBlobUri\": \"https://clisto484735394xplatvm.blob.core.windows.net/bootdiagnostics-xplatvm-c2bb3c2e-54c0-4115-bcb8-db37087102ec/xplatvm.c2bb3c2e-54c0-4115-bcb8-db37087102ec.screenshot.bmp\",\r\n        \"serialConsoleLogBlobUri\": \"https://clisto484735394xplatvm.blob.core.windows.net/bootdiagnostics-xplatvm-c2bb3c2e-54c0-4115-bcb8-db37087102ec/xplatvm.c2bb3c2e-54c0-4115-bcb8-db37087102ec.serialconsole.log\"\r\n      },\r\n      \"statuses\": [\r\n        {\r\n          \"code\": \"ProvisioningState/succeeded\",\r\n          \"level\": \"Info\",\r\n          \"displayStatus\": \"Provisioning succeeded\",\r\n          \"time\": \"2017-06-02T17:26:52.1658272+00:00\"\r\n        },\r\n        {\r\n          \"code\": \"PowerState/running\",\r\n          \"level\": \"Info\",\r\n          \"displayStatus\": \"VM running\"\r\n        }\r\n      ]\r\n    }\r\n  },\r\n  \"type\": \"Microsoft.Compute/virtualMachines\",\r\n  \"location\": \"southeastasia\",\r\n  \"tags\": {\r\n    \"a\": \"b\",\r\n    \"b\": \"c\",\r\n    \"d\": \"\"\r\n  },\r\n  \"id\": \"/subscriptions/e33f361b-53c2-4cc7-b829-78906708387b/resourceGroups/xplatTestZVMCreate3752/providers/Microsoft.Compute/virtualMachines/xplatvm\",\r\n  \"name\": \"xplatvm\"\r\n}", { 'cache-control': 'no-cache',
  pragma: 'no-cache',
  'content-length': '5226',
  'content-type': 'application/json; charset=utf-8',
  expires: '-1',
  'strict-transport-security': 'max-age=31536000; includeSubDomains',
  'x-ms-served-by': 'dce02487-9cda-4782-8138-773eb1573792_131340057859683594',
  'x-ms-request-id': 'd0669dea-c6b9-49ba-8a93-91882b398780',
  server: 'Microsoft-HTTPAPI/2.0',
  'x-ms-ratelimit-remaining-subscription-reads': '14986',
  'x-ms-correlation-request-id': '2bae41d3-6e21-471f-a928-2df0b9190911',
  'x-ms-routing-request-id': 'WESTUS:20170602T172734Z:2bae41d3-6e21-471f-a928-2df0b9190911',
  date: 'Fri, 02 Jun 2017 17:27:33 GMT',
  connection: 'close' });
 return result; },
function (nock) { 
var result = 
nock('https://management.azure.com:443')
  .get('/subscriptions/e33f361b-53c2-4cc7-b829-78906708387b/resourceGroups/xplatTestZVMCreate3752/providers/Microsoft.Compute/virtualMachines/xplatvm?$expand=instanceView&api-version=2017-03-30')
  .reply(200, "{\r\n  \"properties\": {\r\n    \"vmId\": \"c2bb3c2e-54c0-4115-bcb8-db37087102ec\",\r\n    \"availabilitySet\": {\r\n      \"id\": \"/subscriptions/e33f361b-53c2-4cc7-b829-78906708387b/resourceGroups/xplatTestZVMCreate3752/providers/Microsoft.Compute/availabilitySets/XPLATTESTZVMAVAIL5025\"\r\n    },\r\n    \"hardwareProfile\": {\r\n      \"vmSize\": \"Standard_DS1\"\r\n    },\r\n    \"storageProfile\": {\r\n      \"imageReference\": {\r\n        \"publisher\": \"canonical\",\r\n        \"offer\": \"UbuntuServer\",\r\n        \"sku\": \"16.04.0-LTS\",\r\n        \"version\": \"latest\"\r\n      },\r\n      \"osDisk\": {\r\n        \"osType\": \"Linux\",\r\n        \"name\": \"clif845eef0f56ed40d-os-1496424185646\",\r\n        \"createOption\": \"FromImage\",\r\n        \"vhd\": {\r\n          \"uri\": \"https://xplatteststorage11328.blob.core.windows.net/xplatteststoragecnt13810/clif845eef0f56ed40d-os-1496424185646.vhd\"\r\n        },\r\n        \"caching\": \"ReadWrite\"\r\n      },\r\n      \"dataDisks\": []\r\n    },\r\n    \"osProfile\": {\r\n      \"computerName\": \"xplatvm\",\r\n      \"adminUsername\": \"azureuser\",\r\n      \"linuxConfiguration\": {\r\n        \"disablePasswordAuthentication\": false,\r\n        \"ssh\": {\r\n          \"publicKeys\": [\r\n            {\r\n              \"path\": \"/home/azureuser/.ssh/authorized_keys\",\r\n              \"keyData\": \"MIID/zCCAuegAwIBAgIJAMUAa+XVLvAeMA0GCSqGSIb3DQEBBQUAMIGVMQswCQYD\\r\\nVQQGEwJJbjESMBAGA1UECAwJS2FybmF0YWthMRIwEAYDVQQHDAlCYW5nYWxvcmUx\\r\\nEDAOBgNVBAoMB2JyaWxsaW8xEjAQBgNVBAsMCW1pY3Jvc29mdDEQMA4GA1UEAwwH\\r\\nYnJpbGxpbzEmMCQGCSqGSIb3DQEJARYXc3JlZWthbnRoYnNAeWFob28uY28uaW4w\\r\\nHhcNMTUwMzA1MTE1MzEyWhcNMTYwMzA0MTE1MzEyWjCBlTELMAkGA1UEBhMCSW4x\\r\\nEjAQBgNVBAgMCUthcm5hdGFrYTESMBAGA1UEBwwJQmFuZ2Fsb3JlMRAwDgYDVQQK\\r\\nDAdicmlsbGlvMRIwEAYDVQQLDAltaWNyb3NvZnQxEDAOBgNVBAMMB2JyaWxsaW8x\\r\\nJjAkBgkqhkiG9w0BCQEWF3NyZWVrYW50aGJzQHlhaG9vLmNvLmluMIIBIjANBgkq\\r\\nhkiG9w0BAQEFAAOCAQ8AMIIBCgKCAQEAyUNKaOuT0NK+S8Ck81zy9xJ6hXfZvAC6\\r\\nlhbmf/6s/WVimJ/TX5NMhQJwC9k6ZIF92KfYrojHNvHDufSZ3EtKUVwRFCDjmgMT\\r\\nDL09WkGaZt7gROYFK0iZ4KrYGovUwlwum9fHB24OJiOV4bi0ek62/rHx9fjYZpvp\\r\\naIH2PV/hN8SCZ0x7HJMberD4gVoU/Kv42nNvwjLUW6IZfVx/Gv5OeFDtWHfSvUEF\\r\\ndadHKTPn3Ab20Iu6gZIbLO9Vuf38/IpaYGfnFCouHdzmiTiLieYNe3CUPcOJNSv7\\r\\n1G8KYpx3uNJRkJPab5OsRyJw75Gvzkr9OgaPss9tVD6Gt68u3WQtVQIDAQABo1Aw\\r\\nTjAdBgNVHQ4EFgQUogvhXB+xZ2JJPfLO6cVs4ForzscwHwYDVR0jBBgwFoAUogvh\\r\\nXB+xZ2JJPfLO6cVs4ForzscwDAYDVR0TBAUwAwEB/zANBgkqhkiG9w0BAQUFAAOC\\r\\nAQEAdDj7qUNJ45xlF5cjd+4x5NHvAD1VTjOKu+Xh/uzSSjXqB2F0aOMWA9lx0qaQ\\r\\noJgHkGxj3zz/W7ik/cVGL2O+vRIOKv/y0OPogEmS3Hw+P+O6OGE7x1G6YN0zLVoL\\r\\nu4BN/BEYmjttxM9I7qqL7C5cJoE+K3s/w1/pt/68ohJcr7F9Ohi7cso62xuGY1Rm\\r\\nksAh2EUDsU9JV/P+C9AMpLSrb03JJYzVj4w1RHbrmw2AjFyGXdQYkggyXisg+Ifr\\r\\n5gbNN7HigpHf7b2i3CQBUqp9m23frh5AhnLI2qp3UXgc52U5ieLdi/t6j0TTZqqY\\r\\nHhHqofKrj938HHlBNpC5/LVh3w==\\r\\n\"\r\n            }\r\n          ]\r\n        }\r\n      },\r\n      \"secrets\": []\r\n    },\r\n    \"networkProfile\": {\"networkInterfaces\":[{\"id\":\"/subscriptions/e33f361b-53c2-4cc7-b829-78906708387b/resourceGroups/xplatTestZVMCreate3752/providers/Microsoft.Network/networkInterfaces/xplattestnic\"}]},\r\n    \"diagnosticsProfile\": {\r\n      \"bootDiagnostics\": {\r\n        \"enabled\": true,\r\n        \"storageUri\": \"https://clisto484735394xplatvm.blob.core.windows.net/\"\r\n      }\r\n    },\r\n    \"provisioningState\": \"Succeeded\",\r\n    \"instanceView\": {\r\n      \"platformUpdateDomain\": 0,\r\n      \"platformFaultDomain\": 0,\r\n      \"vmAgent\": {\r\n        \"vmAgentVersion\": \"2.1.3\",\r\n        \"statuses\": [\r\n          {\r\n            \"code\": \"ProvisioningState/succeeded\",\r\n            \"level\": \"Info\",\r\n            \"displayStatus\": \"Ready\",\r\n            \"message\": \"Guest Agent is running\",\r\n            \"time\": \"2017-06-02T17:27:16+00:00\"\r\n          }\r\n        ],\r\n        \"extensionHandlers\": []\r\n      },\r\n      \"disks\": [\r\n        {\r\n          \"name\": \"clif845eef0f56ed40d-os-1496424185646\",\r\n          \"statuses\": [\r\n            {\r\n              \"code\": \"ProvisioningState/succeeded\",\r\n              \"level\": \"Info\",\r\n              \"displayStatus\": \"Provisioning succeeded\",\r\n              \"time\": \"2017-06-02T17:25:11.9702197+00:00\"\r\n            }\r\n          ]\r\n        }\r\n      ],\r\n      \"bootDiagnostics\": {\r\n        \"consoleScreenshotBlobUri\": \"https://clisto484735394xplatvm.blob.core.windows.net/bootdiagnostics-xplatvm-c2bb3c2e-54c0-4115-bcb8-db37087102ec/xplatvm.c2bb3c2e-54c0-4115-bcb8-db37087102ec.screenshot.bmp\",\r\n        \"serialConsoleLogBlobUri\": \"https://clisto484735394xplatvm.blob.core.windows.net/bootdiagnostics-xplatvm-c2bb3c2e-54c0-4115-bcb8-db37087102ec/xplatvm.c2bb3c2e-54c0-4115-bcb8-db37087102ec.serialconsole.log\"\r\n      },\r\n      \"statuses\": [\r\n        {\r\n          \"code\": \"ProvisioningState/succeeded\",\r\n          \"level\": \"Info\",\r\n          \"displayStatus\": \"Provisioning succeeded\",\r\n          \"time\": \"2017-06-02T17:26:52.1658272+00:00\"\r\n        },\r\n        {\r\n          \"code\": \"PowerState/running\",\r\n          \"level\": \"Info\",\r\n          \"displayStatus\": \"VM running\"\r\n        }\r\n      ]\r\n    }\r\n  },\r\n  \"type\": \"Microsoft.Compute/virtualMachines\",\r\n  \"location\": \"southeastasia\",\r\n  \"tags\": {\r\n    \"a\": \"b\",\r\n    \"b\": \"c\",\r\n    \"d\": \"\"\r\n  },\r\n  \"id\": \"/subscriptions/e33f361b-53c2-4cc7-b829-78906708387b/resourceGroups/xplatTestZVMCreate3752/providers/Microsoft.Compute/virtualMachines/xplatvm\",\r\n  \"name\": \"xplatvm\"\r\n}", { 'cache-control': 'no-cache',
  pragma: 'no-cache',
  'content-length': '5226',
  'content-type': 'application/json; charset=utf-8',
  expires: '-1',
  'strict-transport-security': 'max-age=31536000; includeSubDomains',
  'x-ms-served-by': 'dce02487-9cda-4782-8138-773eb1573792_131340057859683594',
  'x-ms-request-id': 'd0669dea-c6b9-49ba-8a93-91882b398780',
  server: 'Microsoft-HTTPAPI/2.0',
  'x-ms-ratelimit-remaining-subscription-reads': '14986',
  'x-ms-correlation-request-id': '2bae41d3-6e21-471f-a928-2df0b9190911',
  'x-ms-routing-request-id': 'WESTUS:20170602T172734Z:2bae41d3-6e21-471f-a928-2df0b9190911',
  date: 'Fri, 02 Jun 2017 17:27:33 GMT',
  connection: 'close' });
 return result; },
function (nock) { 
var result = 
nock('http://management.azure.com:443')
  .post('/subscriptions/e33f361b-53c2-4cc7-b829-78906708387b/resourceGroups/xplatTestZVMCreate3752/providers/Microsoft.Storage/storageAccounts/clisto484735394xplatvm/listKeys?api-version=2016-12-01')
  .reply(200, "{\"keys\":[{\"keyName\":\"key1\",\"permissions\":\"Full\",\"value\":\"eqj7h0AwKEFR4M6lbw3Zg+tdt4VVwSoYd8vl8VT4ti47WKVuiYQl+qZg0OKQN4vogKdV9+627B66Ag2d2ahfNA==\"},{\"keyName\":\"key2\",\"permissions\":\"Full\",\"value\":\"B8pubw/Fe55J41F0FN+9Ew/mo3FkCFEDLG8TDPUE3pOZmYYfOKHcgmVTG5lTp5j5VZ2elHu3IQF3Q5qme/Pncg==\"}]}\n", { 'cache-control': 'no-cache',
  pragma: 'no-cache',
  'content-length': '289',
  'content-type': 'application/json',
  expires: '-1',
  'x-ms-request-id': 'cf8e9fa0-b892-4315-8561-3f26e15c4ec8',
  server: 'Microsoft-Azure-Storage-Resource-Provider/1.0',
  'x-ms-ratelimit-remaining-subscription-writes': '1195',
  'x-ms-correlation-request-id': 'cf8e9fa0-b892-4315-8561-3f26e15c4ec8',
  'x-ms-routing-request-id': 'WESTUS:20170602T172734Z:cf8e9fa0-b892-4315-8561-3f26e15c4ec8',
  'strict-transport-security': 'max-age=31536000; includeSubDomains',
  date: 'Fri, 02 Jun 2017 17:27:34 GMT',
  connection: 'close' });
 return result; },
function (nock) { 
var result = 
nock('https://management.azure.com:443')
  .post('/subscriptions/e33f361b-53c2-4cc7-b829-78906708387b/resourceGroups/xplatTestZVMCreate3752/providers/Microsoft.Storage/storageAccounts/clisto484735394xplatvm/listKeys?api-version=2016-12-01')
  .reply(200, "{\"keys\":[{\"keyName\":\"key1\",\"permissions\":\"Full\",\"value\":\"eqj7h0AwKEFR4M6lbw3Zg+tdt4VVwSoYd8vl8VT4ti47WKVuiYQl+qZg0OKQN4vogKdV9+627B66Ag2d2ahfNA==\"},{\"keyName\":\"key2\",\"permissions\":\"Full\",\"value\":\"B8pubw/Fe55J41F0FN+9Ew/mo3FkCFEDLG8TDPUE3pOZmYYfOKHcgmVTG5lTp5j5VZ2elHu3IQF3Q5qme/Pncg==\"}]}\n", { 'cache-control': 'no-cache',
  pragma: 'no-cache',
  'content-length': '289',
  'content-type': 'application/json',
  expires: '-1',
  'x-ms-request-id': 'cf8e9fa0-b892-4315-8561-3f26e15c4ec8',
  server: 'Microsoft-Azure-Storage-Resource-Provider/1.0',
  'x-ms-ratelimit-remaining-subscription-writes': '1195',
  'x-ms-correlation-request-id': 'cf8e9fa0-b892-4315-8561-3f26e15c4ec8',
  'x-ms-routing-request-id': 'WESTUS:20170602T172734Z:cf8e9fa0-b892-4315-8561-3f26e15c4ec8',
  'strict-transport-security': 'max-age=31536000; includeSubDomains',
  date: 'Fri, 02 Jun 2017 17:27:34 GMT',
  connection: 'close' });
 return result; },
function (nock) { 
var result = 
nock('http://clisto484735394xplatvm.blob.core.windows.net:443')
  .head('/bootdiagnostics-xplatvm-c2bb3c2e-54c0-4115-bcb8-db37087102ec/xplatvm.c2bb3c2e-54c0-4115-bcb8-db37087102ec.serialconsole.log')
  .reply(200, "", { 'content-length': '57856',
  'content-type': 'text/plain',
  'last-modified': 'Fri, 02 Jun 2017 17:27:26 GMT',
  'accept-ranges': 'bytes',
  etag: '"0x8D4A9DCA37C4DAB"',
  server: 'Windows-Azure-Blob/1.0 Microsoft-HTTPAPI/2.0',
  'x-ms-request-id': '6b8b82b3-0001-006a-79c5-db623d000000',
  'x-ms-version': '2016-05-31',
  'x-ms-lease-status': 'unlocked',
  'x-ms-lease-state': 'available',
  'x-ms-blob-type': 'PageBlob',
  'x-ms-blob-sequence-number': '0',
  'x-ms-server-encrypted': 'false',
  date: 'Fri, 02 Jun 2017 17:27:34 GMT',
  connection: 'close' });
 return result; },
function (nock) { 
var result = 
nock('https://clisto484735394xplatvm.blob.core.windows.net:443')
  .head('/bootdiagnostics-xplatvm-c2bb3c2e-54c0-4115-bcb8-db37087102ec/xplatvm.c2bb3c2e-54c0-4115-bcb8-db37087102ec.serialconsole.log')
  .reply(200, "", { 'content-length': '57856',
  'content-type': 'text/plain',
  'last-modified': 'Fri, 02 Jun 2017 17:27:26 GMT',
  'accept-ranges': 'bytes',
  etag: '"0x8D4A9DCA37C4DAB"',
  server: 'Windows-Azure-Blob/1.0 Microsoft-HTTPAPI/2.0',
  'x-ms-request-id': '6b8b82b3-0001-006a-79c5-db623d000000',
  'x-ms-version': '2016-05-31',
  'x-ms-lease-status': 'unlocked',
  'x-ms-lease-state': 'available',
  'x-ms-blob-type': 'PageBlob',
  'x-ms-blob-sequence-number': '0',
  'x-ms-server-encrypted': 'false',
  date: 'Fri, 02 Jun 2017 17:27:34 GMT',
  connection: 'close' });
 return result; },
function (nock) { 
var result = 
nock('http://clisto484735394xplatvm.blob.core.windows.net:443')
  .get('/bootdiagnostics-xplatvm-c2bb3c2e-54c0-4115-bcb8-db37087102ec/xplatvm.c2bb3c2e-54c0-4115-bcb8-db37087102ec.serialconsole.log')
  .reply(200, "\u001b[H\u001b[J\u001b[1;1H[    0.000000] Initializing cgroup subsys cpuset\r\n[    0.000000] Initializing cgroup subsys cpu\r\n[    0.000000] Initializing cgroup subsys cpuacct\r\n[    0.000000] Linux version 4.4.0-47-generic (buildd@lcy01-03) (gcc version 5.4.0 20160609 (Ubuntu 5.4.0-6ubuntu1~16.04.2) ) #68-Ubuntu SMP Wed Oct 26 19:39:52 UTC 2016 (Ubuntu 4.4.0-47.68-generic 4.4.24)\r\n[    0.000000] Command line: BOOT_IMAGE=/boot/vmlinuz-4.4.0-47-generic root=UUID=e990f8b3-1d6b-4615-8280-8ead4ed2fe7c ro console=tty1 console=ttyS0 earlyprintk=ttyS0 rootdelay=300\r\n[    0.000000] KERNEL supported cpus:\r\n[    0.000000]   Intel GenuineIntel\r\n[    0.000000]   AMD AuthenticAMD\r\n[    0.000000]   Centaur CentaurHauls\r\n[    0.000000] x86/fpu: xstate_offset[2]:  576, xstate_sizes[2]:  256\r\n[    0.000000] x86/fpu: Supporting XSAVE feature 0x01: 'x87 floating point registers'\r\n[    0.000000] x86/fpu: Supporting XSAVE feature 0x02: 'SSE registers'\r\n[    0.000000] x86/fpu: Supporting XSAVE feature 0x04: 'AVX registers'\r\n[    0.000000] x86/fpu: Enabled xstate features 0x7, context size is 832 bytes, using 'standard' format.\r\n[    0.000000] x86/fpu: Using 'eager' FPU context switches.\r\n[    0.000000] e820: BIOS-provided physical RAM map:\r\n[    0.000000] BIOS-e820: [mem 0x0000000000000000-0x000000000009fbff] usable\r\n[    0.000000] BIOS-e820: [mem 0x000000000009fc00-0x000000000009ffff] reserved\r\n[    0.000000] BIOS-e820: [mem 0x00000000000e0000-0x00000000000fffff] reserved\r\n[    0.000000] BIOS-e820: [mem 0x0000000000100000-0x000000001ffeffff] usable\r\n[    0.000000] BIOS-e820: [mem 0x000000001fff0000-0x000000001fffefff] ACPI data\r\n[    0.000000] BIOS-e820: [mem 0x000000001ffff000-0x000000001fffffff] ACPI NVS\r\n[    0.000000] BIOS-e820: [mem 0x0000000100000000-0x00000001bfffffff] usable\r\n[    0.000000] bootconsole [earlyser0] enabled\r\n[    0.000000] NX (Execute Disable) protection: active\r\n[    0.000000] SMBIOS 2.3 present.\r\n[    0.000000] Hypervisor detected: Microsoft HyperV\r\n[    0.000000] HyperV: features 0xe7f, hints 0x2c\r\n[    0.000000] HyperV: LAPIC Timer Frequency: 0xc3500\r\n[    0.000000] clocksource: hyperv_clocksource: mask: 0xffffffffffffffff max_cycles: 0x24e6a1710, max_idle_ns: 440795202120 ns\r\n[    0.000000] tsc: Marking TSC unstable due to running on Hyper-V\r\n[    0.000000] e820: last_pfn = 0x1c0000 max_arch_pfn = 0x400000000\r\n[    0.000000] x86/PAT: Configuration [0-7]: WB  WC  UC- UC  WB  WC  UC- WT  \r\n[    0.000000] e820: last_pfn = 0x1fff0 max_arch_pfn = 0x400000000\r\n[    0.000000] found SMP MP-table at [mem 0x000ff780-0x000ff78f] mapped at [ffff8800000ff780]\r\n[    0.000000] Scanning 1 areas for low memory corruption\r\n[    0.000000] RAMDISK: [mem 0x1d3ff000-0x1f779fff]\r\n[    0.000000] ACPI: Early table checksum verification disabled\r\n[    0.000000] ACPI: RSDP 0x00000000000F56F0 000014 (v00 ACPIAM)\r\n[    0.000000] ACPI: RSDT 0x000000001FFF0000 000040 (v01 VRTUAL MICROSFT 05001223 MSFT 00000097)\r\n[    0.000000] ACPI: FACP 0x000000001FFF0200 000081 (v02 VRTUAL MICROSFT 05001223 MSFT 00000097)\r\n[    0.000000] ACPI: DSDT 0x000000001FFF1724 002E78 (v01 MSFTVM MSFTVM02 00000002 INTL 02002026)\r\n[    0.000000] ACPI: FACS 0x000000001FFFF000 000040\r\n[    0.000000] ACPI: WAET 0x000000001FFF1480 000028 (v01 VRTUAL MICROSFT 05001223 MSFT 00000097)\r\n[    0.000000] ACPI: SLIC 0x000000001FFF14C0 000176 (v01 VRTUAL MICROSFT 05001223 MSFT 00000097)\r\n[    0.000000] ACPI: OEM0 0x000000001FFF16C0 000064 (v01 VRTUAL MICROSFT 05001223 MSFT 00000097)\r\n[    0.000000] ACPI: SRAT 0x000000001FFF0600 000090 (v02 VRTUAL MICROSFT 00000001 MSFT 00000001)\r\n[    0.000000] ACPI: APIC 0x000000001FFF0300 00024C (v01 VRTUAL MICROSFT 05001223 MSFT 00000097)\r\n[    0.000000] ACPI: OEMB 0x000000001FFFF040 000064 (v01 VRTUAL MICROSFT 05001223 MSFT 00000097)\r\n[    0.000000] SRAT: PXM 0 -> APIC 0x00 -> Node 0\r\n[    0.000000] SRAT: Node 0 PXM 0 [mem 0x00000000-0x1fffffff]\r\n[    0.000000] SRAT: Node 0 PXM 0 [mem 0x100000000-0x1bfffffff]\r\n[    0.000000] NUMA: Node 0 [mem 0x00000000-0x1fffffff] + [mem 0x100000000-0x1bfffffff] -> [mem 0x00000000-0x1bfffffff]\r\n[    0.000000] NODE_DATA(0) allocated [mem 0x1bfffa000-0x1bfffefff]\r\n[    0.000000] Zone ranges:\r\n[    0.000000]   DMA      [mem 0x0000000000001000-0x0000000000ffffff]\r\n[    0.000000]   DMA32    [mem 0x0000000001000000-0x00000000ffffffff]\r\n[    0.000000]   Normal   [mem 0x0000000100000000-0x00000001bfffffff]\r\n[    0.000000]   Device   empty\r\n[    0.000000] Movable zone start for each node\r\n[    0.000000] Early memory node ranges\r\n[    0.000000]   node   0: [mem 0x0000000000001000-0x000000000009efff]\r\n[    0.000000]   node   0: [mem 0x0000000000100000-0x000000001ffeffff]\r\n[    0.000000]   node   0: [mem 0x0000000100000000-0x00000001bfffffff]\r\n[    0.000000] Initmem setup node 0 [mem 0x0000000000001000-0x00000001bfffffff]\r\n[    0.000000] ACPI: PM-Timer IO Port: 0x408\r\n[    0.000000] IOAPIC[0]: apic_id 0, version 17, address 0xfec00000, GSI 0-23\r\n[    0.000000] ACPI: INT_SRC_OVR (bus 0 bus_irq 0 global_irq 2 dfl dfl)\r\n[    0.000000] ACPI: INT_SRC_OVR (bus 0 bus_irq 9 global_irq 9 high level)\r\n[    0.000000] Using ACPI (MADT) for SMP configuration information\r\n[    0.000000] smpboot: Allowing 64 CPUs, 63 hotplug CPUs\r\n[    0.000000] PM: Registered nosave memory: [mem 0x00000000-0x00000fff]\r\n[    0.000000] PM: Registered nosave memory: [mem 0x0009f000-0x0009ffff]\r\n[    0.000000] PM: Registered nosave memory: [mem 0x000a0000-0x000dffff]\r\n[    0.000000] PM: Registered nosave memory: [mem 0x000e0000-0x000fffff]\r\n[    0.000000] PM: Registered nosave memory: [mem 0x1fff0000-0x1fffefff]\r\n[    0.000000] PM: Registered nosave memory: [mem 0x1ffff000-0x1fffffff]\r\n[    0.000000] PM: Registered nosave memory: [mem 0x20000000-0xffffffff]\r\n[    0.000000] e820: [mem 0x20000000-0xffffffff] available for PCI devices\r\n[    0.000000] Booting paravirtualized kernel on bare hardware\r\n[    0.000000] clocksource: refined-jiffies: mask: 0xffffffff max_cycles: 0xffffffff, max_idle_ns: 7645519600211568 ns\r\n[    0.000000] setup_percpu: NR_CPUS:256 nr_cpumask_bits:256 nr_cpu_ids:64 nr_node_ids:1\r\n[    0.000000] PERCPU: Embedded 33 pages/cpu @ffff8801bae00000 s98008 r8192 d28968 u262144\r\n[    0.000000] Built 1 zonelists in Node order, mobility grouping on.  Total pages: 903033\r\n[    0.000000] Policy zone: Normal\r\n[    0.000000] Kernel command line: BOOT_IMAGE=/boot/vmlinuz-4.4.0-47-generic root=UUID=e990f8b3-1d6b-4615-8280-8ead4ed2fe7c ro console=tty1 console=ttyS0 earlyprintk=ttyS0 rootdelay=300\r\n[    0.000000] log_buf_len individual max cpu contribution: 4096 bytes\r\n[    0.000000] log_buf_len total cpu_extra contributions: 258048 bytes\r\n[    0.000000] log_buf_len min size: 262144 bytes\r\n[    0.000000] log_buf_len: 524288 bytes\r\n[    0.000000] early log buf free: 253140(96%)\r\n[    0.000000] PID hash table entries: 4096 (order: 3, 32768 bytes)\r\n[    0.000000] Memory: 3482052K/3669560K available (8423K kernel code, 1285K rwdata, 3952K rodata, 1480K init, 1292K bss, 187508K reserved, 0K cma-reserved)\r\n[    0.000000] SLUB: HWalign=64, Order=0-3, MinObjects=0, CPUs=64, Nodes=1\r\n[    0.000000] Hierarchical RCU implementation.\r\n[    0.000000] \tBuild-time adjustment of leaf fanout to 64.\r\n[    0.000000] \tRCU restricting CPUs from NR_CPUS=256 to nr_cpu_ids=64.\r\n[    0.000000] RCU: Adjusting geometry for rcu_fanout_leaf=64, nr_cpu_ids=64\r\n[    0.000000] NR_IRQS:16640 nr_irqs:936 16\r\n[    0.000000] Console: colour VGA+ 80x25\r\n[    0.000000] console [tty1] enabled\r\n[    0.000000] console [ttyS0] enabled\r\n[    0.000000] console [ttyS0] enabled\r\n[    0.000000] bootconsole [earlyser0] disabled\r\n[    0.000000] bootconsole [earlyser0] disabled\r\n[    0.000000] tsc: Unable to calibrate against PIT\r\n[    0.000000] tsc: using PMTIMER reference calibration\r\n[    0.000000] tsc: Detected 2194.489 MHz processor\r\n[    0.020112] Calibrating delay loop (skipped), value calculated using timer frequency.. 4388.97 BogoMIPS (lpj=8777956)\r\n[    0.025361] pid_max: default: 65536 minimum: 512\r\n[    0.026892] ACPI: Core revision 20150930\r\n[    0.029896] ACPI: 1 ACPI AML tables successfully acquired and loaded\r\n[    0.034405] Security Framework initialized\r\n[    0.036021] Yama: becoming mindful.\r\n[    0.037484] AppArmor: AppArmor initialized\r\n[    0.039278] Dentry cache hash table entries: 524288 (order: 10, 4194304 bytes)\r\n[    0.040949] Inode-cache hash table entries: 262144 (order: 9, 2097152 bytes)\r\n[    0.044471] Mount-cache hash table entries: 8192 (order: 4, 65536 bytes)\r\n[    0.046228] Mountpoint-cache hash table entries: 8192 (order: 4, 65536 bytes)\r\n[    0.048313] Initializing cgroup subsys io\r\n[    0.049818] Initializing cgroup subsys memory\r\n[    0.051396] Initializing cgroup subsys devices\r\n[    0.052030] Initializing cgroup subsys freezer\r\n[    0.053555] Initializing cgroup subsys net_cls\r\n[    0.055060] Initializing cgroup subsys perf_event\r\n[    0.056022] Initializing cgroup subsys net_prio\r\n[    0.057705] Initializing cgroup subsys hugetlb\r\n[    0.060033] Initializing cgroup subsys pids\r\n[    0.061656] mce: CPU supports 1 MCE banks\r\n[    0.064049] Last level iTLB entries: 4KB 512, 2MB 8, 4MB 8\r\n[    0.065676] Last level dTLB entries: 4KB 512, 2MB 32, 4MB 32, 1GB 0\r\n[    0.092314] ftrace: allocating 32047 entries in 126 pages\r\n[    0.104236] smpboot: Max logical packages: 64\r\n[    0.108021] smpboot: APIC(0) Converting physical 0 to logical package 0\r\n[    0.109374] Switched APIC routing to physical flat.\r\n[    0.121118] ..TIMER: vector=0x30 apic1=0 pin1=2 apic2=-1 pin2=-1\r\n[    0.124096] smpboot: CPU0: Intel(R) Xeon(R) CPU E5-2660 0 @ 2.20GHz (family: 0x6, model: 0x2d, stepping: 0x7)\r\n[    0.128000] Performance Events: unsupported p6 CPU model 45 no PMU driver, software events only.\r\n[    0.132167] x86: Booted up 1 node, 1 CPUs\r\n[    0.133272] smpboot: Total of 1 processors activated (4388.97 BogoMIPS)\r\n[    0.136011] NMI watchdog: disabled (cpu0): hardware events not enabled\r\n[    0.137389] NMI watchdog: Shutting down hard lockup detector on all cpus\r\n[    0.139740] devtmpfs: initialized\r\n[    0.142479] evm: security.selinux\r\n[    0.144006] evm: security.SMACK64\r\n[    0.145057] evm: security.SMACK64EXEC\r\n[    0.146165] evm: security.SMACK64TRANSMUTE\r\n[    0.147312] evm: security.SMACK64MMAP\r\n[    0.148002] evm: security.ima\r\n[    0.149158] evm: security.capability\r\n[    0.150369] PM: Registering ACPI NVS region [mem 0x1ffff000-0x1fffffff] (4096 bytes)\r\n[    0.152102] clocksource: jiffies: mask: 0xffffffff max_cycles: 0xffffffff, max_idle_ns: 7645041785100000 ns\r\n[    0.154068] pinctrl core: initialized pinctrl subsystem\r\n[    0.156381] RTC time: 17:25:53, date: 06/02/17\r\n[    0.157685] NET: Registered protocol family 16\r\n[    0.159015] cpuidle: using governor ladder\r\n[    0.160009] cpuidle: using governor menu\r\n[    0.161092] PCCT header not found.\r\n[    0.162236] ACPI: bus type PCI registered\r\n[    0.163325] acpiphp: ACPI Hot Plug PCI Controller Driver version: 0.5\r\n[    0.164339] PCI: Using configuration type 1 for base access\r\n[    0.168304] ACPI: Added _OSI(Module Device)\r\n[    0.169429] ACPI: Added _OSI(Processor Device)\r\n[    0.170566] ACPI: Added _OSI(3.0 _SCP Extensions)\r\n[    0.171722] ACPI: Added _OSI(Processor Aggregator Device)\r\n[    0.174567] ACPI: Interpreter enabled\r\n[    0.176018] ACPI: (supports S0 S5)\r\n[    0.177077] ACPI: Using IOAPIC for interrupt routing\r\n[    0.178276] PCI: Using host bridge windows from ACPI; if necessary, use \"pci=nocrs\" and report a bug\r\n[    0.190379] ACPI: PCI Root Bridge [PCI0] (domain 0000 [bus 00-ff])\r\n[    0.191661] acpi PNP0A03:00: _OSC: OS supports [ASPM ClockPM Segments MSI]\r\n[    0.192016] acpi PNP0A03:00: _OSC failed (AE_NOT_FOUND); disabling ASPM\r\n[    0.193321] acpi PNP0A03:00: fail to add MMCONFIG information, can't access extended PCI configuration space under this bridge.\r\n[    0.196589] PCI host bridge to bus 0000:00\r\n[    0.197687] pci_bus 0000:00: root bus resource [mem 0xfe0000000-0xfffefffff window]\r\n[    0.199206] pci_bus 0000:00: root bus resource [io  0x0000-0x0cf7 window]\r\n[    0.200004] pci_bus 0000:00: root bus resource [io  0x0d00-0xffff window]\r\n[    0.201294] pci_bus 0000:00: root bus resource [mem 0x000a0000-0x000bffff window]\r\n[    0.202787] pci_bus 0000:00: root bus resource [mem 0x20000000-0xfffbffff window]\r\n[    0.204004] pci_bus 0000:00: root bus resource [bus 00-ff]\r\n[    0.212160] pci 0000:00:07.1: legacy IDE quirk: reg 0x10: [io  0x01f0-0x01f7]\r\n[    0.213556] pci 0000:00:07.1: legacy IDE quirk: reg 0x14: [io  0x03f6]\r\n[    0.214848] pci 0000:00:07.1: legacy IDE quirk: reg 0x18: [io  0x0170-0x0177]\r\n[    0.216008] pci 0000:00:07.1: legacy IDE quirk: reg 0x1c: [io  0x0376]\r\n[    0.217778] * Found PM-Timer Bug on the chipset. Due to workarounds for a bug,\r\n[    0.217778] * this clock source is slow. Consider trying other clock sources\r\n[    0.221706] pci 0000:00:07.3: quirk: [io  0x0400-0x043f] claimed by PIIX4 ACPI\r\n[    0.232958] ACPI: PCI Interrupt Link [LNKA] (IRQs 3 4 5 7 9 10 *11 12 14 15)\r\n[    0.241626] ACPI: PCI Interrupt Link [LNKB] (IRQs 3 4 5 7 9 10 11 12 14 15) *0, disabled.\r\n[    0.252190] ACPI: PCI Interrupt Link [LNKC] (IRQs 3 4 5 7 9 10 11 12 14 15) *0, disabled.\r\n[    0.262476] ACPI: PCI Interrupt Link [LNKD] (IRQs 3 4 5 7 9 10 11 12 14 15) *0, disabled.\r\n[    0.272182] ACPI: Enabled 1 GPEs in block 00 to 0F\r\n[    0.274710] vgaarb: setting as boot device: PCI:0000:00:08.0\r\n[    0.275984] vgaarb: device added: PCI:0000:00:08.0,decodes=io+mem,owns=io+mem,locks=none\r\n[    0.276002] vgaarb: loaded\r\n[    0.277009] vgaarb: bridge control possible 0000:00:08.0\r\n[    0.280257] SCSI subsystem initialized\r\n[    0.281405] ACPI: bus type USB registered\r\n[    0.282530] usbcore: registered new interface driver usbfs\r\n[    0.284028] usbcore: registered new interface driver hub\r\n[    0.285303] usbcore: registered new device driver usb\r\n[    0.286680] PCI: Using ACPI for IRQ routing\r\n[    0.288489] NetLabel: Initializing\r\n[    0.289554] NetLabel:  domain hash size = 128\r\n[    0.290690] NetLabel:  protocols = UNLABELED CIPSOv4\r\n[    0.292023] NetLabel:  unlabeled traffic allowed by default\r\n[    0.293685] amd_nb: Cannot enumerate AMD northbridges\r\n[    0.294929] clocksource: Switched to clocksource hyperv_clocksource\r\n[    0.300737] AppArmor: AppArmor Filesystem Enabled\r\n[    0.303242] pnp: PnP ACPI init\r\n[    0.306622] system 00:06: [io  0x01e0-0x01ef] has been reserved\r\n[    0.307936] system 00:06: [io  0x0160-0x016f] has been reserved\r\n[    0.309205] system 00:06: [io  0x0278-0x027f] has been reserved\r\n[    0.310436] system 00:06: [io  0x0378-0x037f] has been reserved\r\n[    0.311708] system 00:06: [io  0x0678-0x067f] has been reserved\r\n[    0.312947] system 00:06: [io  0x0778-0x077f] has been reserved\r\n[    0.314194] system 00:06: [io  0x04d0-0x04d1] has been reserved\r\n[    0.315588] system 00:07: [io  0x0400-0x043f] has been reserved\r\n[    0.316853] system 00:07: [io  0x0370-0x0371] has been reserved\r\n[    0.318097] system 00:07: [io  0x0440-0x044f] has been reserved\r\n[    0.319341] system 00:07: [mem 0xfec00000-0xfec00fff] could not be reserved\r\n[    0.320680] system 00:07: [mem 0xfee00000-0xfee00fff] has been reserved\r\n[    0.322098] system 00:08: [mem 0x00000000-0x0009ffff] could not be reserved\r\n[    0.323413] system 00:08: [mem 0x000c0000-0x000dffff] could not be reserved\r\n[    0.325085] system 00:08: [mem 0x000e0000-0x000fffff] could not be reserved\r\n[    0.326983] system 00:08: [mem 0x00100000-0x1fffffff] could not be reserved\r\n[    0.328382] system 00:08: [mem 0xfffc0000-0xffffffff] has been reserved\r\n[    0.329962] pnp: PnP ACPI: found 9 devices\r\n[    0.337313] clocksource: acpi_pm: mask: 0xffffff max_cycles: 0xffffff, max_idle_ns: 2085701024 ns\r\n[    0.340189] NET: Registered protocol family 2\r\n[    0.341820] TCP established hash table entries: 32768 (order: 6, 262144 bytes)\r\n[    0.343515] TCP bind hash table entries: 32768 (order: 7, 524288 bytes)\r\n[    0.345059] TCP: Hash tables configured (established 32768 bind 32768)\r\n[    0.346544] UDP hash table entries: 2048 (order: 4, 65536 bytes)\r\n[    0.347944] UDP-Lite hash table entries: 2048 (order: 4, 65536 bytes)\r\n[    0.349578] NET: Registered protocol family 1\r\n[    0.350819] pci 0000:00:00.0: Limiting direct PCI/PCI transfers\r\n[    0.352618] Trying to unpack rootfs image as initramfs...\r\n[    1.044612] Freeing initrd memory: 36332K (ffff88001d3ff000 - ffff88001f77a000)\r\n[    1.046413] PCI-DMA: Using software bounce buffering for IO (SWIOTLB)\r\n[    1.047778] software IO TLB [mem 0x193ff000-0x1d3ff000] (64MB) mapped at [ffff8800193ff000-ffff88001d3fefff]\r\n[    1.049717] RAPL PMU detected, API unit is 2^-32 Joules, 3 fixed counters 10737418240 ms ovfl timer\r\n[    1.051417] hw unit of domain pp0-core 2^-0 Joules\r\n[    1.052682] hw unit of domain package 2^-0 Joules\r\n[    1.053876] hw unit of domain dram 2^-0 Joules\r\n[    1.055231] clocksource: tsc: mask: 0xffffffffffffffff max_cycles: 0x1fa1dce680a, max_idle_ns: 440795246482 ns\r\n[    1.057187] Scanning for low memory corruption every 60 seconds\r\n[    1.059648] futex hash table entries: 16384 (order: 8, 1048576 bytes)\r\n[    1.061145] audit: initializing netlink subsys (disabled)\r\n[    1.062379] audit: type=2000 audit(1496424354.060:1): initialized\r\n[    1.064037] Initialise system trusted keyring\r\n[    1.065432] HugeTLB registered 2 MB page size, pre-allocated 0 pages\r\n[    1.068362] zbud: loaded\r\n[    1.069812] VFS: Disk quotas dquot_6.6.0\r\n[    1.070985] VFS: Dquot-cache hash table entries: 512 (order 0, 4096 bytes)\r\n[    1.072692] squashfs: version 4.0 (2009/01/31) Phillip Lougher\r\n[    1.074287] fuse init (API version 7.23)\r\n[    1.075565] Key type big_key registered\r\n[    1.076689] Allocating IMA MOK and blacklist keyrings.\r\n[    1.078194] Key type asymmetric registered\r\n[    1.079322] Asymmetric key parser 'x509' registered\r\n[    1.080546] Block layer SCSI generic (bsg) driver version 0.4 loaded (major 249)\r\n[    1.082172] io scheduler noop registered\r\n[    1.083298] io scheduler deadline registered (default)\r\n[    1.084586] io scheduler cfq registered\r\n[    1.085989] pci_hotplug: PCI Hot Plug PCI Core version: 0.5\r\n[    1.087266] pciehp: PCI Express Hot Plug Controller Driver version: 0.4\r\n[    1.088753] input: Power Button as /devices/LNXSYSTM:00/LNXPWRBN:00/input/input0\r\n[    1.090307] ACPI: Power Button [PWRF]\r\n[    1.091612] GHES: HEST is not enabled!\r\n[    1.092808] Serial: 8250/16550 driver, 32 ports, IRQ sharing enabled\r\n[    1.115463] 00:03: ttyS0 at I/O 0x3f8 (irq = 4, base_baud = 115200) is a 16550A\r\n[    1.139251] 00:04: ttyS1 at I/O 0x2f8 (irq = 3, base_baud = 115200) is a 16550A\r\n[    1.142770] Linux agpgart interface v0.103\r\n[    1.148111] brd: module loaded\r\n[    1.151358] loop: module loaded\r\n[    1.153287] ata_piix 0000:00:07.1: Hyper-V Virtual Machine detected, ATA device ignore set\r\n[    1.157514] scsi host0: ata_piix\r\n[    1.159019] scsi host1: ata_piix\r\n[    1.160484] ata1: PATA max UDMA/33 cmd 0x1f0 ctl 0x3f6 bmdma 0xffa0 irq 14\r\n[    1.162168] ata2: PATA max UDMA/33 cmd 0x170 ctl 0x376 bmdma 0xffa8 irq 15\r\n[    1.165767] libphy: Fixed MDIO Bus: probed\r\n[    1.167229] tun: Universal TUN/TAP device driver, 1.6\r\n[    1.168741] tun: (C) 1999-2004 Max Krasnyansky <maxk@qualcomm.com>\r\n[    1.170465] PPP generic driver version 2.4.2\r\n[    1.172033] ehci_hcd: USB 2.0 'Enhanced' Host Controller (EHCI) Driver\r\n[    1.173669] ehci-pci: EHCI PCI platform driver\r\n[    1.175073] ehci-platform: EHCI generic platform driver\r\n[    1.176829] ohci_hcd: USB 1.1 'Open' Host Controller (OHCI) Driver\r\n[    1.178578] ohci-pci: OHCI PCI platform driver\r\n[    1.180063] ohci-platform: OHCI generic platform driver\r\n[    1.181695] uhci_hcd: USB Universal Host Controller Interface driver\r\n[    1.183466] i8042: PNP: PS/2 Controller [PNP0303:PS2K,PNP0f03:PS2M] at 0x60,0x64 irq 1,12\r\n[    1.190127] serio: i8042 KBD port at 0x60,0x64 irq 1\r\n[    1.191744] serio: i8042 AUX port at 0x60,0x64 irq 12\r\n[    1.193362] mousedev: PS/2 mouse device common for all mice\r\n[    1.195352] rtc_cmos 00:00: RTC can wake from S4\r\n[    1.217738] input: AT Translated Set 2 keyboard as /devices/platform/i8042/serio0/input/input1\r\n[    1.220773] rtc_cmos 00:00: rtc core: registered rtc_cmos as rtc0\r\n[    1.222993] rtc_cmos 00:00: alarms up to one month, 114 bytes nvram\r\n[    1.224559] i2c /dev entries driver\r\n[    1.226046] device-mapper: uevent: version 1.0.3\r\n[    1.227577] device-mapper: ioctl: 4.34.0-ioctl (2015-10-28) initialised: dm-devel@redhat.com\r\n[    1.229865] ledtrig-cpu: registered to indicate activity on CPUs\r\n[    1.231997] NET: Registered protocol family 10\r\n[    1.234073] NET: Registered protocol family 17\r\n[    1.235577] Key type dns_resolver registered\r\n[    1.237219] microcode: CPU0 sig=0x206d7, pf=0x1, revision=0xffffffff\r\n[    1.238893] microcode: Microcode Update Driver: v2.01 <tigran@aivazian.fsnet.co.uk>, Peter Oruba\r\n[    1.241031] registered taskstats version 1\r\n[    1.242593] Loading compiled-in X.509 certificates\r\n[    1.245299] Loaded X.509 cert 'Build time autogenerated kernel key: f7bc719d96df7c6d6fed8f4b9fd5d4ff001383c8'\r\n[    1.247468] zswap: loaded using pool lzo/zbud\r\n[    1.251021] Key type trusted registered\r\n[    1.255444] Key type encrypted registered\r\n[    1.256976] AppArmor: AppArmor sha1 policy hashing enabled\r\n[    1.258642] ima: No TPM chip found, activating TPM-bypass!\r\n[    1.260364] evm: HMAC attrs: 0x1\r\n[    1.262153]   Magic number: 5:327:440\r\n[    1.263530] clockevents broadcast: hash matches\r\n[    1.265477] rtc_cmos 00:00: setting system clock to 2017-06-02 17:25:54 UTC (1496424354)\r\n[    1.267792] BIOS EDD facility v0.16 2004-Jun-25, 0 devices found\r\n[    1.269196] EDD information not available.\r\n[    1.324342] ata2.00: ATAPI: Virtual CD, , max MWDMA2\r\n[    1.342350] ata2.00: configured for MWDMA2\r\n[    1.344868] scsi 1:0:0:0: CD-ROM            Msft     Virtual CD/ROM   1.0  PQ: 0 ANSI: 5\r\n[    1.348746] sr 1:0:0:0: [sr0] scsi3-mmc drive: 0x/0x tray\r\n[    1.349993] cdrom: Uniform CD-ROM driver Revision: 3.20\r\n[    1.352364] sr 1:0:0:0: Attached scsi generic sg0 type 5\r\n[    1.355336] Freeing unused kernel memory: 1480K (ffffffff81f43000 - ffffffff820b5000)\r\n[    1.357055] Write protecting the kernel read-only data: 14336k\r\n[    1.359099] Freeing unused kernel memory: 1804K (ffff88000183d000 - ffff880001a00000)\r\n[    1.361327] Freeing unused kernel memory: 144K (ffff880001ddc000 - ffff880001e00000)\r\nLoading, please wait...\r\nstarting version 229\r\n[    1.383039] random: udevadm: uninitialized urandom read (16 bytes read, 2 bits of entropy available)\r\n[    1.385412] random: systemd-udevd: uninitialized urandom read (16 bytes read, 2 bits of entropy available)\r\n[    1.387432] random: systemd-udevd: uninitialized urandom read (16 bytes read, 2 bits of entropy available)\r\n[    1.389314] random: systemd-udevd: uninitialized urandom read (16 bytes read, 2 bits of entropy available)\r\n[    1.391094] random: systemd-udevd: uninitialized urandom read (16 bytes read, 2 bits of entropy available)\r\n[    1.392934] random: udevadm: uninitialized urandom read (16 bytes read, 2 bits of entropy available)\r\n[    1.394731] random: udevadm: uninitialized urandom read (16 bytes read, 2 bits of entropy available)\r\n[    1.397521] random: udevadm: uninitialized urandom read (16 bytes read, 2 bits of entropy available)\r\n[    1.399272] random: udevadm: uninitialized urandom read (16 bytes read, 2 bits of entropy available)\r\n[    1.401071] random: udevadm: uninitialized urandom read (16 bytes read, 2 bits of entropy available)\r\n[    1.457467] FUJITSU Extended Socket Network Device Driver - version 1.0 - Copyright (c) 2015 FUJITSU LIMITED\r\n[    1.466925] clocksource: hyperv_clocksource_tsc_page: mask: 0xffffffffffffffff max_cycles: 0x24e6a1710, max_idle_ns: 440795202120 ns\r\n[    1.482319] clocksource: Switched to clocksource hyperv_clocksource_tsc_page\r\n[    1.500282] Floppy drive(s): fd0 is 1.44M\r\n[    1.511895] hv_vmbus: Hyper-V Host Build:9600-6.3-18-0.18190; Vmbus version:3.0\r\n[    1.522013] hv_vmbus: Unknown GUID: f8e65716-3cb3-4a06-9a60-1889c5cccab5\r\n[    1.523945] hv_vmbus: Unknown GUID: 3375baf4-9e15-4b30-b765-67acb10d607b\r\n[    1.526629] hv_vmbus: registering driver hyperv_fb\r\n[    1.528241] hv_vmbus: Unknown GUID: 276aacf4-ac15-426c-98dd-7521ad3f01fe\r\n[    1.532117] hyperv_fb: Screen resolution: 1152x864, Color depth: 32\r\n[    1.535382] FDC 0 is an 82078.\r\n[    1.542236] Console: switching to colour frame buffer device 144x54\r\n[    1.595542] AVX version of gcm_enc/dec engaged.\r\n[    1.596518] AES CTR mode by8 optimization enabled\r\n[    1.661820] hv_vmbus: registering driver hv_storvsc\r\n[    1.667257] hidraw: raw HID events driver (C) Jiri Kosina\r\n[    1.671053] hv_vmbus: registering driver hyperv_keyboard\r\n[    1.676298] hv_utils: Registering HyperV Utility Driver\r\n[    1.677192] hv_vmbus: registering driver hv_util\r\n[    1.689267] hv_vmbus: registering driver hid_hyperv\r\n[    1.690353] scsi host2: storvsc_host_t\r\n[    1.693510] hv_vmbus: registering driver hv_netvsc\r\n[    1.694781] scsi 2:0:0:0: Direct-Access     Msft     Virtual Disk     1.0  PQ: 0 ANSI: 4\r\n[    1.700478] sd 2:0:0:0: Attached scsi generic sg1 type 0\r\n[    1.701785] sd 2:0:0:0: [sda] 61440000 512-byte logical blocks: (31.5 GB/29.3 GiB)\r\n[    1.702935] sd 2:0:0:0: [sda] 4096-byte physical blocks\r\n[    1.705852] sd 2:0:0:0: [sda] Write Protect is off\r\n[    1.707996] sd 2:0:0:0: [sda] Write cache: enabled, read cache: enabled, supports DPO and FUA\r\n[    1.710698]  sda: sda1\r\n[    1.715170] sd 2:0:0:0: [sda] Attached SCSI disk\r\n[    1.715964] hv_netvsc: hv_netvsc channel opened successfully\r\n[    1.862036] hv_netvsc vmbus_14: Send section size: 6144, Section count:2560\r\n[    1.864880] hv_netvsc vmbus_14: Device MAC 00:0d:3a:a2:c5:e4 link state up\r\n[    1.867203] input: Microsoft Vmbus HID-compliant Mouse as /devices/0006:045E:0621.0001/input/input4\r\n[    1.873043] hid 0006:045E:0621.0001: input: <UNKNOWN> HID v0.01 Mouse [Microsoft Vmbus HID-compliant Mouse] on \r\n[    1.894322] scsi host3: storvsc_host_t\r\n[    1.896748] scsi 3:0:1:0: Direct-Access     Msft     Virtual Disk     1.0  PQ: 0 ANSI: 4\r\n[    1.898661] sd 3:0:1:0: Attached scsi generic sg2 type 0\r\n[    1.899635] sd 3:0:1:0: [sdb] 14680064 512-byte logical blocks: (7.52 GB/7.00 GiB)\r\n[    1.900731] sd 3:0:1:0: [sdb] 4096-byte physical blocks\r\n[    1.902793] sd 3:0:1:0: [sdb] Write Protect is off\r\n[    1.904796] psmouse serio1: trackpoint: failed to get extended button data\r\n[    1.907423] sd 3:0:1:0: [sdb] Write cache: enabled, read cache: enabled, supports DPO and FUA\r\n[    1.911215] scsi host4: storvsc_host_t\r\n[    1.914705]  sdb: sdb1\r\n[    1.919602] sd 3:0:1:0: [sdb] Attached SCSI disk\r\n[    1.922715] scsi host5: storvsc_host_t\r\nBegin: Loading essential drivers ...
[    3.156444] md: linear personality registered for level -1\r\n[    3.161995] md: multipath personality registered for level -4\r\n[    3.167653] md: raid0 personality registered for level 0\r\n[    3.173544] md: raid1 personality registered for level 1\r\n[    3.248033] raid6: sse2x1   gen()  5537 MB/s\r\n[    3.316018] raid6: sse2x1   xor()  4396 MB/s\r\n[    3.384170] raid6: sse2x2   gen()  6819 MB/s\r\n[    3.452012] raid6: sse2x2   xor()  5168 MB/s\r\n[    3.520011] raid6: sse2x4   gen()  8157 MB/s\r\n[    3.588011] raid6: sse2x4   xor()  6050 MB/s\r\n[    3.589785] raid6: using algorithm sse2x4 gen() 8157 MB/s\r\n[    3.591629] raid6: .... xor() 6050 MB/s, rmw enabled\r\n[    3.593382] raid6: using ssse3x2 recovery algorithm\r\n[    3.598276] xor: automatically using best checksumming function:\r\n[    3.640007]    avx       : 14152.000 MB/sec\r\n[    3.643946] async_tx: api initialized (async)\r\n[    3.665953] md: raid6 personality registered for level 6\r\n[    3.668487] md: raid5 personality registered for level 5\r\n[    3.670096] md: raid4 personality registered for level 4\r\n[    3.678260] md: raid10 personality registered for level 10\r\ndone.\r\nBegin: Running /scripts/init-premount ... done.\r\nBegin: Mounting root file system ... Begin: Running /scripts/local-top ... done.\r\nBegin: Running /scripts/local-premount ...
[    3.747445] Btrfs loaded\r\nScanning for Btfs filesystems\r\n[    3.848194] blk_update_request: I/O error, dev fd0, sector 0\r\n[    3.850294] floppy: error -5 while reading block 0\r\ndone.\r\nWarning: fsck not present, so skipping root file system\r\n[    3.913640] EXT4-fs (sda1): mounted filesystem with ordered data mode. Opts: (null)\r\ndone.\r\nBegin: Running /scripts/local-bttom ... done.\r\nBegin: Running /scripts/init-botom ... Warning: overlayroot: debug is usted\r\ndone.\r\n[    4.319317] systemd[1]: systemd 229 running in system mode. (+PAM +AUDIT +SELINUX +IMA +APPARMOR +SMACK +SYSVINIT +UTMP +LIBCRYPTSETUP +GCRYPT +GNUTLS +ACL +XZ -LZ4 +SECCOMP +BLKID +ELFUTILS +KMOD -IDN)\r\n[    4.323369] systemd[1]: Detected virtualization microsoft.\r\n[    4.325245] systemd[1]: Detected architecture x86-64.\r\n\r\nWelcome to \u001b[1mUbuntu 16.04.1 LTS\u001b[0m!\r\n\r\n[    4.348444] systemd[1]: Set hostname to <ubuntu>.\r\n[    4.360305] systemd[1]: Initializing machine ID from random generator.\r\n[    4.362899] systemd[1]: Installed transient /etc/machine-id file.\r\n[    4.639985] systemd[1]: Listening on LVM2 metadata daemon socket.\r\n[\u001b[0;32m  OK  \u001b[0m] Listening on LVM2 metadata daemon socket.\r\n[    4.655481] systemd[1]: Listening on Journal Audit Socket.\r\n[\u001b[0;32m  OK  \u001b[0m] Listening on Journal Audit Socket.\r\n[    4.670843] systemd[1]: Listening on Device-mapper event daemon FIFOs.\r\n[\u001b[0;32m  OK  \u001b[0m] Listening on Device-mapper event daemon FIFOs.\r\n[    4.686382] systemd[1]: Set up automount Arbitrary Executable File Formats File System Automount Point.\r\n[\u001b[0;32m  OK  \u001b[0m] Set up automount Arbitrary Executab...ats File System Automount Point.\r\n[    4.702853] systemd[1]: Listening on Journal Socket (/dev/log).\r\n[\u001b[0;32m  OK  \u001b[0m] Listening on Jornal Socket (/dev/log).\r\n[    4.716407] systemd[1]: Listening on LVM2 poll daemon socket.\r\n[\u001b[0;32m  OK  \u001b[0m] Listening on LVM2 poll daemon socket.\r\n[    4.727723] systemd[1]: Listening on Syslog Socket.\r\n[\u001b[0;32m  OK  \u001b[0m] Listening on Syslog Socket.\r\n[    4.739312] systemd[1]: Created slice System Slice.\r\n[\u001b[0;32m  OK  \u001b[0m] Created slice System Slice.\r\n[    4.751097] systemd[1]: Created slice User and Session Slice.\r\n[\u001b[0;32m  OK  \u001b[0m] Created slice User and Session Slice.\r\n[    4.762323] systemd[1]: Reached target Slices.\r\n[\u001b[0;32m  OK  \u001b[0m] Reached target Slices.\r\n[    4.773142] systemd[1]: Listening on udev Kernel Socket.\r\n[\u001b[0;32m  OK  \u001b[0m] Listening on udev Kernel Socket.\r\n[    4.783931] systemd[1]: Reached target Swap.\r\n[\u001b[0;32m  OK  \u001b[0m] Reached target Swap.\r\n[    4.795574] systemd[1]: Created slice system-serial\\x2dgetty.slice.\r\n[\u001b[0;32m  OK  \u001b[0m] Created slice system-serial\\x2dgetty.slice.\r\n[    4.807330] systemd[1]: Reached target User and Group Name Lookups.\r\n[\u001b[0;32m  OK  \u001b[0m] Reached target User and Group Name Lookups.\r\n[    4.819003] systemd[1]: Listening on /dev/initctl Compatibility Named Pipe.\r\n[\u001b[0;32m  OK  \u001b[0m] Listening on /dev/initctl Compatibility Named Pipe.\r\n[    4.830493] systemd[1]: Started Forward Password Requests to Wall Directory Watch.\r\n[\u001b[0;32m  OK  \u001b[0m] Started Forward Password Requests to Wall Directory Watch.\r\n[    4.842591] systemd[1]: Listening on udev Control Socket.\r\n[\u001b[0;32m  OK  \u001b[0m] Listening on udev Control Socket.\r\n[    4.853821] systemd[1]: Listening on Journal Socket.\r\n[\u001b[0;32m  OK  \u001b[0m] Listening on Journal Socket.\r\n[    4.865628] systemd[1]: Mounting Huge Pages File System...\r\n         Mounting Huge Pages File System...\r\n[    4.876604] systemd[1]: Mounting POSIX Message Queue File System...\r\n[    4.878772] random: nonblocking pool is initialized\r\n         Mounting POSIX essage Queue Fie System...\r\n[    4.894259] systemd[1]: Starting Journal Service...\r\n         Starting Journa Service...\r\n[    4.904836] systemd[1]: Starting Uncomplicated firewall...\r\n         Starting Uncomplicated firewall...\r\n[    4.917458] systemd[1]: Starting Create list of required static device nodes for the current kernel...\r\n         Starting Create list of required st... nodes fo the current kenel...\r\n[    4.930108] systemd[1]: Mounting Debug File System...\r\n         Mounting Debug File System...\r\n[    4.947402] systemd[1]: Starting Load Kernel Modules...\r\n         Starting Load Krnel Modules...\r\n[    4.966776] systemd[1]: Starting Set console keymap...\r\n         Starting Set console keymap...[    4.985588] Loading iSCSI transport class v2.0-870.\r\n\r\n[    4.993026] systemd[1]: Starting Remount Root and Kernel File Systems...\r\n         Starting Remount Root and Kernel File Systems...\r\n[    5.015119] systemd[1]: Starting Monitoring of LVM2 mirrors, snapshots etc. using dmeventd or progress polling...\r\n[    5.019479] EXT4-fs (sda1): re-mounted. Opts: discard\r\n         Starting Monitoring of LVM2 mirrors... dmeventd or progress polling...[    5.035338] iscsi: registered transport (tcp)\r\n\r\n[    5.045148] systemd[1]: Starting Nameserver information manager...\r\n         Starting Nameserver information manager...\r\n[    5.068160] systemd[1]: Reached target Encrypted Volumes.\r\n[\u001b[0;32m  OK  \u001b[m] Reached target Encrypted Volumes.\r\n[    5.102255] systemd[1]: Mounted Huge Pages File System.\r\n[\u001b[0;32m  OK  \u001b[0m] Mounted Huge Pages File System.\r\n[    5.127640] systemd[1]: Mounted POSIX Message Queue File System.\r\n[\u001b[0;32m  OK  \u001b[0m] Mounted POSIX Message Queue File System.\r\n[    5.149717] systemd[1]: Mounted Debug File System.\r\n[\u001b[0;32m  OK  \u001b[0m]
[    5.162103] iscsi: registered transport (iser)\r\nMounted Debug File System.\r\n[    5.171655] systemd[1]: Started Journal Service.\r\n[\u001b[0;32m  OK  \u001b[0m] Started Journal Service.\r\n[\u001b[0;32m  OK  \u001b[0m] Started Uncomplicated firewall.\r\n[\u001b[0;32m  OK  \u001b[0m] Started Create list of required sta...ce nodes for the current kernel.\r\n[\u001b[0;32m  OK  \u001b[0m] Started Load Kernel Modules.\r\n[\u001b[0;32m  OK  \u001b[0m] Started Set console keymap.\r\n[\u001b[0;32m  OK  \u001b[0m] Started Remount Root and Kernel File Systems.\r\n[\u001b[0;32m  OK  \u001b[0m] Started Nameserver information manager.\r\n[\u001b[0;32m  OK  \u001b[m] Started LVM2 metadata daemon.\r\n         Starting Load/Save Random Seed...\r\n         Starting udev Coldplug all Devices...\r\n         Mounting FUSE Control File System...\r\n         Starting Apply Kernel Variables...\r\n         Starting Create Static Device Nodes in /dev...\r\n         Starting Flush Journal to Persistent Storage...\r\n[\u001b[0;32m  OK  \u001b[0m] Mounted FUSE Control File System.\r\n[\u001b[0;32m  OK  \u001b[0m] Started Load/Save Random Seed.\r\n[\u001b[0;32m  OK  \u001b[0m] Started Apply Kernel Variables.\r\n[\u001b[0;32m  OK  \u001b[0m] Started Create Static Device Nodes in /dev.\r\n[\u001b[0;32m  OK  \u001b[0m] Started udev Coldplug all Devices.\r\n         Starting udev Kernel Device Manager...\r\n[\u001b[0;32m  OK  \u001b[0m] Started Flush Journal to Persistent Storage.\r\n[\u001b[0;32m  OK  \u001b[0m] Started udev Kernel Device Manager.\r\n[\u001b[0;32m  OK  \u001b[0m] Started Dispatch Password Requests to Console Directory Watch.\r\n[\u001b[0;32m  OK  \u001b[0m] Started Monitoring of LVM2 mirrors,...ng dmeventd or progress polling.\r\n[[    5.890553] piix4_smbus 0000:00:07.3: SMBus base address uninitialized - upgrade BIOS or use force_addr=0xaddr\r\n\u001b[0;32m  OK  \u001b[0m] Reached target Local File Systems (Pre).\r\n         Mounting /etc/network/interfaces.dynamic.d...\r\n[\u001b[0;32m  OK  \u001b[0m] Mounted /etc/network/interfaces.dynamic.d.\r\n[\u001b[0;32m  OK  \u001b[0m] Reached target Local File Systems.\r\n         Starting Set console font and keymap...\r\n         Starting Commit a transient machine-id on disk...\r\n         Starting Initial cloud-init job (pre-networking)...\r\n         Starting Run snappy firstboot setup...\r\n         Starting Tell Plymouth To Write Out Runtime Data...\r\n         Starting Create Volatile Files and Directories...\r\n         Starting LSB: AppArmor initialization...\r\n[\u001b[0;32m  OK  \u001b[0m] Started Commit a transient machine-id on disk.\r\n[\u001b[0;32m  OK  \u001b[0m] Started Tell Plymouth To Write Out Runtime Data.\r\n[\u001b[0;32m  OK  \u001b[0m] Started Create Volatile Files and Directories.\r\n[\u001b[0;32m  OK  \u001b[0m] Found device /dev/ttyS0.\r\n[    6.355715] intel_rapl: no valid rapl domains found in package 0\r\n         Starting Network Time Synchronization...\r\n         Starting Update UTMP about System Boot/Shutdown...\r\n[\u001b[0;32m  OK  \u001b[0m] Started Network Time Synchronization.\r\n[\u001b[0;32m  OK  \u001b[0m] Reached target System Time Synchronized.\r\n[\u001b[0;32m  OK  \u001b[0m] Started Set console font and keymap.\r\n[\u001b[0;32m  OK  \u001b[0m] Created slice system-getty.slice.\r\n[\u001b[0;32m  OK  \u001b[0m] Started Update UTMP about System Boot/Shutdown.\r\n[\u001b[0;32m  OK  \u001b[0m] Listening on Load/Save RF Kill Switch Status /dev/rfkill Watch.\r\n[\u001b[0;32m  OK  \u001b[0m] Started Run snappy firstboot setup.\r\n[\u001b[0;32m  OK  \u001b[0m] Started LSB: AppArmor initialization.\r\n[\u001b[0;32m  OK  \u001b[0m] Reached target System Initialization.\r\n[\u001b[0;32m  OK  \u001b[0m] Listening on UUID daemon activation socket.\r\n[\u001b[0;32m  OK  \u001b[0m] Started ACPI Events Check.\r\n[\u001b[0;32m  OK  \u001b[0m] Listening on ACPID Listen Socket.\r\n[\u001b[0;32m  OK  \u001b[0m] Started Daily apt activities.\r\n[\u001b[0;32m  OK  \u001b[0m] Started Daily Ceanup of Temporry Directories.\r\n[\u001b[0;32m  OK  \u001b[0m] Started Triggerresolvconf update for networkd NS.\r\n[\u001b[0;32m  OK  \u001b[0m] Reached target Paths.\r\n         Starting Socket activation for nappy daemon.\r\n[\u001b[0;32m  OK  \u001b[0m] Started Timer to automatically efresh installe snaps.\r\n[\u001b[0;32m  OK  \u001b[0m] Reached target imers.\r\n         Starting LXD - nix socket.\r\n[\u001b[0;32m  OK  \u001b[0m] Listening on D-Bus System Messae Bus Socket.\r\n[\u001b[0;32m  OK  \u001b[m] Listening on Soket activation or snappy daemo.\r\n[\u001b[0;32m  OK  \u001b[0m] Listening on LXD - unix socket.[    8.582365] cloud-init[579]: Cloud-init v. 07.8 running 'init-local' at Fri, 02 Jun 2017 17:26:02 +0000. Up8.30 seconds.\r\n[\u001b[0;32m  OK  \u001b[0m] Reached target Sockets.\r\n\r\n[\u001b[0;32m  OK  \u001b[0m] Reached target Basic System.\r\n         Starting SystemLogging Service..\r\n         Starting Therma Daemon Service...\r\n         Starting LXD - ontainer startu/shutdown...\r\n[\u001b[0;32m  OK  \u001b[0m] Started ACPI evnt daemon.\r\n[\u001b[0;32m  OK  \u001b[0m] Started Deferred execution scheduler.\r\n         Starting LSB: MD monitoring daemon...\r\n[\u001b[0;32m  OK  \u001b[0m] Started D-Bus System Message Bus.\r\n[\u001b[0;32m  OK  \u001b[0m] Started FUSE fiesystem for LXC.\r\n         Starting LSB: Record successful boot for GRUB...\r\n[\u001b[0;32m  OK  \u001b[0m] Started Name Service Cache Daemon.\r\n[\u001b[0;32m  OK  \u001b[0m] Started Regular background program processing daemon.\r\n[\u001b[0;32m  OK  \u001b[0m] Started Hyper-V File Copy Protocol Daemon.\r\n         Starting Accounts Service...\r\n[\u001b[0;32m  OK  \u001b[0m] Started Hyper-VKVP Protocol Daemon.\r\n         Starting Login ervice...\r\n[\u001b[0;32m  OK  \u001b[0m] Started Hyper-VVSS Protocol Damon.\r\n[\u001b[0;32m  OK  \u001b[0m] Started Snappy daemon.\r\n[\u001b[0;32m  OK  \u001b[0m] Started System Logging Service.\r\n[\u001b[0;32m  OK  \u001b[0m] Started Initial cloud-init job (pre-networking).\r\n[\u001b[0;32m  OK  \u001b[0m] Started Thermal Daemon Service.\r\n[\u001b[0;32m  OK  \u001b[0m] Started Login Service.\r\n[\u001b[0;32m  OK  \u001b[0m] Started LSB: MD monitoring daemon.\r\n         Starting Authenticate and Authorize Users to Run Privileged Tasks...\r\n[\u001b[0;32m  OK  \u001b[0m] Reached target Network (Pre).\r\n         Starting Raise network interfaces...\r\n[\u001b[0;32m  OK  \u001b[0m] Started LSB: Record successful boot for GRUB.\r\n[\u001b[0;32m  OK  \u001b[0m] Started Authenticate and Authorize Users to Run Privileged Tasks.\r\n[\u001b[0;32m  OK  \u001b[0m] Started Accounts Service.\r\n[\u001b[0;32m  OK  \u001b[m] Started LXD - container startup/shutdown.\r\n[\u001b[0m\u001b[0;31m*     \u001b[0m] A start job is unning for Rais network interfces (10s / 5min 4s)\r\u001b[K[\u001b[0;1;31m*\u001b[0m\u001b[0;31m*    \u001b[0m] A start job is running for Raise network interfaces (11s / 5min 4s)\r\u001b[K[\u001b[0;31m*\u001b[0;1;3m*\u001b[0m\u001b[0;31m*  \u001b[0m] A start job is running for Raise network interfaces (11s / 5min4s)\r\u001b[K[ \u001b[0;31m*\u001b[0;1;31m*\u001b[0m\u001b[0;31m*  \u001b[0m] A start job is running for Raise network interfces (12s / 5min 4s)\r\u001b[K[  \u001b[0;31m*\u001b[0;1;31m*\u001b[0m\u001b[0;31m* \u001b[0m] A start job is running for Raise network interfaces (12s / 5min 4s)\r\u001b[K[   \u001b[0;31m*\u001b[0;1;31m*\u001b[0m\u001b[0;31m*\u001b[0m] A start job is running for Raise network interfaces (12s / 5min 4s)\r\u001b[K[    \u001b[0;31m*\u001b[01;31m*\u001b[0m] A start job is unning for Rais network interfaces (13s / 5min 4s)\r\u001b[K[     \u001b[0;31m*\u001b[0m] A start job is running for Raise network interfaces (13s / 5min 4s)\r\u001b[K[    \u001b[0;31m*\u001b[0;1;31m*\u001b[0m] A start job is running for Raise network interfaces (14s / 5min 4s)\r\u001b[K[   \u001b[0;31m*\u001b[0;1;31m*\u001b[0m\u001b[0;31m*\u001b[0m] A start job is running for Raise network interfaces (14s / 5min 4s)\r\u001b[K[  \u001b[0;31m*\u001b[0;1;31m*\u001b[0m\u001b[0;31m* \u001b[0m] A start job is running for Rais network interfaces (15s / 5min4s)\r\u001b[K[ \u001b[0;31m*\u001b[0;1;31m*\u001b[0m\u001b[0;31m*  \u001b[0m] A start job is running for Raise network interfaces (15s / 5min 4s)\r\u001b[K[\u001b[0;31m*\u001b[0;1;31m*\u001b[0m\u001b[0;31m*  \u001b[0m] A start job is unning for Rais network interfces (16s / 5min4s)\r\u001b[K[\u001b[0;1;31m*\u001b[0m\u001b[0;31m*    \u001b[0m] A start job is running for Raise network interfaces (16s / 5min 4s)\r\u001b[K[\u001b[0m\u001b[0;31m*     \u001b[0m] A start job is running for Raise network interfaces (17s / 5min 4s)\r\u001b[K[\u001b[0;1;31m*\u001b[0m\u001b[0;31m*    \u001b[0m] A start job is running for Raise network interfaces (17s / 5min 4s)\r\u001b[K[\u001b[0;31m*\u001b[0;1;31m*\u001b[0m\u001b[0;31m*   \u001b[0m] A start job is running for Raise network interfaces (18s / 5min 4s)\r\u001b[K[ \u001b[0;31m*\u001b[0;1;31m*\u001b[0m\u001b[0;31m*  \u001b[0m] A start job is running for Raise network interfces (18s / 5min 4s)\r\u001b[K[  \u001b[0;31m*\u001b[0;1;31m*\u001b[0m\u001b[0;31m \u001b[0m] A start job is running for Raise network interfaces (19s / 5min 4s)\r\u001b[K[   \u001b[0;31m*\u001b[0;1;31m*\u001b[0m\u001b[0;31m*\u001b[0m] A start job is running for Raise network interfaces (19s / 5min 4s)\r\u001b[K[    \u001b[0;31m*\u001b[01;31m*\u001b[0m] A start job is unning for Raise network interfaces (20s / 5min 4s)\r\u001b[K[     \u001b[0;31m*\u001b[m] A start job is unning for Rais network interfces (20s / 5min4s)\r\u001b[K[    \u001b[0;31m*\u001b[0;1;31m*\u001b[0m] A start job is running for Raise network interfaces (21s / 5min 4s)\r\u001b[K[   \u001b[0;31m*\u001b[0;1;31m*\u001b[0m\u001b[0;31m*\u001b[0m] A start job is running for Raise network interfaces (21s / 5min 4s)\r\u001b[K[  \u001b[0;31m*\u001b[0;1;31m*\u001b[0m\u001b[0;31m* \u001b[0m] A start job is running for Raise network interfaces (22s / 5min 4s)\r\u001b[K[\u001b[0;32m  OK  \u001b[0m] Started Raise network interfaces.\r\n         Starting Initial cloud-init job (metadata service crawler)...\r\n[\u001b[0;32m  OK  \u001b[m] Reached target Network.\r\n[   27.868137] blk_update_request: I/O error, dev fd0, sector 0\r\n[   27.916506] blk_update_request: I/O error, dev fd0, sector 0\r\n[   28.029849] cloud-init[1104]: + i=eth0\r\n[   28.049219] cloud-init[1104]: + x=0\r\n[   28.064300] cloud-init[1104]: + ifdown eth0\r\n[   28.076125] cloud-init[1104]: Killed old cliet process\r\n[   29.065028] cloud-init[1104]: Internet System Consortium DHCP Client 4.3.3\r\n[   29.076361] cloud-init[1104]: Copyright 2004-2015 Internet Sytems Consortium.\r\n[   29.096272] cloud-init[1104]: All rights reserved.\r\n[   29.117642] cloud-init[1104]: For info, please visit https://www.isc.org/software/dhcp/\r\n[   29.144832] cloud-init[1104]: Listening on LPF/eth0/00:0d:3a:a2:c5:e4\r\n[   29.172321] cloud-init[1104]: Sending on   LPF/eth0/00:0d:3a:a2:c5:e4\r\n[   29.196510] cloud-init[1104]: Sending on   Socket/fallback\r\n[   29.224486] cloud-init[1104]: DHCPRELEASE on eth0 to 168.63.129.16 port 67 (xid=0x7d73f22a)\r\n[   29.671214] cloud-init[1104]: + ifup eth0\r\n[   29.694009] cloud-init[1104]: Internet Systems Consortium DHCP Client 4.3.3\r\n[   29.708586] cloud-init[1104]: Copyright 2004-2015 Internet Systems Consortium.\r\n[   29.718441] cloud-init[1104]: All rights reserved.\r\n[   29.727998] cloud-init[1104]: For info, pleas visit https://www.isc.org/software/dhcp/\r\n[   29.737141] cloud-init[1104]: Listening on LPF/eth0/00:0d:3a:a2:c5:e4\r\n[   29.768349] cloud-init[1104]: Sending on   LPF/eth0/00:0d:3a:a2:c5:e4\r\n[   29.805052] cloud-init[1104]: Sending on   Socket/fallback\r\n[   29.824249] cloud-init[1104]: DHCPDISCOVER on eth0 to 255.255.255.255 port 67 interval 3 (xid=0xa6ef487c)\r\n[   29.847328] cloud-init[1104]: DHCPREQUEST of 10.0.0.4 on eth0 to 255.255.255.255 port 67 (xid=0x7c48efa6)\r\n[   29.900817] cloud-init[1104]: DHCPOFFER of 10.0.0.4 from 168.63.129.16\r\n[   29.936527] cloud-init[1104]: DHCPACK of 10.0.0.4 from 168.63.129.16\r\n[   30.359186] cloud-init[1104]: bound to 10.0.0.4 -- renewal in 4294967294 seconds.\r\n[   30.393737] cloud-init[1104]: + exit 0\r\n[\u001b[0;32m  OK  \u001b[0m] Started Azure Linux Agent.\r\n2017/06/02 17:26:24.556863 INFO Azure Linux Agent Version:2.1.3\r\n2017/06/02 17:26:24.567665 INFO OS: ubuntu 16.0\r\n2017/06/02 17:26:24.576925 INFO Python: 3.5.2\r\n2017/06/02 17:26:24.585818 INFORun daemon\r\n2017/06/02 17:26:24.595247 INFOrun Ubuntu provision handler\r\n2017/06/02 17:26:24.604864 INFO Waiting cloud-iit to copy ovf-env.xml.\r\n2017/06/02 17:26:24.616885 INFO Detect protocol endpoints\r\n2017/06/02 17:26:24.627635 INFO WireServer endpint is not found. Rerun dhcp hadler\r\n2017/06/02 17:26:24.637848 INFOSend dhcp request\r\n2017/06/02 17:26:24.740300 INFOConfigure route\r\n2017/06/02 17:2:24.746857 INFO Gateway:10.0.0.\r\n2017/06/02 17:26:24.752473 INFORoutes:None\r\n2017/06/02 17:26:24.759634 INFO Wire server endpoint:168.63.129.16\r\n2017/06/02 17:26:24.779371 INFO Fabric preferred wire protocol version:2015-04-05\r\n2017/06/02 17:26:24.787505 INFO Wire protocol version:2012-11-30\r\n2017/06/02 17:26:24.793178 WARNING Server prefered version:2015-04-05\r\n[   34.724656] blk_update_request: I/O error, dev fd0, sector 0\r\n[   34.772261] blk_update_request: I/O error, dev fd0, sector 0\r\n2017/06/02 17:26:29.072044 INFO Sleep 15 seconds to prevent throttling\r\n[   36.246784] cloud-init[1104]: Cloud-init v. 0.7.8 running 'init' at Fri, 02 Jun 2017 17:26:21 +0000. Up 27.67 seconds.\r\n[   36.276409] cloud-init[1104]: ci-info: ++++++++++++++++++++++++++++++++++++++Net device info++++++++++++++++++++++++++++++++++++++\r\n[   36.305963] cloud-init[1104]: ci-info: +--------+------+-----------------------------+---------------+-------+-------------------+\r\n[   36.332342] cloud-init[1104]: ci-info: | Device |  Up  |           Address           |      Mask     | Scope |     Hw-Address    |[\u001b[0;32m  OK  \u001b[0m] \r\n[   36.355640] Started Initial cloud-init job (metadata service crawler).cloud-init[1104]: ci-info: +--------+------+-----------------------------+---------------+-------+-------------------+\r\n[\u001b[0;32m  OK  \u001b[0m] \r\n[   36.379248] Reached target Cloud-config availability.\r\ncloud-init[1104]: ci-info: |   lo   | True |          127.0.0.1          |   255.0.0.0   |   .   |         .         |[\u001b[0;32m  OK  \u001b[0m] Reached target Network is Online.\r\n\r\n        
[   36.408706] cloud-initStarting /etc/rc.local Compatibility...\r\n[1104]: ci-info: |   lo   | True |           ::1/128           |       .       |  host |         .         |         Starting Pollinate to seed the pseudo random number generator...\r\n\r\n[   36.434824]          Starting Apply the settings specified in cloud-config...cloud-init[1104]: ci-info: |  eth0  | True |           10.0.0.4          | 255.255.255.0 |   .   | 00:0d:3a:a2:c5:e4 |\r\n         Starting iSCSI initiator daemon (iscsid)...\r\n\r\n[\u001b[0;32m  OK  \u001b[0m] Started /etc/rclocal Compatibiity.\r\n[   36.508674] cloud-init[1104]: ci-info: |  eth  | True | fe80:20d:3aff:fea2:c5e4/64 |       .       |  link | 00:0d:3a:a2:c5:e4 |\r\n[\u001b[0;32m  OK  \u001b[0m] Started iSCSI initiator daemon (iscsid).\r\n         Starting Login to default iSCSI targets...\r\n[   36.575144] cloud-init[1104]: ci-info: +--------+------+-----------------------------+---------------+-------+-------------------+\r\n[   36.649324] [\u001b[0;32m  OK  \u001b[0m] cloud-init[1104]: Started Login to default iSCSI targets.\r\n[\u001b[0;32m  OK  \u001b[0mci-info: ++++++++++++++++++++++++++++++Route IPv4 info+++++++++++++++++++++++++++++++] Reached target Remote File Systems (Pre).\r\n[\u001b[0;32m  OK  \u001b[0m\r\n] Reached target Remote File Systems.\r\n[   36.732284] cloud-init         Starting LSB: automatic crash report generation...\r\n         Starting LSB: Set the CPU Frequency Scaling govrnor to \"ondemand\"...\r\n         [1104]: ci-info: +-------+-----------------+----------+-----------------+-----------+-------+Starting Permit User Sessions...\r\n         Starting LSB: daemon to balance interrupts for SMP systems...\r\n[\u001b[0;32m  OK  \u001b[0m\r\n] Started Permit User Sessions.\r\n[   36.833955] cloud-init[\u001b[0;32m  OK  \u001b[0m] Started LSB: Set the CPU Frequency Scaling govenor to \"ondeman\".[1104]: \r\n         Starting Terminte Plymouth Boo Screen...\r\nci-info: | Route |   Destination   | Gateway  |     Genmask    | Interface | Flags |         Starting Hold until boot proces finishes up...\r\n[\u001b[0;32m  OK  \u001b[m] Started Hold unil boot processfinishes up.\r\n\r\n[\u001b[0;32m  OK  \u001b[0m] Started LSB: auomatic crash report generation.\r\n[   36.957173] [\u001b[0;32m  OK  \u001b[0m] Started LSB: damon to balance nterrupts for SMP systems.\r\n[\u001b[0;32m  OK  \u001b[m] cloud-init[1104]: ci-info: +------+----------------+----------+----------------+-----------+------+Started Terminate Plymouth Boot Screen.\r\n\r\n[\u001b[0;32m  OK  \u001b[0m[   37.028875] cloud-init] Started Serial Getty on ttyS0.\r\n[1104]: [\u001b[0;32m  OK  \u001b[0mci-info: |   0   |     0.0.0.0     | 10.0.0.1 |     0.0.0.0     |    eth0   |   UG  |] Started Getty on tty1.\r\n[\u001b[0;32m  OK  \u001b[0m\r\n[   37.071297] ] Reached target Login Prompts.\r\n         cloud-init[1104]: Starting Set console scheme...\r\nci-info: |   1   |     10.0.0.0    | 0.0.0.0  |  255.255.255.0  |    eth0   |   U   |[\u001b[0;32m  OK  \u001b[0m] Started Set console scheme.\r\n[   37.123784] \r\ncloud-init[1104]: ci-info: |   2   |  168.63.129.16  | 10.0.0.1 | 255.255.255.255 |    eth0   |  UGH  |\r\n[   37.153147] cloud-init[1104]: ci-info: |   3   | 169.254.169.254 | 10.0.0.1 | 255.255.255.255 |    eth0   |  UGH  |\r\n[   37.180169] cloud-init[1104]: ci-info: +-------+-----------------+----------+-----------------+-----------+-------+\r\n[   37.212047] cloud-init[1104]: Generating public/private rsa ky pair.\r\n[   37.235395] cloud-init[1104]: Your identification has been saved in /etc/ssh/ssh_host_rsa_key.\r\n[   37.264034] cloud-init[1104]: Your public key has been saved in /etc/ssh/ssh_host_rsa_key.pub.\r\n[   37.296747] cloud-init[1104]: The key fingerprint is:\r\n[   37.320466] cloud-init[1104]: SHA256:N3jfJ9IYnKUC1Dg9zHF9+jZo5dK7cDMz0Hyfz/c4RS0 root@xplatvm\r\n[   37.340979] cloud-init[1104]: The key's randoart image is:\r\n[   37.362184] cloud-init[1104]: +---[RSA 2048]----+\r\n[   37.380307] cloud-init[1104]: |        .*....  |\r\n[   37.398711] cloud-init[1104]: |       .o *.  . .|\r\n[   37.420197] cloud-init[1104]: |        .. .  .o.|\r\n[   37.437177] cloud-init[1104]: |         o . +E.o|\r\n[   37.460182] cloud-init[1104]: |        S = =.=*.|\r\n[   37.476003] cloud-init[1104]: |         o + O.+B|\r\n[   37.500199] cloud-init[1104]: |            =.=X=|\r\n[   37.536694] cloud-init[1104]: |             .+*B|\r\n[   37.560209] cloud-init[1104]: |              .oB|\r\n[   37.580198] cloud-init[1104]: +----[SHA256]-----+\r\n[   37.596179] cloud-init[1104]: Generating public/private dsa key pair.\r\n[   37.620184] cloud-init[1104]: Your identification has been saved in /etc/ssh/ssh_host_dsa_key.\r\n[   37.640182] cloud-init[1104]: Your public key has been saved in /etc/ssh/ssh_host_dsa_key.pub.\r\n[   37.660182] cloud-init[1104]: The key fingerprint is:\r\n[   37.680187] cloud-init[1104]: SHA256:2GuY+4YhRt9E3ZPhHEipfKf6nElYScPTdo7PeejEPdY root@xplatvm\r\n[   37.700203] cloud-init[1104]: The key's randomart image is:\r\n[   37.717232] cloud-init[1104]: +---[DSA 1024]----+\r\n[   37.744207] cloud-init[1104]: |         o.+oo   |\r\n[   37.768563] cloud-init[1104]: |        ..+++.   |\r\n[   37.796183] cloud-init[1104]: |       o .= =..  |\r\n[   37.825104] cloud-init[1104]: |    .  o+..=.+   |\r\n[   37.852186] cloud-init[1104]: |   . ..oS.oo. .  |\r\n[   37.876184] cloud-init[1104]: |    o oo.+.  + +.|\r\n[   37.904182] cloud-init[1104]: |   . .oo+..   BoE|\r\n[   37.928180] cloud-init[1104]: |      .ooo o o...|\r\n[   37.955824] cloud-init[1104]: |      .o..=   .  |\r\n[   37.996056] cloud-init[1104]: +----[SHA256]-----+\r\n[   38.019710] cloud-init[1104]: Generating public/private ecdsa key pair.\r\n[   38.038422] cloud-init[1104]: Your identification has been saved in /etc/ssh/ssh_host_ecdsa_key.\r\n[   38.063173] cloud-init[1104]: Your public key has been saved in /etc/ssh/ssh_host_ecdsa_key.pub.\r\n[   38.078508] cloud-init[1104]: The key fingerprint is:\r\n[   38.090354] cloud-init[1104]: SHA256:+kAU6bveaATxVPEmCPV760t/8cu9gnjSF8wevnMtHhw root@xplatvm\r\n[   38.111628] cloud-init[1104]: The key's randomart image is:\r\n[   38.127339] cloud-init[1104]: +---[ECDSA 256]---+\r\n[   38.144796] cloud-init[1104]: |    ..ooo.       |\r\n[   38.155602] cloud-init[1104]: |    ..o+ .       |\r\n[   38.184056] cloud-init[1104]: |     =o o o      |\r\n[   38.220317] cloud-init[1104]: |    ..o  +       |\r\n[   38.257846] cloud-init[1104]: |     ...S . o E  |\r\n[   38.279601] cloud-init[1104]: |     .o. . . *.. |\r\n[   38.308745] cloud-init[1104]: |     .o.  = + =o.|\r\n[   38.345874] cloud-init[1104]: |      o= = = *+o+|\r\n[   38.363470] cloud-init[1104]: |     oo o =.o+*=+|\r\n[   38.392255] cloud-init[1104]: +----[SHA256]-----+\r\n[   38.410916] cloud-init[1104]: Generating public/private ed2559 key pair.\r\n[   38.420434] cloud-init[1104]: Your identification has been saed in /etc/ssh/ssh_host_ed25519_key.\r\n[   38.431847] cloud-init[1104]: Your public key has been saved in /etc/ssh/ssh_host_ed25519_key.pub.\r\n[   38.442951] cloud-init[1104]: The key fingerprint is:\r\n[   38.452539] cloud-init[1104]: SHA256:+S2L8Qd6b6VCIVJKfmycF5AoWKb0OY5IKkOsMDwEpN4 root@xplatvm\r\n[   38.462663] cloud-init[1104]: The key's randomart image is:\r\n[   38.472179] cloud-init[1104]: +--[ED25519 256]--+\r\n[   38.481828] cloud-init[1104]: |+o.oo  ..o       |\r\n[   38.491750] cloud-init[1104]: |=..+..o o .      |\r\n[   38.501746] cloud-init[1104]: |+*. ++ = . .     |\r\n[   38.511516] cloud-init[1104]: |Booo .+ B.o      |\r\n[   38.521212] cloud-init[1104]: |*..E.  +So .     |\r\n[   38.530971] cloud-init[1104]: |..       .o.  .  |\r\n[   38.540943] cloud-init[1104]: |        .oo..o   |\r\n[   38.558245] cloud-init[1104]: |        .+oo+    |\r\n[   38.568098] cloud-init[1104]: |        ..o=.    |\r\n[   38.578521] cloud-init[1104]: +----[SHA256]-----+\r\n[\u001b[0;32m  OK  \u001b[0m] Started Pollinate to seed the pseudo random number generator.\r\n         Starting OpenBSD Secure Shell server...\r\n[\u001b[0;32m  OK  \u001b[0m] Started OpenBSD Secure Shell server.\r\n[   42.349995] cloud-init[1418]: Generating locales (this might take a while)...\r\n\r\r\nUbuntu 16.04.1 LTS xplatvm ttyS0\r\n\r\nxplatvm login:
[   43.520622] cloud-init[1418]:   en_US.UTF-8... done\r\n[   43.532643] cloud-init[1418]: Generation complete.\r\n[   44.725550] cloud-init[1418]: Cloud-init v. 0.7.8 running 'modules:config' at Fri, 02 Jun 2017 17:26:31 +0000. Up 37.77 seconds.\r\nci-info: ++Authorized keys from /home/azureuser/.ssh/authorized_keys for user azureuser+++\r\nci-info: +---------+-------------------------------------------------+---------+---------+\r\nci-info: | Keytype |                Fingerprint (md5)                | Options | Comment |\r\nci-info: +---------+-------------------------------------------------+---------+---------+\r\nci-info: | ssh-rsa | 8f:df:8f:18:ba:cd:cc:63:7c:1f:ea:ae:ba:09:40:65 |    -    |    -    |\r\nci-info: +---------+-------------------------------------------------+---------+---------+\r\n<14>Jun  2 17:26:39 ec2: \r\n<14>Jun  2 17:26:39 ec2: #############################################################\r\n<14>Jun  2 17:26:39 ec2: -----BEGIN SSH HOST KEY FINGERPRINTS-----\r\n<14>Jun  2 17:26:39 ec2: 1024 SHA256:2GuY+4YhRt9E3ZPhHEipfKf6nElYScPTdo7PeejEPdY root@xplatvm (DSA)\r\n<14>Jun  2 17:26:39 ec2: 256 SHA256:+kAU6bveaATxVPEmCPV760t/8cu9gnjSF8wevnMtHhw root@xplatvm (ECDSA)\r\n<14>Jun  2 17:26:39 ec2: 256 SHA256:+S2L8Qd6b6VCIVJKfmycF5AoWKb0OY5IKkOsMDwEpN4 root@xplatvm (ED25519)\r\n<14>Jun  2 17:26:39 ec2: 2048 SHA256:N3jfJ9IYnKUC1Dg9zHF9+jZo5dK7cDMz0Hyfz/c4RS0 root@xplatvm (RSA)\r\n<14>Jun  2 17:26:39 ec2: -----END SSH HOST KEY FINGERPRINTS-----\r\n<14>Jun  2 17:26:39 ec2: #############################################################\r\n-----BEGIN SSH HOST KEY KEYS-----\r\necdsa-sha2-nistp256 AAAAE2VjZHNhLXNoYTItbmlzdHAyNTYAAAAIbmlzdHAyNTYAAABBBC0KQsOEussoi4pzPyttdAi1yw9lVJf5chwVrXBSs9FIaPZwMjKJCEBECZGVybZ+OvhBeMtORHQ6ZlCUZdfsr7g= root@xplatvm\r\nssh-ed25519 AAAAC3NzaC1lZDI1NTE5AAAAIDSpRzJfqdFB0iCXSCjOKc/li9OBDO1YeiCCsjP9w5++ root@xplatvm\r\nssh-rsa AAAAB3NzaC1yc2EAAAADAQABAAABAQD4kmEf17Gkv+QPkpNUM52uzb8CENpQ4Eidiw0EHPjOZOlYI7MYkB687pWRBNXkOAhRxaFBJ3UzyAQuFtcXKB+3CVErAOuG1JNT4OnUK2eKi2ir5eFPU6si4Mk1ca2UZZpzFnq4NhmTUqGXUlCUcYy7C+bGR0t0y71ojTnsEHodLy1GPPfyyBR0iYawTaw9td5vDv9kFgaN1rYmGEiVxYurTmITut2+sczZeY+JdcI2Q3TF1dFLTMT00J0E8ruBD59W+0fUcDPuPQh++/e00fGPBQWabwgJYut/WcWTIUurjOGFCDK2ZwAdv0s1JeEoatFWAcrQdFPp1ZA0QFFnZZLB root@xplatvm\r\n-----END SSH HOST KEY KEYS-----\r\n[   45.570144] cloud-init[1641]: Cloud-init v. 0.7.8 running 'modules:final' at Fri, 02 Jun 2017 17:26:38 +0000. Up 45.23 seconds.\r\n[   45.600024] cloud-init[1641]: Cloud-init v. 0.7.8 finished at Fri, 02 Jun 2017 17:26:39 +0000. Datasource DataSourceAzureNet [seed=/dev/sr0].  Up 45.55 seconds\r\n2017/06/02 17:26:44.037350 INFO Wait for ssh host key to be genrated.\r\n2017/06/02 17:26:44.045795 INFO Finished provisioning\r\n2017/06/02 17:26:49.193400 INFO Event: name=WALA, op=Provision, message=Provision succeed\r\n2017/06/02 17:26:49.199954 INFO Detect protocol endpoints\r\n2017/06/02 17:26:49.203708 INFO Start env monitor service.\r\n2017/06/02 17:26:49.206933 INFO Configure routes\r\n2017/06/02 17:26:49.209721 INFO Gateway:10.0.0.1\r\n2017/06/02 17:26:49.214138 INFO Routes:None\r\n2017/06/02 17:26:49.225209 INFO Event: name=WALA, op=HeartBeat,message=\r\n2017/06/02 17:26:49.238414 INFO Set block dev timeout: sda with timeout: 300\r\n2017/06/02 17:26:49.244188 INFO Set block dev timeout: sdb with timeout: 300\r\n2017/06/02 17:26:50.246395 INFO Handle new ext handler config\r\n2017/06/02 17:26:50.250734 INFO No ext handler config found\r\n2017/06/02 17:26:50.319256 INFO Successfully reported vm agent status\r\n\u0000\u0000\u0000\u0000\u0000\u0000\u0000\u0000\u0000\u0000\u0000\u0000\u0000\u0000\u0000\u0000\u0000\u0000\u0000\u0000\u0000\u0000\u0000\u0000\u0000\u0000\u0000\u0000\u0000\u0000\u0000\u0000\u0000\u0000\u0000\u0000\u0000\u0000\u0000\u0000\u0000\u0000\u0000\u0000\u0000\u0000\u0000\u0000\u0000\u0000\u0000\u0000\u0000\u0000\u0000\u0000\u0000\u0000\u0000\u0000\u0000\u0000\u0000\u0000\u0000\u0000\u0000\u0000\u0000\u0000\u0000\u0000\u0000\u0000\u0000\u0000\u0000\u0000\u0000\u0000\u0000\u0000\u0000\u0000\u0000\u0000\u0000\u0000\u0000\u0000\u0000\u0000\u0000\u0000\u0000\u0000\u0000\u0000\u0000\u0000\u0000\u0000\u0000\u0000\u0000\u0000\u0000\u0000\u0000\u0000\u0000\u0000\u0000\u0000\u0000\u0000\u0000\u0000\u0000\u0000\u0000\u0000\u0000\u0000\u0000\u0000\u0000\u0000\u0000\u0000\u0000\u0000\u0000\u0000\u0000\u0000\u0000\u0000\u0000\u0000\u0000\u0000\u0000\u0000\u0000\u0000\u0000\u0000\u0000\u0000\u0000\u0000\u0000\u0000\u0000\u0000\u0000\u0000\u0000\u0000\u0000\u0000\u0000\u0000\u0000\u0000\u0000\u0000\u0000\u0000\u0000\u0000\u0000\u0000\u0000\u0000\u0000\u0000\u0000\u0000", { 'content-length': '57856',
  'content-type': 'text/plain',
  'last-modified': 'Fri, 02 Jun 2017 17:27:26 GMT',
  'accept-ranges': 'bytes',
  etag: '"0x8D4A9DCA37C4DAB"',
  server: 'Windows-Azure-Blob/1.0 Microsoft-HTTPAPI/2.0',
  'x-ms-request-id': 'dcf2f96d-0001-0011-22c5-db098d000000',
  'x-ms-version': '2016-05-31',
  'x-ms-lease-status': 'unlocked',
  'x-ms-lease-state': 'available',
  'x-ms-blob-type': 'PageBlob',
  'x-ms-blob-sequence-number': '0',
  'x-ms-server-encrypted': 'false',
  date: 'Fri, 02 Jun 2017 17:27:35 GMT',
  connection: 'close' });
 return result; },
function (nock) { 
var result = 
nock('https://clisto484735394xplatvm.blob.core.windows.net:443')
  .get('/bootdiagnostics-xplatvm-c2bb3c2e-54c0-4115-bcb8-db37087102ec/xplatvm.c2bb3c2e-54c0-4115-bcb8-db37087102ec.serialconsole.log')
