// This file has been autogenerated.

var profile = require('../../../lib/util/profile');

exports.getMockedProfile = function () {
  var newProfile = new profile.Profile();

  newProfile.addSubscription(new profile.Subscription({
    id: 'ce4a7590-4722-4bcf-a2c6-e473e9f11778',
    name: 'Azure Storage DM Test',
    user: {
      name: 'user@domain.example',
      type: 'user'
    },
    tenantId: '72f988bf-86f1-41af-91ab-2d7cd011db47',
    state: 'Enabled',
    registeredProviders: [],
    _eventsCount: '1',
    isDefault: true
  }, newProfile.environments['AzureCloud']));

  return newProfile;
};

exports.setEnvironment = function() {
  process.env['AZURE_VM_TEST_LOCATION'] = 'southeastasia';
  process.env['SSHCERT'] = 'test/myCert.pem';
};

exports.scopes = [[function (nock) { 
var result = 
nock('http://management.azure.com:443')
  .get('/subscriptions/ce4a7590-4722-4bcf-a2c6-e473e9f11778/resourceGroups/xplatTestGVMCreate5135/providers/Microsoft.Compute/virtualMachines/xplatvm?$expand=instanceView&api-version=2016-04-30-preview')
  .reply(200, "{\r\n  \"properties\": {\r\n    \"vmId\": \"22014276-432f-410b-ae81-75e8a0a93206\",\r\n    \"availabilitySet\": {\r\n      \"id\": \"/subscriptions/ce4a7590-4722-4bcf-a2c6-e473e9f11778/resourceGroups/xplatTestGVMCreate5135/providers/Microsoft.Compute/availabilitySets/XPLATTESTAAVAIL6977\"\r\n    },\r\n    \"hardwareProfile\": {\r\n      \"vmSize\": \"Standard_D1\"\r\n    },\r\n    \"storageProfile\": {\r\n      \"imageReference\": {\r\n        \"publisher\": \"canonical\",\r\n        \"offer\": \"UbuntuServer\",\r\n        \"sku\": \"16.04.0-LTS\",\r\n        \"version\": \"latest\"\r\n      },\r\n      \"osDisk\": {\r\n        \"osType\": \"Linux\",\r\n        \"name\": \"cli7f52004a13c86086-os-1487227101905\",\r\n        \"createOption\": \"FromImage\",\r\n        \"vhd\": {\r\n          \"uri\": \"https://xplatteststorage19193.blob.core.windows.net/xplatteststoragecnt16538/cli7f52004a13c86086-os-1487227101905.vhd\"\r\n        },\r\n        \"caching\": \"ReadWrite\"\r\n      },\r\n      \"dataDisks\": []\r\n    },\r\n    \"osProfile\": {\r\n      \"computerName\": \"xplatvm\",\r\n      \"adminUsername\": \"azureuser\",\r\n      \"linuxConfiguration\": {\r\n        \"disablePasswordAuthentication\": false,\r\n        \"ssh\": {\r\n          \"publicKeys\": [\r\n            {\r\n              \"path\": \"/home/azureuser/.ssh/authorized_keys\",\r\n              \"keyData\": \"MIID/zCCAuegAwIBAgIJAMUAa+XVLvAeMA0GCSqGSIb3DQEBBQUAMIGVMQswCQYD\\nVQQGEwJJbjESMBAGA1UECAwJS2FybmF0YWthMRIwEAYDVQQHDAlCYW5nYWxvcmUx\\nEDAOBgNVBAoMB2JyaWxsaW8xEjAQBgNVBAsMCW1pY3Jvc29mdDEQMA4GA1UEAwwH\\nYnJpbGxpbzEmMCQGCSqGSIb3DQEJARYXc3JlZWthbnRoYnNAeWFob28uY28uaW4w\\nHhcNMTUwMzA1MTE1MzEyWhcNMTYwMzA0MTE1MzEyWjCBlTELMAkGA1UEBhMCSW4x\\nEjAQBgNVBAgMCUthcm5hdGFrYTESMBAGA1UEBwwJQmFuZ2Fsb3JlMRAwDgYDVQQK\\nDAdicmlsbGlvMRIwEAYDVQQLDAltaWNyb3NvZnQxEDAOBgNVBAMMB2JyaWxsaW8x\\nJjAkBgkqhkiG9w0BCQEWF3NyZWVrYW50aGJzQHlhaG9vLmNvLmluMIIBIjANBgkq\\nhkiG9w0BAQEFAAOCAQ8AMIIBCgKCAQEAyUNKaOuT0NK+S8Ck81zy9xJ6hXfZvAC6\\nlhbmf/6s/WVimJ/TX5NMhQJwC9k6ZIF92KfYrojHNvHDufSZ3EtKUVwRFCDjmgMT\\nDL09WkGaZt7gROYFK0iZ4KrYGovUwlwum9fHB24OJiOV4bi0ek62/rHx9fjYZpvp\\naIH2PV/hN8SCZ0x7HJMberD4gVoU/Kv42nNvwjLUW6IZfVx/Gv5OeFDtWHfSvUEF\\ndadHKTPn3Ab20Iu6gZIbLO9Vuf38/IpaYGfnFCouHdzmiTiLieYNe3CUPcOJNSv7\\n1G8KYpx3uNJRkJPab5OsRyJw75Gvzkr9OgaPss9tVD6Gt68u3WQtVQIDAQABo1Aw\\nTjAdBgNVHQ4EFgQUogvhXB+xZ2JJPfLO6cVs4ForzscwHwYDVR0jBBgwFoAUogvh\\nXB+xZ2JJPfLO6cVs4ForzscwDAYDVR0TBAUwAwEB/zANBgkqhkiG9w0BAQUFAAOC\\nAQEAdDj7qUNJ45xlF5cjd+4x5NHvAD1VTjOKu+Xh/uzSSjXqB2F0aOMWA9lx0qaQ\\noJgHkGxj3zz/W7ik/cVGL2O+vRIOKv/y0OPogEmS3Hw+P+O6OGE7x1G6YN0zLVoL\\nu4BN/BEYmjttxM9I7qqL7C5cJoE+K3s/w1/pt/68ohJcr7F9Ohi7cso62xuGY1Rm\\nksAh2EUDsU9JV/P+C9AMpLSrb03JJYzVj4w1RHbrmw2AjFyGXdQYkggyXisg+Ifr\\n5gbNN7HigpHf7b2i3CQBUqp9m23frh5AhnLI2qp3UXgc52U5ieLdi/t6j0TTZqqY\\nHhHqofKrj938HHlBNpC5/LVh3w==\\n\"\r\n            }\r\n          ]\r\n        }\r\n      },\r\n      \"secrets\": []\r\n    },\r\n    \"networkProfile\": {\"networkInterfaces\":[{\"id\":\"/subscriptions/ce4a7590-4722-4bcf-a2c6-e473e9f11778/resourceGroups/xplatTestGVMCreate5135/providers/Microsoft.Network/networkInterfaces/xplattestnic\"}]},\r\n    \"diagnosticsProfile\": {\r\n      \"bootDiagnostics\": {\r\n        \"enabled\": true,\r\n        \"storageUri\": \"https://xplatteststorage19193.blob.core.windows.net/\"\r\n      }\r\n    },\r\n    \"provisioningState\": \"Succeeded\",\r\n    \"instanceView\": {\r\n      \"platformUpdateDomain\": 0,\r\n      \"platformFaultDomain\": 0,\r\n      \"vmAgent\": {\r\n        \"vmAgentVersion\": \"2.1.3\",\r\n        \"statuses\": [\r\n          {\r\n            \"code\": \"ProvisioningState/succeeded\",\r\n            \"level\": \"Info\",\r\n            \"displayStatus\": \"Ready\",\r\n            \"message\": \"Guest Agent is running\",\r\n            \"time\": \"2017-02-16T06:48:39+00:00\"\r\n          }\r\n        ],\r\n        \"extensionHandlers\": []\r\n      },\r\n      \"disks\": [\r\n        {\r\n          \"name\": \"cli7f52004a13c86086-os-1487227101905\",\r\n          \"statuses\": [\r\n            {\r\n              \"code\": \"ProvisioningState/succeeded\",\r\n              \"level\": \"Info\",\r\n              \"displayStatus\": \"Provisioning succeeded\",\r\n              \"time\": \"2017-02-16T06:38:25.1235908+00:00\"\r\n            }\r\n          ]\r\n        }\r\n      ],\r\n      \"bootDiagnostics\": {\r\n        \"consoleScreenshotBlobUri\": \"https://xplatteststorage19193.blob.core.windows.net/bootdiagnostics-xplatvm-22014276-432f-410b-ae81-75e8a0a93206/xplatvm.22014276-432f-410b-ae81-75e8a0a93206.screenshot.bmp\",\r\n        \"serialConsoleLogBlobUri\": \"https://xplatteststorage19193.blob.core.windows.net/bootdiagnostics-xplatvm-22014276-432f-410b-ae81-75e8a0a93206/xplatvm.22014276-432f-410b-ae81-75e8a0a93206.serialconsole.log\"\r\n      },\r\n      \"statuses\": [\r\n        {\r\n          \"code\": \"ProvisioningState/succeeded\",\r\n          \"level\": \"Info\",\r\n          \"displayStatus\": \"Provisioning succeeded\",\r\n          \"time\": \"2017-02-16T06:40:07.7227391+00:00\"\r\n        },\r\n        {\r\n          \"code\": \"PowerState/running\",\r\n          \"level\": \"Info\",\r\n          \"displayStatus\": \"VM running\"\r\n        }\r\n      ]\r\n    }\r\n  },\r\n  \"type\": \"Microsoft.Compute/virtualMachines\",\r\n  \"location\": \"southeastasia\",\r\n  \"tags\": {\r\n    \"a\": \"b\",\r\n    \"b\": \"c\",\r\n    \"d\": \"\"\r\n  },\r\n  \"id\": \"/subscriptions/ce4a7590-4722-4bcf-a2c6-e473e9f11778/resourceGroups/xplatTestGVMCreate5135/providers/Microsoft.Compute/virtualMachines/xplatvm\",\r\n  \"name\": \"xplatvm\"\r\n}", { 'cache-control': 'no-cache',
  pragma: 'no-cache',
  'content-length': '5176',
  'content-type': 'application/json; charset=utf-8',
  expires: '-1',
  'strict-transport-security': 'max-age=31536000; includeSubDomains',
  'x-ms-served-by': '7d05390c-5dc5-4a14-8588-dcae1a33dd6b_131292456099219588',
  'x-ms-request-id': '969b4f64-2ee1-4dc2-9fb8-7037c86fbfb5',
  server: 'Microsoft-HTTPAPI/2.0, Microsoft-HTTPAPI/2.0',
  'x-ms-ratelimit-remaining-subscription-reads': '14959',
  'x-ms-correlation-request-id': '523e4f05-a8c8-421c-9f5a-63dec085ca37',
  'x-ms-routing-request-id': 'EASTASIA:20170216T064856Z:523e4f05-a8c8-421c-9f5a-63dec085ca37',
  date: 'Thu, 16 Feb 2017 06:48:56 GMT',
  connection: 'close' });
 return result; },
function (nock) { 
var result = 
nock('https://management.azure.com:443')
  .get('/subscriptions/ce4a7590-4722-4bcf-a2c6-e473e9f11778/resourceGroups/xplatTestGVMCreate5135/providers/Microsoft.Compute/virtualMachines/xplatvm?$expand=instanceView&api-version=2016-04-30-preview')
  .reply(200, "{\r\n  \"properties\": {\r\n    \"vmId\": \"22014276-432f-410b-ae81-75e8a0a93206\",\r\n    \"availabilitySet\": {\r\n      \"id\": \"/subscriptions/ce4a7590-4722-4bcf-a2c6-e473e9f11778/resourceGroups/xplatTestGVMCreate5135/providers/Microsoft.Compute/availabilitySets/XPLATTESTAAVAIL6977\"\r\n    },\r\n    \"hardwareProfile\": {\r\n      \"vmSize\": \"Standard_D1\"\r\n    },\r\n    \"storageProfile\": {\r\n      \"imageReference\": {\r\n        \"publisher\": \"canonical\",\r\n        \"offer\": \"UbuntuServer\",\r\n        \"sku\": \"16.04.0-LTS\",\r\n        \"version\": \"latest\"\r\n      },\r\n      \"osDisk\": {\r\n        \"osType\": \"Linux\",\r\n        \"name\": \"cli7f52004a13c86086-os-1487227101905\",\r\n        \"createOption\": \"FromImage\",\r\n        \"vhd\": {\r\n          \"uri\": \"https://xplatteststorage19193.blob.core.windows.net/xplatteststoragecnt16538/cli7f52004a13c86086-os-1487227101905.vhd\"\r\n        },\r\n        \"caching\": \"ReadWrite\"\r\n      },\r\n      \"dataDisks\": []\r\n    },\r\n    \"osProfile\": {\r\n      \"computerName\": \"xplatvm\",\r\n      \"adminUsername\": \"azureuser\",\r\n      \"linuxConfiguration\": {\r\n        \"disablePasswordAuthentication\": false,\r\n        \"ssh\": {\r\n          \"publicKeys\": [\r\n            {\r\n              \"path\": \"/home/azureuser/.ssh/authorized_keys\",\r\n              \"keyData\": \"MIID/zCCAuegAwIBAgIJAMUAa+XVLvAeMA0GCSqGSIb3DQEBBQUAMIGVMQswCQYD\\nVQQGEwJJbjESMBAGA1UECAwJS2FybmF0YWthMRIwEAYDVQQHDAlCYW5nYWxvcmUx\\nEDAOBgNVBAoMB2JyaWxsaW8xEjAQBgNVBAsMCW1pY3Jvc29mdDEQMA4GA1UEAwwH\\nYnJpbGxpbzEmMCQGCSqGSIb3DQEJARYXc3JlZWthbnRoYnNAeWFob28uY28uaW4w\\nHhcNMTUwMzA1MTE1MzEyWhcNMTYwMzA0MTE1MzEyWjCBlTELMAkGA1UEBhMCSW4x\\nEjAQBgNVBAgMCUthcm5hdGFrYTESMBAGA1UEBwwJQmFuZ2Fsb3JlMRAwDgYDVQQK\\nDAdicmlsbGlvMRIwEAYDVQQLDAltaWNyb3NvZnQxEDAOBgNVBAMMB2JyaWxsaW8x\\nJjAkBgkqhkiG9w0BCQEWF3NyZWVrYW50aGJzQHlhaG9vLmNvLmluMIIBIjANBgkq\\nhkiG9w0BAQEFAAOCAQ8AMIIBCgKCAQEAyUNKaOuT0NK+S8Ck81zy9xJ6hXfZvAC6\\nlhbmf/6s/WVimJ/TX5NMhQJwC9k6ZIF92KfYrojHNvHDufSZ3EtKUVwRFCDjmgMT\\nDL09WkGaZt7gROYFK0iZ4KrYGovUwlwum9fHB24OJiOV4bi0ek62/rHx9fjYZpvp\\naIH2PV/hN8SCZ0x7HJMberD4gVoU/Kv42nNvwjLUW6IZfVx/Gv5OeFDtWHfSvUEF\\ndadHKTPn3Ab20Iu6gZIbLO9Vuf38/IpaYGfnFCouHdzmiTiLieYNe3CUPcOJNSv7\\n1G8KYpx3uNJRkJPab5OsRyJw75Gvzkr9OgaPss9tVD6Gt68u3WQtVQIDAQABo1Aw\\nTjAdBgNVHQ4EFgQUogvhXB+xZ2JJPfLO6cVs4ForzscwHwYDVR0jBBgwFoAUogvh\\nXB+xZ2JJPfLO6cVs4ForzscwDAYDVR0TBAUwAwEB/zANBgkqhkiG9w0BAQUFAAOC\\nAQEAdDj7qUNJ45xlF5cjd+4x5NHvAD1VTjOKu+Xh/uzSSjXqB2F0aOMWA9lx0qaQ\\noJgHkGxj3zz/W7ik/cVGL2O+vRIOKv/y0OPogEmS3Hw+P+O6OGE7x1G6YN0zLVoL\\nu4BN/BEYmjttxM9I7qqL7C5cJoE+K3s/w1/pt/68ohJcr7F9Ohi7cso62xuGY1Rm\\nksAh2EUDsU9JV/P+C9AMpLSrb03JJYzVj4w1RHbrmw2AjFyGXdQYkggyXisg+Ifr\\n5gbNN7HigpHf7b2i3CQBUqp9m23frh5AhnLI2qp3UXgc52U5ieLdi/t6j0TTZqqY\\nHhHqofKrj938HHlBNpC5/LVh3w==\\n\"\r\n            }\r\n          ]\r\n        }\r\n      },\r\n      \"secrets\": []\r\n    },\r\n    \"networkProfile\": {\"networkInterfaces\":[{\"id\":\"/subscriptions/ce4a7590-4722-4bcf-a2c6-e473e9f11778/resourceGroups/xplatTestGVMCreate5135/providers/Microsoft.Network/networkInterfaces/xplattestnic\"}]},\r\n    \"diagnosticsProfile\": {\r\n      \"bootDiagnostics\": {\r\n        \"enabled\": true,\r\n        \"storageUri\": \"https://xplatteststorage19193.blob.core.windows.net/\"\r\n      }\r\n    },\r\n    \"provisioningState\": \"Succeeded\",\r\n    \"instanceView\": {\r\n      \"platformUpdateDomain\": 0,\r\n      \"platformFaultDomain\": 0,\r\n      \"vmAgent\": {\r\n        \"vmAgentVersion\": \"2.1.3\",\r\n        \"statuses\": [\r\n          {\r\n            \"code\": \"ProvisioningState/succeeded\",\r\n            \"level\": \"Info\",\r\n            \"displayStatus\": \"Ready\",\r\n            \"message\": \"Guest Agent is running\",\r\n            \"time\": \"2017-02-16T06:48:39+00:00\"\r\n          }\r\n        ],\r\n        \"extensionHandlers\": []\r\n      },\r\n      \"disks\": [\r\n        {\r\n          \"name\": \"cli7f52004a13c86086-os-1487227101905\",\r\n          \"statuses\": [\r\n            {\r\n              \"code\": \"ProvisioningState/succeeded\",\r\n              \"level\": \"Info\",\r\n              \"displayStatus\": \"Provisioning succeeded\",\r\n              \"time\": \"2017-02-16T06:38:25.1235908+00:00\"\r\n            }\r\n          ]\r\n        }\r\n      ],\r\n      \"bootDiagnostics\": {\r\n        \"consoleScreenshotBlobUri\": \"https://xplatteststorage19193.blob.core.windows.net/bootdiagnostics-xplatvm-22014276-432f-410b-ae81-75e8a0a93206/xplatvm.22014276-432f-410b-ae81-75e8a0a93206.screenshot.bmp\",\r\n        \"serialConsoleLogBlobUri\": \"https://xplatteststorage19193.blob.core.windows.net/bootdiagnostics-xplatvm-22014276-432f-410b-ae81-75e8a0a93206/xplatvm.22014276-432f-410b-ae81-75e8a0a93206.serialconsole.log\"\r\n      },\r\n      \"statuses\": [\r\n        {\r\n          \"code\": \"ProvisioningState/succeeded\",\r\n          \"level\": \"Info\",\r\n          \"displayStatus\": \"Provisioning succeeded\",\r\n          \"time\": \"2017-02-16T06:40:07.7227391+00:00\"\r\n        },\r\n        {\r\n          \"code\": \"PowerState/running\",\r\n          \"level\": \"Info\",\r\n          \"displayStatus\": \"VM running\"\r\n        }\r\n      ]\r\n    }\r\n  },\r\n  \"type\": \"Microsoft.Compute/virtualMachines\",\r\n  \"location\": \"southeastasia\",\r\n  \"tags\": {\r\n    \"a\": \"b\",\r\n    \"b\": \"c\",\r\n    \"d\": \"\"\r\n  },\r\n  \"id\": \"/subscriptions/ce4a7590-4722-4bcf-a2c6-e473e9f11778/resourceGroups/xplatTestGVMCreate5135/providers/Microsoft.Compute/virtualMachines/xplatvm\",\r\n  \"name\": \"xplatvm\"\r\n}", { 'cache-control': 'no-cache',
  pragma: 'no-cache',
  'content-length': '5176',
  'content-type': 'application/json; charset=utf-8',
  expires: '-1',
  'strict-transport-security': 'max-age=31536000; includeSubDomains',
  'x-ms-served-by': '7d05390c-5dc5-4a14-8588-dcae1a33dd6b_131292456099219588',
  'x-ms-request-id': '969b4f64-2ee1-4dc2-9fb8-7037c86fbfb5',
  server: 'Microsoft-HTTPAPI/2.0, Microsoft-HTTPAPI/2.0',
  'x-ms-ratelimit-remaining-subscription-reads': '14959',
  'x-ms-correlation-request-id': '523e4f05-a8c8-421c-9f5a-63dec085ca37',
  'x-ms-routing-request-id': 'EASTASIA:20170216T064856Z:523e4f05-a8c8-421c-9f5a-63dec085ca37',
  date: 'Thu, 16 Feb 2017 06:48:56 GMT',
  connection: 'close' });
 return result; },
function (nock) { 
var result = 
nock('http://management.azure.com:443')
  .post('/subscriptions/ce4a7590-4722-4bcf-a2c6-e473e9f11778/resourceGroups/xplatTestGVMCreate5135/providers/Microsoft.Storage/storageAccounts/xplatteststorage19193/listKeys?api-version=2016-12-01')
  .reply(200, "{\"keys\":[{\"keyName\":\"key1\",\"permissions\":\"Full\",\"value\":\"XpEE77OxAzqvAl5O8HxZOL8BozWfn6xu990PswQzVUVUdgBjsUKJV9bKA46uo0a1n2c1y0038baPcRP+OPYCdw==\"},{\"keyName\":\"key2\",\"permissions\":\"Full\",\"value\":\"XEHWvRo/nxmeexWLi2y3YIh780D2+4XaQnEXfDmqTbgteifrM93m70Oc8Jn0Ies6JXHfyYy22n414noMN775hw==\"}]}\n", { 'cache-control': 'no-cache',
  pragma: 'no-cache',
  'content-length': '289',
  'content-type': 'application/json',
  expires: '-1',
  'x-ms-request-id': 'b066bc17-df20-428a-a677-5ddb19e722a4',
  server: 'Microsoft-Azure-Storage-Resource-Provider/1.0, Microsoft-HTTPAPI/2.0',
  'x-ms-ratelimit-remaining-subscription-writes': '1198',
  'x-ms-correlation-request-id': 'b066bc17-df20-428a-a677-5ddb19e722a4',
  'x-ms-routing-request-id': 'EASTASIA:20170216T064857Z:b066bc17-df20-428a-a677-5ddb19e722a4',
  'strict-transport-security': 'max-age=31536000; includeSubDomains',
  date: 'Thu, 16 Feb 2017 06:48:56 GMT',
  connection: 'close' });
 return result; },
function (nock) { 
var result = 
nock('https://management.azure.com:443')
  .post('/subscriptions/ce4a7590-4722-4bcf-a2c6-e473e9f11778/resourceGroups/xplatTestGVMCreate5135/providers/Microsoft.Storage/storageAccounts/xplatteststorage19193/listKeys?api-version=2016-12-01')
  .reply(200, "{\"keys\":[{\"keyName\":\"key1\",\"permissions\":\"Full\",\"value\":\"XpEE77OxAzqvAl5O8HxZOL8BozWfn6xu990PswQzVUVUdgBjsUKJV9bKA46uo0a1n2c1y0038baPcRP+OPYCdw==\"},{\"keyName\":\"key2\",\"permissions\":\"Full\",\"value\":\"XEHWvRo/nxmeexWLi2y3YIh780D2+4XaQnEXfDmqTbgteifrM93m70Oc8Jn0Ies6JXHfyYy22n414noMN775hw==\"}]}\n", { 'cache-control': 'no-cache',
  pragma: 'no-cache',
  'content-length': '289',
  'content-type': 'application/json',
  expires: '-1',
  'x-ms-request-id': 'b066bc17-df20-428a-a677-5ddb19e722a4',
  server: 'Microsoft-Azure-Storage-Resource-Provider/1.0, Microsoft-HTTPAPI/2.0',
  'x-ms-ratelimit-remaining-subscription-writes': '1198',
  'x-ms-correlation-request-id': 'b066bc17-df20-428a-a677-5ddb19e722a4',
  'x-ms-routing-request-id': 'EASTASIA:20170216T064857Z:b066bc17-df20-428a-a677-5ddb19e722a4',
  'strict-transport-security': 'max-age=31536000; includeSubDomains',
  date: 'Thu, 16 Feb 2017 06:48:56 GMT',
  connection: 'close' });
 return result; },
function (nock) { 
var result = 
nock('http://xplatteststorage19193.blob.core.windows.net:443')
  .head('/bootdiagnostics-xplatvm-22014276-432f-410b-ae81-75e8a0a93206/xplatvm.22014276-432f-410b-ae81-75e8a0a93206.serialconsole.log')
  .reply(200, "", { 'content-length': '56320',
  'content-type': 'text/plain',
  'last-modified': 'Thu, 16 Feb 2017 06:47:04 GMT',
  'accept-ranges': 'bytes',
  etag: '"0x8D456379E5C4C7C"',
  server: 'Windows-Azure-Blob/1.0 Microsoft-HTTPAPI/2.0',
  'x-ms-request-id': 'eabc53ed-0001-0093-4820-880da6000000',
  'x-ms-version': '2016-05-31',
  'x-ms-lease-status': 'unlocked',
  'x-ms-lease-state': 'available',
  'x-ms-blob-type': 'PageBlob',
  'x-ms-blob-sequence-number': '0',
  'x-ms-server-encrypted': 'false',
  date: 'Thu, 16 Feb 2017 06:48:57 GMT',
  connection: 'close' });
 return result; },
function (nock) { 
var result = 
nock('https://xplatteststorage19193.blob.core.windows.net:443')
  .head('/bootdiagnostics-xplatvm-22014276-432f-410b-ae81-75e8a0a93206/xplatvm.22014276-432f-410b-ae81-75e8a0a93206.serialconsole.log')
  .reply(200, "", { 'content-length': '56320',
  'content-type': 'text/plain',
  'last-modified': 'Thu, 16 Feb 2017 06:47:04 GMT',
  'accept-ranges': 'bytes',
  etag: '"0x8D456379E5C4C7C"',
  server: 'Windows-Azure-Blob/1.0 Microsoft-HTTPAPI/2.0',
  'x-ms-request-id': 'eabc53ed-0001-0093-4820-880da6000000',
  'x-ms-version': '2016-05-31',
  'x-ms-lease-status': 'unlocked',
  'x-ms-lease-state': 'available',
  'x-ms-blob-type': 'PageBlob',
  'x-ms-blob-sequence-number': '0',
  'x-ms-server-encrypted': 'false',
  date: 'Thu, 16 Feb 2017 06:48:57 GMT',
  connection: 'close' });
 return result; },
function (nock) { 
var result = 
nock('http://xplatteststorage19193.blob.core.windows.net:443')
  .get('/bootdiagnostics-xplatvm-22014276-432f-410b-ae81-75e8a0a93206/xplatvm.22014276-432f-410b-ae81-75e8a0a93206.serialconsole.log')
  .reply(200, "\u001b[H\u001b[J\u001b[1;1H[    0.000000] Initializing cgroup subsys cpuset\r\n[    0.000000] Initializing cgroup subsys cpu\r\n[    0.000000] Initializing cgroup subsys cpuacct\r\n[    0.000000] Linux version 4.4.0-47-generic (buildd@lcy01-03) (gcc version 5.4.0 20160609 (Ubuntu 5.4.0-6ubuntu1~16.04.2) ) #68-Ubuntu SMP Wed Oct 26 19:39:52 UTC 2016 (Ubuntu 4.4.0-47.68-generic 4.4.24)\r\n[    0.000000] Command line: BOOT_IMAGE=/boot/vmlinuz-4.4.0-47-generic root=UUID=e990f8b3-1d6b-4615-8280-8ead4ed2fe7c ro console=tty1 console=ttyS0 earlyprintk=ttyS0 rootdelay=300\r\n[    0.000000] KERNEL supported cpus:\r\n[    0.000000]   Intel GenuineIntel\r\n[    0.000000]   AMD AuthenticAMD\r\n[    0.000000]   Centaur CentaurHauls\r\n[    0.000000] x86/fpu: xstate_offset[2]:  576, xstate_sizes[2]:  256\r\n[    0.000000] x86/fpu: Supporting XSAVE feature 0x01: 'x87 floating point registers'\r\n[    0.000000] x86/fpu: Supporting XSAVE feature 0x02: 'SSE registers'\r\n[    0.000000] x86/fpu: Supporting XSAVE feature 0x04: 'AVX registers'\r\n[    0.000000] x86/fpu: Enabled xstate features 0x7, context size is 832 bytes, using 'standard' format.\r\n[    0.000000] x86/fpu: Using 'eager' FPU context switches.\r\n[    0.000000] e820: BIOS-provided physical RAM map:\r\n[    0.000000] BIOS-e820: [mem 0x0000000000000000-0x000000000009fbff] usable\r\n[    0.000000] BIOS-e820: [mem 0x000000000009fc00-0x000000000009ffff] reserved\r\n[    0.000000] BIOS-e820: [mem 0x00000000000e0000-0x00000000000fffff] reserved\r\n[    0.000000] BIOS-e820: [mem 0x0000000000100000-0x000000001ffeffff] usable\r\n[    0.000000] BIOS-e820: [mem 0x000000001fff0000-0x000000001fffefff] ACPI data\r\n[    0.000000] BIOS-e820: [mem 0x000000001ffff000-0x000000001fffffff] ACPI NVS\r\n[    0.000000] BIOS-e820: [mem 0x0000000100000000-0x00000001bfffffff] usable\r\n[    0.000000] bootconsole [earlyser0] enabled\r\n[    0.000000] NX (Execute Disable) protection: active\r\n[    0.000000] SMBIOS 2.3 present.\r\n[    0.000000] Hypervisor detected: Microsoft HyperV\r\n[    0.000000] HyperV: features 0xe7f, hints 0x2c\r\n[    0.000000] HyperV: LAPIC Timer Frequency: 0xc3500\r\n[    0.000000] clocksource: hyperv_clocksource: mask: 0xffffffffffffffff max_cycles: 0x24e6a1710, max_idle_ns: 440795202120 ns\r\n[    0.000000] tsc: Marking TSC unstable due to running on Hyper-V\r\n[    0.000000] e820: last_pfn = 0x1c0000 max_arch_pfn = 0x400000000\r\n[    0.000000] x86/PAT: Configuration [0-7]: WB  WC  UC- UC  WB  WC  UC- WT  \r\n[    0.000000] e820: last_pfn = 0x1fff0 max_arch_pfn = 0x400000000\r\n[    0.000000] found SMP MP-table at [mem 0x000ff780-0x000ff78f] mapped at [ffff8800000ff780]\r\n[    0.000000] Scanning 1 areas for low memory corruption\r\n[    0.000000] RAMDISK: [mem 0x1d3ff000-0x1f779fff]\r\n[    0.000000] ACPI: Early table checksum verification disabled\r\n[    0.000000] ACPI: RSDP 0x00000000000F56F0 000014 (v00 ACPIAM)\r\n[    0.000000] ACPI: RSDT 0x000000001FFF0000 000040 (v01 VRTUAL MICROSFT 05001223 MSFT 00000097)\r\n[    0.000000] ACPI: FACP 0x000000001FFF0200 000081 (v02 VRTUAL MICROSFT 05001223 MSFT 00000097)\r\n[    0.000000] ACPI: DSDT 0x000000001FFF1724 002E78 (v01 MSFTVM MSFTVM02 00000002 INTL 02002026)\r\n[    0.000000] ACPI: FACS 0x000000001FFFF000 000040\r\n[    0.000000] ACPI: WAET 0x000000001FFF1480 000028 (v01 VRTUAL MICROSFT 05001223 MSFT 00000097)\r\n[    0.000000] ACPI: SLIC 0x000000001FFF14C0 000176 (v01 VRTUAL MICROSFT 05001223 MSFT 00000097)\r\n[    0.000000] ACPI: OEM0 0x000000001FFF16C0 000064 (v01 VRTUAL MICROSFT 05001223 MSFT 00000097)\r\n[    0.000000] ACPI: SRAT 0x000000001FFF0600 000090 (v02 VRTUAL MICROSFT 00000001 MSFT 00000001)\r\n[    0.000000] ACPI: APIC 0x000000001FFF0300 00024C (v01 VRTUAL MICROSFT 05001223 MSFT 00000097)\r\n[    0.000000] ACPI: OEMB 0x000000001FFFF040 000064 (v01 VRTUAL MICROSFT 05001223 MSFT 00000097)\r\n[    0.000000] SRAT: PXM 0 -> APIC 0x00 -> Node 0\r\n[    0.000000] SRAT: Node 0 PXM 0 [mem 0x00000000-0x1fffffff]\r\n[    0.000000] SRAT: Node 0 PXM 0 [mem 0x100000000-0x1bfffffff]\r\n[    0.000000] NUMA: Node 0 [mem 0x00000000-0x1fffffff] + [mem 0x100000000-0x1bfffffff] -> [mem 0x00000000-0x1bfffffff]\r\n[    0.000000] NODE_DATA(0) allocated [mem 0x1bfffa000-0x1bfffefff]\r\n[    0.000000] Zone ranges:\r\n[    0.000000]   DMA      [mem 0x0000000000001000-0x0000000000ffffff]\r\n[    0.000000]   DMA32    [mem 0x0000000001000000-0x00000000ffffffff]\r\n[    0.000000]   Normal   [mem 0x0000000100000000-0x00000001bfffffff]\r\n[    0.000000]   Device   empty\r\n[    0.000000] Movable zone start for each node\r\n[    0.000000] Early memory node ranges\r\n[    0.000000]   node   0: [mem 0x0000000000001000-0x000000000009efff]\r\n[    0.000000]   node   0: [mem 0x0000000000100000-0x000000001ffeffff]\r\n[    0.000000]   node   0: [mem 0x0000000100000000-0x00000001bfffffff]\r\n[    0.000000] Initmem setup node 0 [mem 0x0000000000001000-0x00000001bfffffff]\r\n[    0.000000] ACPI: PM-Timer IO Port: 0x408\r\n[    0.000000] IOAPIC[0]: apic_id 0, version 17, address 0xfec00000, GSI 0-23\r\n[    0.000000] ACPI: INT_SRC_OVR (bus 0 bus_irq 0 global_irq 2 dfl dfl)\r\n[    0.000000] ACPI: INT_SRC_OVR (bus 0 bus_irq 9 global_irq 9 high level)\r\n[    0.000000] Using ACPI (MADT) for SMP configuration information\r\n[    0.000000] smpboot: Allowing 64 CPUs, 63 hotplug CPUs\r\n[    0.000000] PM: Registered nosave memory: [mem 0x00000000-0x00000fff]\r\n[    0.000000] PM: Registered nosave memory: [mem 0x0009f000-0x0009ffff]\r\n[    0.000000] PM: Registered nosave memory: [mem 0x000a0000-0x000dffff]\r\n[    0.000000] PM: Registered nosave memory: [mem 0x000e0000-0x000fffff]\r\n[    0.000000] PM: Registered nosave memory: [mem 0x1fff0000-0x1fffefff]\r\n[    0.000000] PM: Registered nosave memory: [mem 0x1ffff000-0x1fffffff]\r\n[    0.000000] PM: Registered nosave memory: [mem 0x20000000-0xffffffff]\r\n[    0.000000] e820: [mem 0x20000000-0xffffffff] available for PCI devices\r\n[    0.000000] Booting paravirtualized kernel on bare hardware\r\n[    0.000000] clocksource: refined-jiffies: mask: 0xffffffff max_cycles: 0xffffffff, max_idle_ns: 7645519600211568 ns\r\n[    0.000000] setup_percpu: NR_CPUS:256 nr_cpumask_bits:256 nr_cpu_ids:64 nr_node_ids:1\r\n[    0.000000] PERCPU: Embedded 33 pages/cpu @ffff8801bae00000 s98008 r8192 d28968 u262144\r\n[    0.000000] Built 1 zonelists in Node order, mobility grouping on.  Total pages: 903033\r\n[    0.000000] Policy zone: Normal\r\n[    0.000000] Kernel command line: BOOT_IMAGE=/boot/vmlinuz-4.4.0-47-generic root=UUID=e990f8b3-1d6b-4615-8280-8ead4ed2fe7c ro console=tty1 console=ttyS0 earlyprintk=ttyS0 rootdelay=300\r\n[    0.000000] log_buf_len individual max cpu contribution: 4096 bytes\r\n[    0.000000] log_buf_len total cpu_extra contributions: 258048 bytes\r\n[    0.000000] log_buf_len min size: 262144 bytes\r\n[    0.000000] log_buf_len: 524288 bytes\r\n[    0.000000] early log buf free: 253140(96%)\r\n[    0.000000] PID hash table entries: 4096 (order: 3, 32768 bytes)\r\n[    0.000000] Memory: 3482052K/3669560K available (8423K kernel code, 1285K rwdata, 3952K rodata, 1480K init, 1292K bss, 187508K reserved, 0K cma-reserved)\r\n[    0.000000] SLUB: HWalign=64, Order=0-3, MinObjects=0, CPUs=64, Nodes=1\r\n[    0.000000] Hierarchical RCU implementation.\r\n[    0.000000] \tBuild-time adjustment of leaf fanout to 64.\r\n[    0.000000] \tRCU restricting CPUs from NR_CPUS=256 to nr_cpu_ids=64.\r\n[    0.000000] RCU: Adjusting geometry for rcu_fanout_leaf=64, nr_cpu_ids=64\r\n[    0.000000] NR_IRQS:16640 nr_irqs:936 16\r\n[    0.000000] Console: colour VGA+ 80x25\r\n[    0.000000] console [tty1] enabled\r\n[    0.000000] console [ttyS0] enabled\r\n[    0.000000] console [ttyS0] enabled\r\n[    0.000000] bootconsole [earlyser0] disabled\r\n[    0.000000] bootconsole [earlyser0] disabled\r\n[    0.000000] tsc: Fast TSC calibration failed\r\n[    0.000000] tsc: Unable to calibrate against PIT\r\n[    0.000000] tsc: using PMTIMER reference calibration\r\n[    0.000000] tsc: Detected 2394.427 MHz processor\r\n[    0.016035] Calibrating delay loop (skipped), value calculated using timer frequency.. 4788.85 BogoMIPS (lpj=9577708)\r\n[    0.021195] pid_max: default: 65536 minimum: 512\r\n[    0.022541] ACPI: Core revision 20150930\r\n[    0.026268] ACPI: 1 ACPI AML tables successfully acquired and loaded\r\n[    0.029086] Security Framework initialized\r\n[    0.030412] Yama: becoming mindful.\r\n[    0.032075] AppArmor: AppArmor initialized\r\n[    0.033877] Dentry cache hash table entries: 524288 (order: 10, 4194304 bytes)\r\n[    0.036923] Inode-cache hash table entries: 262144 (order: 9, 2097152 bytes)\r\n[    0.039052] Mount-cache hash table entries: 8192 (order: 4, 65536 bytes)\r\n[    0.040027] Mountpoint-cache hash table entries: 8192 (order: 4, 65536 bytes)\r\n[    0.044088] Initializing cgroup subsys io\r\n[    0.045404] Initializing cgroup subsys memory\r\n[    0.046786] Initializing cgroup subsys devices\r\n[    0.048022] Initializing cgroup subsys freezer\r\n[    0.049382] Initializing cgroup subsys net_cls\r\n[    0.050701] Initializing cgroup subsys perf_event\r\n[    0.052024] Initializing cgroup subsys net_prio\r\n[    0.053371] Initializing cgroup subsys hugetlb\r\n[    0.054746] Initializing cgroup subsys pids\r\n[    0.057553] mce: CPU supports 1 MCE banks\r\n[    0.059038] Last level iTLB entries: 4KB 1024, 2MB 1024, 4MB 1024\r\n[    0.060019] Last level dTLB entries: 4KB 1024, 2MB 1024, 4MB 1024, 1GB 4\r\n[    0.080625] ftrace: allocating 32047 entries in 126 pages\r\n[    0.092167] smpboot: Max logical packages: 64\r\n[    0.096020] smpboot: APIC(0) Converting physical 0 to logical package 0\r\n[    0.100038] Switched APIC routing to physical flat.\r\n[    0.116610] ..TIMER: vector=0x30 apic1=0 pin1=2 apic2=-1 pin2=-1\r\n[    0.120094] smpboot: CPU0: Intel(R) Xeon(R) CPU E5-2673 v3 @ 2.40GHz (family: 0x6, model: 0x3f, stepping: 0x2)\r\n[    0.136018] Performance Events: unsupported p6 CPU model 63 no PMU driver, software events only.\r\n[    0.153318] x86: Booted up 1 node, 1 CPUs\r\n[    0.156007] smpboot: Total of 1 processors activated (4788.85 BogoMIPS)\r\n[    0.160008] NMI watchdog: disabled (cpu0): hardware events not enabled\r\n[    0.164003] NMI watchdog: Shutting down hard lockup detector on all cpus\r\n[    0.173667] devtmpfs: initialized\r\n[    0.178051] evm: security.selinux\r\n[    0.180005] evm: security.SMACK64\r\n[    0.184003] evm: security.SMACK64EXEC\r\n[    0.188003] evm: security.SMACK64TRANSMUTE\r\n[    0.192003] evm: security.SMACK64MMAP\r\n[    0.196003] evm: security.ima\r\n[    0.200004] evm: security.capability\r\n[    0.204097] PM: Registering ACPI NVS region [mem 0x1ffff000-0x1fffffff] (4096 bytes)\r\n[    0.208129] clocksource: jiffies: mask: 0xffffffff max_cycles: 0xffffffff, max_idle_ns: 7645041785100000 ns\r\n[    0.212235] pinctrl core: initialized pinctrl subsystem\r\n[    0.216405] RTC time:  6:39:16, date: 02/16/17\r\n[    0.220203] NET: Registered protocol family 16\r\n[    0.224200] cpuidle: using governor ladder\r\n[    0.228005] cpuidle: using governor menu\r\n[    0.232007] PCCT header not found.\r\n[    0.236092] ACPI: bus type PCI registered\r\n[    0.240004] acpiphp: ACPI Hot Plug PCI Controller Driver version: 0.5\r\n[    0.244352] PCI: Using configuration type 1 for base access\r\n[    0.250062] ACPI: Added _OSI(Module Device)\r\n[    0.252003] ACPI: Added _OSI(Processor Device)\r\n[    0.256003] ACPI: Added _OSI(3.0 _SCP Extensions)\r\n[    0.260003] ACPI: Added _OSI(Processor Aggregator Device)\r\n[    0.268178] ACPI: Interpreter enabled\r\n[    0.272013] ACPI: (supports S0 S5)\r\n[    0.276007] ACPI: Using IOAPIC for interrupt routing\r\n[    0.280036] PCI: Using host bridge windows from ACPI; if necessary, use \"pci=nocrs\" and report a bug\r\n[    0.292652] ACPI: PCI Root Bridge [PCI0] (domain 0000 [bus 00-ff])\r\n[    0.296008] acpi PNP0A03:00: _OSC: OS supports [ASPM ClockPM Segments MSI]\r\n[    0.300012] acpi PNP0A03:00: _OSC failed (AE_NOT_FOUND); disabling ASPM\r\n[    0.304011] acpi PNP0A03:00: fail to add MMCONFIG information, can't access extended PCI configuration space under this bridge.\r\n[    0.308601] PCI host bridge to bus 0000:00\r\n[    0.312005] pci_bus 0000:00: root bus resource [mem 0xfe0000000-0xfffefffff window]\r\n[    0.316007] pci_bus 0000:00: root bus resource [io  0x0000-0x0cf7 window]\r\n[    0.320006] pci_bus 0000:00: root bus resource [io  0x0d00-0xffff window]\r\n[    0.324005] pci_bus 0000:00: root bus resource [mem 0x000a0000-0x000bffff window]\r\n[    0.328005] pci_bus 0000:00: root bus resource [mem 0x20000000-0xfffbffff window]\r\n[    0.332009] pci_bus 0000:00: root bus resource [bus 00-ff]\r\n[    0.343655] pci 0000:00:07.1: legacy IDE quirk: reg 0x10: [io  0x01f0-0x01f7]\r\n[    0.344005] pci 0000:00:07.1: legacy IDE quirk: reg 0x14: [io  0x03f6]\r\n[    0.348004] pci 0000:00:07.1: legacy IDE quirk: reg 0x18: [io  0x0170-0x0177]\r\n[    0.352008] pci 0000:00:07.1: legacy IDE quirk: reg 0x1c: [io  0x0376]\r\n[    0.356508] * Found PM-Timer Bug on the chipset. Due to workarounds for a bug,\r\n[    0.356508] * this clock source is slow. Consider trying other clock sources\r\n[    0.364160] pci 0000:00:07.3: quirk: [io  0x0400-0x043f] claimed by PIIX4 ACPI\r\n[    0.377952] ACPI: PCI Interrupt Link [LNKA] (IRQs 3 4 5 7 9 10 *11 12 14 15)\r\n[    0.400187] ACPI: PCI Interrupt Link [LNKB] (IRQs 3 4 5 7 9 10 11 12 14 15) *0, disabled.\r\n[    0.428189] ACPI: PCI Interrupt Link [LNKC] (IRQs 3 4 5 7 9 10 11 12 14 15) *0, disabled.\r\n[    0.456193] ACPI: PCI Interrupt Link [LNKD] (IRQs 3 4 5 7 9 10 11 12 14 15) *0, disabled.\r\n[    0.484180] ACPI: Enabled 1 GPEs in block 00 to 0F\r\n[    0.488219] vgaarb: setting as boot device: PCI:0000:00:08.0\r\n[    0.492000] vgaarb: device added: PCI:0000:00:08.0,decodes=io+mem,owns=io+mem,locks=none\r\n[    0.492006] vgaarb: loaded\r\n[    0.496002] vgaarb: bridge control possible 0000:00:08.0\r\n[    0.500262] SCSI subsystem initialized\r\n[    0.504104] ACPI: bus type USB registered\r\n[    0.508026] usbcore: registered new interface driver usbfs\r\n[    0.512014] usbcore: registered new interface driver hub\r\n[    0.516043] usbcore: registered new device driver usb\r\n[    0.520208] PCI: Using ACPI for IRQ routing\r\n[    0.524487] NetLabel: Initializing\r\n[    0.528003] NetLabel:  domain hash size = 128\r\n[    0.532001] NetLabel:  protocols = UNLABELED CIPSOv4\r\n[    0.536016] NetLabel:  unlabeled traffic allowed by default\r\n[    0.540097] amd_nb: Cannot enumerate AMD northbridges\r\n[    0.544031] clocksource: Switched to clocksource hyperv_clocksource\r\n[    0.563250] AppArmor: AppArmor Filesystem Enabled\r\n[    0.572105] pnp: PnP ACPI init\r\n[    0.580501] system 00:06: [io  0x01e0-0x01ef] has been reserved\r\n[    0.591110] system 00:06: [io  0x0160-0x016f] has been reserved\r\n[    0.602170] system 00:06: [io  0x0278-0x027f] has been reserved\r\n[    0.613145] system 00:06: [io  0x0378-0x037f] has been reserved\r\n[    0.623590] system 00:06: [io  0x0678-0x067f] has been reserved\r\n[    0.634652] system 00:06: [io  0x0778-0x077f] has been reserved\r\n[    0.645566] system 00:06: [io  0x04d0-0x04d1] has been reserved\r\n[    0.656337] system 00:07: [io  0x0400-0x043f] has been reserved\r\n[    0.668384] system 00:07: [io  0x0370-0x0371] has been reserved\r\n[    0.679471] system 00:07: [io  0x0440-0x044f] has been reserved\r\n[    0.690357] system 00:07: [mem 0xfec00000-0xfec00fff] could not be reserved\r\n[    0.703256] system 00:07: [mem 0xfee00000-0xfee00fff] has been reserved\r\n[    0.716762] system 00:08: [mem 0x00000000-0x0009ffff] could not be reserved\r\n[    0.730187] system 00:08: [mem 0x000c0000-0x000dffff] could not be reserved\r\n[    0.743670] system 00:08: [mem 0x000e0000-0x000fffff] could not be reserved\r\n[    0.756516] system 00:08: [mem 0x00100000-0x1fffffff] could not be reserved\r\n[    0.769232] system 00:08: [mem 0xfffc0000-0xffffffff] has been reserved\r\n[    0.781088] pnp: PnP ACPI: found 9 devices\r\n[    0.794900] clocksource: acpi_pm: mask: 0xffffff max_cycles: 0xffffff, max_idle_ns: 2085701024 ns\r\n[    0.811332] NET: Registered protocol family 2\r\n[    0.820499] TCP established hash table entries: 32768 (order: 6, 262144 bytes)\r\n[    0.835322] TCP bind hash table entries: 32768 (order: 7, 524288 bytes)\r\n[    0.848371] TCP: Hash tables configured (established 32768 bind 32768)\r\n[    0.860960] UDP hash table entries: 2048 (order: 4, 65536 bytes)\r\n[    0.872356] UDP-Lite hash table entries: 2048 (order: 4, 65536 bytes)\r\n[    0.884713] NET: Registered protocol family 1\r\n[    0.893301] pci 0000:00:00.0: Limiting direct PCI/PCI transfers\r\n[    0.904308] Trying to unpack rootfs image as initramfs...\r\n[    1.597594] Freeing initrd memory: 36332K (ffff88001d3ff000 - ffff88001f77a000)\r\n[    1.611592] PCI-DMA: Using software bounce buffering for IO (SWIOTLB)\r\n[    1.623220] software IO TLB [mem 0x193ff000-0x1d3ff000] (64MB) mapped at [ffff8800193ff000-ffff88001d3fefff]\r\n[    1.640725] RAPL PMU detected, API unit is 2^-32 Joules, 3 fixed counters 10737418240 ms ovfl timer\r\n[    1.657011] hw unit of domain pp0-core 2^-0 Joules\r\n[    1.665851] hw unit of domain package 2^-0 Joules\r\n[    1.675087] hw unit of domain dram 2^-16 Joules\r\n[    1.683722] clocksource: tsc: mask: 0xffffffffffffffff max_cycles: 0x2283a6e062b, max_idle_ns: 440795261985 ns\r\n[    1.702331] Scanning for low memory corruption every 60 seconds\r\n[    1.715261] futex hash table entries: 16384 (order: 8, 1048576 bytes)\r\n[    1.728078] audit: initializing netlink subsys (disabled)\r\n[    1.738616] audit: type=2000 audit(1487227156.736:1): initialized\r\n[    1.750209] Initialise system trusted keyring\r\n[    1.759291] HugeTLB registered 2 MB page size, pre-allocated 0 pages\r\n[    1.772985] zbud: loaded\r\n[    1.778628] VFS: Disk quotas dquot_6.6.0\r\n[    1.786752] VFS: Dquot-cache hash table entries: 512 (order 0, 4096 bytes)\r\n[    1.799796] squashfs: version 4.0 (2009/01/31) Phillip Lougher\r\n[    1.810555] fuse init (API version 7.23)\r\n[    1.818625] Key type big_key registered\r\n[    1.826179] Allocating IMA MOK and blacklist keyrings.\r\n[    1.836533] Key type asymmetric registered\r\n[    1.844660] Asymmetric key parser 'x509' registered\r\n[    1.853590] Block layer SCSI generic (bsg) driver version 0.4 loaded (major 249)\r\n[    1.867667] io scheduler noop registered\r\n[    1.875330] io scheduler deadline registered (default)\r\n[    1.885265] io scheduler cfq registered\r\n[    1.893834] pci_hotplug: PCI Hot Plug PCI Core version: 0.5\r\n[    1.903880] pciehp: PCI Express Hot Plug Controller Driver version: 0.4\r\n[    1.916293] input: Power Button as /devices/LNXSYSTM:00/LNXPWRBN:00/input/input0\r\n[    1.929775] ACPI: Power Button [PWRF]\r\n[    1.937068] GHES: HEST is not enabled!\r\n[    1.944784] Serial: 8250/16550 driver, 32 ports, IRQ sharing enabled\r\n[    1.996332] 00:03: ttyS0 at I/O 0x3f8 (irq = 4, base_baud = 115200) is a 16550A\r\n[    2.049746] 00:04: ttyS1 at I/O 0x2f8 (irq = 3, base_baud = 115200) is a 16550A\r\n[    2.064454] Linux agpgart interface v0.103\r\n[    2.075717] brd: module loaded\r\n[    2.084052] loop: module loaded\r\n[    2.090623] ata_piix 0000:00:07.1: Hyper-V Virtual Machine detected, ATA device ignore set\r\n[    2.107366] scsi host0: ata_piix\r\n[    2.115087] scsi host1: ata_piix\r\n[    2.121624] ata1: PATA max UDMA/33 cmd 0x1f0 ctl 0x3f6 bmdma 0xffa0 irq 14\r\n[    2.134047] ata2: PATA max UDMA/33 cmd 0x170 ctl 0x376 bmdma 0xffa8 irq 15\r\n[    2.147348] libphy: Fixed MDIO Bus: probed\r\n[    2.155988] tun: Universal TUN/TAP device driver, 1.6\r\n[    2.165554] tun: (C) 1999-2004 Max Krasnyansky <maxk@qualcomm.com>\r\n[    2.177114] PPP generic driver version 2.4.2\r\n[    2.185249] ehci_hcd: USB 2.0 'Enhanced' Host Controller (EHCI) Driver\r\n[    2.197387] ehci-pci: EHCI PCI platform driver\r\n[    2.205978] ehci-platform: EHCI generic platform driver\r\n[    2.215565] ohci_hcd: USB 1.1 'Open' Host Controller (OHCI) Driver\r\n[    2.230389] ohci-pci: OHCI PCI platform driver\r\n[    2.238810] ohci-platform: OHCI generic platform driver\r\n[    2.248350] uhci_hcd: USB Universal Host Controller Interface driver\r\n[    2.260603] i8042: PNP: PS/2 Controller [PNP0303:PS2K,PNP0f03:PS2M] at 0x60,0x64 irq 1,12\r\n[    2.278415] serio: i8042 KBD port at 0x60,0x64 irq 1\r\n[    2.293249] serio: i8042 AUX port at 0x60,0x64 irq 12\r\n[    2.306796] mousedev: PS/2 mouse device common for all mice\r\n[    2.318592] ata2.00: ATAPI: Virtual CD, , max MWDMA2\r\n[    2.329214] rtc_cmos 00:00: RTC can wake from S4\r\n[    2.358705] ata2.00: configured for MWDMA2\r\n[    2.367793] input: AT Translated Set 2 keyboard as /devices/platform/i8042/serio0/input/input1\r\n[    2.384644] scsi 1:0:0:0: CD-ROM            Msft     Virtual CD/ROM   1.0  PQ: 0 ANSI: 5\r\n[    2.399837] rtc_cmos 00:00: rtc core: registered rtc_cmos as rtc0\r\n[    2.413685] sr 1:0:0:0: [sr0] scsi3-mmc drive: 0x/0x tray\r\n[    2.424004] cdrom: Uniform CD-ROM driver Revision: 3.20\r\n[    2.435233] rtc_cmos 00:00: alarms up to one month, 114 bytes nvram\r\n[    2.446862] i2c /dev entries driver\r\n[    2.454128] device-mapper: uevent: version 1.0.3\r\n[    2.463798] sr 1:0:0:0: Attached scsi generic sg0 type 5\r\n[    2.473998] device-mapper: ioctl: 4.34.0-ioctl (2015-10-28) initialised: dm-devel@redhat.com\r\n[    2.489190] ledtrig-cpu: registered to indicate activity on CPUs\r\n[    2.500762] NET: Registered protocol family 10\r\n[    2.509594] NET: Registered protocol family 17\r\n[    2.518141] Key type dns_resolver registered\r\n[    2.526360] microcode: CPU0 sig=0x306f2, pf=0x1, revision=0xffffffff\r\n[    2.537789] microcode: Microcode Update Driver: v2.01 <tigran@aivazian.fsnet.co.uk>, Peter Oruba\r\n[    2.553370] registered taskstats version 1\r\n[    2.561123] Loading compiled-in X.509 certificates\r\n[    2.570884] Loaded X.509 cert 'Build time autogenerated kernel key: f7bc719d96df7c6d6fed8f4b9fd5d4ff001383c8'\r\n[    2.587967] zswap: loaded using pool lzo/zbud\r\n[    2.598108] Key type trusted registered\r\n[    2.608153] Key type encrypted registered\r\n[    2.616549] AppArmor: AppArmor sha1 policy hashing enabled\r\n[    2.627212] ima: No TPM chip found, activating TPM-bypass!\r\n[    2.637284] evm: HMAC attrs: 0x1\r\n[    2.644519]   Magic number: 5:942:670\r\n[    2.651854] acpi LNXCPU:19: hash matches\r\n[    2.660117] rtc_cmos 00:00: setting system clock to 2017-02-16 06:39:18 UTC (1487227158)\r\n[    2.675121] BIOS EDD facility v0.16 2004-Jun-25, 0 devices found\r\n[    2.686195] EDD information not available.\r\n[    2.698678] Freeing unused kernel memory: 1480K (ffffffff81f43000 - ffffffff820b5000)\r\n[    2.712698] Write protecting the kernel read-only data: 14336k\r\n[    2.723945] Freeing unused kernel memory: 1804K (ffff88000183d000 - ffff880001a00000)\r\n[    2.738236] Freeing unused kernel memory: 144K (ffff880001ddc000 - ffff880001e00000)\r\nLoading, please wait...\r\nstarting version 229\r\n[    2.772819] random: udevadm: uninitialized urandom read (16 bytes read, 3 bits of entropy available)\r\n[    2.789823] random: systemd-udevd: uninitialized urandom read (16 bytes read, 3 bits of entropy available)\r\n[    2.808401] random: systemd-udevd: uninitialized urandom read (16 bytes read, 3 bits of entropy available)\r\n[    2.825062] random: udevadm: uninitialized urandom read (16 bytes read, 3 bits of entropy available)\r\n[    2.841125] random: udevadm: uninitialized urandom read (16 bytes read, 3 bits of entropy available)\r\n[    2.858045] random: systemd-udevd: uninitialized urandom read (16 bytes read, 3 bits of entropy available)\r\n[    2.876431] random: udevadm: uninitialized urandom read (16 bytes read, 3 bits of entropy available)\r\n[    2.892783] random: systemd-udevd: uninitialized urandom read (16 bytes read, 3 bits of entropy available)\r\n[    2.910250] random: udevadm: uninitialized urandom read (16 bytes read, 3 bits of entropy available)\r\n[    2.927563] random: udevadm: uninitialized urandom read (16 bytes read, 3 bits of entropy available)\r\n[    2.998064] FUJITSU Extended Socket Network Device Driver - version 1.0 - Copyright (c) 2015 FUJITSU LIMITED\r\n[    3.033803] clocksource: hyperv_clocksource_tsc_page: mask: 0xffffffffffffffff max_cycles: 0x24e6a1710, max_idle_ns: 440795202120 ns\r\n[    3.067118] Floppy drive(s): fd0 is 1.44M\r\n[    3.125510] FDC 0 is an 82078.\r\n[    3.142842] AVX2 version of gcm_enc/dec engaged.\r\n[    3.151719] AES CTR mode by8 optimization enabled\r\n[    3.162228] clocksource: Switched to clocksource hyperv_clocksource_tsc_page\r\n[    3.488057] psmouse serio1: trackpoint: failed to get extended button data\r\n[    3.607809] hv_vmbus: Hyper-V Host Build:9600-6.3-18-0.18190; Vmbus version:3.0\r\n[    3.621292] hv_vmbus: Unknown GUID: f8e65716-3cb3-4a06-9a60-1889c5cccab5\r\n[    3.634704] hv_vmbus: registering driver hyperv_fb\r\n[    3.644182] hv_vmbus: Unknown GUID: 3375baf4-9e15-4b30-b765-67acb10d607b\r\n[    3.661737] hv_vmbus: registering driver hyperv_keyboard\r\n[    3.672655] hv_vmbus: Unknown GUID: 276aacf4-ac15-426c-98dd-7521ad3f01fe\r\n[    3.690508] hv_utils: Registering HyperV Utility Driver\r\n[    3.700848] hv_vmbus: registering driver hv_util\r\n[    3.716103] hidraw: raw HID events driver (C) Jiri Kosina\r\n[    3.730743] hv_vmbus: registering driver hv_storvsc\r\n[    3.741830] hv_vmbus: registering driver hid_hyperv\r\n[    3.751353] hyperv_fb: Screen resolution: 1152x864, Color depth: 32\r\n[    3.766519] Console: switching to colour frame buffer device 144x54\r\n[    3.784350] hv_vmbus: registering driver hv_netvsc\r\n[    3.800477] scsi host2: storvsc_host_t\r\n[    3.807513] scsi 2:0:0:0: Direct-Access     Msft     Virtual Disk     1.0  PQ: 0 ANSI: 4\r\n[    3.823795] sd 2:0:0:0: [sda] 61440000 512-byte logical blocks: (31.5 GB/29.3 GiB)\r\n[    3.838454] sd 2:0:0:0: Attached scsi generic sg1 type 0\r\n[    3.848783] input: Microsoft Vmbus HID-compliant Mouse as /devices/0006:045E:0621.0001/input/input4\r\n[    3.865924] sd 2:0:0:0: [sda] Write Protect is off\r\n[    3.874850] sd 2:0:0:0: [sda] Write cache: enabled, read cache: enabled, supports DPO and FUA\r\n[    3.890331] hid 0006:045E:0621.0001: input: <UNKNOWN> HID v0.01 Mouse [Microsoft Vmbus HID-compliant Mouse] on \r\n[    3.909820] hv_netvsc: hv_netvsc channel opened successfully\r\n[    3.919600]  sda: sda1\r\n[    3.930599] sd 2:0:0:0: [sda] Attached SCSI disk\r\n[    4.073910] hv_netvsc vmbus_14: Send section size: 6144, Section count:2560\r\n[    4.091604] hv_netvsc vmbus_14: Device MAC 00:0d:3a:a1:74:e7 link state up\r\n[    4.116455] scsi host3: storvsc_host_t\r\n[    4.123723] scsi 3:0:1:0: Direct-Access     Msft     Virtual Disk     1.0  PQ: 0 ANSI: 4\r\n[    4.143314] sd 3:0:1:0: Attached scsi generic sg2 type 0\r\n[    4.152883] sd 3:0:1:0: [sdb] 104857600 512-byte logical blocks: (53.7 GB/50.0 GiB)\r\n[    4.168832] sd 3:0:1:0: [sdb] 4096-byte physical blocks\r\n[    4.191648] sd 3:0:1:0: [sdb] Write Protect is off\r\n[    4.201158] sd 3:0:1:0: [sdb] Write cache: enabled, read cache: enabled, supports DPO and FUA\r\n[    4.218839] scsi host4: storvsc_host_t\r\n[    4.229702]  sdb: sdb1\r\n[    4.235762] sd 3:0:1:0: [sdb] Attached SCSI disk\r\n[    4.244942] scsi host5: storvsc_host_t\r\nBegin: Loading essential drivers ...
[    5.586626] md: linear personality registered for level -1\r\n[    5.602020] md: multipath personality registered for level -4\r\n[    5.617406] md: raid0 personality registered for level 0\r\n[    5.631067] md: raid1 personality registered for level 1\r\n[    5.712015] raid6: sse2x1   gen()  6109 MB/s\r\n[    5.788013] raid6: sse2x1   xor()  4833 MB/s\r\n[    5.864014] raid6: sse2x2   gen()  7830 MB/s\r\n[    5.940013] raid6: sse2x2   xor()  5333 MB/s\r\n[    6.016347] raid6: sse2x4   gen()  8771 MB/s\r\n[    6.092013] raid6: sse2x4   xor()  6334 MB/s\r\n[    6.168014] raid6: avx2x1   gen() 11746 MB/s\r\n[    6.244015] raid6: avx2x2   gen() 13830 MB/s\r\n[    6.320009] raid6: avx2x4   gen() 16363 MB/s\r\n[    6.328214] raid6: using algorithm avx2x4 gen() 16363 MB/s\r\n[    6.338588] raid6: using avx2x2 recovery algorithm\r\n[    6.351079] xor: automatically using best checksumming function:\r\n[    6.400005]    avx       : 19519.000 MB/sec\r\n[    6.410789] async_tx: api initialized (async)\r\n[    6.435389] md: raid6 personality registered for level 6\r\n[    6.445679] md: raid5 personality registered for level 5\r\n[    6.455819] md: raid4 personality registered for level 4\r\n[    6.472197] md: raid10 personality registered for level 10\r\ndone.\r\nBegin: Running /scripts/init-premount ... done.\r\nBegin: Mounting root file system ... Begin: Running /scripts/local-top ... done.\r\nBegin: Running /scripts/local-premount ...
[    6.545798] Btrfs loaded\r\nScanning for Btrfs filesystems\r\n[    6.660113] blk_update_request: I/O error, dev fd0, sector 0\r\n[    6.664011] floppy: error -5 while reading block 0\r\ndone.\r\nWarning: fsck not present, so skipping root file system\r\n[    6.818600] EXT4-fs (sda1): mounted filesystem with ordered data mode. Opts: (null)\r\ndone.\r\nBegin: Running /scripts/local-bottom ... done.\r\nBegin: Running /scripts/init-bottom ... Warning: overlayroot: debug is busted\r\n[    6.998756] random: nonblocking pool is initialized\r\ndone.\r\n[    8.816925] systemd[1]: systemd 229 running in system mode. (+PAM +AUDIT +SELINUX +IMA +APPARMOR +SMACK +SYSVINIT +UTMP +LIBCRYPTSETUP +GCRYPT +GNUTLS +ACL +XZ -LZ4 +SECCOMP +BLKID +ELFUTILS +KMOD -IDN)\r\n[    8.852286] systemd[1]: Detected virtualization microsoft.\r\n[    8.862768] systemd[1]: Detected architecture x86-64.\r\n[    8.960078] psmouse serio1: trackpoint: IBM TrackPoint firmware: 0x01, buttons: 0/0\r\n[    8.976699] input: TPPS/2 IBM TrackPoint as /devices/platform/i8042/serio1/input/input3\r\n[    8.992973] input: AT Translated Set 2 keyboard as /devices/LNXSYSTM:00/LNXSYBUS:00/PNP0A03:00/device:07/VMBUS:01/vmbus_5/serio2/input/input5\r\n\r\nWelcome to \u001b[1mUbuntu 16.04.1 LTS\u001b[0m!\r\n\r\n[    9.127543] systemd[1]: Set hostname to <ubuntu>.\r\n[    9.198936] systemd[1]: Initializing machine ID from random generator.\r\n[    9.212819] systemd[1]: Installed transient /etc/machine-id file.\r\n[   10.138097] systemd[1]: Started Forward Password Requests to Wall Directory Watch.\r\n[\u001b[0;32m  OK  \u001b[0m] Started Forward Password Requests to Wall Directory Watch.\r\n[   10.170051] systemd[1]: Created slice User and Session Slice.\r\n[\u001b[0;32m  OK  \u001bm] Created slice User and Session Slice.\r\n[   10.194020] systemd[1]: Listening on /dev/initctl Compatibility Named Pipe.\r\n[\u001b[0;32m  OK  \u001b[0m] Listening on /dev/initctl Compatibility Named Pipe.\r\n[   10.222572] systemd[1]: Created slice System Slice.\r\n[\u001b[0;32m  OK  \u001b[0m] Created slice System Slice.\r\n[   10.245030] systemd[1]: Listening on LVM2 metadata daemon socket.\r\n[\u001b[0;32m  OK  \u001b[0m] Listening on LVM2 metadata daemon socket.\r\n[   10.274263] systemd[1]: Listening on udev Kernel Socket.\r\n[\u001b[0;32m  OK  \u001b[0m] Listening on udev Kernel Socket.\r\n[   10.298014] systemd[1]: Reached target Encrypted Volumes.\r\n[\u001b[0;32m  OK  \u001b[0m] Reached target Encrypted Volumes.\r\n[   10.324049] systemd[1]: Created slice system-serial\\x2dgetty.slice.\r\n[\u001b[0;32m  OK  \u001b[0m] Created slice system-serial\\x2dgetty.slice.\r\n[   10.352372] systemd[1]: Reached target User and Group Name Lookups.\r\n[\u001b[0;32m  OK  \u001b[0m] Reached target User and Group Name Lookups.\r\n[   10.379154] systemd[1]: Listening on Journal Audit Socket.\r\n[\u001b[0;32m  OK  \u001b[0m] Listening on Journal Audit Socket.\r\n[   10.404477] systemd[1]: Listening on LVM2 poll daemon socket.\r\n[\u001b[0;32m  OK  \u001b[0m] Listening on LVM2 poll daemon socket.\r\n[   10.434007] systemd[1]: Reached target Swap.\r\n[\u001b[0;32m  OK  \u001b[0m] Reached target Swap.\r\n[   10.455170] systemd[1]: Listening on udev Control Socket.\r\n[\u001b[0;32m  OK  \u001b[0m] Listening on udev Control Socket.\r\n[   10.481487] systemd[1]: Listening on Journal Socket (/dev/log).\r\n[\u001b[0;32m  OK  \u001b[0m] Listening on Journal Socket (/dev/log).\r\n[   10.507178] systemd[1]: Listening on Syslog Socket.\r\n[\u001b[0;32m  OK  \u001b[0m] Listening on Syslog Socket.\r\n[   10.529153] systemd[1]: Listening on Device-mapper event daemon FIFOs.\r\n[\u001b[0;32m  OK  \u001b[0m] Listening on Device-mapper event daemon FIFOs.\r\n[   10.557098] systemd[1]: Set up automount Arbitrary Executable File Formats File System Automount Point.\r\n[\u001b[0;32m  OK  \u001b[0m] Set up automount Arbitrary Executab...ats File System Automount Point.\r\n[   10.591360] systemd[1]: Reached target Slices.\r\n[\u001b[0;32m  OK  \u001b[0m] Reached target Slices.\r\n[   10.613086] systemd[1]: Listening on Journal Socket.\r\n[\u001b[0;32m  OK  \u001b[0m] Listening on Journal Socket.\r\n[   10.636539] systemd[1]: Starting Journal Service...\r\n         Starting Journal Service...\r\n[   10.658245] systemd[1]: Starting Set console keymap...\r\n         Starting Set console keyma\r\n[   10.682564] systemd[1]: Starting Uncomplicated firewall...\r\n         Starting Uncomplicated firewall...\r\n[   10.709568] systemd[1]: Starting Monitoring of LVM2 mirrors, snapshots etc. using dmeventd or progress polling...\r\n         Starting Monitoring of LVM2 mirrors... dmeventd or progress polling...\r\n[   10.760431] systemd[1]: Starting Nameserver information manager...\r\n         Starting Nameserver information manager...\r\n[   10.787934] systemd[1]: Starting Create list of required static device nodes for the current kernel...\r\n         Starting Create list of required st... nodes for the current kernel...\r\n[   10.845134] systemd[1]: Mounting Huge Pages File System...\r\n         Mounting Huge Pages File System...\r\n[   10.882081] systemd[1]: Mounting POSIX Message Queue File System...\r\n         Mounting POSIX Message Queue File System...\r\n[   10.932173] systemd[1]: Starting Load Kernel Modules...\r\n         Starting Load Kernel Modules...\r\n[   10.970779] systemd[1]: Starting Remount Root and Kernel File Systems...\r\n         Starting Remount Root and Kernel File Systems...\r\n[   10.999546] systemd[1]: Mounting Debug File System...\r\n        
[   11.020815] EXT4-fs (sda1): re-mounted. Opts: discard\r\nMounting Debug File System...\r\n[   11.041644] systemd[1]: Mounted Huge Pages File System.\r\n[\u001b[0;32m  OK  \u001b[0m] Mounted Huge Pages File System.\r\n[   11.070702] systemd[1]: Mounted POSIX Message Queue File System.\r\n[\u001b[0;32m  OK  \u001b[0m[   11.091877] Loading iSCSI transport class v2.0-870.\r\n] Mounted POSIX Message Queue File System.\r\n[   11.111619] systemd[1]: Mounted Debug File System.\r\n[\u001b[0;32m  OK  \u001b[0m] Mounted Debug File System.\r\n[   11.137290] systemd[1]: Started Journal Service.\r\n[\u001b[0;32m  OK  \u001b[0m] Started Journal Service.\r\n[   11.165188] iscsi: registered transport (tcp)\r\n[\u001b[0;32m  OK  \u001b[0m] Started Set console keymap.\r\n[\u001b[0;32m  OK  \u001b[0m] Started Uncomplicated firewall.\r\n[\u001b[0;32m  OK  \u001b[0m] Started Create list of required sta...ce nodes for the current kernel.\r\n[\u001b[0;32m  OK  \u001b[0m] Started Remount Root and Kernel File Systems.\r\n[\u001b[0;32m  OK  \u001b[0m] Started Nameserver information manager.\r\n[   11.330121] iscsi: registered transport (iser)\r\n[\u001b[0;32m  OK  \u001b[0m] Started Load Kernel Modules.\r\n         Starting Apply Kernel Variables...\r\n         Mounting FUSE Control File System...\r\n[\u001b[0;32m  OK  \u001b[0m] Started LVM2 metadata daemon.\r\n         Starting udev Coldplug all Devices...\r\n         Starting Load/Save Random Seed...\r\n         Starting Create Static Device Nodes in /dev...\r\n         Starting Flush Journal to Persistent Storage...\r\n[\u001b[0;32m  OK  \u001b[0m] Mounted FUSE Control File System.\r\n[\u001b[0;32m  OK  \u001b[0m] Started Apply Kernel Variables.\r\n[\u001b[0;32m  OK  \u001b[0m] Started Load/Save Random Seed.\r\n[\u001b[0;32m  OK  \u001b[0m] Started udev Coldplug all Devices.\r\n[\u001b[0;32m  OK  \u001b[0m] Started Monitoring of LVM2 mirrors,...ng dmeventd or progress polling.\r\n[\u001b[0;32m  OK  \u001b[0m] Started Flush Journal to Persistent Storage.\r\n[\u001b[0;32m  OK  \u001b[0m] Started Create Static Device Nodes in /dev.\r\n         Starting udev Kernel Device Manager...\r\n[\u001b[0;32m  OK  \u001b[0m] Started udev Kernel Device Manager.\r\n[\u001b[0;32m  OK  \u001b[0m] Started Dispatch Password Requests to Console Directory Watch.\r\n[\u001b[0;32m  OK  \u001b[0m] Reached target Local File Systems (Pre).\r\n         Mounting /etc/network/interfaces.dynamic.d...\r\n[\u001b[0;32m  OK  \u001b[0m] Mounted /etc/network/interfaces.dynamic.d.\r\n[\u001b[0;32m  OK  \u001b[0m] Reached target Local File Systems.\r\n         Starting Create Volatile Files and Directories...\r\n         Starting Tell Plymouth To Write Out Runtime Data...\r\n         Starting Run snappy firstboot setup...\r\n         Starting Set console font and keymap...\r\n         Starting LSB: AppArmor initialization...\r\n         Starting Initial cloud-init job (pre-networking)...\r\n         Starting Commit a transient machine-id on disk...\r\n[\u001b[0;32m  OK  \u001b[0m] Started Create Volatile Files and Directories.\r\n[\u001b[0;32m  OK  \u001b[0m] Started Tell Plymouth To Write Out Runtime Data.\r\n[\u001b[0;32m  OK  \u001b[0m] Started Commit a transient machine-id on disk.\r\n[   12.919834] piix4_smbus 0000:00:07.3: SMBus base address uninitialized - upgrade BIOS or use force_addr=0xaddr\r\n         Starting Network Time Synchronization...\r\n         Starting Update UTMP about System Boot/Shutdown...\r\n[\u001b[0;32m  OK  \u001b[0m] Started Network Time Synchronization.\r\n[\u001b[0;32m  OK  \u001b[0m] Reached target System Time Synchronized.\r\n[\u001b[0;32m  OK  \u001b[0m] Started Update UTMP about System Boot/Shutdown.\r\n[\u001b[0;32m  OK  \u001b[0m] Found device /dev/ttyS0.\r\n[\u001b[0;32m  OK  \u001b[0m] Started Set console font and keymap.\r\n[\u001b[0;32m  OK  \u001b[0m] Created slice system-getty.slice.\r\n[\u001b[0;32m  OK  \u001b[0m] Listening on Load/Save RF Kill Switch Status /dev/rfkill Watch.[   13.493748] intel_rapl: no valid rapl domains found in package 0\r\n\r\n[\u001b[0;32m  OK  \u001b[0m] Started Run snappy firstboot setup.\r\n[\u001b[0;32m  OK  \u001b[0m] Started LSB: AppArmor initialization.\r\n[\u001b[0;32m  OK  \u001b[0m] Reached target System Initialization.\r\n[\u001b[0;32m  OK  \u001b[0m] Started Timer to automatically refresh installed snaps.\r\n         Starting LXD - unix socket.\r\n         Starting Socket activation for snappy daemon.\r\n[\u001b[0;32m  OK  \u001b[0m] Started Daily apt activities.\r\n[\u001b[0;32m  OK  \u001b[0m] Listening on UUID daemon activation socket.\r\n[\u001b[0;32m  OK  \u001b[0m] Started Trigger resolvconf update for networkd DNS.\r\n[\u001b[0;32m  OK  \u001b[0m] Started ACPI Events Check.\r\n[\u001b[0;32m  OK  \u001b[0m] Reached target Paths.\r\n[\u001b[0;32m  OK  \u001b[0m] Listening on ACPID Listen Socket.\r\n[\u001b[0;32m  OK  \u001b[0m] Started Daily Cleanup of Temporary Directories.\r\n[\u001b[0;32m  OK  \u001b[0m] Reached target Timers.\r\n[\u001b[0;32m  OK  \u001b[0m] Listening on D-Bus System Message Bus Socket.\r\n[\u001b[0;32m  OK  \u001b[0m] Listening on LXD - unix socket.\r\n[\u001b[0;32m  OK  \u001b[0m] Listening on Socket activation for snappy daemon.\r\n[\u001b[0;32m  OK  \u001b[0m] Reached target Sockets.\r\n[\u001b[0;32m  OK  \u001b[0m] Reached target Basic System.\r\n[\u001b[0;32m  OK  \u001b[0m] Started Regular background program processing daemon.\r\n[\u001b[0;32m  OK  \u001b[0m] Started Deferred execution scheduler.\r\n         Starting Thermal Daemon Service...\r\n         Starting Accounts Service...\r\n[\u001b[0;32m  OK  \u001b[0m] Started ACPI event daemon.\r\n[\u001b[0;32m  OK  \u001b[0m] Started FUSE filesystem for LXC.\r\n[\u001b[0;32m  OK  \u001b[0m] Started Hyper-V KVP Protocol Daemon.\r\n[\u001b[0;32m  OK  \u001b[0m] Started D-Bus System Message Bus.\r\n[\u001b[0;32m  OK  \u001b[0m] Started Snappy daemon.\r\n[\u001b[0;32m  OK  \u001b[0m] Started Hyper-V VSS Protocol Daemon.\r\n         Starting LSB: Record successful boot for GRUB...\r\n         Starting Login Service...\r\n         Starting System Logging Service...\r\n         Starting LXD - container startup/shutdown...\r\n[\u001b[0;32m  OK  \u001b[0m] Started Hyper-V File Copy Protocol Daemon.\r\n         Starting LSB: MD monitoring daemon...\r\n[\u001b[0;32m  OK  \u001b[0m] Started Name Service Cache Daemon.\r\n[\u001b[0;32m  OK  \u001b[0m] Started System Logging Service.\r\n[\u001b[0;32m  OK  \u001b[0m] Started Thermal Daemon Service.\r\n[\u001b[0;32m  OK  \u001b[0m] Started Login Service.\r\n         Starting Authenticate and Authorize Users to Run Privileged Tasks...\r\n[\u001b[0;32m  OK  \u001b[0m] Started LSB: MD monitoring daemon.\r\n[\u001b[0;32m  OK  \u001b[0m] Started LSB: Record successful boot for GRUB.\r\n[\u001b[0;32m  OK  \u001b[0m] Started Authenticate and Authorize Users to Run Privileged Tasks.\r\n[\u001b[0;32m  OK  \u001b[0m] Started Accounts Service.\r\n[   18.468442] cloud-init[581]: Cloud-init v. 0.7.8 running 'init-local' at Thu, 16 Feb 2017 06:39:35 +0000. Up 18.15 seconds.\r\n[\u001b[0;32m  OK  \u001b[0m] Started Initial cloud-init job (pre-networking).\r\n[\u001b[0;32m  OK  \u001b[0m] Reached target Network (Pre).\r\n         Starting Raise network interfaces...\r\n[\u001b[0;32m  OK  \u001b[0m] Started LXD - container startup/shutdown.\r\n[\u001b[0;32m  OK  \u001b[0m] Started Raise network interfaces.\r\n[\u001b[0;32m  OK  \u001b[0m] Reached target Network.\r\n         Starting Initial cloud-init job (metadata service crawler)...\r\n[   20.740120] blk_update_request: I/O error, dev fd0, sector 0\r\n[   20.796162] blk_update_request: I/O error, dev fd0, sector 0\r\n[   21.032858] cloud-init[1103]: + i=eth0\r\n[   21.061265] cloud-init[1103]: + x=0\r\n[   21.079298] cloud-init[1103]: + ifdown eth0\r\n[   21.092883] cloud-init[1103]: Killed old client process\r\n[   22.067820] cloud-init[1103]: Internet Systems Consortium DHCP Client 4.3.3\r\n[   22.087193] cloud-init[1103]: Copyright 2004-2015 Internet Systems Consortium.\r\n[   22.105338] cloud-init[1103]: All rights reserved.\r\n[   22.134101] cloud-init[1103]: For info, please visit https://www.isc.org/software/dhcp/\r\n[   22.173748] cloud-init[1103]: Listening on LPF/eth0/00:0d:3a:a1:74:e7\r\n[   22.208235] cloud-init[1103]: Sending on   LPF/eth0/00:0d:3a:a1:74:e7\r\n[   22.239609] cloud-init[1103]: Sending on   Socket/fallback\r\n[   22.274901] cloud-init[1103]: DHCPRELEASE on eth0 to 168.63.129.16 port 67 (xid=0x1ea08516)\r\n[   22.695238] cloud-init[1103]: + ifup eth0\r\n[   22.719746] cloud-init[1103]: Internet Systems Consortium DHCP Client 4.3.3\r\n[   22.739296] cloud-init[1103]: Copyright 2004-2015 Internet Systems Consortium.\r\n[   22.756440] cloud-init[1103]: All rights reserved.\r\n[   22.776235] cloud-init[1103]: For info, please visit https://www.isc.org/software/dhcp/\r\n[   22.824372] cloud-init[1103]: Listening on LPF/eth0/00:0d:3a:a1:74:e7\r\n[   22.857653] cloud-init[1103]: Sending on   LPF/eth0/00:0d:3a:a1:74:e7\r\n[   22.892364] cloud-init[1103]: Sending on   Socket/fallback\r\n[   22.924241] cloud-init[1103]: DHCPDISCOVER on eth0 to 255.255.255.255 port 67 interval 3 (xid=0xbee25e5d)\r\n[   22.964487] cloud-init[1103]: DHCPREQUEST of 10.0.0.4 on eth0 to 255.255.255.255 port 67 (xid=0x5d5ee2be)\r\n[   23.004068] cloud-init[1103]: DHCPOFFER of 10.0.0.4 from 168.63.129.16\r\n[   23.036024] cloud-init[1103]: DHCPACK of 10.0.0.4 from 168.63.129.16\r\n[   23.521798] cloud-init[1103]: bound to 10.0.0.4 -- renewal in 4294967294 seconds.\r\n[   23.559919] cloud-init[1103]: + exit 0\r\n[\u001b[0;32m  OK  \u001b[0m] Started Azure Linux Agent.\r\n2017/02/16 06:39:41.062196 INFO Azure Linux Agent Version:2.1.3\r\n2017/02/16 06:39:41.075787 INFO OS: ubuntu 16.04\r\n2017/02/16 06:39:41.085942 INFO Python: 3.5.2\r\n2017/02/16 06:39:41.096498 INFO Run daemon\r\n2017/02/16 06:39:41.106863 INFO run Ubuntu provision handler\r\n2017/02/16 06:39:41.118242 INFO Waiting cloud-init to copy ovf-env.xml.\r\n2017/02/16 06:39:41.135439 INFO Detect protocol endpoints\r\n2017/02/16 06:39:41.147780 INFO WireServer endpoint is not found. Rerun dhcp handler\r\n2017/02/16 06:39:41.162242 INFO Send dhcp request\r\n2017/02/16 06:39:41.404737 INFO Configure routes\r\n2017/02/16 06:39:41.415600 INFO Gateway:10.0.0.1\r\n2017/02/16 06:39:41.426681 INFO Routes:None\r\n2017/02/16 06:39:41.439294 INFO Wire server endpoint:168.63.129.16\r\n2017/02/16 06:39:41.460028 INFO Fabric preferred wire protocol version:2015-04-05\r\n2017/02/16 06:39:41.476873 INFO Wire protocol version:2012-11-30\r\n2017/02/16 06:39:41.493268 WARNING Server prefered version:2015-04-05\r\n[   28.528102] blk_update_request: I/O error, dev fd0, sector 0\r\n[   28.584108] blk_update_request: I/O error, dev fd0, sector 0\r\n2017/02/16 06:39:46.052828 INFO Sleep 15 seconds to prevent throttling\r\n[   30.977683] cloud-init[1103]: Cloud-init v. 0.7.8 running 'init' at Thu, 16 Feb 2017 06:39:37 +0000. Up 20.36 seconds.\r\n[   31.024024] cloud-init[1103]: ci-info: ++++++++++++++++++++++++++++++++++++++Net device info++++++++++++++++++++++++++++++++++++++\r\n[   31.068400] [\u001b[0;32m  OK  \u001b[0mcloud-init[1103]: ] Started Initial cloud-init job (metadata service crawler).ci-info: +--------+------+-----------------------------+---------------+-------+-------------------+\r\n[\u001b[0;32m  OK  \u001b[0m] Reached target Cloud-config availability.\r\n[   31.116833] cloud-init\r\n[\u001b[0;32m  OK  \u001b[0m[1103]: ci-info: | Device |  Up  |           Address           |      Mask     | Scope |     Hw-Address    |] Reached target Network is Online.\r\n\r\n[   31.150962] cloud-init[1103]: ci-info: +--------+------+-----------------------------+---------------+-------+-------------------+\r\n[   31.174810] cloud-init[1103]: ci-info: |  eth0  | True |           10.0.0.4          | 255.255.255.0 |   .   | 00:0d:3a:a1:74:e7 |\r\n[   31.197759] cloud-init         [1103]: Starting Pollinate to seed the pseudo random number generator...ci-info: |  eth0  | True | fe80::20d:3aff:fea1:74e7/64 |       .       |  link | 00:0d:3a:a1:74:e7 |\r\n         Starting Apply the settings specified in cloud-config...\r\n[   31.248334] cloud-init\r\n         Starting iSCSI initiator daemon (iscsid)...[1103]: \r\n         Starting /etc/rc.local Compatibility...ci-info: |   lo   | True |          127.0.0.1          |   255.0.0.0   |   .   |         .         |\r\n[\u001b[0;32m  OK  \u001b[0m] Started /etc/rc.local Compatibility.\r\n\r\n[   31.370436] cloud-init[1103]: ci-info: |   lo   | True |           ::1/128           |       .       |  host |         .         |\r\n[   31.428203] [\u001b[0;32m  OK  \u001b[0m] Started iSCSI initiator daemon (iscsid).cloud-init[1103]: \r\n         Starting Login to default iSCSI targets...ci-info: +--------+------+-----------------------------+---------------+-------+-------------------+\r\n\r\n[   31.529510] cloud-init[1103]: ci-info: ++++++++++++++++++++++++++++++Route IPv4 info+++++++++++++++++++++++++++++++[\u001b[0;32m  OK  \u001b[0m] Started Login to default iSCSI targets.\r\n\r\n[\u001b[0;32m  OK  \u001b[0m[   31.634766] ] Reached target Remote File Systems (Pre).cloud-init[1103]: \r\n[\u001b[0;32m  OK  \u001b[0m] Reached target Remote File Systems.ci-info: +-------+-----------------+----------+-----------------+-----------+-------+\r\n         Starting LSB: automatic crash report generation...\r\n\r\n[   31.761367]          Starting Permit User Sessions...cloud-init\r\n         [1103]: ci-info: | Route |   Destination   | Gateway  |     Genmask     | Interface | Flags |Starting LSB: daemon to balance interrupts for SMP systems...\r\n         Starting LSB: Set the CPU Frequency Scaling governor to \"ondemand\"...\r\n[\u001b[0;32m  OK  \u001b[0m] Started Permit User Sessions.\r\n[   31.863702] \r\ncloud-init[1103]: ci-info: +-------+-----------------+----------+-----------------+-----------+-------+         Starting Hold until boot process finishes up...\r\n         Starting Terminate Plymouth Boot Screen...\r\n\r\n[   31.959387] [\u001b[0;32m  OK  \u001b[0mcloud-init] Started Hold until boot process finishes up.[1103]: ci-info: |   0   |     0.0.0.0     | 10.0.0.1 |     0.0.0.0     |    eth0   |   UG  |\r\n[\u001b[0;32m  OK  \u001b[0m] Started Terminate Plymouth Boot Screen.\r\n[\u001b[0;32m  OK  \u001b[0m\r\n] Started Serial Getty on ttyS0.[   32.055845] \r\n[\u001b[0;32m  OK  \u001b[0m] Started Getty on tty1.cloud-init\r\n[\u001b[0;32m  OK  \u001b[0m] Reached target Login Prompts.[1103]: ci-info: |   1   |     10.0.0.0    | 0.0.0.0  |  255.255.255.0  |    eth0   |   U   |\r\n         Starting Set console scheme...\r\n[\u001b[0;32m  OK  \u001b[0m] Started LSB: automatic crash report generation.\r\n\r\n[\u001b[0;32m  OK  \u001b[0m[   32.161733] ] Started LSB: daemon to balance interrupts for SMP systems.cloud-init[1103]: \r\n[ci-info: |   2   |  168.63.129.16  | 10.0.0.1 | 255.255.255.255 |    eth0   |  UGH  |\u001b[0;32m  OK  \u001b[0m] Started LSB: Set the CPU Frequency Scaling governor to \"ondemand\".\r\n[\u001b[0;32m  OK  \u001b[0m] Started Set console scheme.\r\n\r\n[   32.240253] cloud-init[1103]: ci-info: |   3   | 169.254.169.254 | 10.0.0.1 | 255.255.255.255 |    eth0   |  UGH  |\r\n[   32.288199] cloud-init[1103]: ci-info: +-------+-----------------+----------+-----------------+-----------+-------+\r\n[   32.336568] cloud-init[1103]: Generating public/private rsa key pair.\r\n[   32.368140] cloud-init[1103]: Your identification has been saved in /etc/ssh/ssh_host_rsa_key.\r\n[   32.405214] cloud-init[1103]: Your public key has been saved in /etc/ssh/ssh_host_rsa_key.pub.\r\n[   32.445458] cloud-init[1103]: The key fingerprint is:\r\n[   32.474368] cloud-init[1103]: SHA256:sdQ2WzsaUDbjUrrjHfpCBhXNXyt5AL97I2jvtQq8PsQ root@xplatvm\r\n[   32.514078] cloud-init[1103]: The key's randomart image is:\r\n[   32.548153] cloud-init[1103]: +---[RSA 2048]----+\r\n[   32.580175] cloud-init[1103]: |        .+B.     |\r\n[   32.608147] cloud-init[1103]: |        .Bo+. .  |\r\n[   32.640025] cloud-init[1103]: |       .* =.o+ . |\r\n[   32.668156] cloud-init[1103]: |      .. B ++oo  |\r\n[   32.700144] cloud-init[1103]: |       .S.+ +o   |\r\n[   32.728153] cloud-init[1103]: |       .o=E= o   |\r\n[   32.756141] cloud-init[1103]: |       oo.B o +  |\r\n[   32.783281] cloud-init[1103]: |        .o.+ + o |\r\n[   32.810482] cloud-init[1103]: |         o+o+..  |\r\n[   32.836572] cloud-init[1103]: +----[SHA256]-----+\r\n[   32.859617] cloud-init[1103]: Generating public/private dsa key pair.\r\n[   32.875897] cloud-init[1103]: Your identification has been saved in /etc/ssh/ssh_host_dsa_key.\r\n[   32.895120] cloud-init[1103]: Your public key has been saved in /etc/ssh/ssh_host_dsa_key.pub.\r\n[   32.919640] cloud-init[1103]: The key fingerprint is:\r\n[   32.953606] cloud-init[1103]: SHA256:cD9kQscUHwMUfsC2QRkNOX4xQHydMhvqKSOQNFFpmXU root@xplatvm\r\n[   32.978184] cloud-init[1103]: The key's randomart image is:\r\n[   33.003858] cloud-init[1103]: +---[DSA 1024]----+\r\n[   33.030276] cloud-init[1103]: |    .o.=oOE@o. . |\r\n[   33.053879] cloud-init[1103]: |    o =. +XoOoo  |\r\n[   33.100242] cloud-init[1103]: |   . +. oo+*oB   |\r\n[   33.128022] cloud-init[1103]: |    o  o =+.o    |\r\n[   33.160230] cloud-init[1103]: |     .  S.oo     |\r\n[   33.188462] cloud-init[1103]: |      . o o.     |\r\n[   33.216195] cloud-init[1103]: |       . o       |\r\n[   33.246729] cloud-init[1103]: |                 |\r\n[   33.263075] cloud-init[1103]: |                 |\r\n[   33.292497] cloud-init[1103]: +----[SHA256]-----+\r\n[   33.322596] cloud-init[1103]: Generating public/private ecdsa key pair.\r\n[   33.343411] cloud-init[1103]: Your identification has been saved in /etc/ssh/ssh_host_ecdsa_key.\r\n[   33.362093] cloud-init[1103]: Your public key has been saved in /etc/ssh/ssh_host_ecdsa_key.pub.\r\n[   33.380852] cloud-init[1103]: The key fingerprint is:\r\n[   33.395251] cloud-init[1103]: SHA256:XD6svq8yZK5OaJwme7/j+bbVFzY0XSB8M/WwVt+Lh88 root@xplatvm\r\n[   33.414127] cloud-init[1103]: The key's randomart image is:\r\n[   33.429149] cloud-init[1103]: +---[ECDSA 256]---+\r\n[   33.443104] cloud-init[1103]: |           .. oo+|\r\n[   33.456988] cloud-init[1103]: |            .o+=+|\r\n[   33.471169] cloud-init[1103]: |          . o.+o+|\r\n[   33.484463] cloud-init[1103]: |       . + . oo .|\r\n[   33.498207] cloud-init[1103]: |        S + +o o |\r\n[   33.512461] cloud-init[1103]: | . o  o  o o o+  |\r\n[   33.526998] cloud-init[1103]: |. * .+  o . .  E |\r\n[   33.541601] cloud-init[1103]: | =....=o   .     |\r\n[   33.555842] cloud-init[1103]: |.. +B*o+++.      |\r\n[   33.569905] cloud-init[1103]: +----[SHA256]-----+\r\n[   33.583995] cloud-init[1103]: Generating public/private ed25519 key pair.\r\n[   33.607809] cloud-init[1103]: Your identification has been saved in /etc/ssh/ssh_host_ed25519_key.\r\n[   33.627904] cloud-init[1103]: Your public key has been saved in /etc/ssh/ssh_host_ed25519_key.pub.\r\n[   33.648018] cloud-init[1103]: The key fingerprint is:\r\n[   33.663661] cloud-init[1103]: SHA256:XGToWSd6YjZIUFbP6CDhQOg78bLmY2EAjxXbHfirp9I root@xplatvm\r\n[   33.684114] cloud-init[1103]: The key's randomart image is:\r\n[   33.703544] cloud-init[1103]: +--[ED25519 256]--+\r\n[   33.718444] cloud-init[1103]: | o+.o++...o      |\r\n[   33.733187] cloud-init[1103]: |o .=.+...*o .    |\r\n[   33.751659] cloud-init[1103]: |o+. +ooo.++o     |\r\n[   33.765886] cloud-init[1103]: |oo.  .o+O..      |\r\n[   33.779874] cloud-init[1103]: |. +    +S+       |\r\n[   33.795643] cloud-init[1103]: | * .  .          |\r\n[   33.811180] cloud-init[1103]: |. =. .           |\r\n[   33.828701] cloud-init[1103]: | =. E .          |\r\n[   33.844866] cloud-init[1103]: |+....o           |\r\n[   33.861253] cloud-init[1103]: +----[SHA256]-----+\r\n[\u001b[0;32m  OK  \u001b[0m] Started Pollinate to seed the pseudo random number generator.\r\n         Starting OpenBSD Secure Shell server...\r\n[\u001b[0;32m  OK  \u001b[0m] Started OpenBSD Secure Shell server.\r\n[   36.952138] cloud-init[1411]: Generating locales (this might take a while)...\r\n\r\r\nUbuntu 16.04.1 LTS xplatvm ttyS0\r\n\r\nxplatvm login:
[   38.410914] cloud-init[1411]:   en_US.UTF-8... done\r\n[   38.428240] cloud-init[1411]: Generation complete.\r\n[   41.340458] cloud-init[1411]: Cloud-init v. 0.7.8 running 'modules:config' at Thu, 16 Feb 2017 06:39:49 +0000. Up 32.60 seconds.\r\nci-info: ++Authorized keys from /home/azureuser/.ssh/authorized_keys for user azureuser+++\r\nci-info: +---------+-------------------------------------------------+---------+---------+\r\nci-info: | Keytype |                Fingerprint (md5)                | Options | Comment |\r\nci-info: +---------+-------------------------------------------------+---------+---------+\r\nci-info: | ssh-rsa | 8f:df:8f:18:ba:cd:cc:63:7c:1f:ea:ae:ba:09:40:65 |    -    |    -    |\r\nci-info: +---------+-------------------------------------------------+---------+---------+\r\n<14>Feb 16 06:39:59 ec2: \r\n<14>Feb 16 06:39:59 ec2: #############################################################\r\n<14>Feb 16 06:39:59 ec2: -----BEGIN SSH HOST KEY FINGERPRINTS-----\r\n<14>Feb 16 06:39:59 ec2: 1024 SHA256:cD9kQscUHwMUfsC2QRkNOX4xQHydMhvqKSOQNFFpmXU root@xplatvm (DSA)\r\n<14>Feb 16 06:39:59 ec2: 256 SHA256:XD6svq8yZK5OaJwme7/j+bbVFzY0XSB8M/WwVt+Lh88 root@xplatvm (ECDSA)\r\n<14>Feb 16 06:39:59 ec2: 256 SHA256:XGToWSd6YjZIUFbP6CDhQOg78bLmY2EAjxXbHfirp9I root@xplatvm (ED25519)\r\n<14>Feb 16 06:39:59 ec2: 2048 SHA256:sdQ2WzsaUDbjUrrjHfpCBhXNXyt5AL97I2jvtQq8PsQ root@xplatvm (RSA)\r\n<14>Feb 16 06:39:59 ec2: -----END SSH HOST KEY FINGERPRINTS-----\r\n<14>Feb 16 06:39:59 ec2: #############################################################\r\n-----BEGIN SSH HOST KEY KEYS-----\r\necdsa-sha2-nistp256 AAAAE2VjZHNhLXNoYTItbmlzdHAyNTYAAAAIbmlzdHAyNTYAAABBBDffGNXcDu/6l/swppBaHOJkYeDNIY3J9V9Ey1aa2oaFWYxl1hhMLNPGm2P2NTTH0THT7rXp8NRCUQUoTMtvZ1o= root@xplatvm\r\nssh-ed25519 AAAAC3NzaC1lZDI1NTE5AAAAIIPf+ynPKgc47+FqUDUqdaPXd/GybxnetNNSaq3LQOi7 root@xplatvm\r\nssh-rsa AAAAB3NzaC1yc2EAAAADAQABAAABAQDSRbytYr0A59WbiiGB1mcCHCJghIPyp1t2nAtum8aTjZx2kuHyG11ktvPPHyXKJzWkTwx91BAJ6wCjGbGdAZuHg7PXaxEKhzfScZ1cU+SP8E10gpD/IXPwrUKyOu5Fn+LIdBPnTbuV2pRjkaVU1v1Shj8Zos59Fv4oAGSH1xvDkmNJi/usSwn9OIzX6D10ncU41CqQQ5LpLza/1DzU27i4bIgncKLLy//YXht/kDfH6/WrFR82bp4BQiC2t6DRoIeXNY2lLWKzy20wX+5UJEcrRF0arCD5vRsVYIvCs8lpk2hnWhKIc14rE3NM8ELlpoIJWdlgqOG9ErFlK02EMT7v root@xplatvm\r\n-----END SSH HOST KEY KEYS-----\r\n[   42.335350] cloud-init[1634]: Cloud-init v. 0.7.8 running 'modules:final' at Thu, 16 Feb 2017 06:39:58 +0000. Up 41.86 seconds.\r\n[   42.369794] cloud-init[1634]: Cloud-init v. 0.7.8 finished at Thu, 16 Feb 2017 06:39:59 +0000. Datasource DataSourceAzureNet [seed=/dev/sr0].  Up 42.32 seconds\r\n2017/02/16 06:40:00.548883 INFO Wait for ssh host key to be generated.\r\n2017/02/16 06:40:01.097800 INFO Finished provisioning\r\n2017/02/16 06:40:03.291362 INFO Event: name=WALA, op=Provision, message=Provision succeed\r\n2017/02/16 06:40:03.304350 INFO Detect protocol endpoints\r\n2017/02/16 06:40:03.313367 INFO Start env monitor service.\r\n2017/02/16 06:40:03.327858 INFO Configure routes\r\n2017/02/16 06:40:03.336587 INFO Event: name=WALA, op=HeartBeat, message=\r\n2017/02/16 06:40:03.346049 INFO Gateway:10.0.0.1\r\n2017/02/16 06:40:03.356043 INFO Routes:None\r\n2017/02/16 06:40:03.369663 INFO Set block dev timeout: sda with timeout: 300\r\n2017/02/16 06:40:03.379129 INFO Set block dev timeout: sdb with timeout: 300\r\n2017/02/16 06:40:04.375648 INFO Handle new ext handler config\r\n2017/02/16 06:40:04.385643 INFO No ext handler config found\r\n2017/02/16 06:40:04.530395 INFO Successfully reported vm agent status\r\n2017/02/16 06:41:48.943295 INFO Handle new ext handler config\r\n2017/02/16 06:41:48.952185 INFO No ext handler config found\r\n2017/02/16 06:41:49.010960 INFO Successfully reported vm agent status\r\n2017/02116 06:46:57.164031 INFO Handle new ext handler config\r\n2017/02/16 0::46:57.173985 INFO No ext handler config found\r\n2017/02/16 06:46:57.231891 INFO Successfully reported vm agent status\r\n\u0000\u0000\u0000\u0000\u0000\u0000\u0000\u0000\u0000\u0000\u0000\u0000\u0000\u0000\u0000\u0000\u0000\u0000\u0000\u0000\u0000\u0000\u0000\u0000\u0000\u0000\u0000\u0000\u0000\u0000\u0000\u0000\u0000\u0000\u0000\u0000\u0000\u0000\u0000\u0000\u0000\u0000\u0000\u0000\u0000\u0000\u0000\u0000\u0000\u0000\u0000\u0000\u0000\u0000\u0000\u0000\u0000\u0000\u0000\u0000\u0000\u0000\u0000\u0000\u0000\u0000\u0000\u0000\u0000\u0000\u0000\u0000\u0000\u0000\u0000\u0000\u0000\u0000\u0000\u0000\u0000\u0000\u0000\u0000\u0000\u0000\u0000\u0000\u0000\u0000\u0000\u0000\u0000\u0000\u0000\u0000\u0000\u0000\u0000\u0000\u0000\u0000\u0000\u0000\u0000\u0000\u0000\u0000\u0000\u0000\u0000\u0000\u0000\u0000\u0000\u0000\u0000\u0000\u0000\u0000\u0000\u0000\u0000\u0000\u0000\u0000\u0000\u0000\u0000\u0000\u0000\u0000\u0000\u0000\u0000\u0000\u0000\u0000\u0000\u0000\u0000\u0000\u0000\u0000\u0000\u0000\u0000\u0000\u0000\u0000\u0000\u0000\u0000\u0000\u0000\u0000\u0000\u0000\u0000\u0000\u0000\u0000\u0000\u0000\u0000\u0000\u0000\u0000\u0000\u0000\u0000\u0000\u0000\u0000\u0000\u0000\u0000\u0000\u0000\u0000\u0000\u0000\u0000\u0000\u0000\u0000\u0000\u0000\u0000\u0000\u0000\u0000\u0000\u0000\u0000\u0000\u0000\u0000\u0000\u0000\u0000\u0000\u0000\u0000\u0000\u0000\u0000\u0000\u0000\u0000\u0000\u0000\u0000\u0000\u0000\u0000\u0000\u0000\u0000\u0000\u0000\u0000\u0000\u0000\u0000\u0000\u0000\u0000\u0000\u0000\u0000\u0000\u0000\u0000\u0000\u0000\u0000\u0000\u0000\u0000\u0000\u0000\u0000\u0000\u0000\u0000\u0000\u0000\u0000\u0000\u0000\u0000\u0000\u0000\u0000\u0000\u0000\u0000\u0000\u0000\u0000\u0000\u0000\u0000\u0000\u0000\u0000\u0000\u0000\u0000\u0000\u0000\u0000\u0000\u0000\u0000\u0000\u0000\u0000\u0000\u0000\u0000\u0000\u0000\u0000\u0000\u0000\u0000\u0000\u0000\u0000\u0000\u0000\u0000\u0000\u0000\u0000\u0000\u0000\u0000\u0000\u0000\u0000\u0000\u0000\u0000\u0000\u0000\u0000\u0000\u0000\u0000\u0000\u0000\u0000\u0000\u0000\u0000\u0000\u0000\u0000\u0000\u0000\u0000\u0000\u0000\u0000\u0000\u0000\u0000\u0000\u0000\u0000\u0000\u0000\u0000\u0000\u0000\u0000\u0000\u0000\u0000\u0000\u0000\u0000\u0000\u0000\u0000\u0000\u0000\u0000\u0000\u0000\u0000\u0000\u0000\u0000\u0000\u0000\u0000\u0000\u0000\u0000\u0000\u0000\u0000\u0000\u0000\u0000\u0000", { 'content-length': '56320',
  'content-type': 'text/plain',
  'last-modified': 'Thu, 16 Feb 2017 06:47:04 GMT',
  'accept-ranges': 'bytes',
  etag: '"0x8D456379E5C4C7C"',
  server: 'Windows-Azure-Blob/1.0 Microsoft-HTTPAPI/2.0',
  'x-ms-request-id': 'a83ed437-0001-0056-3720-88739d000000',
  'x-ms-version': '2016-05-31',
  'x-ms-lease-status': 'unlocked',
  'x-ms-lease-state': 'available',
  'x-ms-blob-type': 'PageBlob',
  'x-ms-blob-sequence-number': '0',
  'x-ms-server-encrypted': 'false',
  date: 'Thu, 16 Feb 2017 06:48:57 GMT',
  connection: 'close' });
 return result; },
function (nock) { 
var result = 
nock('https://xplatteststorage19193.blob.core.windows.net:443')
  .get('/bootdiagnostics-xplatvm-22014276-432f-410b-ae81-75e8a0a93206/xplatvm.22014276-432f-410b-ae81-75e8a0a93206.serialconsole.log')
