// This file has been autogenerated.

var profile = require('../../../lib/util/profile');

exports.getMockedProfile = function () {
  var newProfile = new profile.Profile();

  newProfile.addSubscription(new profile.Subscription({
    id: 'e33f361b-53c2-4cc7-b829-78906708387b',
    name: 'Microsoft Azure Internal Consumption',
    user: {
      name: 'user@domain.example',
      type: 'servicePrincipal'
    },
    tenantId: '72f988bf-86f1-41af-91ab-2d7cd011db47',
    state: 'Enabled',
    registeredProviders: [],
    _eventsCount: '1',
    isDefault: true
  }, newProfile.environments['AzureCloud']));

  return newProfile;
};

exports.setEnvironment = function() {
  process.env['AZURE_VM_TEST_LOCATION'] = 'southeastasia';
  process.env['SSHCERT'] = 'test/myCert.pem';
};

exports.scopes = [[function (nock) { 
var result = 
nock('http://management.azure.com:443')
  .get('/subscriptions/e33f361b-53c2-4cc7-b829-78906708387b/resourceGroups/xplatTestGVMCreate3208/providers/Microsoft.Compute/virtualMachines/xplatvm?$expand=instanceView&api-version=2017-03-30')
  .reply(200, "{\r\n  \"properties\": {\r\n    \"vmId\": \"d94f395c-887e-40da-8f7c-0ae920df0de7\",\r\n    \"availabilitySet\": {\r\n      \"id\": \"/subscriptions/e33f361b-53c2-4cc7-b829-78906708387b/resourceGroups/xplatTestGVMCreate3208/providers/Microsoft.Compute/availabilitySets/XPLATTESTAAVAIL2719\"\r\n    },\r\n    \"hardwareProfile\": {\r\n      \"vmSize\": \"Standard_D1\"\r\n    },\r\n    \"storageProfile\": {\r\n      \"imageReference\": {\r\n        \"publisher\": \"canonical\",\r\n        \"offer\": \"UbuntuServer\",\r\n        \"sku\": \"16.04.0-LTS\",\r\n        \"version\": \"latest\"\r\n      },\r\n      \"osDisk\": {\r\n        \"osType\": \"Linux\",\r\n        \"name\": \"cli01f15e9a3077d4a1-os-1496118352374\",\r\n        \"createOption\": \"FromImage\",\r\n        \"vhd\": {\r\n          \"uri\": \"https://xplatteststorage19797.blob.core.windows.net/xplatteststoragecnt17225/cli01f15e9a3077d4a1-os-1496118352374.vhd\"\r\n        },\r\n        \"caching\": \"ReadWrite\"\r\n      },\r\n      \"dataDisks\": []\r\n    },\r\n    \"osProfile\": {\r\n      \"computerName\": \"xplatvm\",\r\n      \"adminUsername\": \"azureuser\",\r\n      \"linuxConfiguration\": {\r\n        \"disablePasswordAuthentication\": false,\r\n        \"ssh\": {\r\n          \"publicKeys\": [\r\n            {\r\n              \"path\": \"/home/azureuser/.ssh/authorized_keys\",\r\n              \"keyData\": \"MIID/zCCAuegAwIBAgIJAMUAa+XVLvAeMA0GCSqGSIb3DQEBBQUAMIGVMQswCQYD\\r\\nVQQGEwJJbjESMBAGA1UECAwJS2FybmF0YWthMRIwEAYDVQQHDAlCYW5nYWxvcmUx\\r\\nEDAOBgNVBAoMB2JyaWxsaW8xEjAQBgNVBAsMCW1pY3Jvc29mdDEQMA4GA1UEAwwH\\r\\nYnJpbGxpbzEmMCQGCSqGSIb3DQEJARYXc3JlZWthbnRoYnNAeWFob28uY28uaW4w\\r\\nHhcNMTUwMzA1MTE1MzEyWhcNMTYwMzA0MTE1MzEyWjCBlTELMAkGA1UEBhMCSW4x\\r\\nEjAQBgNVBAgMCUthcm5hdGFrYTESMBAGA1UEBwwJQmFuZ2Fsb3JlMRAwDgYDVQQK\\r\\nDAdicmlsbGlvMRIwEAYDVQQLDAltaWNyb3NvZnQxEDAOBgNVBAMMB2JyaWxsaW8x\\r\\nJjAkBgkqhkiG9w0BCQEWF3NyZWVrYW50aGJzQHlhaG9vLmNvLmluMIIBIjANBgkq\\r\\nhkiG9w0BAQEFAAOCAQ8AMIIBCgKCAQEAyUNKaOuT0NK+S8Ck81zy9xJ6hXfZvAC6\\r\\nlhbmf/6s/WVimJ/TX5NMhQJwC9k6ZIF92KfYrojHNvHDufSZ3EtKUVwRFCDjmgMT\\r\\nDL09WkGaZt7gROYFK0iZ4KrYGovUwlwum9fHB24OJiOV4bi0ek62/rHx9fjYZpvp\\r\\naIH2PV/hN8SCZ0x7HJMberD4gVoU/Kv42nNvwjLUW6IZfVx/Gv5OeFDtWHfSvUEF\\r\\ndadHKTPn3Ab20Iu6gZIbLO9Vuf38/IpaYGfnFCouHdzmiTiLieYNe3CUPcOJNSv7\\r\\n1G8KYpx3uNJRkJPab5OsRyJw75Gvzkr9OgaPss9tVD6Gt68u3WQtVQIDAQABo1Aw\\r\\nTjAdBgNVHQ4EFgQUogvhXB+xZ2JJPfLO6cVs4ForzscwHwYDVR0jBBgwFoAUogvh\\r\\nXB+xZ2JJPfLO6cVs4ForzscwDAYDVR0TBAUwAwEB/zANBgkqhkiG9w0BAQUFAAOC\\r\\nAQEAdDj7qUNJ45xlF5cjd+4x5NHvAD1VTjOKu+Xh/uzSSjXqB2F0aOMWA9lx0qaQ\\r\\noJgHkGxj3zz/W7ik/cVGL2O+vRIOKv/y0OPogEmS3Hw+P+O6OGE7x1G6YN0zLVoL\\r\\nu4BN/BEYmjttxM9I7qqL7C5cJoE+K3s/w1/pt/68ohJcr7F9Ohi7cso62xuGY1Rm\\r\\nksAh2EUDsU9JV/P+C9AMpLSrb03JJYzVj4w1RHbrmw2AjFyGXdQYkggyXisg+Ifr\\r\\n5gbNN7HigpHf7b2i3CQBUqp9m23frh5AhnLI2qp3UXgc52U5ieLdi/t6j0TTZqqY\\r\\nHhHqofKrj938HHlBNpC5/LVh3w==\\r\\n\"\r\n            }\r\n          ]\r\n        }\r\n      },\r\n      \"secrets\": []\r\n    },\r\n    \"networkProfile\": {\"networkInterfaces\":[{\"id\":\"/subscriptions/e33f361b-53c2-4cc7-b829-78906708387b/resourceGroups/xplatTestGVMCreate3208/providers/Microsoft.Network/networkInterfaces/xplattestnic\"}]},\r\n    \"diagnosticsProfile\": {\r\n      \"bootDiagnostics\": {\r\n        \"enabled\": true,\r\n        \"storageUri\": \"https://xplatteststorage19797.blob.core.windows.net/\"\r\n      }\r\n    },\r\n    \"provisioningState\": \"Succeeded\",\r\n    \"instanceView\": {\r\n      \"platformUpdateDomain\": 0,\r\n      \"platformFaultDomain\": 0,\r\n      \"vmAgent\": {\r\n        \"vmAgentVersion\": \"2.1.3\",\r\n        \"statuses\": [\r\n          {\r\n            \"code\": \"ProvisioningState/succeeded\",\r\n            \"level\": \"Info\",\r\n            \"displayStatus\": \"Ready\",\r\n            \"message\": \"Guest Agent is running\",\r\n            \"time\": \"2017-05-30T04:33:16+00:00\"\r\n          }\r\n        ],\r\n        \"extensionHandlers\": []\r\n      },\r\n      \"disks\": [\r\n        {\r\n          \"name\": \"cli01f15e9a3077d4a1-os-1496118352374\",\r\n          \"statuses\": [\r\n            {\r\n              \"code\": \"ProvisioningState/succeeded\",\r\n              \"level\": \"Info\",\r\n              \"displayStatus\": \"Provisioning succeeded\",\r\n              \"time\": \"2017-05-30T04:25:59.0971241+00:00\"\r\n            }\r\n          ]\r\n        }\r\n      ],\r\n      \"bootDiagnostics\": {\r\n        \"consoleScreenshotBlobUri\": \"https://xplatteststorage19797.blob.core.windows.net/bootdiagnostics-xplatvm-d94f395c-887e-40da-8f7c-0ae920df0de7/xplatvm.d94f395c-887e-40da-8f7c-0ae920df0de7.screenshot.bmp\",\r\n        \"serialConsoleLogBlobUri\": \"https://xplatteststorage19797.blob.core.windows.net/bootdiagnostics-xplatvm-d94f395c-887e-40da-8f7c-0ae920df0de7/xplatvm.d94f395c-887e-40da-8f7c-0ae920df0de7.serialconsole.log\"\r\n      },\r\n      \"statuses\": [\r\n        {\r\n          \"code\": \"ProvisioningState/succeeded\",\r\n          \"level\": \"Info\",\r\n          \"displayStatus\": \"Provisioning succeeded\",\r\n          \"time\": \"2017-05-30T04:27:40.7969978+00:00\"\r\n        },\r\n        {\r\n          \"code\": \"PowerState/running\",\r\n          \"level\": \"Info\",\r\n          \"displayStatus\": \"VM running\"\r\n        }\r\n      ]\r\n    }\r\n  },\r\n  \"type\": \"Microsoft.Compute/virtualMachines\",\r\n  \"location\": \"southeastasia\",\r\n  \"tags\": {\r\n    \"a\": \"b\",\r\n    \"b\": \"c\",\r\n    \"d\": \"\"\r\n  },\r\n  \"id\": \"/subscriptions/e33f361b-53c2-4cc7-b829-78906708387b/resourceGroups/xplatTestGVMCreate3208/providers/Microsoft.Compute/virtualMachines/xplatvm\",\r\n  \"name\": \"xplatvm\"\r\n}", { 'cache-control': 'no-cache',
  pragma: 'no-cache',
  'content-length': '5220',
  'content-type': 'application/json; charset=utf-8',
  expires: '-1',
  'strict-transport-security': 'max-age=31536000; includeSubDomains',
  'x-ms-served-by': 'dce02487-9cda-4782-8138-773eb1573792_131340057859683594',
  'x-ms-request-id': '648925a9-36e1-497e-a1d2-91191be9230f',
  server: 'Microsoft-HTTPAPI/2.0',
  'x-ms-ratelimit-remaining-subscription-reads': '14892',
  'x-ms-correlation-request-id': '6702430e-66b2-4e5b-9b27-920195c3b40d',
  'x-ms-routing-request-id': 'WESTUS2:20170530T043335Z:6702430e-66b2-4e5b-9b27-920195c3b40d',
  date: 'Tue, 30 May 2017 04:33:35 GMT',
  connection: 'close' });
 return result; },
function (nock) { 
var result = 
nock('https://management.azure.com:443')
  .get('/subscriptions/e33f361b-53c2-4cc7-b829-78906708387b/resourceGroups/xplatTestGVMCreate3208/providers/Microsoft.Compute/virtualMachines/xplatvm?$expand=instanceView&api-version=2017-03-30')
  .reply(200, "{\r\n  \"properties\": {\r\n    \"vmId\": \"d94f395c-887e-40da-8f7c-0ae920df0de7\",\r\n    \"availabilitySet\": {\r\n      \"id\": \"/subscriptions/e33f361b-53c2-4cc7-b829-78906708387b/resourceGroups/xplatTestGVMCreate3208/providers/Microsoft.Compute/availabilitySets/XPLATTESTAAVAIL2719\"\r\n    },\r\n    \"hardwareProfile\": {\r\n      \"vmSize\": \"Standard_D1\"\r\n    },\r\n    \"storageProfile\": {\r\n      \"imageReference\": {\r\n        \"publisher\": \"canonical\",\r\n        \"offer\": \"UbuntuServer\",\r\n        \"sku\": \"16.04.0-LTS\",\r\n        \"version\": \"latest\"\r\n      },\r\n      \"osDisk\": {\r\n        \"osType\": \"Linux\",\r\n        \"name\": \"cli01f15e9a3077d4a1-os-1496118352374\",\r\n        \"createOption\": \"FromImage\",\r\n        \"vhd\": {\r\n          \"uri\": \"https://xplatteststorage19797.blob.core.windows.net/xplatteststoragecnt17225/cli01f15e9a3077d4a1-os-1496118352374.vhd\"\r\n        },\r\n        \"caching\": \"ReadWrite\"\r\n      },\r\n      \"dataDisks\": []\r\n    },\r\n    \"osProfile\": {\r\n      \"computerName\": \"xplatvm\",\r\n      \"adminUsername\": \"azureuser\",\r\n      \"linuxConfiguration\": {\r\n        \"disablePasswordAuthentication\": false,\r\n        \"ssh\": {\r\n          \"publicKeys\": [\r\n            {\r\n              \"path\": \"/home/azureuser/.ssh/authorized_keys\",\r\n              \"keyData\": \"MIID/zCCAuegAwIBAgIJAMUAa+XVLvAeMA0GCSqGSIb3DQEBBQUAMIGVMQswCQYD\\r\\nVQQGEwJJbjESMBAGA1UECAwJS2FybmF0YWthMRIwEAYDVQQHDAlCYW5nYWxvcmUx\\r\\nEDAOBgNVBAoMB2JyaWxsaW8xEjAQBgNVBAsMCW1pY3Jvc29mdDEQMA4GA1UEAwwH\\r\\nYnJpbGxpbzEmMCQGCSqGSIb3DQEJARYXc3JlZWthbnRoYnNAeWFob28uY28uaW4w\\r\\nHhcNMTUwMzA1MTE1MzEyWhcNMTYwMzA0MTE1MzEyWjCBlTELMAkGA1UEBhMCSW4x\\r\\nEjAQBgNVBAgMCUthcm5hdGFrYTESMBAGA1UEBwwJQmFuZ2Fsb3JlMRAwDgYDVQQK\\r\\nDAdicmlsbGlvMRIwEAYDVQQLDAltaWNyb3NvZnQxEDAOBgNVBAMMB2JyaWxsaW8x\\r\\nJjAkBgkqhkiG9w0BCQEWF3NyZWVrYW50aGJzQHlhaG9vLmNvLmluMIIBIjANBgkq\\r\\nhkiG9w0BAQEFAAOCAQ8AMIIBCgKCAQEAyUNKaOuT0NK+S8Ck81zy9xJ6hXfZvAC6\\r\\nlhbmf/6s/WVimJ/TX5NMhQJwC9k6ZIF92KfYrojHNvHDufSZ3EtKUVwRFCDjmgMT\\r\\nDL09WkGaZt7gROYFK0iZ4KrYGovUwlwum9fHB24OJiOV4bi0ek62/rHx9fjYZpvp\\r\\naIH2PV/hN8SCZ0x7HJMberD4gVoU/Kv42nNvwjLUW6IZfVx/Gv5OeFDtWHfSvUEF\\r\\ndadHKTPn3Ab20Iu6gZIbLO9Vuf38/IpaYGfnFCouHdzmiTiLieYNe3CUPcOJNSv7\\r\\n1G8KYpx3uNJRkJPab5OsRyJw75Gvzkr9OgaPss9tVD6Gt68u3WQtVQIDAQABo1Aw\\r\\nTjAdBgNVHQ4EFgQUogvhXB+xZ2JJPfLO6cVs4ForzscwHwYDVR0jBBgwFoAUogvh\\r\\nXB+xZ2JJPfLO6cVs4ForzscwDAYDVR0TBAUwAwEB/zANBgkqhkiG9w0BAQUFAAOC\\r\\nAQEAdDj7qUNJ45xlF5cjd+4x5NHvAD1VTjOKu+Xh/uzSSjXqB2F0aOMWA9lx0qaQ\\r\\noJgHkGxj3zz/W7ik/cVGL2O+vRIOKv/y0OPogEmS3Hw+P+O6OGE7x1G6YN0zLVoL\\r\\nu4BN/BEYmjttxM9I7qqL7C5cJoE+K3s/w1/pt/68ohJcr7F9Ohi7cso62xuGY1Rm\\r\\nksAh2EUDsU9JV/P+C9AMpLSrb03JJYzVj4w1RHbrmw2AjFyGXdQYkggyXisg+Ifr\\r\\n5gbNN7HigpHf7b2i3CQBUqp9m23frh5AhnLI2qp3UXgc52U5ieLdi/t6j0TTZqqY\\r\\nHhHqofKrj938HHlBNpC5/LVh3w==\\r\\n\"\r\n            }\r\n          ]\r\n        }\r\n      },\r\n      \"secrets\": []\r\n    },\r\n    \"networkProfile\": {\"networkInterfaces\":[{\"id\":\"/subscriptions/e33f361b-53c2-4cc7-b829-78906708387b/resourceGroups/xplatTestGVMCreate3208/providers/Microsoft.Network/networkInterfaces/xplattestnic\"}]},\r\n    \"diagnosticsProfile\": {\r\n      \"bootDiagnostics\": {\r\n        \"enabled\": true,\r\n        \"storageUri\": \"https://xplatteststorage19797.blob.core.windows.net/\"\r\n      }\r\n    },\r\n    \"provisioningState\": \"Succeeded\",\r\n    \"instanceView\": {\r\n      \"platformUpdateDomain\": 0,\r\n      \"platformFaultDomain\": 0,\r\n      \"vmAgent\": {\r\n        \"vmAgentVersion\": \"2.1.3\",\r\n        \"statuses\": [\r\n          {\r\n            \"code\": \"ProvisioningState/succeeded\",\r\n            \"level\": \"Info\",\r\n            \"displayStatus\": \"Ready\",\r\n            \"message\": \"Guest Agent is running\",\r\n            \"time\": \"2017-05-30T04:33:16+00:00\"\r\n          }\r\n        ],\r\n        \"extensionHandlers\": []\r\n      },\r\n      \"disks\": [\r\n        {\r\n          \"name\": \"cli01f15e9a3077d4a1-os-1496118352374\",\r\n          \"statuses\": [\r\n            {\r\n              \"code\": \"ProvisioningState/succeeded\",\r\n              \"level\": \"Info\",\r\n              \"displayStatus\": \"Provisioning succeeded\",\r\n              \"time\": \"2017-05-30T04:25:59.0971241+00:00\"\r\n            }\r\n          ]\r\n        }\r\n      ],\r\n      \"bootDiagnostics\": {\r\n        \"consoleScreenshotBlobUri\": \"https://xplatteststorage19797.blob.core.windows.net/bootdiagnostics-xplatvm-d94f395c-887e-40da-8f7c-0ae920df0de7/xplatvm.d94f395c-887e-40da-8f7c-0ae920df0de7.screenshot.bmp\",\r\n        \"serialConsoleLogBlobUri\": \"https://xplatteststorage19797.blob.core.windows.net/bootdiagnostics-xplatvm-d94f395c-887e-40da-8f7c-0ae920df0de7/xplatvm.d94f395c-887e-40da-8f7c-0ae920df0de7.serialconsole.log\"\r\n      },\r\n      \"statuses\": [\r\n        {\r\n          \"code\": \"ProvisioningState/succeeded\",\r\n          \"level\": \"Info\",\r\n          \"displayStatus\": \"Provisioning succeeded\",\r\n          \"time\": \"2017-05-30T04:27:40.7969978+00:00\"\r\n        },\r\n        {\r\n          \"code\": \"PowerState/running\",\r\n          \"level\": \"Info\",\r\n          \"displayStatus\": \"VM running\"\r\n        }\r\n      ]\r\n    }\r\n  },\r\n  \"type\": \"Microsoft.Compute/virtualMachines\",\r\n  \"location\": \"southeastasia\",\r\n  \"tags\": {\r\n    \"a\": \"b\",\r\n    \"b\": \"c\",\r\n    \"d\": \"\"\r\n  },\r\n  \"id\": \"/subscriptions/e33f361b-53c2-4cc7-b829-78906708387b/resourceGroups/xplatTestGVMCreate3208/providers/Microsoft.Compute/virtualMachines/xplatvm\",\r\n  \"name\": \"xplatvm\"\r\n}", { 'cache-control': 'no-cache',
  pragma: 'no-cache',
  'content-length': '5220',
  'content-type': 'application/json; charset=utf-8',
  expires: '-1',
  'strict-transport-security': 'max-age=31536000; includeSubDomains',
  'x-ms-served-by': 'dce02487-9cda-4782-8138-773eb1573792_131340057859683594',
  'x-ms-request-id': '648925a9-36e1-497e-a1d2-91191be9230f',
  server: 'Microsoft-HTTPAPI/2.0',
  'x-ms-ratelimit-remaining-subscription-reads': '14892',
  'x-ms-correlation-request-id': '6702430e-66b2-4e5b-9b27-920195c3b40d',
  'x-ms-routing-request-id': 'WESTUS2:20170530T043335Z:6702430e-66b2-4e5b-9b27-920195c3b40d',
  date: 'Tue, 30 May 2017 04:33:35 GMT',
  connection: 'close' });
 return result; },
function (nock) { 
var result = 
nock('http://management.azure.com:443')
  .post('/subscriptions/e33f361b-53c2-4cc7-b829-78906708387b/resourceGroups/xplatTestGVMCreate3208/providers/Microsoft.Storage/storageAccounts/xplatteststorage19797/listKeys?api-version=2016-12-01')
  .reply(200, "{\"keys\":[{\"keyName\":\"key1\",\"permissions\":\"Full\",\"value\":\"O0tQGtISi9AX5ovS6MFcM6b2BliRIk8nRQfL+sCK2NocuvaLfbAGojLuW7uOj7bAFrZUr1JhSxTKkUodVlfmoQ==\"},{\"keyName\":\"key2\",\"permissions\":\"Full\",\"value\":\"hwKGqo0JcrW1vavSzYLE1pD5Jm/3ZQjpD3aO/0FUzvxIU3/4aXD1/mAn5nPHH8wfjScHYExDPUuu5fB9MYs+dQ==\"}]}\n", { 'cache-control': 'no-cache',
  pragma: 'no-cache',
  'content-length': '289',
  'content-type': 'application/json',
  expires: '-1',
  'x-ms-request-id': 'a740736a-8221-4776-ba4a-b16d70e6caf6',
  server: 'Microsoft-Azure-Storage-Resource-Provider/1.0',
  'x-ms-ratelimit-remaining-subscription-writes': '1196',
  'x-ms-correlation-request-id': 'a740736a-8221-4776-ba4a-b16d70e6caf6',
  'x-ms-routing-request-id': 'WESTUS2:20170530T043336Z:a740736a-8221-4776-ba4a-b16d70e6caf6',
  'strict-transport-security': 'max-age=31536000; includeSubDomains',
  date: 'Tue, 30 May 2017 04:33:35 GMT',
  connection: 'close' });
 return result; },
function (nock) { 
var result = 
nock('https://management.azure.com:443')
  .post('/subscriptions/e33f361b-53c2-4cc7-b829-78906708387b/resourceGroups/xplatTestGVMCreate3208/providers/Microsoft.Storage/storageAccounts/xplatteststorage19797/listKeys?api-version=2016-12-01')
  .reply(200, "{\"keys\":[{\"keyName\":\"key1\",\"permissions\":\"Full\",\"value\":\"O0tQGtISi9AX5ovS6MFcM6b2BliRIk8nRQfL+sCK2NocuvaLfbAGojLuW7uOj7bAFrZUr1JhSxTKkUodVlfmoQ==\"},{\"keyName\":\"key2\",\"permissions\":\"Full\",\"value\":\"hwKGqo0JcrW1vavSzYLE1pD5Jm/3ZQjpD3aO/0FUzvxIU3/4aXD1/mAn5nPHH8wfjScHYExDPUuu5fB9MYs+dQ==\"}]}\n", { 'cache-control': 'no-cache',
  pragma: 'no-cache',
  'content-length': '289',
  'content-type': 'application/json',
  expires: '-1',
  'x-ms-request-id': 'a740736a-8221-4776-ba4a-b16d70e6caf6',
  server: 'Microsoft-Azure-Storage-Resource-Provider/1.0',
  'x-ms-ratelimit-remaining-subscription-writes': '1196',
  'x-ms-correlation-request-id': 'a740736a-8221-4776-ba4a-b16d70e6caf6',
  'x-ms-routing-request-id': 'WESTUS2:20170530T043336Z:a740736a-8221-4776-ba4a-b16d70e6caf6',
  'strict-transport-security': 'max-age=31536000; includeSubDomains',
  date: 'Tue, 30 May 2017 04:33:35 GMT',
  connection: 'close' });
 return result; },
function (nock) { 
var result = 
nock('http://xplatteststorage19797.blob.core.windows.net:443')
  .head('/bootdiagnostics-xplatvm-d94f395c-887e-40da-8f7c-0ae920df0de7/xplatvm.d94f395c-887e-40da-8f7c-0ae920df0de7.serialconsole.log')
  .reply(200, "", { 'content-length': '60416',
  'content-type': 'text/plain',
  'last-modified': 'Tue, 30 May 2017 04:33:18 GMT',
  'accept-ranges': 'bytes',
  etag: '"0x8D4A714FEE797B3"',
  server: 'Windows-Azure-Blob/1.0 Microsoft-HTTPAPI/2.0',
  'x-ms-request-id': '87a7b66e-0001-010d-53fd-d897cf000000',
  'x-ms-version': '2016-05-31',
  'x-ms-lease-status': 'unlocked',
  'x-ms-lease-state': 'available',
  'x-ms-blob-type': 'PageBlob',
  'x-ms-blob-sequence-number': '0',
  'x-ms-server-encrypted': 'false',
  date: 'Tue, 30 May 2017 04:33:36 GMT',
  connection: 'close' });
 return result; },
function (nock) { 
var result = 
nock('https://xplatteststorage19797.blob.core.windows.net:443')
  .head('/bootdiagnostics-xplatvm-d94f395c-887e-40da-8f7c-0ae920df0de7/xplatvm.d94f395c-887e-40da-8f7c-0ae920df0de7.serialconsole.log')
  .reply(200, "", { 'content-length': '60416',
  'content-type': 'text/plain',
  'last-modified': 'Tue, 30 May 2017 04:33:18 GMT',
  'accept-ranges': 'bytes',
  etag: '"0x8D4A714FEE797B3"',
  server: 'Windows-Azure-Blob/1.0 Microsoft-HTTPAPI/2.0',
  'x-ms-request-id': '87a7b66e-0001-010d-53fd-d897cf000000',
  'x-ms-version': '2016-05-31',
  'x-ms-lease-status': 'unlocked',
  'x-ms-lease-state': 'available',
  'x-ms-blob-type': 'PageBlob',
  'x-ms-blob-sequence-number': '0',
  'x-ms-server-encrypted': 'false',
  date: 'Tue, 30 May 2017 04:33:36 GMT',
  connection: 'close' });
 return result; },
function (nock) { 
var result = 
nock('http://xplatteststorage19797.blob.core.windows.net:443')
  .get('/bootdiagnostics-xplatvm-d94f395c-887e-40da-8f7c-0ae920df0de7/xplatvm.d94f395c-887e-40da-8f7c-0ae920df0de7.serialconsole.log')
  .reply(200, "\u001b[H\u001b[J\u001b[1;1H[    0.000000] Initializing cgroup subsys cpuset\r\n[    0.000000] Initializing cgroup subsys cpu\r\n[    0.000000] Initializing cgroup subsys cpuacct\r\n[    0.000000] Linux version 4.4.0-47-generic (buildd@lcy01-03) (gcc version 5.4.0 20160609 (Ubuntu 5.4.0-6ubuntu1~16.04.2) ) #68-Ubuntu SMP Wed Oct 26 19:39:52 UTC 2016 (Ubuntu 4.4.0-47.68-generic 4.4.24)\r\n[    0.000000] Command line: BOOT_IMAGE=/boot/vmlinuz-4.4.0-47-generic root=UUID=e990f8b3-1d6b-4615-8280-8ead4ed2fe7c ro console=tty1 console=ttyS0 earlyprintk=ttyS0 rootdelay=300\r\n[    0.000000] KERNEL supported cpus:\r\n[    0.000000]   Intel GenuineIntel\r\n[    0.000000]   AMD AuthenticAMD\r\n[    0.000000]   Centaur CentaurHauls\r\n[    0.000000] x86/fpu: xstate_offset[2]:  576, xstate_sizes[2]:  256\r\n[    0.000000] x86/fpu: Supporting XSAVE feature 0x01: 'x87 floating point registers'\r\n[    0.000000] x86/fpu: Supporting XSAVE feature 0x02: 'SSE registers'\r\n[    0.000000] x86/fpu: Supporting XSAVE feature 0x04: 'AVX registers'\r\n[    0.000000] x86/fpu: Enabled xstate features 0x7, context size is 832 bytes, using 'standard' format.\r\n[    0.000000] x86/fpu: Using 'eager' FPU context switches.\r\n[    0.000000] e820: BIOS-provided physical RAM map:\r\n[    0.000000] BIOS-e820: [mem 0x0000000000000000-0x000000000009fbff] usable\r\n[    0.000000] BIOS-e820: [mem 0x000000000009fc00-0x000000000009ffff] reserved\r\n[    0.000000] BIOS-e820: [mem 0x00000000000e0000-0x00000000000fffff] reserved\r\n[    0.000000] BIOS-e820: [mem 0x0000000000100000-0x000000001ffeffff] usable\r\n[    0.000000] BIOS-e820: [mem 0x000000001fff0000-0x000000001fffefff] ACPI data\r\n[    0.000000] BIOS-e820: [mem 0x000000001ffff000-0x000000001fffffff] ACPI NVS\r\n[    0.000000] BIOS-e820: [mem 0x0000000100000000-0x00000001bfffffff] usable\r\n[    0.000000] bootconsole [earlyser0] enabled\r\n[    0.000000] NX (Execute Disable) protection: active\r\n[    0.000000] SMBIOS 2.3 present.\r\n[    0.000000] Hypervisor detected: Microsoft HyperV\r\n[    0.000000] HyperV: features 0xe7f, hints 0x2c\r\n[    0.000000] HyperV: LAPIC Timer Frequency: 0xc3500\r\n[    0.000000] clocksource: hyperv_clocksource: mask: 0xffffffffffffffff max_cycles: 0x24e6a1710, max_idle_ns: 440795202120 ns\r\n[    0.000000] tsc: Marking TSC unstable due to running on Hyper-V\r\n[    0.000000] e820: last_pfn = 0x1c0000 max_arch_pfn = 0x400000000\r\n[    0.000000] x86/PAT: Configuration [0-7]: WB  WC  UC- UC  WB  WC  UC- WT  \r\n[    0.000000] e820: last_pfn = 0x1fff0 max_arch_pfn = 0x400000000\r\n[    0.000000] found SMP MP-table at [mem 0x000ff780-0x000ff78f] mapped at [ffff8800000ff780]\r\n[    0.000000] Scanning 1 areas for low memory corruption\r\n[    0.000000] RAMDISK: [mem 0x1d3ff000-0x1f779fff]\r\n[    0.000000] ACPI: Early table checksum verification disabled\r\n[    0.000000] ACPI: RSDP 0x00000000000F56F0 000014 (v00 ACPIAM)\r\n[    0.000000] ACPI: RSDT 0x000000001FFF0000 000040 (v01 VRTUAL MICROSFT 05001223 MSFT 00000097)\r\n[    0.000000] ACPI: FACP 0x000000001FFF0200 000081 (v02 VRTUAL MICROSFT 05001223 MSFT 00000097)\r\n[    0.000000] ACPI: DSDT 0x000000001FFF1724 002E78 (v01 MSFTVM MSFTVM02 00000002 INTL 02002026)\r\n[    0.000000] ACPI: FACS 0x000000001FFFF000 000040\r\n[    0.000000] ACPI: WAET 0x000000001FFF1480 000028 (v01 VRTUAL MICROSFT 05001223 MSFT 00000097)\r\n[    0.000000] ACPI: SLIC 0x000000001FFF14C0 000176 (v01 VRTUAL MICROSFT 05001223 MSFT 00000097)\r\n[    0.000000] ACPI: OEM0 0x000000001FFF16C0 000064 (v01 VRTUAL MICROSFT 05001223 MSFT 00000097)\r\n[    0.000000] ACPI: SRAT 0x000000001FFF0600 000090 (v02 VRTUAL MICROSFT 00000001 MSFT 00000001)\r\n[    0.000000] ACPI: APIC 0x000000001FFF0300 00024C (v01 VRTUAL MICROSFT 05001223 MSFT 00000097)\r\n[    0.000000] ACPI: OEMB 0x000000001FFFF040 000064 (v01 VRTUAL MICROSFT 05001223 MSFT 00000097)\r\n[    0.000000] SRAT: PXM 0 -> APIC 0x00 -> Node 0\r\n[    0.000000] SRAT: Node 0 PXM 0 [mem 0x00000000-0x1fffffff]\r\n[    0.000000] SRAT: Node 0 PXM 0 [mem 0x100000000-0x1bfffffff]\r\n[    0.000000] NUMA: Node 0 [mem 0x00000000-0x1fffffff] + [mem 0x100000000-0x1bfffffff] -> [mem 0x00000000-0x1bfffffff]\r\n[    0.000000] NODE_DATA(0) allocated [mem 0x1bfffa000-0x1bfffefff]\r\n[    0.000000] Zone ranges:\r\n[    0.000000]   DMA      [mem 0x0000000000001000-0x0000000000ffffff]\r\n[    0.000000]   DMA32    [mem 0x0000000001000000-0x00000000ffffffff]\r\n[    0.000000]   Normal   [mem 0x0000000100000000-0x00000001bfffffff]\r\n[    0.000000]   Device   empty\r\n[    0.000000] Movable zone start for each node\r\n[    0.000000] Early memory node ranges\r\n[    0.000000]   node   0: [mem 0x0000000000001000-0x000000000009efff]\r\n[    0.000000]   node   0: [mem 0x0000000000100000-0x000000001ffeffff]\r\n[    0.000000]   node   0: [mem 0x0000000100000000-0x00000001bfffffff]\r\n[    0.000000] Initmem setup node 0 [mem 0x0000000000001000-0x00000001bfffffff]\r\n[    0.000000] ACPI: PM-Timer IO Port: 0x408\r\n[    0.000000] IOAPIC[0]: apic_id 0, version 17, address 0xfec00000, GSI 0-23\r\n[    0.000000] ACPI: INT_SRC_OVR (bus 0 bus_irq 0 global_irq 2 dfl dfl)\r\n[    0.000000] ACPI: INT_SRC_OVR (bus 0 bus_irq 9 global_irq 9 high level)\r\n[    0.000000] Using ACPI (MADT) for SMP configuration information\r\n[    0.000000] smpboot: Allowing 64 CPUs, 63 hotplug CPUs\r\n[    0.000000] PM: Registered nosave memory: [mem 0x00000000-0x00000fff]\r\n[    0.000000] PM: Registered nosave memory: [mem 0x0009f000-0x0009ffff]\r\n[    0.000000] PM: Registered nosave memory: [mem 0x000a0000-0x000dffff]\r\n[    0.000000] PM: Registered nosave memory: [mem 0x000e0000-0x000fffff]\r\n[    0.000000] PM: Registered nosave memory: [mem 0x1fff0000-0x1fffefff]\r\n[    0.000000] PM: Registered nosave memory: [mem 0x1ffff000-0x1fffffff]\r\n[    0.000000] PM: Registered nosave memory: [mem 0x20000000-0xffffffff]\r\n[    0.000000] e820: [mem 0x20000000-0xffffffff] available for PCI devices\r\n[    0.000000] Booting paravirtualized kernel on bare hardware\r\n[    0.000000] clocksource: refined-jiffies: mask: 0xffffffff max_cycles: 0xffffffff, max_idle_ns: 7645519600211568 ns\r\n[    0.000000] setup_percpu: NR_CPUS:256 nr_cpumask_bits:256 nr_cpu_ids:64 nr_node_ids:1\r\n[    0.000000] PERCPU: Embedded 33 pages/cpu @ffff8801bae00000 s98008 r8192 d28968 u262144\r\n[    0.000000] Built 1 zonelists in Node order, mobility grouping on.  Total pages: 903033\r\n[    0.000000] Policy zone: Normal\r\n[    0.000000] Kernel command line: BOOT_IMAGE=/boot/vmlinuz-4.4.0-47-generic root=UUID=e990f8b3-1d6b-4615-8280-8ead4ed2fe7c ro console=tty1 console=ttyS0 earlyprintk=ttyS0 rootdelay=300\r\n[    0.000000] log_buf_len individual max cpu contribution: 4096 bytes\r\n[    0.000000] log_buf_len total cpu_extra contributions: 258048 bytes\r\n[    0.000000] log_buf_len min size: 262144 bytes\r\n[    0.000000] log_buf_len: 524288 bytes\r\n[    0.000000] early log buf free: 253140(96%)\r\n[    0.000000] PID hash table entries: 4096 (order: 3, 32768 bytes)\r\n[    0.000000] Memory: 3482052K/3669560K available (8423K kernel code, 1285K rwdata, 3952K rodata, 1480K init, 1292K bss, 187508K reserved, 0K cma-reserved)\r\n[    0.000000] SLUB: HWalign=64, Order=0-3, MinObjects=0, CPUs=64, Nodes=1\r\n[    0.000000] Hierarchical RCU implementation.\r\n[    0.000000] \tBuild-time adjustment of leaf fanout to 64.\r\n[    0.000000] \tRCU restricting CPUs from NR_CPUS=256 to nr_cpu_ids=64.\r\n[    0.000000] RCU: Adjusting geometry for rcu_fanout_leaf=64, nr_cpu_ids=64\r\n[    0.000000] NR_IRQS:16640 nr_irqs:936 16\r\n[    0.000000] Console: colour VGA+ 80x25\r\n[    0.000000] console [tty1] enabled\r\n[    0.000000] console [ttyS0] enabled\r\n[    0.000000] console [ttyS0] enabled\r\n[    0.000000] bootconsole [earlyser0] disabled\r\n[    0.000000] bootconsole [earlyser0] disabled\r\n[    0.000000] tsc: Fast TSC calibration failed\r\n[    0.000000] tsc: Unable to calibrate against PIT\r\n[    0.000000] tsc: using PMTIMER reference calibration\r\n[    0.000000] tsc: Detected 2394.418 MHz processor\r\n[    0.016036] Calibrating delay loop (skipped), value calculated using timer frequency.. 4788.83 BogoMIPS (lpj=9577672)\r\n[    0.021188] pid_max: default: 65536 minimum: 512\r\n[    0.022545] ACPI: Core revision 20150930\r\n[    0.025842] ACPI: 1 ACPI AML tables successfully acquired and loaded\r\n[    0.029071] Security Framework initialized\r\n[    0.030380] Yama: becoming mindful.\r\n[    0.032076] AppArmor: AppArmor initialized\r\n[    0.033732] Dentry cache hash table entries: 524288 (order: 10, 4194304 bytes)\r\n[    0.036910] Inode-cache hash table entries: 262144 (order: 9, 2097152 bytes)\r\n[    0.038968] Mount-cache hash table entries: 8192 (order: 4, 65536 bytes)\r\n[    0.040027] Mountpoint-cache hash table entries: 8192 (order: 4, 65536 bytes)\r\n[    0.042005] Initializing cgroup subsys io\r\n[    0.044023] Initializing cgroup subsys memory\r\n[    0.045369] Initializing cgroup subsys devices\r\n[    0.046767] Initializing cgroup subsys freezer\r\n[    0.048023] Initializing cgroup subsys net_cls\r\n[    0.049368] Initializing cgroup subsys perf_event\r\n[    0.051139] Initializing cgroup subsys net_prio\r\n[    0.052025] Initializing cgroup subsys hugetlb\r\n[    0.053370] Initializing cgroup subsys pids\r\n[    0.057052] mce: CPU supports 1 MCE banks\r\n[    0.058448] Last level iTLB entries: 4KB 1024, 2MB 1024, 4MB 1024\r\n[    0.059924] Last level dTLB entries: 4KB 1024, 2MB 1024, 4MB 1024, 1GB 4\r\n[    0.079248] ftrace: allocating 32047 entries in 126 pages\r\n[    0.092145] smpboot: Max logical packages: 64\r\n[    0.096019] smpboot: APIC(0) Converting physical 0 to logical package 0\r\n[    0.100038] Switched APIC routing to physical flat.\r\n[    0.116754] ..TIMER: vector=0x30 apic1=0 pin1=2 apic2=-1 pin2=-1\r\n[    0.120098] smpboot: CPU0: Intel(R) Xeon(R) CPU E5-2673 v3 @ 2.40GHz (family: 0x6, model: 0x3f, stepping: 0x2)\r\n[    0.136014] Performance Events: unsupported p6 CPU model 63 no PMU driver, software events only.\r\n[    0.149422] x86: Booted up 1 node, 1 CPUs\r\n[    0.152004] smpboot: Total of 1 processors activated (4788.83 BogoMIPS)\r\n[    0.156010] NMI watchdog: disabled (cpu0): hardware events not enabled\r\n[    0.160005] NMI watchdog: Shutting down hard lockup detector on all cpus\r\n[    0.166277] devtmpfs: initialized\r\n[    0.172598] evm: security.selinux\r\n[    0.176008] evm: security.SMACK64\r\n[    0.180002] evm: security.SMACK64EXEC\r\n[    0.184004] evm: security.SMACK64TRANSMUTE\r\n[    0.188007] evm: security.SMACK64MMAP\r\n[    0.192002] evm: security.ima\r\n[    0.196001] evm: security.capability\r\n[    0.200107] PM: Registering ACPI NVS region [mem 0x1ffff000-0x1fffffff] (4096 bytes)\r\n[    0.208123] clocksource: jiffies: mask: 0xffffffff max_cycles: 0xffffffff, max_idle_ns: 7645041785100000 ns\r\n[    0.212239] pinctrl core: initialized pinctrl subsystem\r\n[    0.216399] RTC time:  4:26:30, date: 05/30/17\r\n[    0.220204] NET: Registered protocol family 16\r\n[    0.224190] cpuidle: using governor ladder\r\n[    0.228005] cpuidle: using governor menu\r\n[    0.232006] PCCT header not found.\r\n[    0.236093] ACPI: bus type PCI registered\r\n[    0.240006] acpiphp: ACPI Hot Plug PCI Controller Driver version: 0.5\r\n[    0.244358] PCI: Using configuration type 1 for base access\r\n[    0.252918] ACPI: Added _OSI(Module Device)\r\n[    0.256004] ACPI: Added _OSI(Processor Device)\r\n[    0.260001] ACPI: Added _OSI(3.0 _SCP Extensions)\r\n[    0.264006] ACPI: Added _OSI(Processor Aggregator Device)\r\n[    0.272982] ACPI: Interpreter enabled\r\n[    0.276017] ACPI: (supports S0 S5)\r\n[    0.280002] ACPI: Using IOAPIC for interrupt routing\r\n[    0.284039] PCI: Using host bridge windows from ACPI; if necessary, use \"pci=nocrs\" and report a bug\r\n[    0.297042] ACPI: PCI Root Bridge [PCI0] (domain 0000 [bus 00-ff])\r\n[    0.300008] acpi PNP0A03:00: _OSC: OS supports [ASPM ClockPM Segments MSI]\r\n[    0.304009] acpi PNP0A03:00: _OSC failed (AE_NOT_FOUND); disabling ASPM\r\n[    0.308010] acpi PNP0A03:00: fail to add MMCONFIG information, can't access extended PCI configuration space under this bridge.\r\n[    0.312608] PCI host bridge to bus 0000:00\r\n[    0.316006] pci_bus 0000:00: root bus resource [mem 0xfe0000000-0xfffefffff window]\r\n[    0.320003] pci_bus 0000:00: root bus resource [io  0x0000-0x0cf7 window]\r\n[    0.324008] pci_bus 0000:00: root bus resource [io  0x0d00-0xffff window]\r\n[    0.328003] pci_bus 0000:00: root bus resource [mem 0x000a0000-0x000bffff window]\r\n[    0.332005] pci_bus 0000:00: root bus resource [mem 0x20000000-0xfffbffff window]\r\n[    0.336005] pci_bus 0000:00: root bus resource [bus 00-ff]\r\n[    0.347149] pci 0000:00:07.1: legacy IDE quirk: reg 0x10: [io  0x01f0-0x01f7]\r\n[    0.348005] pci 0000:00:07.1: legacy IDE quirk: reg 0x14: [io  0x03f6]\r\n[    0.352002] pci 0000:00:07.1: legacy IDE quirk: reg 0x18: [io  0x0170-0x0177]\r\n[    0.356003] pci 0000:00:07.1: legacy IDE quirk: reg 0x1c: [io  0x0376]\r\n[    0.360453] * Found PM-Timer Bug on the chipset. Due to workarounds for a bug,\r\n[    0.360453] * this clock source is slow. Consider trying other clock sources\r\n[    0.369037] pci 0000:00:07.3: quirk: [io  0x0400-0x043f] claimed by PIIX4 ACPI\r\n[    0.382356] ACPI: PCI Interrupt Link [LNKA] (IRQs 3 4 5 7 9 10 *11 12 14 15)\r\n[    0.405681] ACPI: PCI Interrupt Link [LNKB] (IRQs 3 4 5 7 9 10 11 12 14 15) *0, disabled.\r\n[    0.433832] ACPI: PCI Interrupt Link [LNKC] (IRQs 3 4 5 7 9 10 11 12 14 15) *0, disabled.\r\n[    0.460197] ACPI: PCI Interrupt Link [LNKD] (IRQs 3 4 5 7 9 10 11 12 14 15) *0, disabled.\r\n[    0.488186] ACPI: Enabled 1 GPEs in block 00 to 0F\r\n[    0.492263] vgaarb: setting as boot device: PCI:0000:00:08.0\r\n[    0.496000] vgaarb: device added: PCI:0000:00:08.0,decodes=io+mem,owns=io+mem,locks=none\r\n[    0.496003] vgaarb: loaded\r\n[    0.500002] vgaarb: bridge control possible 0000:00:08.0\r\n[    0.504272] SCSI subsystem initialized\r\n[    0.508102] ACPI: bus type USB registered\r\n[    0.512028] usbcore: registered new interface driver usbfs\r\n[    0.516015] usbcore: registered new interface driver hub\r\n[    0.520047] usbcore: registered new device driver usb\r\n[    0.524215] PCI: Using ACPI for IRQ routing\r\n[    0.528503] NetLabel: Initializing\r\n[    0.532003] NetLabel:  domain hash size = 128\r\n[    0.536002] NetLabel:  protocols = UNLABELED CIPSOv4\r\n[    0.540017] NetLabel:  unlabeled traffic allowed by default\r\n[    0.544101] amd_nb: Cannot enumerate AMD northbridges\r\n[    0.548030] clocksource: Switched to clocksource hyperv_clocksource\r\n[    0.566586] AppArmor: AppArmor Filesystem Enabled\r\n[    0.575764] pnp: PnP ACPI init\r\n[    0.583586] system 00:06: [io  0x01e0-0x01ef] has been reserved\r\n[    0.594424] system 00:06: [io  0x0160-0x016f] has been reserved\r\n[    0.607921] system 00:06: [io  0x0278-0x027f] has been reserved\r\n[    0.618836] system 00:06: [io  0x0378-0x037f] has been reserved\r\n[    0.629676] system 00:06: [io  0x0678-0x067f] has been reserved\r\n[    0.640736] system 00:06: [io  0x0778-0x077f] has been reserved\r\n[    0.651606] system 00:06: [io  0x04d0-0x04d1] has been reserved\r\n[    0.662371] system 00:07: [io  0x0400-0x043f] has been reserved\r\n[    0.673513] system 00:07: [io  0x0370-0x0371] has been reserved\r\n[    0.685398] system 00:07: [io  0x0440-0x044f] has been reserved\r\n[    0.698036] system 00:07: [mem 0xfec00000-0xfec00fff] could not be reserved\r\n[    0.711257] system 00:07: [mem 0xfee00000-0xfee00fff] has been reserved\r\n[    0.723602] system 00:08: [mem 0x00000000-0x0009ffff] could not be reserved\r\n[    0.736151] system 00:08: [mem 0x000c0000-0x000dffff] could not be reserved\r\n[    0.749022] system 00:08: [mem 0x000e0000-0x000fffff] could not be reserved\r\n[    0.762123] system 00:08: [mem 0x00100000-0x1fffffff] could not be reserved\r\n[    0.775224] system 00:08: [mem 0xfffc0000-0xffffffff] has been reserved\r\n[    0.787569] pnp: PnP ACPI: found 9 devices\r\n[    0.801712] clocksource: acpi_pm: mask: 0xffffff max_cycles: 0xffffff, max_idle_ns: 2085701024 ns\r\n[    0.818374] NET: Registered protocol family 2\r\n[    0.827259] TCP established hash table entries: 32768 (order: 6, 262144 bytes)\r\n[    0.840880] TCP bind hash table entries: 32768 (order: 7, 524288 bytes)\r\n[    0.853625] TCP: Hash tables configured (established 32768 bind 32768)\r\n[    0.865549] UDP hash table entries: 2048 (order: 4, 65536 bytes)\r\n[    0.876678] UDP-Lite hash table entries: 2048 (order: 4, 65536 bytes)\r\n[    0.889681] NET: Registered protocol family 1\r\n[    0.898484] pci 0000:00:00.0: Limiting direct PCI/PCI transfers\r\n[    0.947953] Trying to unpack rootfs image as initramfs...\r\n[    1.641121] Freeing initrd memory: 36332K (ffff88001d3ff000 - ffff88001f77a000)\r\n[    1.656896] PCI-DMA: Using software bounce buffering for IO (SWIOTLB)\r\n[    1.669260] software IO TLB [mem 0x193ff000-0x1d3ff000] (64MB) mapped at [ffff8800193ff000-ffff88001d3fefff]\r\n[    1.686702] RAPL PMU detected, API unit is 2^-32 Joules, 3 fixed counters 10737418240 ms ovfl timer\r\n[    1.708436] hw unit of domain pp0-core 2^-0 Joules\r\n[    1.726707] hw unit of domain package 2^-0 Joules\r\n[    1.743343] hw unit of domain dram 2^-16 Joules\r\n[    1.760410] clocksource: tsc: mask: 0xffffffffffffffff max_cycles: 0x22839e7147f, max_idle_ns: 440795244155 ns\r\n[    1.783014] Scanning for low memory corruption every 60 seconds\r\n[    1.796146] futex hash table entries: 16384 (order: 8, 1048576 bytes)\r\n[    1.809046] audit: initializing netlink subsys (disabled)\r\n[    1.818856] audit: type=2000 audit(1496118391.816:1): initialized\r\n[    1.831556] Initialise system trusted keyring\r\n[    1.840899] HugeTLB registered 2 MB page size, pre-allocated 0 pages\r\n[    1.854157] zbud: loaded\r\n[    1.859779] VFS: Disk quotas dquot_6.6.0\r\n[    1.867674] VFS: Dquot-cache hash table entries: 512 (order 0, 4096 bytes)\r\n[    1.880369] squashfs: version 4.0 (2009/01/31) Phillip Lougher\r\n[    1.891608] fuse init (API version 7.23)\r\n[    1.899687] Key type big_key registered\r\n[    1.907094] Allocating IMA MOK and blacklist keyrings.\r\n[    1.917111] Key type asymmetric registered\r\n[    1.924842] Asymmetric key parser 'x509' registered\r\n[    1.934189] Block layer SCSI generic (bsg) driver version 0.4 loaded (major 249)\r\n[    1.947521] io scheduler noop registered\r\n[    1.954933] io scheduler deadline registered (default)\r\n[    1.965602] io scheduler cfq registered\r\n[    1.973293] pci_hotplug: PCI Hot Plug PCI Core version: 0.5\r\n[    1.984254] pciehp: PCI Express Hot Plug Controller Driver version: 0.4\r\n[    1.996403] input: Power Button as /devices/LNXSYSTM:00/LNXPWRBN:00/input/input0\r\n[    2.010808] ACPI: Power Button [PWRF]\r\n[    2.018321] GHES: HEST is not enabled!\r\n[    2.026630] Serial: 8250/16550 driver, 32 ports, IRQ sharing enabled\r\n[    2.079797] 00:03: ttyS0 at I/O 0x3f8 (irq = 4, base_baud = 115200) is a 16550A\r\n[    2.132783] 00:04: ttyS1 at I/O 0x2f8 (irq = 3, base_baud = 115200) is a 16550A\r\n[    2.146861] Linux agpgart interface v0.103\r\n[    2.158441] brd: module loaded\r\n[    2.166899] loop: module loaded\r\n[    2.173508] ata_piix 0000:00:07.1: Hyper-V Virtual Machine detected, ATA device ignore set\r\n[    2.190055] scsi host0: ata_piix\r\n[    2.197819] scsi host1: ata_piix\r\n[    2.204239] ata1: PATA max UDMA/33 cmd 0x1f0 ctl 0x3f6 bmdma 0xffa0 irq 14\r\n[    2.217205] ata2: PATA max UDMA/33 cmd 0x170 ctl 0x376 bmdma 0xffa8 irq 15\r\n[    2.230675] libphy: Fixed MDIO Bus: probed\r\n[    2.239346] tun: Universal TUN/TAP device driver, 1.6\r\n[    2.248958] tun: (C) 1999-2004 Max Krasnyansky <maxk@qualcomm.com>\r\n[    2.260469] PPP generic driver version 2.4.2\r\n[    2.268392] ehci_hcd: USB 2.0 'Enhanced' Host Controller (EHCI) Driver\r\n[    2.280291] ehci-pci: EHCI PCI platform driver\r\n[    2.289056] ehci-platform: EHCI generic platform driver\r\n[    2.298502] ohci_hcd: USB 1.1 'Open' Host Controller (OHCI) Driver\r\n[    2.309870] ohci-pci: OHCI PCI platform driver\r\n[    2.318073] ohci-platform: OHCI generic platform driver\r\n[    2.328000] uhci_hcd: USB Universal Host Controller Interface driver\r\n[    2.339728] i8042: PNP: PS/2 Controller [PNP0303:PS2K,PNP0f03:PS2M] at 0x60,0x64 irq 1,12\r\n[    2.357500] serio: i8042 KBD port at 0x60,0x64 irq 1\r\n[    2.367213] serio: i8042 AUX port at 0x60,0x64 irq 12\r\n[    2.376690] mousedev: PS/2 mouse device common for all mice\r\n[    2.390960] rtc_cmos 00:00: RTC can wake from S4\r\n[    2.423385] input: AT Translated Set 2 keyboard as /devices/platform/i8042/serio0/input/input1\r\n[    2.438770] ata2.00: ATAPI: Virtual CD, , max MWDMA2\r\n[    2.450038] ata2.00: configured for MWDMA2\r\n[    2.459021] rtc_cmos 00:00: rtc core: registered rtc_cmos as rtc0\r\n[    2.471266] scsi 1:0:0:0: CD-ROM            Msft     Virtual CD/ROM   1.0  PQ: 0 ANSI: 5\r\n[    2.486344] rtc_cmos 00:00: alarms up to one month, 114 bytes nvram\r\n[    2.500232] sr 1:0:0:0: [sr0] scsi3-mmc drive: 0x/0x tray\r\n[    2.510419] cdrom: Uniform CD-ROM driver Revision: 3.20\r\n[    2.519822] i2c /dev entries driver\r\n[    2.527062] device-mapper: uevent: version 1.0.3\r\n[    2.536585] sr 1:0:0:0: Attached scsi generic sg0 type 5\r\n[    2.549139] device-mapper: ioctl: 4.34.0-ioctl (2015-10-28) initialised: dm-devel@redhat.com\r\n[    2.565105] ledtrig-cpu: registered to indicate activity on CPUs\r\n[    2.580917] NET: Registered protocol family 10\r\n[    2.592859] NET: Registered protocol family 17\r\n[    2.602220] Key type dns_resolver registered\r\n[    2.610469] microcode: CPU0 sig=0x306f2, pf=0x1, revision=0xffffffff\r\n[    2.623555] microcode: Microcode Update Driver: v2.01 <tigran@aivazian.fsnet.co.uk>, Peter Oruba\r\n[    2.639581] registered taskstats version 1\r\n[    2.649929] Loading compiled-in X.509 certificates\r\n[    2.659742] Loaded X.509 cert 'Build time autogenerated kernel key: f7bc719d96df7c6d6fed8f4b9fd5d4ff001383c8'\r\n[    2.682506] zswap: loaded using pool lzo/zbud\r\n[    2.692440] Key type trusted registered\r\n[    2.703011] Key type encrypted registered\r\n[    2.711895] AppArmor: AppArmor sha1 policy hashing enabled\r\n[    2.722031] ima: No TPM chip found, activating TPM-bypass!\r\n[    2.733222] evm: HMAC attrs: 0x1\r\n[    2.739926]   Magic number: 1:46:415\r\n[    2.748079] rtc_cmos 00:00: setting system clock to 2017-05-30 04:26:33 UTC (1496118393)\r\n[    2.764461] BIOS EDD facility v0.16 2004-Jun-25, 0 devices found\r\n[    2.777598] EDD information not available.\r\n[    2.790370] Freeing unused kernel memory: 1480K (ffffffff81f43000 - ffffffff820b5000)\r\n[    2.805521] Write protecting the kernel read-only data: 14336k\r\n[    2.816796] Freeing unused kernel memory: 1804K (ffff88000183d000 - ffff880001a00000)\r\n[    2.832514] Freeing unused kernel memory: 144K (ffff880001ddc000 - ffff880001e00000)\r\nLoading, please wait...\r\nstarting version 229\r\n[    2.866762] random: udevadm: uninitialized urandom read (16 bytes read, 3 bits of entropy available)\r\n[    2.883551] random: systemd-udevd: uninitialized urandom read (16 bytes read, 3 bits of entropy available)\r\n[    2.900543] random: systemd-udevd: uninitialized urandom read (16 bytes read, 3 bits of entropy available)\r\n[    2.918678] random: udevadm: uninitialized urandom read (16 bytes read, 3 bits of entropy available)\r\n[    2.934705] random: systemd-udevd: uninitialized urandom read (16 bytes read, 3 bits of entropy available)\r\n[    2.957479] random: udevadm: uninitialized urandom read (16 bytes read, 3 bits of entropy available)\r\n[    2.983302] random: systemd-udevd: uninitialized urandom read (16 bytes read, 3 bits of entropy available)\r\n[    3.003380] random: udevadm: uninitialized urandom read (16 bytes read, 3 bits of entropy available)\r\n[    3.021579] random: udevadm: uninitialized urandom read (16 bytes read, 3 bits of entropy available)\r\n[    3.039554] random: udevadm: uninitialized urandom read (16 bytes read, 3 bits of entropy available)\r\n[    3.118233] FUJITSU Extended Socket Network Device Driver - version 1.0 - Copyright (c) 2015 FUJITSU LIMITED\r\n[    3.146644] clocksource: hyperv_clocksource_tsc_page: mask: 0xffffffffffffffff max_cycles: 0x24e6a1710, max_idle_ns: 440795202120 ns\r\n[    3.204231] Floppy drive(s): fd0 is 1.44M\r\n[    3.249465] FDC 0 is an 82078.\r\n[    3.258516] AVX2 version of gcm_enc/dec engaged.\r\n[    3.268075] AES CTR mode by8 optimization enabled\r\n[    3.288987] clocksource: Switched to clocksource hyperv_clocksource_tsc_page\r\n[    3.354366] hv_vmbus: Hyper-V Host Build:9600-6.3-18-0.18190; Vmbus version:3.0\r\n[    3.379174] hv_vmbus: Unknown GUID: f8e65716-3cb3-4a06-9a60-1889c5cccab5\r\n[    3.397326] hv_vmbus: registering driver hyperv_fb\r\n[    3.407386] hv_vmbus: Unknown GUID: 3375baf4-9e15-4b30-b765-67acb10d607b\r\n[    3.423572] hidraw: raw HID events driver (C) Jiri Kosina\r\n[    3.433742] hv_vmbus: Unknown GUID: 276aacf4-ac15-426c-98dd-7521ad3f01fe\r\n[    3.446851] hv_vmbus: registering driver hyperv_keyboard\r\n[    3.463428] hv_utils: Registering HyperV Utility Driver\r\n[    3.473037] hv_vmbus: registering driver hv_util\r\n[    3.485772] hv_vmbus: registering driver hv_storvsc\r\n[    3.497740] hyperv_fb: Screen resolution: 1152x864, Color depth: 32\r\n[    3.510333] hv_vmbus: registering driver hid_hyperv\r\n[    3.524006] Console: switching to colour frame buffer device 144x54\r\n[    3.545700] hv_vmbus: registering driver hv_netvsc\r\n[    3.555670] scsi host2: storvsc_host_t\r\n[    3.562350] scsi 2:0:0:0: Direct-Access     Msft     Virtual Disk     1.0  PQ: 0 ANSI: 4\r\n[    3.576621] sd 2:0:0:0: Attached scsi generic sg1 type 0\r\n[    3.586059] sd 2:0:0:0: [sda] 61440000 512-byte logical blocks: (31.5 GB/29.3 GiB)\r\n[    3.598858] sd 2:0:0:0: [sda] Write Protect is off\r\n[    3.607130] psmouse serio1: trackpoint: failed to get extended button data\r\n[    3.619019] sd 2:0:0:0: [sda] Write cache: enabled, read cache: enabled, supports DPO and FUA\r\n[    3.635743] input: Microsoft Vmbus HID-compliant Mouse as /devices/0006:045E:0621.0001/input/input4\r\n[    3.653850]  sda: sda1\r\n[    3.659856] hid-generic 0006:045E:0621.0001: input: <UNKNOWN> HID v0.01 Mouse [Microsoft Vmbus HID-compliant Mouse] on \r\n[    3.678340] sd 2:0:0:0: [sda] Attached SCSI disk\r\n[    3.686712] hv_netvsc: hv_netvsc channel opened successfully\r\n[    3.853759] hv_netvsc vmbus_14: Send section size: 6144, Section count:2560\r\n[    3.867826] hv_netvsc vmbus_14: Device MAC 00:0d:3a:a2:82:a9 link state up\r\n[    3.892569] scsi host3: storvsc_host_t\r\n[    3.901908] scsi 3:0:1:0: Direct-Access     Msft     Virtual Disk     1.0  PQ: 0 ANSI: 4\r\n[    3.917817] sd 3:0:1:0: [sdb] 104857600 512-byte logical blocks: (53.7 GB/50.0 GiB)\r\n[    3.931828] sd 3:0:1:0: [sdb] 4096-byte physical blocks\r\n[    3.941074] sd 3:0:1:0: Attached scsi generic sg2 type 0\r\n[    3.951915] sd 3:0:1:0: [sdb] Write Protect is off\r\n[    3.960260] sd 3:0:1:0: [sdb] Write cache: enabled, read cache: enabled, supports DPO and FUA\r\n[    3.974977] scsi host4: storvsc_host_t\r\n[    3.983359]  sdb: sdb1\r\n[    3.988832] scsi host5: storvsc_host_t\r\n[    3.996372] sd 3:0:1:0: [sdb] Attached SCSI disk\r\nBegin: Loading essential drivers ...
[    5.333712] md: linear personality registered for level -1\r\n[    5.346326] md: multipath personality registered for level -4\r\n[    5.359234] md: raid0 personality registered for level 0\r\n[    5.372808] md: raid1 personality registered for level 1\r\n[    5.456008] raid6: sse2x1   gen()  5829 MB/s\r\n[    5.532006] raid6: sse2x1   xor()  4845 MB/s\r\n[    5.608007] raid6: sse2x2   gen()  7841 MB/s\r\n[    5.684006] raid6: sse2x2   xor()  5325 MB/s\r\n[    5.760014] raid6: sse2x4   gen()  9118 MB/s\r\n[    5.836011] raid6: sse2x4   xor()  6389 MB/s\r\n[    5.912007] raid6: avx2x1   gen() 11914 MB/s\r\n[    5.988013] raid6: avx2x2   gen() 13868 MB/s\r\n[    6.064008] raid6: avx2x4   gen() 16027 MB/s\r\n[    6.072488] raid6: using algorithm avx2x4 gen() 16027 MB/s\r\n[    6.083490] raid6: using avx2x2 recovery algorithm\r\n[    6.096302] xor: automatically using best checksumming function:\r\n[    6.144009]    avx       : 19593.000 MB/sec\r\n[    6.154107] async_tx: api initialized (async)\r\n[    6.174226] md: raid6 personality registered for level 6\r\n[    6.184507] md: raid5 personality registered for level 5\r\n[    6.194565] md: raid4 personality registered for level 4\r\n[    6.210225] md: raid10 personality registered for level 10\r\ndone.\r\nBegin: Running /scripts/init-premount ... done.\r\nBegin: Mounting root file system ... Begin: Running /scripts/local-top ... done.\r\nBegin: Running /scripts/local-premount ...
[    6.281394] Btrfs loaded\r\nScanning for Btrfs filesystems\r\n[    6.392121] blk_update_request: I/O error, dev fd0, sector 0\r\n[    6.396028] floppy: error -5 while reading block 0\r\ndone.\r\nWarning: fsck not present, so skipping root file system\r\n[    6.497365] EXT4-fs (sda1): mounted filesystem with ordered data mode. Opts: (null)\r\ndone.\r\nBegin: Running /scripts/local-bottom ... done.\r\nBegin: Running /scripts/init-bottom ... Warning: overlayroot: debug is busted\r\ndone.\r\n[    6.976002] random: nonblocking pool is initialized\r\n[    8.171928] systemd[1]: systemd 229 running in system mode. (+PAM +AUDIT +SELINUX +IMA +APPARMOR +SMACK +SYSVINIT +UTMP +LIBCRYPTSETUP +GCRYPT +GNUTLS +ACL +XZ -LZ4 +SECCOMP +BLKID +ELFUTILS +KMOD -IDN)\r\n[    8.204642] systemd[1]: Detected virtualization microsoft.\r\n[    8.215297] systemd[1]: Detected architecture x86-64.\r\n\r\nWelcome to \u001b[1mUbuntu 16.04.1 LTS\u001b[0m!\r\n\r\n[    8.394801] systemd[1]: Set hostname to <ubuntu>.\r\n[    8.530346] systemd[1]: Initializing machine ID from random generator.\r\n[    8.544445] systemd[1]: Installed transient /etc/machine-id file.\r\n[    9.108070] psmouse serio1: trackpoint: IBM TrackPoint firmware: 0x01, buttons: 0/0\r\n[    9.123399] input: TPPS/2 IBM TrackPoint as /devices/platform/i8042/serio1/input/input3\r\n[    9.138554] input: AT Translated Set 2 keyboard as /devices/LNXSYSTM:00/LNXSYBUS:00/PNP0A03:00/device:07/VMBUS:01/vmbus_5/serio2/input/input5\r\n[    9.522398] systemd[1]: Time has been changed\r\n[    9.532481] systemd[1]: Set up automount Arbitrary Executable File Formats File System Automount Point.\r\n[\u001b[0;32m  OK  \u001b[0m] Set up automount Arbitrary Executab...ats File System Automount Point.\r\n[    9.570553] systemd[1]: Listening on udev Kernel Socket.\r\n[\u001b[0;32m  OK  \u001b[0m] Listening on udev Kernel Socket.\r\n[    9.595277] systemd[1]: Created slice System Slice.\r\n[\u001b[0;32m  OK  \u001b[0m] Created slice System Slice.\r\n[    9.618736] systemd[1]: Started Forward Password Requests to Wall Directory Watch.\r\n[\u001b[0;32m  OK  \u001b[0m] Started Forward Password Requests to Wall Directory Watch.\r\n[    9.648831] systemd[1]: Listening on Device-mapper event daemon FIFOs.\r\n[\u001b[0;32m  OK  \u001b[0m] Listening on Device-mapper event daemon FIFOs.\r\n[    9.675793] systemd[1]: Listening on LVM2 metadata daemon socket.\r\n[\u001b[0;32m  OK  \u001b[0m] Listening on LVM2 metadata daemon socket.\r\n[    9.702239] systemd[1]: Listening on Journal Socket (/dev/log).\r\n[\u001b[0;32m  OK  \u001b[0m] Listening on Journal Socket (/dev/log).\r\n[    9.728241] systemd[1]: Created slice User and Session Slice.\r\n[\u001b[0;32m  OK  \u001b[0m] Created slice User and Session Slice.\r\n[    9.753047] systemd[1]: Reached target Encrypted Volumes.\r\n[\u001b[0;32m  OK  \u001b[0m] Reached target Encrypted Volumes.\r\n[    9.777322] systemd[1]: Listening on LVM2 poll daemon socket.\r\n[\u001b[0;32m  OK  \u001b[0m] Listening on LVM2 poll daemon socket.\r\n[    9.802077] systemd[1]: Reached target Swap.\r\n[\u001b[0;32m  OK  \u001b[0m] Reached target Swap.\r\n[    9.823437] systemd[1]: Listening on Syslog Socket.\r\n[\u001b[0;32m  OK  \u001b[0m] Listening on Syslog Socket.\r\n[    9.845769] systemd[1]: Reached target User and Group Name Lookups.\r\n[\u001b[0;32m  OK  \u001b[0m] Reached target User and Group Name Lookups.\r\n[    9.872505] systemd[1]: Listening on udev Control Socket.\r\n[\u001b[0;32m  OK  \u001b[0m] Listening on udev Control Socket.\r\n[    9.896224] systemd[1]: Listening on /dev/initctl Compatibility Named Pipe.\r\n[\u001b[0;32m  OK  \u001b[0m] Listening on /dev/initctl Compatibility Named Pipe.\r\n[    9.925113] systemd[1]: Listening on Journal Socket.\r\n[\u001b[0;32m  OK  \u001b[0m] Listening on Journal Socket.\r\n[    9.948879] systemd[1]: Starting Nameserver information manager...\r\n         Starting Nameserver information manager...\r\n[    9.973965] systemd[1]: Starting Set console keymap...\r\n         Starting Set console keymap...\r\n[    9.997871] systemd[1]: Starting Load Kernel Modules...\r\n         Starting Load Kernel Modules...\r\n[   10.024112] systemd[1]: Starting Remount Root and Kernel File Systems...\r\n         Starting Remount Root and Kernel File Systems...\r\n[   10.052671] systemd[1]: Starting Uncomplicated firewall...\r\n         Starting Uncomplicated firewall...\r\n[   10.078574] systemd[1]: Starting Create list of required static device nodes for the current kernel...\r\n         Starting Create list of required st... nodes for the current kernel...[   10.113239] EXT4-fs (sda1): re-mounted. Opts: discard\r\n\r\n[   10.126502] systemd[1]: Mounting Huge Pages File System...\r\n         Mounting Huge Pages File System...[   10.166407] Loading iSCSI transport class v2.0-870.\r\n\r\n[   10.179006] systemd[1]: Starting Monitoring of LVM2 mirrors, snapshots etc. using dmeventd or progress polling...\r\n         Starting Monitoring of LVM2 mirrors... dmeventd or progress polling...\r\n[   10.249709] systemd[1]: Mounting POSIX Message Queue File System...\r\n[   10.269284] iscsi: registered transport (tcp)\r\n         Mounting POSIX Message Queue File System...\r\n[   10.293788] systemd[1]: Reached target Slices.\r\n[\u001b[0;32m  OK  \u001b[0m] Reached target Slices.\r\n[   10.317740] systemd[1]: Listening on Journal Audit Socket.\r\n[\u001b[0;32m  OK  \u001b[0m] Listening on Journal Audit Socket.\r\n[   10.344158] systemd[1]: Starting Journal Service...\r\n         Starting Journal Service...\r\n[   10.372177] systemd[1]: Created slice system-serial\\x2dgetty.slice.\r\n[\u001b[0;32m  OK  \u001b[0m] Created slice system-serial\\x2dgetty.slice.\r\n[   10.406540] systemd[1]: Mounting Debug File System...\r\n         Mounting Debug File System...\r\n[   10.435114] systemd[1]: Mounted Huge Pages File System.\r\n[\u001b[0;32m  OK  \u001b[0m] Mounted Huge Pages File System.\r\n[   10.482372] systemd[1]: Mounted POSIX Message Queue File System.\r\n[\u001b[0;32m  OK  \u001b[0m] Mounted POSIX Message Queue File System.\r\n[   10.518664] systemd[1]: Mounted Debug File System.\r\n[\u001b[0;32m  OK  \u001b[0m] Mounted Debug File System.\r\n[   10.550705] systemd[1]: Started Set console keymap.\r\n[   10.563747] iscsi: registered transport (iser)\r\n[\u001b[0;32m  OK  \u001b[0m] Started Set console keymap.\r\n[   10.605230] systemd[1]: Started Load Kernel Modules.\r\n[\u001b[0;32m  OK  \u001b[0m] Started Load Kernel Modules.\r\n[   10.632137] systemd[1]: Started Remount Root and Kernel File Systems.\r\n[\u001b[0;32m  OK  \u001b[0m] Started Remount Root and Kernel File Systems.\r\n[   10.660627] systemd[1]: Started Uncomplicated firewall.\r\n[\u001b[0;32m  OK  \u001b[0m] Started Uncomplicated firewall.\r\n[   10.685477] systemd[1]: Started Create list of required static device nodes for the current kernel.\r\n[\u001b[0;32m  OK  \u001b[0m] Started Create list of required sta...ce nodes for the current kernel.\r\n[   10.722665] systemd[1]: Started Nameserver information manager.\r\n[\u001b[0;32m  OK  \u001b[0m] Started Nameserver information manager.\r\n[   10.759460] systemd[1]: Started Journal Service.\r\n[\u001b[0;32m  OK  \u001b[0m] Started Journal Service.\r\n[\u001b[0;32m  OK  \u001b[0m] Started LVM2 metadata daemon.\r\n         Starting Create Static Device Nodes in /dev...\r\n         Starting udev Coldplug all Devices...\r\n         Starting Flush Journal to Persistent Storage...\r\n         Starting Load/Save Random Seed...\r\n         Starting Apply Kernel Variables...\r\n         Mounting FUSE Control File System...\r\n[\u001b[0;32m  OK  \u001b[0m] Mounted FUSE Control File System.\r\n[\u001b[0;32m  OK  \u001b[0m] Started Apply Kernel Variables.\r\n[\u001b[0;32m  OK  \u001b[0m] Started Load/Save Random Seed.\r\n[\u001b[0;32m  OK  \u001b[0m] Started udev Coldplug all Devices.\r\n[\u001b[0;32m  OK  \u001b[0m] Started Flush Journal to Persistent Storage.\r\n[\u001b[0;32m  OK  \u001b[0m] Started Create Static Device Nodes in /dev.\r\n         Starting udev Kernel Device Manager...\r\n[\u001b[0;32m  OK  \u001b[0m] Started Monitoring of LVM2 mirrors,...ng dmeventd or progress polling.\r\n[\u001b[0;32m  OK  \u001b[0m] Started udev Kernel Device Manager.\r\n[\u001b[0;32m  OK  \u001b[0m] Reached target Local File Systems (Pre).\r\n         Mounting /etc/network/interfaces.dynamic.d...\r\n[\u001b[0;32m  OK  \u001b[0m] Started Dispatch Password Requests to Console Directory Watch.\r\n[\u001b[0;32m  OK  \u001b[0m] Mounted /etc/network/interfaces.dynamic.d.\r\n[\u001b[0;32m  OK  \u001b[0m] Reached target Local File Systems.\r\n         Starting Create Volatile Files and Directories...\r\n         Starting LSB: AppArmor initialization...\r\n         Starting Initial cloud-init job (pre-networking)...\r\n         Starting Run snappy firstboot setup...\r\n         Starting Tell Plymouth To Write Out Runtime Data...\r\n         Starting Set console font and keymap...\r\n         Starting Commit a transient machine-id on disk...\r\n[\u001b[0;32m  OK  \u001b[0m] Started Create Volatile Files and Directories.\r\n[\u001b[0;32m  OK  \u001b[0m] Started Tell Plymouth To Write Out Runtime Data.\r\n[\u001b[0;32m  OK  \u001b[0m] Started Commit a transient machine-id on disk.\r\n[   12.126388] piix4_smbus 0000:00:07.3: SMBus base address uninitialized - upgrade BIOS or use force_addr=0xaddr\r\n         Starting Update UTMP about System Boot/Shutdown...\r\n         Starting Network Time Synchronization...\r\n[\u001b[0;32m  OK  \u001b[0m] Started Network Time Synchronization.\r\n[\u001b[0;32m  OK  \u001b[0m] Reached target System Time Synchronized.\r\n[\u001b[0;32m  OK  \u001b[0m] Started Update UTMP about System Boot/Shutdown.\r\n[\u001b[0;32m  OK  \u001b[0m] Found device /dev/ttyS0.\r\n[\u001b[0;32m  OK  \u001b[0m] Started Set console font and keymap.\r\n[\u001b[0;32m  OK  \u001b[0m] Created slice system-getty.slice.\r\n[   12.652556] intel_rapl: no valid rapl domains found in package 0\r\n[\u001b[0;32m  OK  \u001b[0m] Listening on Load/Save RF Kill Switch Status /dev/rfkill Watch.\r\n[\u001b[0;32m  OK  \u001b[0m] Started Run snappy firstboot setup.\r\n[\u001b[0;32m  OK  \u001b[0m] Started LSB: AppArmor initialization.\r\n[\u001b[0;32m  OK  \u001b[0m] Reached target System Initialization.\r\n[\u001b[0;32m  OK  \u001b[0m] Listening on D-Bus System Message Bus Socket.\r\n[\u001b[0;32m  OK  \u001b[0m] Listening on UUID daemon activation socket.\r\n[\u001b[0;32m  OK  \u001b[0m] Started Trigger resolvconf update for networkd DNS.\r\n[\u001b[0;32m  OK  \u001b[0m] Started Daily apt activities.\r\n[\u001b[0;32m  OK  \u001b[0m] Listening on ACPID Listen Socket.\r\n[\u001b[0;32m  OK  \u001b[0m] Started Daily Cleanup of Temporary Directories.\r\n         Starting LXD - unix socket.\r\n         Starting Socket activation for snappy daemon.\r\n[\u001b[0;32m  OK  \u001b[0m] Started ACPI Events Check.\r\n[\u001b[0;32m  OK  \u001b[0m] Reached target Paths.\r\n[\u001b[0;32m  OK  \u001b[0m] Started Timer to automatically refresh installed snaps.\r\n[\u001b[0;32m  OK  \u001b[0m] Reached target Timers.\r\n[\u001b[0;32m  OK  \u001b[0m] Listening on LXD - unix socket.\r\n[\u001b[0;32m  OK  \u001b[0m] Listening on Socket activation for snappy daemon.\r\n[\u001b[0;32m  OK  \u001b[0m] Reached target Sockets.\r\n[\u001b[0;32m  OK  \u001b[0m] Reached target Basic System.\r\n         Starting Accounts Service...\r\n[\u001b[0;32m  OK  \u001b[0m] Started Hyper-V VSS Protocol Daemon.\r\n         Starting Login Service...\r\n[\u001b[0;32m  OK  \u001b[0m] Started Regular background program processing daemon.\r\n         Starting System Logging Service...\r\n[\u001b[0;32m  OK  \u001b[0m] Started Hyper-V KVP Protocol Daemon.\r\n[\u001b[0;32m  OK  \u001b[0m] Started Hyper-V File Copy Protocol Daemon.\r\n         Starting LSB: Record successful boot for GRUB...\r\n[\u001b[0;32m  OK  \u001b[0m] Started Name Service Cache Daemon.\r\n         Starting LSB: MD monitoring daemon...\r\n[\u001b[0;32m  OK  \u001b[0m] Started D-Bus System Message Bus.\r\n[\u001b[0;32m  OK  \u001b[0m] Started Snappy daemon.\r\n         Starting Thermal Daemon Service...\r\n[\u001b[0;32m  OK  \u001b[0m] Started FUSE filesystem for LXC.\r\n[\u001b[0;32m  OK  \u001b[0m] Started Deferred execution scheduler.\r\n[\u001b[0;32m  OK  \u001b[0m] Started ACPI event daemon.\r\n         Starting LXD - container startup/shutdown...\r\n[\u001b[0;32m  OK  \u001b[0m] Started System Logging Service.\r\n[\u001b[0;32m  OK  \u001b[0m] Started Login Service.\r\n         Starting Authenticate and Authorize Users to Run Privileged Tasks...\r\n[\u001b[0;32m  OK  \u001b[0m] Started LSB: Record successful boot for GRUB.\r\n[\u001b[0;32m  OK  \u001b[0m] Started LSB: MD monitoring daemon.\r\n[\u001b[0;32m  OK  \u001b[0m] Started Thermal Daemon Service.\r\n[\u001b[0;32m  OK  \u001b[0m] Started Authenticate and Authorize Users to Run Privileged Tasks.\r\n[\u001b[0;32m  OK  \u001b[0m] Started Accounts Service.\r\n[   18.013251] cloud-init[576]: Cloud-init v. 0.7.8 running 'init-local' at Tue, 30 May 2017 04:26:48 +0000. Up 17.45 seconds.\r\n[\u001b[0;32m  OK  \u001b[0m] Started Initial cloud-init job (pre-networking).\r\n[\u001b[0;32m  OK  \u001b[0m] Reached target Network (Pre).\r\n         Starting Raise network interfaces...\r\n[\u001b[0;32m  OK  \u001b[0m] Started LXD - container startup/shutdown.\r\n[\u001b[0m\u001b[0;31m*     \u001b[0m] A start job is running for Raise network interfaces (14s / 5min 8s)\r\u001b[K[\u001b[0;1;31m*\u001b[0m\u001b[0;31m*    \u001b[0m] A start job is running for Raise network interfaces (14s / 5min 8s)\r\u001b[K[\u001b[0;31m*\u001b[0;1;31m*\u001b[0m\u001b[0;31m*   \u001b[0m] A start job is running for Raise network interfaces (15s / 5min 8s)\r\u001b[K[ \u001b[0;31m*\u001b[0;1;31m*\u001b[0m\u001b[0;31m*  \u001b[0m] A start job is running for Raise network interfaces (15s / 5min 8s)\r\u001b[K[  \u001b[0;31m*\u001b[0;1;31m*\u001b[0m\u001b[0;31m* \u001b[0m] A start job is running for Raise network interfaces (16s / 5min 8s)\r\u001b[K[   \u001b[0;31m*\u001b[0;1;31m*\u001b[0m\u001b[0;31m*\u001b[0m] A start job is running for Raise network interfaces (17s / 5min 8s)\r\u001b[K[    \u001b[0;31m*\u001b[0;1;31m*\u001b[0m] A start job is running for Raise network interfaces (17s / 5min 8s)\r\u001b[K[     \u001b[0;31m*\u001b[0m] A start job is running for Raise network interfaces (18s / 5min 8s)\r\u001b[K[    \u001b[0;31m*\u001b[0;1;31m*\u001b[0m] A start job is running for Raise network interfaces (18s / 5min 8s)\r\u001b[K[   \u001b[0;31m*\u001b[0;1;31m*\u001b[0m\u001b[0;31m*\u001b[0m] A start job is running for Raise network interfaces (19s / 5min 8s)\r\u001b[K[  \u001b[0;31m*\u001b[0;1;31m*\u001b[0m\u001b[0;31m* \u001b[0m] A start job is running for Raise network interfaces (19s / 5min 8s)\r\u001b[K[ \u001b[0;31m*\u001b[0;1;31m*\u001b[0m\u001b[0;31m*  \u001b[0m] A start job is running for Raise network interfaces (20s / 5min 8s)\r\u001b[K[\u001b[0;31m*\u001b[0;1;31m*\u001b[0m\u001b[0;31m*   \u001b[0m] A start job is running for Raise network interfaces (20s / 5min 8s)\r\u001b[K[\u001b[0;1;31m*\u001b[0m\u001b[0;31m*    \u001b[0m] A start job is running for Raise network interfaces (21s / 5min 8s)\r\u001b[K[\u001b[0m\u001b[0;31m*     \u001b[0m] A start job is running for Raise network interfaces (21s / 5min 8s)\r\u001b[K[\u001b[0;1;31m*\u001b[0m\u001b[0;31m*    \u001b[0m] A start job is running for Raise network interfaces (22s / 5min 8s)\r\u001b[K[\u001b[0;31m*\u001b[0;1;31m*\u001b[0m\u001b[0;31m*   \u001b[0m] A start job is running for Raise network interfaces (22s / 5min 8s)\r\u001b[K[ \u001b[0;31m*\u001b[0;1;31m*\u001b[0m\u001b[0;31m*  \u001b[0m] A start job is running for Raise network interfaces (23s / 5min 8s)\r\u001b[K[  \u001b[0;31m*\u001b[0;1;31m*\u001b[0m\u001b[0;31m* \u001b[0m] A start job is running for Raise network interfaces (23s / 5min 8s)\r\u001b[K[   \u001b[0;31m*\u001b[0;1;31m*\u001b[0m\u001b[0;31m*\u001b[0m] A start job is running for Raise network interfaces (24s / 5min 8s)\r\u001b[K[    \u001b[0;31m*\u001b[0;1;31m*\u001b[0m] A start job is running for Raise network interfaces (24s / 5min 8s)\r\u001b[K[     \u001b[0;31m*\u001b[0m] A start job is running for Raise network interfaces (25s / 5min 8s)\r\u001b[K[    \u001b[0;31m*\u001b[0;1;31m*\u001b[0m] A start job is running for Raise network interfaces (25s / 5min 8s)\r\u001b[K[   \u001b[0;31m*\u001b[0;1;31m*\u001b[0m\u001b[0;31m*\u001b[0m] A start job is running for Raise network interfaces (26s / 5min 8s)\r\u001b[K[  \u001b[0;31m*\u001b[0;1;31m*\u001b[0m\u001b[0;31m* \u001b[0m] A start job is running for Raise network interfaces (26s / 5min 8s)\r\u001b[K[ \u001b[0;31m*\u001b[0;1;31m*\u001b[0m\u001b[0;31m*  \u001b[0m] A start job is running for Raise network interfaces (27s / 5min 8s)\r\u001b[K[\u001b[0;31m*\u001b[0;1;31m*\u001b[0m\u001b[0;31m*   \u001b[0m] A start job is running for Raise network interfaces (27s / 5min 8s)\r\u001b[K[\u001b[0;1;31m*\u001b[0m\u001b[0;31m*    \u001b[0m] A start job is running for Raise network interfaces (28s / 5min 8s)\r\u001b[K[\u001b[0m\u001b[0;31m*     \u001b[0m] A start job is running for Raise network interfaces (28s / 5min 8s)\r\u001b[K[\u001b[0;1;31m*\u001b[0m\u001b[0;31m*    \u001b[0m] A start job is running for Raise network interfaces (29s / 5min 8s)\r\u001b[K[\u001b[0;31m*\u001b[0;1;31m*\u001b[0m\u001b[0;31m*   \u001b[0m] A start job is running for Raise network interfaces (29s / 5min 8s)\r\u001b[K[ \u001b[0;31m*\u001b[0;1;31m*\u001b[0m\u001b[0;31m*  \u001b[0m] A start job is running for Raise network interfaces (30s / 5min 8s)\r\u001b[K[  \u001b[0;31m*\u001b[0;1;31m*\u001b[0m\u001b[0;31m* \u001b[0m] A start job is running for Raise network interfaces (30s / 5min 8s)\r\u001b[K[   \u001b[0;31m*\u001b[0;1;31m*\u001b[0m\u001b[0;31m*\u001b[0m] A start job is running for Raise network interfaces (31s / 5min 8s)\r\u001b[K[\u001b[0;32m  OK  \u001b[0m] Started Raise network interfaces.\r\n[\u001b[0;32m  OK  \u001b[0m] Reached target Network.\r\n         Starting Initial cloud-init job (metadata service crawler)...\r\n[   41.460192] blk_update_request: I/O error, dev fd0, sector 0\r\n[   41.520125] blk_update_request: I/O error, dev fd0, sector 0\r\n[   41.716958] cloud-init[1121]: + i=eth0\r\n[   41.740291] cloud-init[1121]: + x=0\r\n[   41.759286] cloud-init[1121]: + ifdown eth0\r\n[   41.773262] cloud-init[1121]: Killed old client process\r\n[   42.751071] cloud-init[1121]: Internet Systems Consortium DHCP Client 4.3.3\r\n[   42.770514] cloud-init[1121]: Copyright 2004-2015 Internet Systems Consortium.\r\n[   42.788592] cloud-init[1121]: All rights reserved.\r\n[   42.803900] cloud-init[1121]: For info, please visit https://www.isc.org/software/dhcp/\r\n[   42.822702] cloud-init[1121]: Listening on LPF/eth0/00:0d:3a:a2:82:a9\r\n[   42.845599] cloud-init[1121]: Sending on   LPF/eth0/00:0d:3a:a2:82:a9\r\n[   42.880296] cloud-init[1121]: Sending on   Socket/fallback\r\n[   42.908476] cloud-init[1121]: DHCPRELEASE on eth0 to 168.63.129.16 port 67 (xid=0x52ae2372)\r\n[   43.356313] cloud-init[1121]: + ifup eth0\r\n[   43.382921] cloud-init[1121]: Internet Systems Consortium DHCP Client 4.3.3\r\n[   43.399491] cloud-init[1121]: Copyright 2004-2015 Internet Systems Consortium.\r\n[   43.418001] cloud-init[1121]: All rights reserved.\r\n[   43.436547] cloud-init[1121]: For info, please visit https://www.isc.org/software/dhcp/\r\n[   43.472302] cloud-init[1121]: Listening on LPF/eth0/00:0d:3a:a2:82:a9\r\n[   43.504027] cloud-init[1121]: Sending on   LPF/eth0/00:0d:3a:a2:82:a9\r\n[   43.534807] cloud-init[1121]: Sending on   Socket/fallback\r\n[   43.566439] cloud-init[1121]: DHCPDISCOVER on eth0 to 255.255.255.255 port 67 interval 3 (xid=0x2a0e2f11)\r\n[   43.607134] cloud-init[1121]: DHCPREQUEST of 10.0.0.4 on eth0 to 255.255.255.255 port 67 (xid=0x112f0e2a)\r\n[   43.648311] cloud-init[1121]: DHCPOFFER of 10.0.0.4 from 168.63.129.16\r\n[   43.684264] cloud-init[1121]: DHCPACK of 10.0.0.4 from 168.63.129.16\r\n[   44.062374] cloud-init[1121]: bound to 10.0.0.4 -- renewal in 4294967294 seconds.\r\n[   44.099769] cloud-init[1121]: + exit 0\r\n[\u001b[0;32m  OK  \u001b[0m] Started Azure Linux Agent.\r\n2017/05/30 04:27:15.797642 INFO Azure Linux Agent Version:2.1.3\r\n2017/05/30 04:27:15.810925 INFO OS: ubuntu 16.04\r\n2017/05/30 04:27:15.821540 INFO Python: 3.5.2\r\n2017/05/30 04:27:15.832254 INFO Run daemon\r\n2017/05/30 04:27:15.842770 INFO run Ubuntu provision handler\r\n2017/05/30 04:27:15.854267 INFO Waiting cloud-init to copy ovf-env.xml.\r\n2017/05/30 04:27:15.870004 INFO Detect protocol endpoints\r\n2017/05/30 04:27:15.881496 INFO WireServer endpoint is not found. Rerun dhcp handler\r\n2017/05/30 04:27:15.895694 INFO Send dhcp request\r\n2017/05/30 04:27:16.140659 INFO Configure routes\r\n2017/05/30 04:27:16.152344 INFO Gateway:10.0.0.1\r\n2017/05/30 04:27:16.163848 INFO Routes:None\r\n2017/05/30 04:27:16.176450 INFO Wire server endpoint:168.63.129.16\r\n2017/05/30 04:27:16.200654 INFO Fabric preferred wire protocol version:2015-04-05\r\n2017/05/30 04:27:16.215466 INFO Wire protocol version:2012-11-30\r\n2017/05/30 04:27:16.227206 WARNING Server prefered version:2015-04-05\r\n[   48.572200] blk_update_request: I/O error, dev fd0, sector 0\r\n[   48.628158] blk_update_request: I/O error, dev fd0, sector 0\r\n2017/05/30 04:27:20.565383 INFO Sleep 15 seconds to prevent throttling\r\n[   51.452459] cloud-init[1121]: Cloud-init v. 0.7.8 running 'init' at Tue, 30 May 2017 04:27:12 +0000. Up 41.19 seconds.\r\n[   51.544718] cloud-init[1121]: ci-info: ++++++++++++++++++++++++++++++++++++++Net device info++++++++++++++++++++++++++++++++++++++[\u001b[0;32m  OK  \u001b[0m] Started Initial cloud-init job (metadata service crawler).\r\n[   51.584622] cloud-init[1121]: ci-info: +--------+------+-----------------------------+---------------+-------+-------------------+\r\n[\u001b[0;32m  OK  \u001b[0m] Reached target Network is Online.\r\n\r\n         Starting /etc/rc.local Compatibility...[   51.616171] cloud-init[1121]: ci-info: | Device |  Up  |           Address           |      Mask     | Scope |     Hw-Address    |\r\n\r\n         Starting Pollinate to seed the pseudo random number generator...[   51.666564] \r\n         cloud-initStarting iSCSI initiator daemon (iscsid)...[1121]: ci-info: +--------+------+-----------------------------+---------------+-------+-------------------+\r\n[\u001b[0;32m  OK  \u001b[0m] Reached target Cloud-config availability.\r\n\r\n         Starting Apply the settings specified in cloud-config...[   51.726066] cloud-init[1121]: \r\n[\u001b[0;32m  OK  \u001b[0m] Started /etc/rc.local Compatibility.ci-info: |   lo   | True |          127.0.0.1          |   255.0.0.0   |   .   |         .         |\r\n\r\n[   51.808234] cloud-init[1121]: ci-info: |   lo   | True |           ::1/128           |       .       |  host |         .         |[\u001b[0;32m  OK  \u001b[0m] Started iSCSI initiator daemon (iscsid).\r\n         Starting Login to default iSCSI targets...\r\n\r\n[   51.899072] cloud-init[1121]: ci-info: |  eth0  | True |           10.0.0.4          | 255.255.255.0 |   .   | 00:0d:3a:a2:82:a9 |\r\n[   51.971559] cloud-init[1121]: ci-info: |  eth0  | True | fe80::20d:3aff:fea2:82a9/64 |       .       |  link | 00:0d:3a:a2:82:a9 |[\u001b[0;32m  OK  \u001b[0m] Started Login to default iSCSI targets.\r\n[\u001b[0;32m  OK  \u001b[0m\r\n] Reached target Remote File Systems (Pre).[   52.078362] \r\n[\u001b[0;32m  OK  \u001b[0m] Reached target Remote File Systems.\r\n         Starting Permit User Sessions...\r\n         cloud-init[1121]: Starting LSB: automatic crash report generation...ci-info: +--------+------+-----------------------------+---------------+-------+-------------------+\r\n         Starting LSB: Set the CPU Frequency Scaling governor to \"ondemand\"...\r\n         Starting LSB: daemon to balance interrupts for SMP systems...\r\n[\u001b[0;32m  OK  \u001b[0m] Started Permit User Sessions.\r\n[   52.254611] \r\ncloud-init[1121]: ci-info: ++++++++++++++++++++++++++++++Route IPv4 info+++++++++++++++++++++++++++++++         Starting Terminate Plymouth Boot Screen...\r\n         Starting Hold until boot process finishes up...\r\n[\u001b[0;32m  OK  \u001b[0m\r\n[   52.350977] ] Started Terminate Plymouth Boot Screen.cloud-init\r\n[[1121]: ci-info: +-------+-----------------+----------+-----------------+-----------+-------+\u001b[0;32m  OK  \u001b[0m] Started Hold until boot process finishes up.\r\n[\u001b[0;32m  OK  \u001b[0m] Started LSB: Set the CPU Frequency Scaling governor to \"ondemand\".\r\n\r\n[\u001b[0;32m  OK  \u001b[0m[   52.465812] cloud-init[1121]: ci-info: | Route |   Destination   | Gateway  |     Genmask     | Interface | Flags |] Started Getty on tty1.\r\n[\u001b[0;32m  OK  \u001b[0m] Started Serial Getty on ttyS0.\r\n[\u001b[0;32m  OK  \u001b[0m] Reached target Login Prompts.\r\n         Starting Set console scheme...\r\n\r\n[\u001b[0;32m  OK  \u001b[0m]
[   52.551571] Started LSB: daemon to balance interrupts for SMP systems.cloud-init[1121]: ci-info: +-------+-----------------+----------+-----------------+-----------+-------+\r\n[\u001b[0;32m  OK  \u001b[0m] Started LSB: automatic crash report generation.\r\n[\u001b[0;32m  OK  \u001b[0m] Started Set console scheme.\r\n\r\n[   52.667439] cloud-init[1121]: ci-info: |   0   |     0.0.0.0     | 10.0.0.1 |     0.0.0.0     |    eth0   |   UG  |\r\n[   52.707402] cloud-init[1121]: ci-info: |   1   |     10.0.0.0    | 0.0.0.0  |  255.255.255.0  |    eth0   |   U   |\r\n[   52.755237] cloud-init[1121]: ci-info: |   2   |  168.63.129.16  | 10.0.0.1 | 255.255.255.255 |    eth0   |  UGH  |\r\n[   52.804241] cloud-init[1121]: ci-info: |   3   | 169.254.169.254 | 10.0.0.1 | 255.255.255.255 |    eth0   |  UGH  |\r\n[   52.846797] cloud-init[1121]: ci-info: +-------+-----------------+----------+-----------------+-----------+-------+\r\n[   52.892621] cloud-init[1121]: Generating public/private rsa key pair.\r\n[   52.924179] cloud-init[1121]: Your identification has been saved in /etc/ssh/ssh_host_rsa_key.\r\n[   52.965817] cloud-init[1121]: Your public key has been saved in /etc/ssh/ssh_host_rsa_key.pub.\r\n[   53.002685] cloud-init[1121]: The key fingerprint is:\r\n[   53.036144] cloud-init[1121]: SHA256:akjIPZsqagKtAq+XNOq7zEb2ExQe4+cT+BKLuMAFsGE root@xplatvm\r\n[   53.076168] cloud-init[1121]: The key's randomart image is:\r\n[   53.112230] cloud-init[1121]: +---[RSA 2048]----+\r\n[   53.150794] cloud-init[1121]: |+E               |\r\n[   53.197466] cloud-init[1121]: |.+ +             |\r\n[   53.228867] cloud-init[1121]: |. + =            |\r\n[   53.256142] cloud-init[1121]: | . X o           |\r\n[   53.284160] cloud-init[1121]: |o.* X . S        |\r\n[   53.307768] cloud-init[1121]: |==+= O .         |\r\n[   53.330795] cloud-init[1121]: |**.o* +          |\r\n[   53.355168] cloud-init[1121]: |Xo++ .           |\r\n[   53.370186] cloud-init[1121]: |XX+ .            |\r\n[   53.385302] cloud-init[1121]: +----[SHA256]-----+\r\n[   53.399156] cloud-init[1121]: Generating public/private dsa key pair.\r\n[   53.414860] cloud-init[1121]: Your identification has been saved in /etc/ssh/ssh_host_dsa_key.\r\n[   53.433941] cloud-init[1121]: Your public key has been saved in /etc/ssh/ssh_host_dsa_key.pub.\r\n[   53.452225] cloud-init[1121]: The key fingerprint is:\r\n[   53.466465] cloud-init[1121]: SHA256:tRLujDrhtzyMaFrGUJ9PhwVJWB5nC4vOY2zsIasMLOY root@xplatvm\r\n[   53.484633] cloud-init[1121]: The key's randomart image is:\r\n[   53.499470] cloud-init[1121]: +---[DSA 1024]----+\r\n[   53.513266] cloud-init[1121]: |     +*.o        |\r\n[   53.527707] cloud-init[1121]: |    .o.B .       |\r\n[   53.541491] cloud-init[1121]: |  . . o + .      |\r\n[   53.560661] cloud-init[1121]: | . * . + o .     |\r\n[   53.575932] cloud-init[1121]: |. . % o S .      |\r\n[   53.590424] cloud-init[1121]: |.o *.= = .       |\r\n[   53.604510] cloud-init[1121]: |oo=o.+o o        |\r\n[   53.617976] cloud-init[1121]: |*+o +o+          |\r\n[   53.631765] cloud-init[1121]: |oE  .ooo         |\r\n[   53.647558] cloud-init[1121]: +----[SHA256]-----+\r\n[   53.661892] cloud-init[1121]: Generating public/private ecdsa key pair.\r\n[   53.690334] cloud-init[1121]: Your identification has been saved in /etc/ssh/ssh_host_ecdsa_key.\r\n[   53.711193] cloud-init[1121]: Your public key has been saved in /etc/ssh/ssh_host_ecdsa_key.pub.\r\n[   53.735697] cloud-init[1121]: The key fingerprint is:\r\n[   53.760650] cloud-init[1121]: SHA256:laum/AmDsH7wqrbysB7fSiKM4bGLHZq2AMUgyFboRiY root@xplatvm\r\n[   53.781120] cloud-init[1121]: The key's randomart image is:\r\n[   53.815353] cloud-init[1121]: +---[ECDSA 256]---+\r\n[   53.840592] cloud-init[1121]: |= o.             |\r\n[   53.872024] cloud-init[1121]: |EO         .     |\r\n[   53.912269] cloud-init[1121]: |* o       o      |\r\n[   53.948241] cloud-init[1121]: | +       . .     |\r\n[   53.972159] cloud-init[1121]: |+..     S .      |\r\n[   54.000220] cloud-init[1121]: |=.+o .   .       |\r\n[   54.025821] cloud-init[1121]: |=*o+. o o        |\r\n[   54.040036] cloud-init[1121]: |=X*.+. = .       |\r\n[   54.073814] cloud-init[1121]: |@BB=..o.o        |\r\n[   54.105497] cloud-init[1121]: +----[SHA256]-----+\r\n[   54.120502] cloud-init[1121]: Generating public/private ed25519 key pair.\r\n[   54.138084] cloud-init[1121]: Your identification has been saved in /etc/ssh/ssh_host_ed25519_key.\r\n[   54.164441] cloud-init[\u001b[0;32m  OK  \u001b[0m] [1121]: Your public key has been saved in /etc/ssh/ssh_host_ed25519_key.pub.Started Pollinate to seed the pseudo random number generator.\r\n[   54.208086] cloud-init[1121]: The key fingerprint is:\r\n\r\n        
[   54.229115] cloud-initStarting OpenBSD Secure Shell server...[1121]: SHA256:UpQnA1CAsPU0A4U8nzpuIiUh+pysNY9nvOIQ2FZCbSs root@xplatvm\r\n\r\n[   54.260077] cloud-init[1121]: The key's randomart image is:\r\n[   54.275877] cloud-init[1121]: +--[ED25519 256]--+\r\n[   54.291733] cloud-init[1121]: |.o+*B+o...       |\r\n[   54.306020] cloud-init[1121]: | +=ooo .+ .      |\r\n[   54.320900] cloud-init[1121]: |. .+oo  .+       |\r\n[   54.339320] cloud-init[1121]: |+.Eo+  .         |\r\n[   54.353052] cloud-init[1121]: |=.oo  . S        |\r\n[   54.367086] cloud-init[1121]: |oo+    .         |\r\n[   54.382099] cloud-init[1121]: |.Bo+             |\r\n[\u001b[0;32m  OK  \u001b[0m]
[   54.404831] cloud-initStarted OpenBSD Secure Shell server.[1121]: |ooO++            |\r\n\r\n[   54.423378] cloud-init[1121]: |o=o+o.           |\r\n[   54.438325] cloud-init[1121]: +----[SHA256]-----+\r\n[   57.707967] cloud-init[1445]: Generating locales (this might take a while)...\r\n\r\r\nUbuntu 16.04.1 LTS xplatvm ttyS0\r\n\r\nxplatvm login:
[   59.044411] cloud-init[1445]:   en_US.UTF-8... done\r\n[   59.056879] cloud-init[1445]: Generation complete.\r\n[   61.559299] cloud-init[1445]: Cloud-init v. 0.7.8 running 'modules:config' at Tue, 30 May 2017 04:27:24 +0000. Up 53.07 seconds.\r\nci-info: ++Authorized keys from /home/azureuser/.ssh/authorized_keys for user azureuser+++\r\nci-info: +---------+-------------------------------------------------+---------+---------+\r\nci-info: | Keytype |                Fingerprint (md5)                | Options | Comment |\r\nci-info: +---------+-------------------------------------------------+---------+---------+\r\nci-info: | ssh-rsa | 8f:df:8f:18:ba:cd:cc:63:7c:1f:ea:ae:ba:09:40:65 |    -    |    -    |\r\nci-info: +---------+-------------------------------------------------+---------+---------+\r\n<14>May 30 04:27:33 ec2: \r\n<14>May 30 04:27:33 ec2: #############################################################\r\n<14>May 30 04:27:33 ec2: -----BEGIN SSH HOST KEY FINGERPRINTS-----\r\n<14>May 30 04:27:33 ec2: 1024 SHA256:tRLujDrhtzyMaFrGUJ9PhwVJWB5nC4vOY2zsIasMLOY root@xplatvm (DSA)\r\n<14>May 30 04:27:33 ec2: 256 SHA256:laum/AmDsH7wqrbysB7fSiKM4bGLHZq2AMUgyFboRiY root@xplatvm (ECDSA)\r\n<14>May 30 04:27:33 ec2: 256 SHA256:UpQnA1CAsPU0A4U8nzpuIiUh+pysNY9nvOIQ2FZCbSs root@xplatvm (ED25519)\r\n<14>May 30 04:27:33 ec2: 2048 SHA256:akjIPZsqagKtAq+XNOq7zEb2ExQe4+cT+BKLuMAFsGE root@xplatvm (RSA)\r\n<14>May 30 04:27:33 ec2: -----END SSH HOST KEY FINGERPRINTS-----\r\n<14>May 30 04:27:33 ec2: #############################################################\r\n-----BEGIN SSH HOST KEY KEYS-----\r\necdsa-sha2-nistp256 AAAAE2VjZHNhLXNoYTItbmlzdHAyNTYAAAAIbmlzdHAyNTYAAABBBGgQeyNAyFbxuZnoEdfu1PKapYztE870zsSPaRwI80p+bVFD+o1hxx4V33O7uCZm78f4R/D5LJXXtHhQ78vGa3I= root@xplatvm\r\nssh-ed25519 AAAAC3NzaC1lZDI1NTE5AAAAIG2GbEj3FstVtlVGKOBfwurmTlB9S3RLjAEORbgTzoxv root@xplatvm\r\nssh-rsa AAAAB3NzaC1yc2EAAAADAQABAAABAQDGsGnhk0tJZvFU2nzOhPaewcoZsyrjZKxzzeYgOldbeASlD/vpKGo78bUj9gFcvuW0LUYSoHZ39P9re/dIORNZu3i+kOTFaaO+OPEOeU66zzIOS3RytcvN4/boW9YuIpQSXXiGNSFLXJtIET35EBNoaalgvGIIaKykZFQbDsBi+uiFezMqXB9fGfHpOb2xaUVQAJiK5SKpKG6cxDPRjUvPq3WP+SN7JNqHMltgj8exhCvW2QIMlMEoE8td/nJiJiYoEJFHPgJBJIkzuL/j6BFnbXTeffKgBTlrzH5CIxNqqW9IJJ2WpFF2aFAKbSvLUngfxENFE4XBP3k/ZfXt8riF root@xplatvm\r\n-----END SSH HOST KEY KEYS-----\r\n[   62.518675] cloud-init[1654]: Cloud-init v. 0.7.8 running 'modules:final' at Tue, 30 May 2017 04:27:33 +0000. Up 62.05 seconds.\r\n[   62.552026] cloud-init[1654]: Cloud-init v. 0.7.8 finished at Tue, 30 May 2017 04:27:33 +0000. Datasource DataSourceAzureNet [seed=/dev/sr0].  Up 62.50 seconds\r\n2017/05/30 04:27:35.599857 INFO Wait for ssh host key to be generated.\r\n2017/05/30 04:27:35.615126 INFO Finished provisioning\r\n2017/05/30 04:27:38.491952 INFO Event: name=WALA, op=Provision, message=Provision succeed\r\n2017/05/30 04:27:38.505862 INFO Detect protocol endpoints\r\n2017/05/30 04:27:38.514551 INFO Start env monitor service.\r\n2017/05/30 04:27:38.529696 INFO Configure routes\r\n2017/05/30 04:27:38.538400 INFO Event: name=WALA, op=HeartBeat, message=\r\n2017/05/30 04:27:38.547975 INFO Gateway:10.0.0.1\r\n2017/05/30 04:27:38.559955 INFO Routes:None\r\n2017/05/30 04:27:38.575520 INFO Set block dev timeout: sda with timeout: 300\r\n2017/05/30 04:27:38.585803 INFO Set block dev timeout: sdb with timeout: 300\r\n2017/05/30 04:27:39.580876 INFO Handle new ext handler config\r\n2017/05/30 04:27:39.590446 INFO No ext handler config found\r\n2017/05/30 04:27:39.771122 INFO Successfully reported vm agent status\r\n2017/05/30 04:29:24.219830 INFO Handle new ext handler config\r\n2017/05/30 04:29:24.228662 INFO No ext handler config found\r\n2017/05/30 04:29:24.323821 INFO Successfully reported vm agent status\r\n2017/05/30 04:32:25.832654 INFO Handle new ext handeer config\r\n2017/05/30 04:32:25.842138 INFO No ext handler config found\r\n2017/05/30 04:32:25.885573 INFO Successfully reported vm agent status\r\n\u0000\u0000\u0000\u0000\u0000\u0000\u0000\u0000\u0000\u0000\u0000\u0000\u0000\u0000\u0000\u0000\u0000\u0000\u0000\u0000\u0000\u0000\u0000\u0000\u0000\u0000\u0000\u0000\u0000\u0000\u0000\u0000\u0000\u0000\u0000\u0000\u0000\u0000\u0000\u0000\u0000\u0000\u0000\u0000\u0000\u0000\u0000\u0000\u0000\u0000\u0000\u0000\u0000\u0000\u0000\u0000\u0000\u0000\u0000\u0000\u0000\u0000\u0000\u0000\u0000\u0000\u0000\u0000\u0000\u0000\u0000\u0000\u0000\u0000\u0000\u0000\u0000\u0000\u0000\u0000\u0000\u0000\u0000\u0000\u0000\u0000\u0000\u0000\u0000\u0000\u0000\u0000\u0000\u0000\u0000\u0000\u0000\u0000\u0000\u0000\u0000\u0000\u0000\u0000\u0000\u0000\u0000\u0000\u0000\u0000\u0000\u0000\u0000\u0000\u0000\u0000\u0000\u0000\u0000\u0000\u0000\u0000\u0000\u0000\u0000\u0000\u0000\u0000\u0000\u0000\u0000\u0000\u0000\u0000\u0000\u0000\u0000\u0000\u0000\u0000\u0000\u0000\u0000\u0000\u0000\u0000\u0000\u0000\u0000\u0000\u0000\u0000\u0000\u0000\u0000\u0000\u0000\u0000\u0000\u0000\u0000\u0000\u0000\u0000\u0000\u0000\u0000\u0000\u0000\u0000\u0000\u0000\u0000\u0000\u0000\u0000\u0000\u0000\u0000\u0000\u0000\u0000\u0000\u0000\u0000\u0000\u0000\u0000\u0000\u0000\u0000\u0000\u0000\u0000\u0000\u0000\u0000\u0000\u0000\u0000\u0000\u0000\u0000\u0000\u0000\u0000\u0000\u0000\u0000\u0000\u0000\u0000\u0000\u0000\u0000\u0000\u0000\u0000\u0000\u0000\u0000\u0000\u0000\u0000\u0000\u0000\u0000\u0000\u0000\u0000\u0000\u0000\u0000\u0000\u0000\u0000\u0000\u0000\u0000\u0000\u0000\u0000\u0000\u0000\u0000\u0000\u0000\u0000\u0000\u0000\u0000\u0000\u0000\u0000\u0000\u0000\u0000\u0000\u0000\u0000\u0000\u0000\u0000\u0000\u0000\u0000\u0000\u0000\u0000\u0000\u0000\u0000\u0000\u0000\u0000\u0000\u0000\u0000\u0000\u0000\u0000\u0000\u0000\u0000\u0000\u0000\u0000\u0000\u0000\u0000\u0000\u0000\u0000\u0000\u0000\u0000\u0000\u0000\u0000\u0000\u0000\u0000\u0000\u0000\u0000\u0000\u0000\u0000\u0000\u0000\u0000\u0000\u0000\u0000\u0000\u0000\u0000\u0000\u0000\u0000\u0000\u0000\u0000\u0000\u0000\u0000\u0000\u0000\u0000\u0000\u0000\u0000\u0000\u0000\u0000\u0000\u0000\u0000\u0000\u0000\u0000\u0000\u0000\u0000\u0000\u0000\u0000\u0000\u0000\u0000\u0000\u0000\u0000\u0000\u0000\u0000\u0000\u0000\u0000\u0000\u0000\u0000\u0000\u0000\u0000\u0000\u0000\u0000\u0000\u0000\u0000\u0000\u0000\u0000\u0000\u0000\u0000\u0000\u0000\u0000\u0000\u0000\u0000\u0000\u0000\u0000\u0000\u0000\u0000\u0000\u0000\u0000\u0000\u0000\u0000\u0000\u0000\u0000\u0000\u0000\u0000\u0000\u0000\u0000\u0000\u0000\u0000\u0000\u0000\u0000\u0000\u0000\u0000\u0000\u0000\u0000\u0000\u0000\u0000\u0000\u0000\u0000", { 'content-length': '60416',
  'content-type': 'text/plain',
  'last-modified': 'Tue, 30 May 2017 04:33:18 GMT',
  'accept-ranges': 'bytes',
  etag: '"0x8D4A714FEE797B3"',
  server: 'Windows-Azure-Blob/1.0 Microsoft-HTTPAPI/2.0',
  'x-ms-request-id': '7f73474e-0001-0079-2afd-d857dc000000',
  'x-ms-version': '2016-05-31',
  'x-ms-lease-status': 'unlocked',
  'x-ms-lease-state': 'available',
  'x-ms-blob-type': 'PageBlob',
  'x-ms-blob-sequence-number': '0',
  'x-ms-server-encrypted': 'false',
  date: 'Tue, 30 May 2017 04:33:38 GMT',
  connection: 'close' });
 return result; },
function (nock) { 
var result = 
nock('https://xplatteststorage19797.blob.core.windows.net:443')
  .get('/bootdiagnostics-xplatvm-d94f395c-887e-40da-8f7c-0ae920df0de7/xplatvm.d94f395c-887e-40da-8f7c-0ae920df0de7.serialconsole.log')
