// This file has been autogenerated.

var profile = require('../../../lib/util/profile');

exports.getMockedProfile = function () {
  var newProfile = new profile.Profile();

  newProfile.addSubscription(new profile.Subscription({
    id: 'e33f361b-53c2-4cc7-b829-78906708387b',
    name: 'Microsoft Azure Internal Consumption',
    user: {
      name: 'user@domain.example',
      type: 'servicePrincipal'
    },
    tenantId: '72f988bf-86f1-41af-91ab-2d7cd011db47',
    state: 'Enabled',
    registeredProviders: [],
    _eventsCount: '1',
    isDefault: true
  }, newProfile.environments['AzureCloud']));

  return newProfile;
};

exports.setEnvironment = function() {
  process.env['AZURE_VM_TEST_LOCATION'] = 'southeastasia';
  process.env['SSHCERT'] = 'test/myCert.pem';
};

exports.scopes = [[function (nock) { 
var result = 
nock('http://management.azure.com:443')
  .get('/subscriptions/e33f361b-53c2-4cc7-b829-78906708387b/resourceGroups/xplatTestGVMCreate4763/providers/Microsoft.Compute/virtualMachines/xplatvm?$expand=instanceView&api-version=2017-03-30')
  .reply(200, "{\r\n  \"properties\": {\r\n    \"vmId\": \"2914c8fb-5843-437f-9125-7c18495f67e5\",\r\n    \"availabilitySet\": {\r\n      \"id\": \"/subscriptions/e33f361b-53c2-4cc7-b829-78906708387b/resourceGroups/xplatTestGVMCreate4763/providers/Microsoft.Compute/availabilitySets/XPLATTESTAAVAIL8790\"\r\n    },\r\n    \"hardwareProfile\": {\r\n      \"vmSize\": \"Standard_D1\"\r\n    },\r\n    \"storageProfile\": {\r\n      \"imageReference\": {\r\n        \"publisher\": \"canonical\",\r\n        \"offer\": \"UbuntuServer\",\r\n        \"sku\": \"16.04.0-LTS\",\r\n        \"version\": \"latest\"\r\n      },\r\n      \"osDisk\": {\r\n        \"osType\": \"Linux\",\r\n        \"name\": \"clib641ee3477e08aed-os-1496419762208\",\r\n        \"createOption\": \"FromImage\",\r\n        \"vhd\": {\r\n          \"uri\": \"https://xplatteststorage11549.blob.core.windows.net/xplatteststoragecnt16969/clib641ee3477e08aed-os-1496419762208.vhd\"\r\n        },\r\n        \"caching\": \"ReadWrite\"\r\n      },\r\n      \"dataDisks\": []\r\n    },\r\n    \"osProfile\": {\r\n      \"computerName\": \"xplatvm\",\r\n      \"adminUsername\": \"azureuser\",\r\n      \"linuxConfiguration\": {\r\n        \"disablePasswordAuthentication\": false,\r\n        \"ssh\": {\r\n          \"publicKeys\": [\r\n            {\r\n              \"path\": \"/home/azureuser/.ssh/authorized_keys\",\r\n              \"keyData\": \"MIID/zCCAuegAwIBAgIJAMUAa+XVLvAeMA0GCSqGSIb3DQEBBQUAMIGVMQswCQYD\\r\\nVQQGEwJJbjESMBAGA1UECAwJS2FybmF0YWthMRIwEAYDVQQHDAlCYW5nYWxvcmUx\\r\\nEDAOBgNVBAoMB2JyaWxsaW8xEjAQBgNVBAsMCW1pY3Jvc29mdDEQMA4GA1UEAwwH\\r\\nYnJpbGxpbzEmMCQGCSqGSIb3DQEJARYXc3JlZWthbnRoYnNAeWFob28uY28uaW4w\\r\\nHhcNMTUwMzA1MTE1MzEyWhcNMTYwMzA0MTE1MzEyWjCBlTELMAkGA1UEBhMCSW4x\\r\\nEjAQBgNVBAgMCUthcm5hdGFrYTESMBAGA1UEBwwJQmFuZ2Fsb3JlMRAwDgYDVQQK\\r\\nDAdicmlsbGlvMRIwEAYDVQQLDAltaWNyb3NvZnQxEDAOBgNVBAMMB2JyaWxsaW8x\\r\\nJjAkBgkqhkiG9w0BCQEWF3NyZWVrYW50aGJzQHlhaG9vLmNvLmluMIIBIjANBgkq\\r\\nhkiG9w0BAQEFAAOCAQ8AMIIBCgKCAQEAyUNKaOuT0NK+S8Ck81zy9xJ6hXfZvAC6\\r\\nlhbmf/6s/WVimJ/TX5NMhQJwC9k6ZIF92KfYrojHNvHDufSZ3EtKUVwRFCDjmgMT\\r\\nDL09WkGaZt7gROYFK0iZ4KrYGovUwlwum9fHB24OJiOV4bi0ek62/rHx9fjYZpvp\\r\\naIH2PV/hN8SCZ0x7HJMberD4gVoU/Kv42nNvwjLUW6IZfVx/Gv5OeFDtWHfSvUEF\\r\\ndadHKTPn3Ab20Iu6gZIbLO9Vuf38/IpaYGfnFCouHdzmiTiLieYNe3CUPcOJNSv7\\r\\n1G8KYpx3uNJRkJPab5OsRyJw75Gvzkr9OgaPss9tVD6Gt68u3WQtVQIDAQABo1Aw\\r\\nTjAdBgNVHQ4EFgQUogvhXB+xZ2JJPfLO6cVs4ForzscwHwYDVR0jBBgwFoAUogvh\\r\\nXB+xZ2JJPfLO6cVs4ForzscwDAYDVR0TBAUwAwEB/zANBgkqhkiG9w0BAQUFAAOC\\r\\nAQEAdDj7qUNJ45xlF5cjd+4x5NHvAD1VTjOKu+Xh/uzSSjXqB2F0aOMWA9lx0qaQ\\r\\noJgHkGxj3zz/W7ik/cVGL2O+vRIOKv/y0OPogEmS3Hw+P+O6OGE7x1G6YN0zLVoL\\r\\nu4BN/BEYmjttxM9I7qqL7C5cJoE+K3s/w1/pt/68ohJcr7F9Ohi7cso62xuGY1Rm\\r\\nksAh2EUDsU9JV/P+C9AMpLSrb03JJYzVj4w1RHbrmw2AjFyGXdQYkggyXisg+Ifr\\r\\n5gbNN7HigpHf7b2i3CQBUqp9m23frh5AhnLI2qp3UXgc52U5ieLdi/t6j0TTZqqY\\r\\nHhHqofKrj938HHlBNpC5/LVh3w==\\r\\n\"\r\n            }\r\n          ]\r\n        }\r\n      },\r\n      \"secrets\": []\r\n    },\r\n    \"networkProfile\": {\"networkInterfaces\":[{\"id\":\"/subscriptions/e33f361b-53c2-4cc7-b829-78906708387b/resourceGroups/xplatTestGVMCreate4763/providers/Microsoft.Network/networkInterfaces/xplattestnic\"}]},\r\n    \"diagnosticsProfile\": {\r\n      \"bootDiagnostics\": {\r\n        \"enabled\": true,\r\n        \"storageUri\": \"https://xplatteststorage11549.blob.core.windows.net/\"\r\n      }\r\n    },\r\n    \"provisioningState\": \"Succeeded\",\r\n    \"instanceView\": {\r\n      \"platformUpdateDomain\": 0,\r\n      \"platformFaultDomain\": 0,\r\n      \"vmAgent\": {\r\n        \"vmAgentVersion\": \"2.1.3\",\r\n        \"statuses\": [\r\n          {\r\n            \"code\": \"ProvisioningState/succeeded\",\r\n            \"level\": \"Info\",\r\n            \"displayStatus\": \"Ready\",\r\n            \"message\": \"Guest Agent is running\",\r\n            \"time\": \"2017-06-02T16:16:01+00:00\"\r\n          }\r\n        ],\r\n        \"extensionHandlers\": []\r\n      },\r\n      \"disks\": [\r\n        {\r\n          \"name\": \"clib641ee3477e08aed-os-1496419762208\",\r\n          \"statuses\": [\r\n            {\r\n              \"code\": \"ProvisioningState/succeeded\",\r\n              \"level\": \"Info\",\r\n              \"displayStatus\": \"Provisioning succeeded\",\r\n              \"time\": \"2017-06-02T16:09:27.9108452+00:00\"\r\n            }\r\n          ]\r\n        }\r\n      ],\r\n      \"bootDiagnostics\": {\r\n        \"consoleScreenshotBlobUri\": \"https://xplatteststorage11549.blob.core.windows.net/bootdiagnostics-xplatvm-2914c8fb-5843-437f-9125-7c18495f67e5/xplatvm.2914c8fb-5843-437f-9125-7c18495f67e5.screenshot.bmp\",\r\n        \"serialConsoleLogBlobUri\": \"https://xplatteststorage11549.blob.core.windows.net/bootdiagnostics-xplatvm-2914c8fb-5843-437f-9125-7c18495f67e5/xplatvm.2914c8fb-5843-437f-9125-7c18495f67e5.serialconsole.log\"\r\n      },\r\n      \"statuses\": [\r\n        {\r\n          \"code\": \"ProvisioningState/succeeded\",\r\n          \"level\": \"Info\",\r\n          \"displayStatus\": \"Provisioning succeeded\",\r\n          \"time\": \"2017-06-02T16:10:46.0724347+00:00\"\r\n        },\r\n        {\r\n          \"code\": \"PowerState/running\",\r\n          \"level\": \"Info\",\r\n          \"displayStatus\": \"VM running\"\r\n        }\r\n      ]\r\n    }\r\n  },\r\n  \"type\": \"Microsoft.Compute/virtualMachines\",\r\n  \"location\": \"southeastasia\",\r\n  \"tags\": {\r\n    \"a\": \"b\",\r\n    \"b\": \"c\",\r\n    \"d\": \"\"\r\n  },\r\n  \"id\": \"/subscriptions/e33f361b-53c2-4cc7-b829-78906708387b/resourceGroups/xplatTestGVMCreate4763/providers/Microsoft.Compute/virtualMachines/xplatvm\",\r\n  \"name\": \"xplatvm\"\r\n}", { 'cache-control': 'no-cache',
  pragma: 'no-cache',
  'content-length': '5220',
  'content-type': 'application/json; charset=utf-8',
  expires: '-1',
  'strict-transport-security': 'max-age=31536000; includeSubDomains',
  'x-ms-served-by': 'dce02487-9cda-4782-8138-773eb1573792_131340057859683594',
  'x-ms-request-id': '85e193a3-fabb-45a1-bc66-2f9e47435b88',
  server: 'Microsoft-HTTPAPI/2.0',
  'x-ms-ratelimit-remaining-subscription-reads': '14952',
  'x-ms-correlation-request-id': '0e60953a-b54f-411c-83cd-de79182871d4',
  'x-ms-routing-request-id': 'WESTUS:20170602T161618Z:0e60953a-b54f-411c-83cd-de79182871d4',
  date: 'Fri, 02 Jun 2017 16:16:17 GMT',
  connection: 'close' });
 return result; },
function (nock) { 
var result = 
nock('https://management.azure.com:443')
  .get('/subscriptions/e33f361b-53c2-4cc7-b829-78906708387b/resourceGroups/xplatTestGVMCreate4763/providers/Microsoft.Compute/virtualMachines/xplatvm?$expand=instanceView&api-version=2017-03-30')
  .reply(200, "{\r\n  \"properties\": {\r\n    \"vmId\": \"2914c8fb-5843-437f-9125-7c18495f67e5\",\r\n    \"availabilitySet\": {\r\n      \"id\": \"/subscriptions/e33f361b-53c2-4cc7-b829-78906708387b/resourceGroups/xplatTestGVMCreate4763/providers/Microsoft.Compute/availabilitySets/XPLATTESTAAVAIL8790\"\r\n    },\r\n    \"hardwareProfile\": {\r\n      \"vmSize\": \"Standard_D1\"\r\n    },\r\n    \"storageProfile\": {\r\n      \"imageReference\": {\r\n        \"publisher\": \"canonical\",\r\n        \"offer\": \"UbuntuServer\",\r\n        \"sku\": \"16.04.0-LTS\",\r\n        \"version\": \"latest\"\r\n      },\r\n      \"osDisk\": {\r\n        \"osType\": \"Linux\",\r\n        \"name\": \"clib641ee3477e08aed-os-1496419762208\",\r\n        \"createOption\": \"FromImage\",\r\n        \"vhd\": {\r\n          \"uri\": \"https://xplatteststorage11549.blob.core.windows.net/xplatteststoragecnt16969/clib641ee3477e08aed-os-1496419762208.vhd\"\r\n        },\r\n        \"caching\": \"ReadWrite\"\r\n      },\r\n      \"dataDisks\": []\r\n    },\r\n    \"osProfile\": {\r\n      \"computerName\": \"xplatvm\",\r\n      \"adminUsername\": \"azureuser\",\r\n      \"linuxConfiguration\": {\r\n        \"disablePasswordAuthentication\": false,\r\n        \"ssh\": {\r\n          \"publicKeys\": [\r\n            {\r\n              \"path\": \"/home/azureuser/.ssh/authorized_keys\",\r\n              \"keyData\": \"MIID/zCCAuegAwIBAgIJAMUAa+XVLvAeMA0GCSqGSIb3DQEBBQUAMIGVMQswCQYD\\r\\nVQQGEwJJbjESMBAGA1UECAwJS2FybmF0YWthMRIwEAYDVQQHDAlCYW5nYWxvcmUx\\r\\nEDAOBgNVBAoMB2JyaWxsaW8xEjAQBgNVBAsMCW1pY3Jvc29mdDEQMA4GA1UEAwwH\\r\\nYnJpbGxpbzEmMCQGCSqGSIb3DQEJARYXc3JlZWthbnRoYnNAeWFob28uY28uaW4w\\r\\nHhcNMTUwMzA1MTE1MzEyWhcNMTYwMzA0MTE1MzEyWjCBlTELMAkGA1UEBhMCSW4x\\r\\nEjAQBgNVBAgMCUthcm5hdGFrYTESMBAGA1UEBwwJQmFuZ2Fsb3JlMRAwDgYDVQQK\\r\\nDAdicmlsbGlvMRIwEAYDVQQLDAltaWNyb3NvZnQxEDAOBgNVBAMMB2JyaWxsaW8x\\r\\nJjAkBgkqhkiG9w0BCQEWF3NyZWVrYW50aGJzQHlhaG9vLmNvLmluMIIBIjANBgkq\\r\\nhkiG9w0BAQEFAAOCAQ8AMIIBCgKCAQEAyUNKaOuT0NK+S8Ck81zy9xJ6hXfZvAC6\\r\\nlhbmf/6s/WVimJ/TX5NMhQJwC9k6ZIF92KfYrojHNvHDufSZ3EtKUVwRFCDjmgMT\\r\\nDL09WkGaZt7gROYFK0iZ4KrYGovUwlwum9fHB24OJiOV4bi0ek62/rHx9fjYZpvp\\r\\naIH2PV/hN8SCZ0x7HJMberD4gVoU/Kv42nNvwjLUW6IZfVx/Gv5OeFDtWHfSvUEF\\r\\ndadHKTPn3Ab20Iu6gZIbLO9Vuf38/IpaYGfnFCouHdzmiTiLieYNe3CUPcOJNSv7\\r\\n1G8KYpx3uNJRkJPab5OsRyJw75Gvzkr9OgaPss9tVD6Gt68u3WQtVQIDAQABo1Aw\\r\\nTjAdBgNVHQ4EFgQUogvhXB+xZ2JJPfLO6cVs4ForzscwHwYDVR0jBBgwFoAUogvh\\r\\nXB+xZ2JJPfLO6cVs4ForzscwDAYDVR0TBAUwAwEB/zANBgkqhkiG9w0BAQUFAAOC\\r\\nAQEAdDj7qUNJ45xlF5cjd+4x5NHvAD1VTjOKu+Xh/uzSSjXqB2F0aOMWA9lx0qaQ\\r\\noJgHkGxj3zz/W7ik/cVGL2O+vRIOKv/y0OPogEmS3Hw+P+O6OGE7x1G6YN0zLVoL\\r\\nu4BN/BEYmjttxM9I7qqL7C5cJoE+K3s/w1/pt/68ohJcr7F9Ohi7cso62xuGY1Rm\\r\\nksAh2EUDsU9JV/P+C9AMpLSrb03JJYzVj4w1RHbrmw2AjFyGXdQYkggyXisg+Ifr\\r\\n5gbNN7HigpHf7b2i3CQBUqp9m23frh5AhnLI2qp3UXgc52U5ieLdi/t6j0TTZqqY\\r\\nHhHqofKrj938HHlBNpC5/LVh3w==\\r\\n\"\r\n            }\r\n          ]\r\n        }\r\n      },\r\n      \"secrets\": []\r\n    },\r\n    \"networkProfile\": {\"networkInterfaces\":[{\"id\":\"/subscriptions/e33f361b-53c2-4cc7-b829-78906708387b/resourceGroups/xplatTestGVMCreate4763/providers/Microsoft.Network/networkInterfaces/xplattestnic\"}]},\r\n    \"diagnosticsProfile\": {\r\n      \"bootDiagnostics\": {\r\n        \"enabled\": true,\r\n        \"storageUri\": \"https://xplatteststorage11549.blob.core.windows.net/\"\r\n      }\r\n    },\r\n    \"provisioningState\": \"Succeeded\",\r\n    \"instanceView\": {\r\n      \"platformUpdateDomain\": 0,\r\n      \"platformFaultDomain\": 0,\r\n      \"vmAgent\": {\r\n        \"vmAgentVersion\": \"2.1.3\",\r\n        \"statuses\": [\r\n          {\r\n            \"code\": \"ProvisioningState/succeeded\",\r\n            \"level\": \"Info\",\r\n            \"displayStatus\": \"Ready\",\r\n            \"message\": \"Guest Agent is running\",\r\n            \"time\": \"2017-06-02T16:16:01+00:00\"\r\n          }\r\n        ],\r\n        \"extensionHandlers\": []\r\n      },\r\n      \"disks\": [\r\n        {\r\n          \"name\": \"clib641ee3477e08aed-os-1496419762208\",\r\n          \"statuses\": [\r\n            {\r\n              \"code\": \"ProvisioningState/succeeded\",\r\n              \"level\": \"Info\",\r\n              \"displayStatus\": \"Provisioning succeeded\",\r\n              \"time\": \"2017-06-02T16:09:27.9108452+00:00\"\r\n            }\r\n          ]\r\n        }\r\n      ],\r\n      \"bootDiagnostics\": {\r\n        \"consoleScreenshotBlobUri\": \"https://xplatteststorage11549.blob.core.windows.net/bootdiagnostics-xplatvm-2914c8fb-5843-437f-9125-7c18495f67e5/xplatvm.2914c8fb-5843-437f-9125-7c18495f67e5.screenshot.bmp\",\r\n        \"serialConsoleLogBlobUri\": \"https://xplatteststorage11549.blob.core.windows.net/bootdiagnostics-xplatvm-2914c8fb-5843-437f-9125-7c18495f67e5/xplatvm.2914c8fb-5843-437f-9125-7c18495f67e5.serialconsole.log\"\r\n      },\r\n      \"statuses\": [\r\n        {\r\n          \"code\": \"ProvisioningState/succeeded\",\r\n          \"level\": \"Info\",\r\n          \"displayStatus\": \"Provisioning succeeded\",\r\n          \"time\": \"2017-06-02T16:10:46.0724347+00:00\"\r\n        },\r\n        {\r\n          \"code\": \"PowerState/running\",\r\n          \"level\": \"Info\",\r\n          \"displayStatus\": \"VM running\"\r\n        }\r\n      ]\r\n    }\r\n  },\r\n  \"type\": \"Microsoft.Compute/virtualMachines\",\r\n  \"location\": \"southeastasia\",\r\n  \"tags\": {\r\n    \"a\": \"b\",\r\n    \"b\": \"c\",\r\n    \"d\": \"\"\r\n  },\r\n  \"id\": \"/subscriptions/e33f361b-53c2-4cc7-b829-78906708387b/resourceGroups/xplatTestGVMCreate4763/providers/Microsoft.Compute/virtualMachines/xplatvm\",\r\n  \"name\": \"xplatvm\"\r\n}", { 'cache-control': 'no-cache',
  pragma: 'no-cache',
  'content-length': '5220',
  'content-type': 'application/json; charset=utf-8',
  expires: '-1',
  'strict-transport-security': 'max-age=31536000; includeSubDomains',
  'x-ms-served-by': 'dce02487-9cda-4782-8138-773eb1573792_131340057859683594',
  'x-ms-request-id': '85e193a3-fabb-45a1-bc66-2f9e47435b88',
  server: 'Microsoft-HTTPAPI/2.0',
  'x-ms-ratelimit-remaining-subscription-reads': '14952',
  'x-ms-correlation-request-id': '0e60953a-b54f-411c-83cd-de79182871d4',
  'x-ms-routing-request-id': 'WESTUS:20170602T161618Z:0e60953a-b54f-411c-83cd-de79182871d4',
  date: 'Fri, 02 Jun 2017 16:16:17 GMT',
  connection: 'close' });
 return result; },
function (nock) { 
var result = 
nock('http://management.azure.com:443')
  .post('/subscriptions/e33f361b-53c2-4cc7-b829-78906708387b/resourceGroups/xplatTestGVMCreate4763/providers/Microsoft.Storage/storageAccounts/xplatteststorage11549/listKeys?api-version=2016-12-01')
  .reply(200, "{\"keys\":[{\"keyName\":\"key1\",\"permissions\":\"Full\",\"value\":\"JzBTcxb+mlS4ZWkkea46UmPDi5ATC1X9gBadMkJXnc9NcSvGDOdh71vvBJj1ACWktpIRKVYYt5V/wGQgDq3tVQ==\"},{\"keyName\":\"key2\",\"permissions\":\"Full\",\"value\":\"qwW2CiR1xmhUobXj18BPN0z7mCuBg9FZ7lKFaxkySEhHP+5QrhMWW4OnYQgpYcvB8wz++NZXHQq8XhI1np6LWg==\"}]}\n", { 'cache-control': 'no-cache',
  pragma: 'no-cache',
  'content-length': '289',
  'content-type': 'application/json',
  expires: '-1',
  'x-ms-request-id': '92508840-7ed7-41e7-b3c7-bf14d8155b13',
  server: 'Microsoft-Azure-Storage-Resource-Provider/1.0',
  'x-ms-ratelimit-remaining-subscription-writes': '1176',
  'x-ms-correlation-request-id': '92508840-7ed7-41e7-b3c7-bf14d8155b13',
  'x-ms-routing-request-id': 'WESTUS:20170602T161618Z:92508840-7ed7-41e7-b3c7-bf14d8155b13',
  'strict-transport-security': 'max-age=31536000; includeSubDomains',
  date: 'Fri, 02 Jun 2017 16:16:17 GMT',
  connection: 'close' });
 return result; },
function (nock) { 
var result = 
nock('https://management.azure.com:443')
  .post('/subscriptions/e33f361b-53c2-4cc7-b829-78906708387b/resourceGroups/xplatTestGVMCreate4763/providers/Microsoft.Storage/storageAccounts/xplatteststorage11549/listKeys?api-version=2016-12-01')
  .reply(200, "{\"keys\":[{\"keyName\":\"key1\",\"permissions\":\"Full\",\"value\":\"JzBTcxb+mlS4ZWkkea46UmPDi5ATC1X9gBadMkJXnc9NcSvGDOdh71vvBJj1ACWktpIRKVYYt5V/wGQgDq3tVQ==\"},{\"keyName\":\"key2\",\"permissions\":\"Full\",\"value\":\"qwW2CiR1xmhUobXj18BPN0z7mCuBg9FZ7lKFaxkySEhHP+5QrhMWW4OnYQgpYcvB8wz++NZXHQq8XhI1np6LWg==\"}]}\n", { 'cache-control': 'no-cache',
  pragma: 'no-cache',
  'content-length': '289',
  'content-type': 'application/json',
  expires: '-1',
  'x-ms-request-id': '92508840-7ed7-41e7-b3c7-bf14d8155b13',
  server: 'Microsoft-Azure-Storage-Resource-Provider/1.0',
  'x-ms-ratelimit-remaining-subscription-writes': '1176',
  'x-ms-correlation-request-id': '92508840-7ed7-41e7-b3c7-bf14d8155b13',
  'x-ms-routing-request-id': 'WESTUS:20170602T161618Z:92508840-7ed7-41e7-b3c7-bf14d8155b13',
  'strict-transport-security': 'max-age=31536000; includeSubDomains',
  date: 'Fri, 02 Jun 2017 16:16:17 GMT',
  connection: 'close' });
 return result; },
function (nock) { 
var result = 
nock('http://xplatteststorage11549.blob.core.windows.net:443')
  .head('/bootdiagnostics-xplatvm-2914c8fb-5843-437f-9125-7c18495f67e5/xplatvm.2914c8fb-5843-437f-9125-7c18495f67e5.serialconsole.log')
  .reply(200, "", { 'content-length': '56320',
  'content-type': 'text/plain',
  'last-modified': 'Fri, 02 Jun 2017 16:15:48 GMT',
  'accept-ranges': 'bytes',
  etag: '"0x8D4A9D2A1CC5788"',
  server: 'Windows-Azure-Blob/1.0 Microsoft-HTTPAPI/2.0',
  'x-ms-request-id': '4e42f710-0001-0109-3cbb-db624d000000',
  'x-ms-version': '2016-05-31',
  'x-ms-lease-status': 'unlocked',
  'x-ms-lease-state': 'available',
  'x-ms-blob-type': 'PageBlob',
  'x-ms-blob-sequence-number': '0',
  'x-ms-server-encrypted': 'false',
  date: 'Fri, 02 Jun 2017 16:16:19 GMT',
  connection: 'close' });
 return result; },
function (nock) { 
var result = 
nock('https://xplatteststorage11549.blob.core.windows.net:443')
  .head('/bootdiagnostics-xplatvm-2914c8fb-5843-437f-9125-7c18495f67e5/xplatvm.2914c8fb-5843-437f-9125-7c18495f67e5.serialconsole.log')
  .reply(200, "", { 'content-length': '56320',
  'content-type': 'text/plain',
  'last-modified': 'Fri, 02 Jun 2017 16:15:48 GMT',
  'accept-ranges': 'bytes',
  etag: '"0x8D4A9D2A1CC5788"',
  server: 'Windows-Azure-Blob/1.0 Microsoft-HTTPAPI/2.0',
  'x-ms-request-id': '4e42f710-0001-0109-3cbb-db624d000000',
  'x-ms-version': '2016-05-31',
  'x-ms-lease-status': 'unlocked',
  'x-ms-lease-state': 'available',
  'x-ms-blob-type': 'PageBlob',
  'x-ms-blob-sequence-number': '0',
  'x-ms-server-encrypted': 'false',
  date: 'Fri, 02 Jun 2017 16:16:19 GMT',
  connection: 'close' });
 return result; },
function (nock) { 
var result = 
nock('http://xplatteststorage11549.blob.core.windows.net:443')
  .get('/bootdiagnostics-xplatvm-2914c8fb-5843-437f-9125-7c18495f67e5/xplatvm.2914c8fb-5843-437f-9125-7c18495f67e5.serialconsole.log')
  .reply(200, "\u001b[H\u001b[J\u001b[1;1H[    0.00000]] Initializing cgroup subsys cpuset\r\n[    0.000000] Initializing cgroup subsys cpu\r\n[    0.000000] Initializing cgroup subsys cpuacct\r\n[    0.000000] Linux version 4.4.0-47-generic (buildd@lcy01-03) (gcc version 5.4.0 20160609 (Ubuntu 5.4.0-6ubuntu1~16.04.2) ) #68-Ubuntu SMP Wed Oct 26 19:39:52 UTC 2016 (Ubuntu 4.4.0-47.68-generic 4.4.24)\r\n[    0.000000] Command line: BOOT_IMAGE=/boot/vmlinuz-4.4.0-47-generic root=UUID=e990f8b3-1d6b-4615-8280-8ead4ed2fe7c ro console=tty1 console=ttyS0 earlyprintk=ttyS0 rootdelay=300\r\n[    0.000000] KERNEL supported cpus:\r\n[    0.000000]   Intel GenuineIntel\r\n[    0.000000]   AMD AuthenticAMD\r\n[    0.000000]   Centaur CentaurHauls\r\n[    0.000000] x86/fpu: xstate_offset[2]:  576, xstate_sizes[2]:  256\r\n[    0.000000] x86/fpu: Supporting XSAVE feature 0x01: 'x87 floating point registers'\r\n[    0.000000] x86/fpu: Supporting XSAVE feature 0x02: 'SSE registers'\r\n[    0.000000] x86/fpu: Supporting XSAVE feature 0x04: 'AVX registers'\r\n[    0.000000] x86/fpu: Enabled xstate features 0x7, context size is 832 bytes, using 'standard' format.\r\n[    0.000000] x86/fpu: Using 'eager' FPU context switches.\r\n[    0.000000] e820: BIOS-provided physical RAM map:\r\n[    0.000000] BIOS-e820: [mem 0x0000000000000000-0x000000000009fbff] usable\r\n[    0.000000] BIOS-e820: [mem 0x000000000009fc00-0x000000000009ffff] reserved\r\n[    0.000000] BIOS-e820: [mem 0x00000000000e0000-0x00000000000fffff] reserved\r\n[    0.000000] BIOS-e820: [mem 0x0000000000100000-0x000000001ffeffff] usable\r\n[    0.000000] BIOS-e820: [mem 0x000000001fff0000-0x000000001fffefff] ACPI data\r\n[    0.000000] BIOS-e820: [mem 0x000000001ffff000-0x000000001fffffff] ACPI NVS\r\n[    0.000000] BIOS-e820: [mem 0x0000000100000000-0x00000001bfffffff] usable\r\n[    0.000000] bootconsole [earlyser0] enabled\r\n[    0.000000] NX (Execute Disable) protection: active\r\n[    0.000000] SMBIOS 2.3 present.\r\n[    0.000000] Hypervisor detected: Microsoft HyperV\r\n[    0.000000] HyperV: features 0xe7f, hints 0x2c\r\n[    0.000000] HyperV: LAPIC Timer Frequency: 0xc3500\r\n[    0.000000] clocksource: hyperv_clocksource: mask: 0xffffffffffffffff max_cycles: 0x24e6a1710, max_idle_ns: 440795202120 ns\r\n[    0.000000] tsc: Marking TSC unstable due to running on Hyper-V\r\n[    0.000000] e820: last_pfn = 0x1c0000 max_arch_pfn = 0x400000000\r\n[    0.000000] x86/PAT: Configuration [0-7]: WB  WC  UC- UC  WB  WC  UC- WT  \r\n[    0.000000] e820: last_pfn = 0x1fff0 max_arch_pfn = 0x400000000\r\n[    0.000000] found SMP MP-table at [mem 0x000ff780-0x000ff78f] mapped at [ffff8800000ff780]\r\n[    0.000000] Scanning 1 areas for low memory corruption\r\n[    0.000000] RAMDISK: [mem 0x1d3ff000-0x1f779fff]\r\n[    0.000000] ACPI: Early table checksum verification disabled\r\n[    0.000000] ACPI: RSDP 0x00000000000F56F0 000014 (v00 ACPIAM)\r\n[    0.000000] ACPI: RSDT 0x000000001FFF0000 000040 (v01 VRTUAL MICROSFT 05001223 MSFT 00000097)\r\n[    0.000000] ACPI: FACP 0x000000001FFF0200 000081 (v02 VRTUAL MICROSFT 05001223 MSFT 00000097)\r\n[    0.000000] ACPI: DSDT 0x000000001FFF1724 002E78 (v01 MSFTVM MSFTVM02 00000002 INTL 02002026)\r\n[    0.000000] ACPI: FACS 0x000000001FFFF000 000040\r\n[    0.000000] ACPI: WAET 0x000000001FFF1480 000028 (v01 VRTUAL MICROSFT 05001223 MSFT 00000097)\r\n[    0.000000] ACPI: SLIC 0x000000001FFF14C0 000176 (v01 VRTUAL MICROSFT 05001223 MSFT 00000097)\r\n[    0.000000] ACPI: OEM0 0x000000001FFF16C0 000064 (v01 VRTUAL MICROSFT 05001223 MSFT 00000097)\r\n[    0.000000] ACPI: SRAT 0x000000001FFF0600 000090 (v02 VRTUAL MICROSFT 00000001 MSFT 00000001)\r\n[    0.000000] ACPI: APIC 0x000000001FFF0300 00024C (v01 VRTUAL MICROSFT 05001223 MSFT 00000097)\r\n[    0.000000] ACPI: OEMB 0x000000001FFFF040 000064 (v01 VRTUAL MICROSFT 05001223 MSFT 00000097)\r\n[    0.000000] SRAT: PXM 0 -> APIC 0x00 -> Node 0\r\n[    0.000000] SRAT: Node 0 PXM 0 [mem 0x00000000-0x1fffffff]\r\n[    0.000000] SRAT: Node 0 PXM 0 [mem 0x100000000-0x1bfffffff]\r\n[    0.000000] NUMA: Node 0 [mem 0x00000000-0x1fffffff] + [mem 0x100000000-0x1bfffffff] -> [mem 0x00000000-0x1bfffffff]\r\n[    0.000000] NODE_DATA(0) allocated [mem 0x1bfffa000-0x1bfffefff]\r\n[    0.000000] Zone ranges:\r\n[    0.000000]   DMA      [mem 0x0000000000001000-0x0000000000ffffff]\r\n[    0.000000]   DMA32    [mem 0x0000000001000000-0x00000000ffffffff]\r\n[    0.000000]   Normal   [mem 0x0000000100000000-0x00000001bfffffff]\r\n[    0.000000]   Device   empty\r\n[    0.000000] Movable zone start for each node\r\n[    0.000000] Early memory node ranges\r\n[    0.000000]   node   0: [mem 0x0000000000001000-0x000000000009efff]\r\n[    0.000000]   node   0: [mem 0x0000000000100000-0x000000001ffeffff]\r\n[    0.000000]   node   0: [mem 0x0000000100000000-0x00000001bfffffff]\r\n[    0.000000] Initmem setup node 0 [mem 0x0000000000001000-0x00000001bfffffff]\r\n[    0.000000] ACPI: PM-Timer IO Port: 0x408\r\n[    0.000000] IOAPIC[0]: apic_id 0, version 17, address 0xfec00000, GSI 0-23\r\n[    0.000000] ACPI: INT_SRC_OVR (bus 0 bus_irq 0 global_irq 2 dfl dfl)\r\n[    0.000000] ACPI: INT_SRC_OVR (bus 0 bus_irq 9 global_irq 9 high level)\r\n[    0.000000] Using ACPI (MADT) for SMP configuration information\r\n[    0.000000] smpboot: Allowing 64 CPUs, 63 hotplug CPUs\r\n[    0.000000] PM: Registered nosave memory: [mem 0x00000000-0x00000fff]\r\n[    0.000000] PM: Registered nosave memory: [mem 0x0009f000-0x0009ffff]\r\n[    0.000000] PM: Registered nosave memory: [mem 0x000a0000-0x000dffff]\r\n[    0.000000] PM: Registered nosave memory: [mem 0x000e0000-0x000fffff]\r\n[    0.000000] PM: Registered nosave memory: [mem 0x1fff0000-0x1fffefff]\r\n[    0.000000] PM: Registered nosave memory: [mem 0x1ffff000-0x1fffffff]\r\n[    0.000000] PM: Registered nosave memory: [mem 0x20000000-0xffffffff]\r\n[    0.000000] e820: [mem 0x20000000-0xffffffff] available for PCI devices\r\n[    0.000000] Booting paravirtualized kernel on bare hardware\r\n[    0.000000] clocksource: refined-jiffies: mask: 0xffffffff max_cycles: 0xffffffff, max_idle_ns: 7645519600211568 ns\r\n[    0.000000] setup_percpu: NR_CPUS:256 nr_cpumask_bits:256 nr_cpu_ids:64 nr_node_ids:1\r\n[    0.000000] PERCPU: Embedded 33 pages/cpu @ffff8801bae00000 s98008 r8192 d28968 u262144\r\n[    0.000000] Built 1 zonelists in Node order, mobility grouping on.  Total pages: 903033\r\n[    0.000000] Policy zone: Normal\r\n[    0.000000] Kernel command line: BOOT_IMAGE=/boot/vmlinuz-4.4.0-47-generic root=UUID=e990f8b3-1d6b-4615-8280-8ead4ed2fe7c ro console=tty1 console=ttyS0 earlyprintk=ttyS0 rootdelay=300\r\n[    0.000000] log_buf_len individual max cpu contribution: 4096 bytes\r\n[    0.000000] log_buf_len total cpu_extra contributions: 258048 bytes\r\n[    0.000000] log_buf_len min size: 262144 bytes\r\n[    0.000000] log_buf_len: 524288 bytes\r\n[    0.000000] early log buf free: 253140(96%)\r\n[    0.000000] PID hash table entries: 4096 (order: 3, 32768 bytes)\r\n[    0.000000] Memory: 3482052K/3669560K available (8423K kernel code, 1285K rwdata, 3952K rodata, 1480K init, 1292K bss, 187508K reserved, 0K cma-reserved)\r\n[    0.000000] SLUB: HWalign=64, Order=0-3, MinObjects=0, CPUs=64, Nodes=1\r\n[    0.000000] Hierarchical RCU implementation.\r\n[    0.000000] \tBuild-time adjustment of leaf fanout to 64.\r\n[    0.000000] \tRCU restricting CPUs from NR_CPUS=256 to nr_cpu_ids=64.\r\n[    0.000000] RCU: Adjusting geometry for rcu_fanout_leaf=64, nr_cpu_ids=64\r\n[    0.000000] NR_IRQS:16640 nr_irqs:936 16\r\n[    0.000000] Console: colour VGA+ 80x25\r\n[    0.000000] console [tty1] enabled\r\n[    0.000000] console [ttyS0] enabled\r\n[    0.000000] console [ttyS0] enabled\r\n[    0.000000] bootconsole [earlyser0] disabled\r\n[    0.000000] bootconsole [earlyser0] disabled\r\n[    0.000000] tsc: Fast TSC calibration failed\r\n[    0.000000] tsc: Unable to calibrate against PIT\r\n[    0.000000] tsc: using PMTIMER reference calibration\r\n[    0.000000] tsc: Detected 2394.450 MHz processor\r\n[    0.016036] Calibrating delay loop (skipped), value calculated using timer frequency.. 4788.90 BogoMIPS (lpj=9577800)\r\n[    0.021241] pid_max: default: 65536 minimum: 512\r\n[    0.022601] ACPI: Core revision 20150930\r\n[    0.025847] ACPI: 1 ACPI AML tables successfully acquired and loaded\r\n[    0.029083] Security Framework initialized\r\n[    0.030398] Yama: becoming mindful.\r\n[    0.032075] AppArmor: AppArmor initialized\r\n[    0.033741] Dentry cache hash table entries: 524288 (order: 10, 4194304 bytes)\r\n[    0.036914] Inode-cache hash table entries: 262144 (order: 9, 2097152 bytes)\r\n[    0.038934] Mount-cache hash table entries: 8192 (order: 4, 65536 bytes)\r\n[    0.040027] Mountpoint-cache hash table entries: 8192 (order: 4, 65536 bytes)\r\n[    0.041875] Initializing cgroup subsys io\r\n[    0.044026] Initializing cgroup subsys memory\r\n[    0.045447] Initializing cgroup subsys devices\r\n[    0.046830] Initializing cgroup subsys freezer\r\n[    0.048023] Initializing cgroup subsys net_cls\r\n[    0.049401] Initializing cgroup subsys perf_event\r\n[    0.050799] Initializing cgroup subsys net_prio\r\n[    0.052023] Initializing cgroup subsys hugetlb\r\n[    0.053409] Initializing cgroup subsys pids\r\n[    0.057119] mce: CPU supports 1 MCE banks\r\n[    0.058559] Last level iTLB entries: 4KB 1024, 2MB 1024, 4MB 1024\r\n[    0.060019] Last level dTLB entries: 4KB 1024, 2MB 1024, 4MB 1024, 1GB 4\r\n[    0.082448] ftrace: allocating 32047 entries in 126 pages\r\n[    0.092139] smpboot: Max logical packages: 64\r\n[    0.096018] smpboot: APIC(0) Converting physical 0 to logical package 0\r\n[    0.100037] Switched APIC routing to physical flat.\r\n[    0.117212] ..TIMER: vector=0x30 apic1=0 pin1=2 apic2=-1 pin2=-1\r\n[    0.120093] smpboot: CPU0: Intel(R) Xeon(R) CPU E5-2673 v3 @ 2.40GHz (family: 0x6, model: 0x3f, stepping: 0x2)\r\n[    0.136018] Performance Events: unsupported p6 CPU model 63 no PMU driver, software events only.\r\n[    0.149501] x86: Booted up 1 node, 1 CPUs\r\n[    0.152006] smpboot: Total of 1 processors activated (4788.90 BogoMIPS)\r\n[    0.156016] NMI watchdog: disabled (cpu0): hardware events not enabled\r\n[    0.160004] NMI watchdog: Shutting down hard lockup detector on all cpus\r\n[    0.168558] devtmpfs: initialized\r\n[    0.177698] evm: security.selinux\r\n[    0.180006] evm: security.SMACK64\r\n[    0.184004] evm: security.SMACK64EXEC\r\n[    0.188004] evm: security.SMACK64TRANSMUTE\r\n[    0.192004] evm: security.SMACK64MMAP\r\n[    0.196003] evm: security.ima\r\n[    0.200003] evm: security.capability\r\n[    0.204113] PM: Registering ACPI NVS region [mem 0x1ffff000-0x1fffffff] (4096 bytes)\r\n[    0.208131] clocksource: jiffies: mask: 0xffffffff max_cycles: 0xffffffff, max_idle_ns: 7645041785100000 ns\r\n[    0.212236] pinctrl core: initialized pinctrl subsystem\r\n[    0.216408] RTC time: 16:10:00, date: 06/02/17\r\n[    0.220206] NET: Registered protocol family 16\r\n[    0.224198] cpuidle: using governor ladder\r\n[    0.228006] cpuidle: using governor menu\r\n[    0.232007] PCCT header not found.\r\n[    0.236099] ACPI: bus type PCI registered\r\n[    0.240003] acpiphp: ACPI Hot Plug PCI Controller Driver version: 0.5\r\n[    0.244362] PCI: Using configuration type 1 for base access\r\n[    0.249680] ACPI: Added _OSI(Module Device)\r\n[    0.252005] ACPI: Added _OSI(Processor Device)\r\n[    0.256004] ACPI: Added _OSI(3.0 _SCP Extensions)\r\n[    0.260003] ACPI: Added _OSI(Processor Aggregator Device)\r\n[    0.266461] ACPI: Interpreter enabled\r\n[    0.268014] ACPI: (supports S0 S5)\r\n[    0.272003] ACPI: Using IOAPIC for interrupt routing\r\n[    0.276037] PCI: Using host bridge windows from ACPI; if necessary, use \"pci=nocrs\" and report a bug\r\n[    0.290947] ACPI: PCI Root Bridge [PCI0] (domain 0000 [bus 00-ff])\r\n[    0.292014] acpi PNP0A03:00: _OSC: OS supports [ASPM ClockPM Segments MSI]\r\n[    0.296011] acpi PNP0A03:00: _OSC failed (AE_NOT_FOUND); disabling ASPM\r\n[    0.300012] acpi PNP0A03:00: fail to add MMCONFIG information, can't access extended PCI configuration space under this bridge.\r\n[    0.304629] PCI host bridge to bus 0000:00\r\n[    0.308006] pci_bus 0000:00: root bus resource [mem 0xfe0000000-0xfffefffff window]\r\n[    0.312006] pci_bus 0000:00: root bus resource [io  0x0000-0x0cf7 window]\r\n[    0.316008] pci_bus 0000:00: root bus resource [io  0x0d00-0xffff window]\r\n[    0.320006] pci_bus 0000:00: root bus resource [mem 0x000a0000-0x000bffff window]\r\n[    0.324006] pci_bus 0000:00: root bus resource [mem 0x20000000-0xfffbffff window]\r\n[    0.328006] pci_bus 0000:00: root bus resource [bus 00-ff]\r\n[    0.339422] pci 0000:00:07.1: legacy IDE quirk: reg 0x10: [io  0x01f0-0x01f7]\r\n[    0.340005] pci 0000:00:07.1: legacy IDE quirk: reg 0x14: [io  0x03f6]\r\n[    0.344005] pci 0000:00:07.1: legacy IDE quirk: reg 0x18: [io  0x0170-0x0177]\r\n[    0.348004] pci 0000:00:07.1: legacy IDE quirk: reg 0x1c: [io  0x0376]\r\n[    0.352461] * Found PM-Timer Bug on the chipset. Due to workarounds for a bug,\r\n[    0.352461] * this clock source is slow. Consider trying other clock sources\r\n[    0.360100] pci 0000:00:07.3: quirk: [io  0x0400-0x043f] claimed by PIIX4 ACPI\r\n[    0.373786] ACPI: PCI Interrupt Link [LNKA] (IRQs 3 4 5 7 9 10 *11 12 14 15)\r\n[    0.396187] ACPI: PCI Interrupt Link [LNKB] (IRQs 3 4 5 7 9 10 11 12 14 15) *0, disabled.\r\n[    0.425723] ACPI: PCI Interrupt Link [LNKC] (IRQs 3 4 5 7 9 10 11 12 14 15) *0, disabled.\r\n[    0.454080] ACPI: PCI Interrupt Link [LNKD] (IRQs 3 4 5 7 9 10 11 12 14 15) *0, disabled.\r\n[    0.482068] ACPI: Enabled 1 GPEs in block 00 to 0F\r\n[    0.484232] vgaarb: setting as boot device: PCI:0000:00:08.0\r\n[    0.488000] vgaarb: device added: PCI:0000:00:08.0,decodes=io+mem,owns=io+mem,locks=none\r\n[    0.488003] vgaarb: loaded\r\n[    0.492007] vgaarb: bridge control possible 0000:00:08.0\r\n[    0.496270] SCSI subsystem initialized\r\n[    0.500107] ACPI: bus type USB registered\r\n[    0.504031] usbcore: registered new interface driver usbfs\r\n[    0.508018] usbcore: registered new interface driver hub\r\n[    0.512047] usbcore: registered new device driver usb\r\n[    0.520125] PCI: Using ACPI for IRQ routing\r\n[    0.524506] NetLabel: Initializing\r\n[    0.528004] NetLabel:  domain hash size = 128\r\n[    0.532002] NetLabel:  protocols = UNLABELED CIPSOv4\r\n[    0.536018] NetLabel:  unlabeled traffic allowed by default\r\n[    0.540112] amd_nb: Cannot enumerate AMD northbridges\r\n[    0.544029] clocksource: Switched to clocksource hyperv_clocksource\r\n[    0.562486] AppArmor: AppArmor Filesystem Enabled\r\n[    0.571808] pnp: PnP ACPI init\r\n[    0.579652] system 00:06: [io  0x01e0-0x01ef] has been reserved\r\n[    0.590644] system 00:06: [io  0x0160-0x016f] has been reserved\r\n[    0.601597] system 00:06: [io  0x0278-0x027f] has been reserved\r\n[    0.612104] system 00:06: [io  0x0378-0x037f] has been reserved\r\n[    0.623258] system 00:06: [io  0x0678-0x067f] has been reserved\r\n[    0.634114] system 00:06: [io  0x0778-0x077f] has been reserved\r\n[    0.644561] system 00:06: [io  0x04d0-0x04d1] has been reserved\r\n[    0.655461] system 00:07: [io  0x0400-0x043f] has been reserved\r\n[    0.666374] system 00:07: [io  0x0370-0x0371] has been reserved\r\n[    0.677155] system 00:07: [io  0x0440-0x044f] has been reserved\r\n[    0.687581] system 00:07: [mem 0xfec00000-0xfec00fff] could not be reserved\r\n[    0.699982] system 00:07: [mem 0xfee00000-0xfee00fff] has been reserved\r\n[    0.712362] system 00:08: [mem 0x00000000-0x0009ffff] could not be reserved\r\n[    0.724820] system 00:08: [mem 0x000c0000-0x000dffff] could not be reserved\r\n[    0.737016] system 00:08: [mem 0x000e0000-0x000fffff] could not be reserved\r\n[    0.749441] system 00:08: [mem 0x00100000-0x1fffffff] could not be reserved\r\n[    0.761971] system 00:08: [mem 0xfffc0000-0xffffffff] has been reserved\r\n[    0.775451] pnp: PnP ACPI: found 9 devices\r\n[    0.789392] clocksource: acpi_pm: mask: 0xffffff max_cycles: 0xffffff, max_idle_ns: 2085701024 ns\r\n[    0.805513] NET: Registered protocol family 2\r\n[    0.813984] TCP established hash table entries: 32768 (order: 6, 262144 bytes)\r\n[    0.828099] TCP bind hash table entries: 32768 (order: 7, 524288 bytes)\r\n[    0.842989] TCP: Hash tables configured (established 32768 bind 32768)\r\n[    0.857405] UDP hash table entries: 2048 (order: 4, 65536 bytes)\r\n[    0.869584] UDP-Lite hash table entries: 2048 (order: 4, 65536 bytes)\r\n[    0.881661] NET: Registered protocol family 1\r\n[    0.890888] pci 0000:00:00.0: Limiting direct PCI/PCI transfers\r\n[    0.902529] Trying to unpack rootfs image as initramfs...\r\n[    1.609415] Freeing initrd memory: 36332K (ffff88001d3ff000 - ffff88001f77a000)\r\n[    1.623296] PCI-DMA: Using software bounce buffering for IO (SWIOTLB)\r\n[    1.635272] software IO TLB [mem 0x193ff000-0x1d3ff000] (64MB) mapped at [ffff8800193ff000-ffff88001d3fefff]\r\n[    1.652619] RAPL PMU detected, API unit is 2^-32 Joules, 3 fixed counters 10737418240 ms ovfl timer\r\n[    1.668451] hw unit of domain pp0-core 2^-0 Joules\r\n[    1.677567] hw unit of domain package 2^-0 Joules\r\n[    1.686283] hw unit of domain dram 2^-16 Joules\r\n[    1.695421] clocksource: tsc: mask: 0xffffffffffffffff max_cycles: 0x2283bc65e5c, max_idle_ns: 440795214862 ns\r\n[    1.713277] Scanning for low memory corruption every 60 seconds\r\n[    1.725216] futex hash table entries: 16384 (order: 8, 1048576 bytes)\r\n[    1.736781] audit: initializing netlink subsys (disabled)\r\n[    1.747001] audit: type=2000 audit(1496419800.744:1): initialized\r\n[    1.758511] Initialise system trusted keyring\r\n[    1.766756] HugeTLB registered 2 MB page size, pre-allocated 0 pages\r\n[    1.780079] zbud: loaded\r\n[    1.786072] VFS: Disk quotas dquot_6.6.0\r\n[    1.793535] VFS: Dquot-cache hash table entries: 512 (order 0, 4096 bytes)\r\n[    1.806288] squashfs: version 4.0 (2009/01/31) Phillip Lougher\r\n[    1.817343] fuse init (API version 7.23)\r\n[    1.824931] Key type big_key registered\r\n[    1.832547] Allocating IMA MOK and blacklist keyrings.\r\n[    1.842399] Key type asymmetric registered\r\n[    1.850770] Asymmetric key parser 'x509' registered\r\n[    1.859989] Block layer SCSI generic (bsg) driver version 0.4 loaded (major 249)\r\n[    1.873539] io scheduler noop registered\r\n[    1.881242] io scheduler deadline registered (default)\r\n[    1.890547] io scheduler cfq registered\r\n[    1.898402] pci_hotplug: PCI Hot Plug PCI Core version: 0.5\r\n[    1.908554] pciehp: PCI Express Hot Plug Controller Driver version: 0.4\r\n[    1.920809] input: Power Button as /devices/LNXSYSTM:00/LNXPWRBN:00/input/input0\r\n[    1.934161] ACPI: Power Button [PWRF]\r\n[    1.941333] GHES: HEST is not enabled!\r\n[    1.948949] Serial: 8250/16550 driver, 32 ports, IRQ sharing enabled\r\n[    2.000245] 00:03: ttyS0 at I/O 0x3f8 (irq = 4, base_baud = 115200) is a 16550A\r\n[    2.063954] 00:04: ttyS1 at I/O 0x2f8 (irq = 3, base_baud = 115200) is a 16550A\r\n[    2.077986] Linux agpgart interface v0.103\r\n[    2.089511] brd: module loaded\r\n[    2.097449] loop: module loaded\r\n[    2.104394] ata_piix 0000:00:07.1: Hyper-V Virtual Machine detected, ATA device ignore set\r\n[    2.120615] scsi host0: ata_piix\r\n[    2.127029] scsi host1: ata_piix\r\n[    2.133513] ata1: PATA max UDMA/33 cmd 0x1f0 ctl 0x3f6 bmdma 0xffa0 irq 14\r\n[    2.145632] ata2: PATA max UDMA/33 cmd 0x170 ctl 0x376 bmdma 0xffa8 irq 15\r\n[    2.159109] libphy: Fixed MDIO Bus: probed\r\n[    2.167762] tun: Universal TUN/TAP device driver, 1.6\r\n[    2.177243] tun: (C) 1999-2004 Max Krasnyansky <maxk@qualcomm.com>\r\n[    2.189864] PPP generic driver version 2.4.2\r\n[    2.197990] ehci_hcd: USB 2.0 'Enhanced' Host Controller (EHCI) Driver\r\n[    2.209574] ehci-pci: EHCI PCI platform driver\r\n[    2.218273] ehci-platform: EHCI generic platform driver\r\n[    2.228764] ohci_hcd: USB 1.1 'Open' Host Controller (OHCI) Driver\r\n[    2.240248] ohci-pci: OHCI PCI platform driver\r\n[    2.249836] ohci-platform: OHCI generic platform driver\r\n[    2.260662] uhci_hcd: USB Universal Host Controller Interface driver\r\n[    2.272762] i8042: PNP: PS/2 Controller [PNP0303:PS2K,PNP0f03:PS2M] at 0x60,0x64 irq 1,12\r\n[    2.295203] serio: i8042 KBD port at 0x60,0x64 irq 1\r\n[    2.306812] serio: i8042 AUX port at 0x60,0x64 irq 12\r\n[    2.327822] ata2.00: ATAPI: Virtual CD, , max MWDMA2\r\n[    2.344359] ata2.00: configured for MWDMA2\r\n[    2.353884] mousedev: PS/2 mouse device common for all mice\r\n[    2.366264] scsi 1:0:0:0: CD-ROM            Msft     Virtual CD/ROM   1.0  PQ: 0 ANSI: 5\r\n[    2.382510] rtc_cmos 00:00: RTC can wake from S4\r\n[    2.413985] sr 1:0:0:0: [sr0] scsi3-mmc drive: 0x/0x tray\r\n[    2.424982] cdrom: Uniform CD-ROM driver Revision: 3.20\r\n[    2.444041] input: AT Translated Set 2 keyboard as /devices/platform/i8042/serio0/input/input1\r\n[    2.460431] rtc_cmos 00:00: rtc core: registered rtc_cmos as rtc0\r\n[    2.472162] rtc_cmos 00:00: alarms up to one month, 114 bytes nvram\r\n[    2.485362] sr 1:0:0:0: Attached scsi generic sg0 type 5\r\n[    2.495224] i2c /dev entries driver\r\n[    2.503736] device-mapper: uevent: version 1.0.3\r\n[    2.515199] device-mapper: ioctl: 4.34.0-ioctl (2015-10-28) initialised: dm-devel@redhat.com\r\n[    2.532549] ledtrig-cpu: registered to indicate activity on CPUs\r\n[    2.545915] NET: Registered protocol family 10\r\n[    2.556591] NET: Registered protocol family 17\r\n[    2.564887] Key type dns_resolver registered\r\n[    2.575358] microcode: CPU0 sig=0x306f2, pf=0x1, revision=0xffffffff\r\n[    2.588077] microcode: Microcode Update Driver: v2.01 <tigran@aivazian.fsnet.co.uk>, Peter Oruba\r\n[    2.603739] registered taskstats version 1\r\n[    2.611414] Loading compiled-in X.509 certificates\r\n[    2.623644] Loaded X.509 cert 'Build time autogenerated kernel key: f7bc719d96df7c6d6fed8f4b9fd5d4ff001383c8'\r\n[    2.651793] zswap: loaded using pool lzo/zbud\r\n[    2.663276] Key type trusted registered\r\n[    2.675354] Key type encrypted registered\r\n[    2.683507] AppArmor: AppArmor sha1 policy hashing enabled\r\n[    2.693783] ima: No TPM chip found, activating TPM-bypass!\r\n[    2.704590] evm: HMAC attrs: 0x1\r\n[    2.712533]   Magic number: 5:462:185\r\n[    2.719970] rtc_cmos 00:00: setting system clock to 2017-06-02 16:10:03 UTC (1496419803)\r\n[    2.735872] BIOS EDD facility v0.16 2004-Jun-25, 0 devices found\r\n[    2.746617] EDD information not available.\r\n[    2.760250] Freeing unused kernel memory: 1480K (ffffffff81f43000 - ffffffff820b5000)\r\n[    2.775881] Write protecting the kernel read-only data: 14336k\r\n[    2.789943] Freeing unused kernel memory: 1804K (ffff88000183d000 - ffff880001a00000)\r\n[    2.806683] Freeing unused kernel memory: 144K (ffff880001ddc000 - ffff880001e00000)\r\nLoading, please wait...\r\nstarting version 229\r\n[    2.840955] random: udevadm: uninitialized urandom read (16 bytes read, 3 bits of entropy available)\r\n[    2.857642] random: systemd-udevd: uninitialized urandom read (16 bytes read, 3 bits of entropy available)\r\n[    2.874648] random: systemd-udevd: uninitialized urandom read (16 bytes read, 3 bits of entropy available)\r\n[    2.891544] random: udevadm: uninitialized urandom read (16 bytes read, 3 bits of entropy available)\r\n[    2.907878] random: systemd-udevd: uninitialized urandom read (16 bytes read, 3 bits of entropy available)\r\n[    2.925185] random: udevadm: uninitialized urandom read (16 bytes read, 3 bits of entropy available)\r\n[    2.941176] random: systemd-udevd: uninitialized urandom read (16 bytes read, 3 bits of entropy available)\r\n[    2.957827] random: udevadm: uninitialized urandom read (16 bytes read, 3 bits of entropy available)\r\n[    2.973889] random: udevadm: uninitialized urandom read (16 bytes read, 3 bits of entropy available)\r\n[    2.990498] random: udevadm: uninitialized urandom read (16 bytes read, 3 bits of entropy available)\r\n[    3.061836] FUJITSU Extended Socket Network Device Driver - version 1.0 - Copyright (c) 2015 FUJITSU LIMITED\r\n[    3.090916] clocksource: hyperv_clocksource_tsc_page: mask: 0xffffffffffffffff max_cycles: 0x24e6a1710, max_idle_ns: 440795202120 ns\r\n[    3.140195] Floppy drive(s): fd0 is 1.44M\r\n[    3.185634] FDC 0 is an 82078.\r\n[    3.198812] AVX2 version of gcm_enc/dec engaged.\r\n[    3.209571] AES CTR mode by8 optimization enabled\r\n[    3.226144] clocksource: Switched to clocksource hyperv_clocksource_tsc_page\r\n[    3.291656] hv_vmbus: Hyper-V Host Build:9600-6.3-18-0.18190; Vmbus version:3.0\r\n[    3.331679] hv_vmbus: Unknown GUID: f8e65716-3cb3-4a06-9a60-1889c5cccab5\r\n[    3.355660] hv_vmbus: registering driver hyperv_fb\r\n[    3.368593] hv_vmbus: Unknown GUID: 3375baf4-9e15-4b30-b765-67acb10d607b\r\n[    3.393902] hv_vmbus: registering driver hyperv_keyboard\r\n[    3.405607] hv_vmbus: Unknown GUID: 276aacf4-ac15-426c-98dd-7521ad3f01fe\r\n[    3.421831] hv_utils: Registering HyperV Utility Driver\r\n[    3.432155] hv_vmbus: registering driver hv_util\r\n[    3.445270] hidraw: raw HID events driver (C) Jiri Kosina\r\n[    3.455830] hv_vmbus: registering driver hv_storvsc\r\n[    3.470936] hyperv_fb: Screen resolution: 1152x864, Color depth: 32\r\n[    3.483908] hv_vmbus: registering driver hid_hyperv\r\n[    3.497647] Console: switching to colour frame buffer device 144x54\r\n[    3.514508] hv_vmbus: registering driver hv_netvsc\r\n[    3.528478] scsi host2: storvsc_host_t\r\n[    3.535140] scsi 2:0:0:0: Direct-Access     Msft     Virtual Disk     1.0  PQ: 0 ANSI: 4\r\n[    3.549402] sd 2:0:0:0: Attached scsi generic sg1 type 0\r\n[    3.558881] sd 2:0:0:0: [sda] 61440000 512-byte logical blocks: (31.5 GB/29.3 GiB)\r\n[    3.573960] psmouse serio1: trackpoint: failed to get extended button data\r\n[    3.590405] input: Microsoft Vmbus HID-compliant Mouse as /devices/0006:045E:0621.0001/input/input4\r\n[    3.607641] hid 0006:045E:0621.0001: input: <UNKNOWN> HID v0.01 Mouse [Microsoft Vmbus HID-compliant Mouse] on \r\n[    3.625340] sd 2:0:0:0: [sda] Write Protect is off\r\n[    3.634469] hv_netvsc: hv_netvsc channel opened successfully\r\n[    3.647347] sd 2:0:0:0: [sda] Write cache: enabled, read cache: enabled, supports DPO and FUA\r\n[    3.666239]  sda: sda1\r\n[    3.670966] sd 2:0:0:0: [sda] Attached SCSI disk\r\n[    3.813639] hv_netvsc vmbus_14: Send section size: 6144, Section count:2560\r\n[    3.827154] hv_netvsc vmbus_14: Device MAC 00:0d:3a:a0:ae:c1 link state up\r\n[    3.856494] scsi host3: storvsc_host_t\r\n[    3.863324] scsi 3:0:1:0: Direct-Access     Msft     Virtual Disk     1.0  PQ: 0 ANSI: 4\r\n[    3.877916] sd 3:0:1:0: Attached scsi generic sg2 type 0\r\n[    3.887474] sd 3:0:1:0: [sdb] 104857600 512-byte logical blocks: (53.7 GB/50.0 GiB)\r\n[    3.900485] sd 3:0:1:0: [sdb] 4096-byte physical blocks\r\n[    3.909651] sd 3:0:1:0: [sdb] Write Protect is off\r\n[    3.919628] sd 3:0:1:0: [sdb] Write cache: enabled, read cache: enabled, supports DPO and FUA\r\n[    3.934754] scsi host4: storvsc_host_t\r\n[    3.940984]  sdb: sdb1\r\n[    3.948395] sd 3:0:1:0: [sdb] Attached SCSI disk\r\n[    3.956667] scsi host5: storvsc_host_t\r\nBegin: Loading essential drivers ...
[    5.357700] md: linear personality registered for level -1\r\n[    5.370360] md: multipath personality registered for level -4\r\n[    5.385451] md: raid0 personality registered for level 0\r\n[    5.400690] md: raid1 personality registered for level 1\r\n[    5.480019] raid6: sse2x1   gen()  5512 MB/s\r\n[    5.556010] raid6: sse2x1   xor()  4703 MB/s\r\n[    5.632014] raid6: sse2x2   gen()  7242 MB/s\r\n[    5.708212] raid6: sse2x2   xor()  4591 MB/s\r\n[    5.784014] raid6: sse2x4   gen()  8221 MB/s\r\n[    5.860019] raid6: sse2x4   xor()  6442 MB/s\r\n[    5.936009] raid6: avx2x1   gen() 12188 MB/s\r\n[    6.012007] raid6: avx2x2   gen() 14207 MB/s\r\n[    6.088010] raid6: avx2x4   gen() 16119 MB/s\r\n[    6.096016] raid6: using algorithm avx2x4 gen() 16119 MB/s\r\n[    6.106455] raid6: using avx2x2 recovery algorithm\r\n[    6.118029] xor: automatically using best checksumming function:\r\n[    6.168006]    avx       : 19572.000 MB/sec\r\n[    6.177914] async_tx: api initialized (async)\r\n[    6.197460] md: raid6 personality registered for level 6\r\n[    6.207364] md: raid5 personality registered for level 5\r\n[    6.216835] md: raid4 personality registered for level 4\r\n[    6.232458] md: raid10 personality registered for level 10\r\ndone.\r\nBegin: Running /scripts/init-premount ... done.\r\nBegin: Mounting root file system ... Begin: Running /scripts/local-top ... done.\r\nBegin: Running /scripts/local-premount ...
[    6.303521] Btrfs loaded\r\nScanning for Btrfs filesystems\r\n[    6.412104] blk_update_request: I/O error, dev fd0, sector 0\r\n[    6.416028] floppy: error -5 while reading block 0\r\ndone.\r\nWarning: fsck not present, so skipping root file system\r\n[    6.507561] EXT4-fs (sda1): mounted filesystem with ordered data mode. Opts: (null)\r\ndone.\r\nBegin: Running /scripts/local-bottom ... done.\r\nBegin: Running /scripts/init-bottom ... Warning: overlayroot: debug is busted\r\ndone.\r\n[    6.826788] random: nonblocking pool is initialized\r\n[    8.237838] systemd[1]: systemd 229 running in system mode. (+PAM +AUDIT +SELINUX +IMA +APPARMOR +SMACK +SYSVINIT +UTMP +LIBCRYPTSETUP +GCRYPT +GNUTLS +ACL +XZ -LZ4 +SECCOMP +BLKID +ELFUTILS +KMOD -IDN)\r\n[    8.272552] systemd[1]: Detected virtualization microsoft.\r\n[    8.283004] systemd[1]: Detected architecture x86-64.\r\n\r\nWelcome to \u001b[1mUbuntu 16.04.1 LTS\u001b[0m!\r\n\r\n[    8.444174] systemd[1]: Set hostname to <ubuntu>.\r\n[    8.539874] systemd[1]: Initializing machine ID from random generator.\r\n[    8.551643] systemd[1]: Installed transient /etc/machine-id file.\r\n[    8.932068] psmouse serio1: trackpoint: IBM TrackPoint firmware: 0x01, buttons: 0/0\r\n[    8.946914] input: TPPS/2 IBM TrackPoint as /devices/platform/i8042/serio1/input/input3\r\n[    8.962576] input: AT Translated Set 2 keyboard as /devices/LNXSYSTM:00/LNXSYBUS:00/PNP0A03:00/device:07/VMBUS:01/vmbus_5/serio2/input/input5\r\n[    9.523488] systemd[1]: Time has been changed\r\n[    9.533154] systemd[1]: Created slice System Slice.\r\n[\u001b[0;32m  OK  \u001b[0m] Created slice System Slice.\r\n[    9.560654] systemd[1]: Listening on Syslog Socket.\r\n[\u001b[0;32m  OK  \u001b[0m] Listening on Syslog Socket.\r\n[    9.591033] systemd[1]: Listening on LVM2 metadata daemon socket.\r\n[\u001b[0;32m  OK  \u001b[0m] Listening on LVM2 metadata daemon socket.\r\n[    9.628738] systemd[1]: Reached target Swap.\r\n[\u001b[0;32m  OK  \u001b[0m] Reached target Swap.\r\n[    9.655176] systemd[1]: Listening on Journal Socket.\r\n[\u001b[0;32m  OK  \u001b[0m] Listening on Journal Socket.\r\n[    9.736561] systemd[1]: Mounting Debug File System...\r\n         Mounting Debug File System...\r\n[    9.779651] systemd[1]: Starting Uncomplicated firewall...\r\n         Starting Uncomplicated firewall...\r\n[    9.828858] systemd[1]: Starting Nameserver information manager...\r\n         Starting Nameserver information manager...\r\n[    9.859394] systemd[1]: Mounting Huge Pages File System...\r\n         Mounting Huge Pages File System...\r\n[    9.886272] systemd[1]: Starting Create list of required static device nodes for the current kernel...\r\n         Starting Create list of required st... nodes for the current kernel...\r\n[    9.919394] systemd[1]: Reached target Encrypted Volumes.\r\n[\u001b[0;32m  OK  \u001b[0m] Reached target Encrypted Volumes.\r\n[    9.943979] systemd[1]: Listening on udev Kernel Socket.\r\n[\u001b[0;32m  OK  \u001b[0m] Listening on udev Kernel Socket.\r\n[    9.967937] systemd[1]: Listening on Journal Socket (/dev/log).\r\n[\u001b[0;32m  OK  \u001b[0m] Listening on Journal Socket (/dev/log).\r\n[    9.998408] systemd[1]: Mounting POSIX Message Queue File System...\r\n         Mounting POSIX Message Queue File System...\r\n[   10.025554] systemd[1]: Listening on /dev/initctl Compatibility Named Pipe.\r\n[\u001b[0;32m  OK  \u001b[0m] Listening on /dev/initctl Compatibility Named Pipe.\r\n[   10.068699] systemd[1]: Starting Set console keymap...\r\n         Starting Set console keymap...\r\n[   10.090839] systemd[1]: Created slice system-serial\\x2dgetty.slice.\r\n[\u001b[0;32m  OK  \u001b[0m] Created slice system-serial\\x2dgetty.slice.\r\n[   10.117834] systemd[1]: Listening on udev Control Socket.\r\n[\u001b[0;32m  OK  \u001b[0m] Listening on udev Control Socket.\r\n[   10.143492] systemd[1]: Listening on Device-mapper event daemon FIFOs.\r\n[\u001b[0;32m  OK  \u001b[0m] Listening on Device-mapper event daemon FIFOs.\r\n[   10.171909] systemd[1]: Starting Monitoring of LVM2 mirrors, snapshots etc. using dmeventd or progress polling...\r\n         Starting Monitoring of LVM2 mirrors... dmeventd or progress polling...\r\n[   10.226637] systemd[1]: Listening on Journal Audit Socket.\r\n[\u001b[0;32m  OK  \u001b[0m] Listening on Journal Audit Socket.\r\n[   10.264820] systemd[1]: Starting Journal Service...\r\n         Starting Journal Service...\r\n[   10.286616] systemd[1]: Listening on LVM2 poll daemon socket.\r\n[\u001b[0;32m  OK  \u001b[0m] Listening on LVM2 poll daemon socket.\r\n[   10.312243] systemd[1]: Reached target User and Group Name Lookups.\r\n[\u001b[0;32m  OK  \u001b[0m] Reached target User and Group Name Lookups.\r\n[   10.342499] systemd[1]: Starting Remount Root and Kernel File Systems...\r\n         Starting Remount Root and Kernel File Systems...\r\n[   10.373748] systemd[1]: Created slice User and Session Slice.\r\n[   10.384966] EXT4-fs (sda1): re-mounted. Opts: discard\r\n[\u001b[0;32m  OK  \u001b[0m] Created slice User and Session Slice.\r\n[   10.411783] systemd[1]: Starting Load Kernel Modules...\r\n         Starting Load Kernel Modules...\r\n[   10.434661] systemd[1]: Started Forward Password Requests to Wall Directory Watch.\r\n[\u001b[0;32m  OK  \u001b[0m] Started Forward Password Requests to Wall Directory Watch.\r\n[   10.467413] systemd[1]: Set up automount Arbitrary Executable File Formats File System Automount Point.\r\n[\u001b[0;32m  OK  \u001b[0m] Set up automount Arbitrary Executab...ats File System Automount Point.\r\n[   10.504529] systemd[1]: Reached target Slices.\r\n[\u001b[0;32m  OK  \u001b[0m] Reached target Slices.[   10.527024] Loading iSCSI transport class v2.0-870.\r\n\r\n[   10.540497] systemd[1]: Mounted Huge Pages File System.\r\n[\u001b[0;32m  OK  \u001b[0m] Mounted Huge Pages File System.\r\n[   10.567312] systemd[1]: Mounted POSIX Message Queue File System.\r\n[\u001b[0;32m  OK  \u001b[0m] Mounted POSIX Message Queue File System.\r\n[   10.607862] systemd[1]: Mounted Debug File System.\r\n[   10.618393] iscsi: registered transport (tcp)\r\n[\u001b[0;32m  OK  \u001b[0m] Mounted Debug File System.\r\n[   10.640503] systemd[1]: Started Journal Service.\r\n[\u001b[0;32m  OK  \u001b[0m] Started Journal Service.\r\n[\u001b[0;32m  OK  \u001b[0m] Started Uncomplicated firewall.\r\n[\u001b[0;32m  OK  \u001b[0m] Started Create list of required sta...ce nodes for the current kernel.\r\n[\u001b[0;32m  OK  \u001b[0m] Started Set console keymap.\r\n[\u001b[0;32m  OK  \u001b[0m] Started Remount Root and Kernel File Systems.\r\n[\u001b[0;32m  OK  \u001b[0m] Started Nameserver information manager.\r\n[   10.779453] iscsi: registered transport (iser)\r\n[\u001b[0;32m  OK  \u001b[0m] Started Load Kernel Modules.\r\n         Starting Apply Kernel Variables...\r\n         Mounting FUSE Control File System...\r\n[\u001b[0;32m  OK  \u001b[0m] Started LVM2 metadata daemon.\r\n         Starting Load/Save Random Seed...\r\n         Starting udev Coldplug all Devices...\r\n         Starting Create Static Device Nodes in /dev...\r\n         Starting Flush Journal to Persistent Storage...\r\n[\u001b[0;32m  OK  \u001b[0m] Mounted FUSE Control File System.\r\n[\u001b[0;32m  OK  \u001b[0m] Started Apply Kernel Variables.\r\n[\u001b[0;32m  OK  \u001b[0m] Started Load/Save Random Seed.\r\n[\u001b[0;32m  OK  \u001b[0m] Started Monitoring of LVM2 mirrors,...ng dmeventd or progress polling.\r\n[\u001b[0;32m  OK  \u001b[0m] Started Flush Journal to Persistent Storage.\r\n[\u001b[0;32m  OK  \u001b[0m] Started udev Coldplug all Devices.\r\n[\u001b[0;32m  OK  \u001b[0m] Started Create Static Device Nodes in /dev.\r\n         Starting udev Kernel Device Manager...\r\n[\u001b[0;32m  OK  \u001b[0m] Started udev Kernel Device Manager.\r\n[\u001b[0;32m  OK  \u001b[0m] Reached target Local File Systems (Pre).\r\n         Mounting /etc/network/interfaces.dynamic.d...\r\n[\u001b[0;32m  OK  \u001b[0m] Started Dispatch Password Requests to Console Directory Watch.\r\n[\u001b[0;32m  OK  \u001b[0m] Mounted /etc/network/interfaces.dynamic.d.\r\n[\u001b[0;32m  OK  \u001b[0m] Reached target Local File Systems.\r\n         Starting LSB: AppArmor initialization...\r\n         Starting Set console font and keymap...\r\n         Starting Commit a transient machine-id on disk...\r\n         Starting Initial cloud-init job (pre-networking)...\r\n         Starting Run snappy firstboot setup...\r\n         Starting Create Volatile Files and Directories...\r\n         Starting Tell Plymouth To Write Out Runtime Data...\r\n[\u001b[0;32m  OK  \u001b[0m] Started Commit a transient machine-id on disk.\r\n[\u001b[0;32m  OK  \u001b[0m] Started Create Volatile Files and Directories.\r\n[   12.109312] piix4_smbus 0000:00:07.3: SMBus base address uninitialized - upgrade BIOS or use force_addr=0xaddr\r\n[\u001b[0;32m  OK  \u001b[0m] Started Tell Plymouth To Write Out Runtime Data.\r\n         Starting Network Time Synchronization...\r\n         Starting Update UTMP about System Boot/Shutdown...\r\n[\u001b[0;32m  OK  \u001b[0m] Started Network Time Synchronization.\r\n[\u001b[0;32m  OK  \u001b[0m] Started Update UTMP about System Boot/Shutdown.\r\n[\u001b[0;32m  OK  \u001b[0m] Reached target System Time Synchronized.\r\n[\u001b[0;32m  OK  \u001b[0m] Started Set console font and keymap.\r\n[\u001b[0;32m  OK  \u001b[0m] Created slice system-getty.slice.\r\n[\u001b[0;32m  OK  \u001b[0m] Found device /dev/ttyS0.\r\n[\u001b[0;32m  OK  \u001b[0m] Listening on Load/Save RF Kill Switch Status /dev/rfkill Watch.\r\n[   12.739671] intel_rapl: no valid rapl domains found in package 0\r\n[\u001b[0;32m  OK  \u001b[0m] Started LSB: AppArmor initialization.\r\n[\u001b[0;32m  OK  \u001b[0m] Reached target System Initialization.\r\n[\u001b[0;32m  OK  \u001b[0m] Listening on D-Bus System Message Bus Socket.\r\n         Starting Socket activation for snappy daemon.\r\n[\u001b[0;32m  OK  \u001b[0m] Listening on UUID daemon activation socket.\r\n[\u001b[0;32m  OK  \u001b[0m] Started ACPI Events Check.\r\n[\u001b[0;32m  OK  \u001b[0m] Started Timer to automatically refresh installed snaps.\r\n[\u001b[0;32m  OK  \u001b[0m] Listening on ACPID Listen Socket.\r\n[\u001b[0;32m  OK  \u001b[0m] Started Trigger resolvconf update for networkd DNS.\r\n[\u001b[0;32m  OK  \u001b[0m] Reached target Paths.\r\n[\u001b[0;32m  OK  \u001b[0m] Started Daily apt activities.\r\n[\u001b[0;32m  OK  \u001b[0m] Started Daily Cleanup of Temporary Directories.\r\n[\u001b[0;32m  OK  \u001b[0m] Reached target Timers.\r\n         Starting LXD - unix socket.\r\n[\u001b[0;32m  OK  \u001b[0m] Listening on Socket activation for snappy daemon.\r\n[\u001b[0;32m  OK  \u001b[0m] Listening on LXD - unix socket.\r\n[\u001b[0;32m  OK  \u001b[0m] Reached target Sockets.\r\n[\u001b[0;32m  OK  \u001b[0m] Reached target Basic System.\r\n[\u001b[0;32m  OK  \u001b[0m] Started D-Bus System Message Bus.\r\n         Starting Login Service...\r\n[\u001b[0;32m  OK  \u001b[0m] Started Name Service Cache Daemon.\r\n[\u001b[0;32m  OK  \u001b[0m] Started Deferred execution scheduler.\r\n         Starting LSB: MD monitoring daemon...\r\n         Starting System Logging Service...\r\n         Starting LSB: Record successful boot for GRUB...\r\n[\u001b[0;32m  OK  \u001b[0m] Started ACPI event daemon.\r\n[\u001b[0;32m  OK  \u001b[0m] Started Hyper-V VSS Protocol Daemon.\r\n[\u001b[0;32m  OK  \u001b[0m] Started Hyper-V File Copy Protocol Daemon.\r\n         Starting LXD - container startup/shutdown...\r\n         Starting Accounts Service...\r\n[\u001b[0;32m  OK  \u001b[0m] Started Hyper-V KVP Protocol Daemon.\r\n         Starting Thermal Daemon Service...\r\n[\u001b[0;32m  OK  \u001b[0m] Started FUSE filesystem for LXC.\r\n[\u001b[0;32m  OK  \u001b[0m] Started Regular background program processing daemon.\r\n[\u001b[0;32m  OK  \u001b[0m] Started Run snappy firstboot setup.\r\n[\u001b[0;32m  OK  \u001b[0m] Started Login Service.\r\n[\u001b[0;32m  OK  \u001b[0m] Started Snappy daemon.\r\n[\u001b[0;32m  OK  \u001b[0m] Started System Logging Service.\r\n[\u001b[0;32m  OK  \u001b[0m] Started LSB: MD monitoring daemon.\r\n[\u001b[0;32m  OK  \u001b[0m] Started LSB: Record successful boot for GRUB.\r\n         Starting Authenticate and Authorize Users to Run Privileged Tasks...\r\n[\u001b[0;32m  OK  \u001b[0m] Started Thermal Daemon Service.\r\n[\u001b[0;32m  OK  \u001b[0m] Started Authenticate and Authorize Users to Run Privileged Tasks.\r\n[\u001b[0;32m  OK  \u001b[0m] Started Accounts Service.\r\n[\u001b[0;32m  OK  \u001b[0m] Started LXD - container startup/shutdown.\r\n[   17.995242] cloud-init[582]: Cloud-init v. 0.7.8 running 'init-local' at Fri, 02 Jun 2017 16:10:18 +0000. Up 17.72 seconds.\r\n[\u001b[0;32m  OK  \u001b[0m] Started Initial cloud-init job (pre-networking).\r\n[\u001b[0;32m  OK  \u001b[0m] Reached target Network (Pre).\r\n         Starting Raise network interfaces...\r\n[\u001b[0;32m  OK  \u001b[0m] Started Raise network interfaces.\r\n[\u001b[0;32m  OK  \u001b[0m] Reached target Network.\r\n         Starting Initial cloud-init job (metadata service crawler)...\r\n[   19.948169] blk_update_request: I/O error, dev fd0, sector 0\r\n[   20.004378] blk_update_request: I/O error, dev fd0, sector 0\r\n[   20.182901] cloud-init[1112]: + i=eth0\r\n[   20.212119] cloud-init[1112]: + x=0\r\n[   20.239421] cloud-init[1112]: + ifdown eth0\r\n[   20.252962] cloud-init[1112]: Killed old client process\r\n[   21.220909] cloud-init[1112]: Internet Systems Consortium DHCP Client 4.3.3\r\n[   21.239541] cloud-init[1112]: Copyright 2004-2015 Internet Systems Consortium.\r\n[   21.258623] cloud-init[1112]: All rights reserved.\r\n[   21.273603] cloud-init[1112]: For info, please visit https://www.isc.org/software/dhcp/\r\n[   21.292223] cloud-init[1112]: Listening on LPF/eth0/00:0d:3a:a0:ae:c1\r\n[   21.323201] cloud-init[1112]: Sending on   LPF/eth0/00:0d:3a:a0:ae:c1\r\n[   21.354773] cloud-init[1112]: Sending on   Socket/fallback\r\n[   21.384434] cloud-init[1112]: DHCPRELEASE on eth0 to 168.63.129.16 port 67 (xid=0x49d8bb5a)\r\n[   21.827127] cloud-init[1112]: + ifup eth0\r\n[   21.851494] cloud-init[1112]: Internet Systems Consortium DHCP Client 4.3.3\r\n[   21.868226] cloud-init[1112]: Copyright 2004-2015 Internet Systems Consortium.\r\n[   21.885560] cloud-init[1112]: All rights reserved.\r\n[   21.907359] cloud-init[1112]: For info, please visit https://www.isc.org/software/dhcp/\r\n[   21.943196] cloud-init[1112]: Listening on LPF/eth0/00:0d:3a:a0:ae:c1\r\n[   21.976028] cloud-init[1112]: Sending on   LPF/eth0/00:0d:3a:a0:ae:c1\r\n[   22.008242] cloud-init[1112]: Sending on   Socket/fallback\r\n[   22.037419] cloud-init[1112]: DHCPDISCOVER on eth0 to 255.255.255.255 port 67 interval 3 (xid=0x3f70ef19)\r\n[   22.079650] cloud-init[1112]: DHCPREQUEST of 10.0.0.4 on eth0 to 255.255.255.255 port 67 (xid=0x19ef703f)\r\n[   22.123090] cloud-init[1112]: DHCPOFFER of 10.0.0.4 from 168.63.129.16\r\n[   22.168629] cloud-init[1112]: DHCPACK of 10.0.0.4 from 168.63.129.16\r\n[   22.539671] cloud-init[1112]: bound to 10.0.0.4 -- renewal in 4294967294 seconds.\r\n[   22.576758] cloud-init[1112]: + exit 0\r\n[\u001b[0;32m  OK  \u001b[0m] Started Azure Linux Agent.\r\n2017/06/02 16:10:24.229552 INFO Azure Linux Agent Version:2.1.3\r\n2017/06/02 16:10:24.241926 INFO OS: ubuntu 16.04\r\n2017/06/02 16:10:24.251941 INFO Python: 3.5.2\r\n2017/06/02 16:10:24.261740 INFO Run daemon\r\n2017/06/02 16:10:24.271129 INFO run Ubuntu provision handler\r\n2017/06/02 16:10:24.282369 INFO Waiting cloud-init to copy ovf-env.xml.\r\n2017/06/02 16:10:24.313256 INFO Detect protocol endpoints\r\n2017/06/02 16:10:24.324944 INFO WireServer endpoint is not found. Rerun dhcp handler\r\n2017/06/02 16:10:24.339695 INFO Send dhcp request\r\n2017/06/02 16:10:24.571924 INFO Configure routes\r\n2017/06/02 16:10:24.584354 INFO Gateway:10.0.0.1\r\n2017/06/02 16:10:24.595815 INFO Routes:None\r\n2017/06/02 16:10:24.608381 INFO Wire server endpoint:168.63.129.16\r\n2017/06/02 16:10:24.657838 INFO Fabric preferred wire protocol version:2015-04-05\r\n2017/06/02 16:10:24.673814 INFO Wire protocol version:2012-11-30\r\n2017/06/02 16:10:24.686964 WARNING Server prefered version:2015-04-05\r\n[   27.524127] blk_update_request: I/O error, dev fd0, sector 0\r\n[   27.580125] blk_update_request: I/O error, dev fd0, sector 0\r\n2017/06/02 16:10:29.059792 INFO Sleep 15 seconds to prevent throttling\r\n[   30.223846] cloud-init[1112Cloud-init v. 0.7.8 running 'init' at Fri, 02 Jun 2017 16:10:20 +0000. Up 19.72 seconds.\r\n[   30.246870] cloud-init[1112]: ci-info: ++++++++++++++++++++++++++++++++++++++Net device info++++++++++++++++++++++++++++++++++++++\r\n[   30.282765] cloud-init[1112]: ci-info: +--------+------+-----------------------------+---------------+-------+-------------------+\r\n[   30.333022] [\u001b[0;32m  OK  \u001b[0mcloud-init] Started Initial cloud-init job (metadata service crawler).[1112]: ci-info: | Device |  Up  |           Address           |      Mask     | Scope |     Hw-Address    |\r\n[\u001b[0;32m  OK  \u001b[0m] Reached target Cloud-config availability.\r\n[   30.380079] cloud-init\r\n[\u001b[0;32m  OK  \u001b[0m[1112]: ci-info: +--------+------+-----------------------------+---------------+-------+-------------------+] Reached target Network is Online.\r\n\r\n         Starting Pollinate to seed the pseudo random number generator...[   30.429516] cloud-init\r\n         Starting Apply the settings specified in cloud-config...[1112]: ci-info: |   lo   | True |          127.0.0.1          |   255.0.0.0   |   .   |         .         |\r\n         Starting iSCSI initiator daemon (iscsid)...\r\n\r\n        
[   30.504598] cloud-initStarting /etc/rc.local Compatibility...[1112]: ci-info: |   lo   | True |           ::1/128           |       .       |  host |         .         |\r\n[\u001b[0;32m  OK  \u001b[0m] Started /etc/rc.local Compatibility.\r\n\r\n[   30.594897] cloud-init[1112]: ci-info: |  eth0  | True |           10.0.0.4          | 255.255.255.0 |   .   | 00:0d:3a:a0:ae:c1 |\r\n[   30.652226] [\u001b[0;32m  OK  \u001b[0m] Started iSCSI initiator daemon (iscsid).cloud-init[1112]: ci-info: |  eth0  | True | fe80::20d:3aff:fea0:aec1/64 |       .       |  link | 00:0d:3a:a0:ae:c1 |\r\n         Starting Login to default iSCSI targets...\r\n\r\n[   30.744223] cloud-init[1112]: ci-info: +--------+------+-----------------------------+---------------+-------+-------------------+\r\n[   30.804184] cloud-init[1112]: ci-info: ++++++++++++++++++++++++++++++Route IPv4 info+++++++++++++++++++++++++++++++[\u001b[0;32m  OK  \u001b[0m] Started Login to default iSCSI targets.\r\n[\u001b[0;32m  OK  \u001b[0m] Reached target Remote File Systems (Pre).\r\n[\u001b[0;32m  OK  \u001b[0m\r\n] Reached target Remote File Systems.\r\n[   30.910836] cloud-init         Starting Permit User Sessions...\r\n         [1112]: ci-info: +-------+-----------------+----------+-----------------+-----------+-------+Starting LSB: daemon to balance interrupts for SMP systems...\r\n         Starting LSB: Set the CPU Frequency Scaling governor to \"ondemand\"...\r\n         Starting LSB: automatic crash report generation...\r\n[\r\n\u001b[0;32m  OK  \u001b[0m[   31.039448] cloud-init[1112]: ci-info: | Route |   Destination   | Gateway  |     Genmask     | Interface | Flags |] Started Permit User Sessions.\r\n[\u001b[0;32m  OK  \u001b[0m] Started LSB: Set the CPU Frequency Scaling governor to \"ondemand\".\r\n\r\n         Starting Hold until boot process finishes up...[   31.161412] \r\n         cloud-init[1112]: Starting Terminate Plymouth Boot Screen...ci-info: +-------+-----------------+----------+-----------------+-----------+-------+\r\n[\u001b[0;32m  OK  \u001b[0m\r\n[   31.284639] ] Started LSB: daemon to balance interrupts for SMP systems.cloud-init[1112]: ci-info: |   0   |     0.0.0.0     | 10.0.0.1 |     0.0.0.0     |    eth0   |   UG\r\n[\u001b[0;32m  OK  \u001b[0m] Started Hold until boot process finishes up.\r\n[\u001b[0;32m  OK  \u001b[0m] Started Terminate Plymouth Boot Screen.\r\n[\u001b[0;32m  OK  \u001b[0m] Started Getty on tty1.\r\n[   31.373230] \r\n[\u001b[0;32m  OK  \u001b[0mcloud-init] Started Serial Getty on ttyS0.\r\n[\u001b[0;32m  OK  \u001b[0m[1112]: ci-info: |   1   |     10.0.0.0    | 0.0.0.0  |  255.255.255.0  |    eth0   |   U   |] Reached target Login Prompts.\r\n         Starting Set console scheme...\r\n[\u001b[0;32m  OK  \u001b[0m\r\n] Started LSB: automatic crash report generation.[   31.454503] cloud-init[1112]: \r\nci-info: |   2   |  168.63.129.16  | 10.0.0.1 | 255.255.255.255 |    eth0   |  UGH  |[\u001b[0;32m  OK  \u001b[0m\r\n] Started Set console scheme.[   31.508050] cloud-init\r\n[1112]: ci-info: |   3   | 169.254.169.254 | 10.0.0.1 | 255.255.255.255 |    eth0   |  UGH  |\r\n[   31.546819] cloud-init[1112]: ci-info: +-------+-----------------+----------+-----------------+-----------+-------+\r\n[   31.588530] cloud-init[1112]: Generating public/private rsa key pair.\r\n[   31.620165] cloud-init[1112]: Your identification has been saved in /etc/ssh/ssh_host_rsa_key.\r\n[   31.656169] cloud-init[1112]: Your public key has been saved in /etc/ssh/ssh_host_rsa_key.pub.\r\n[   31.694777] cloud-init[1112]: The key fingerprint is:\r\n[   31.722703] cloud-init[1112]: SHA256:iCM1phUCYZ9VDgSGAjSY/GRXlR6Lgx9bxrPoF7wWHoY root@xplatvm\r\n[   31.760154] cloud-init[1112]: The key's randomart image is:\r\n[   31.792432] cloud-init[1112]: +---[RSA 2048]----+\r\n[   31.824147] cloud-init[1112]: |OBoo++oo...      |\r\n[   31.853386] cloud-init[1112]: |=o++ooo  o       |\r\n[   31.886157] cloud-init[1112]: |. +o* ..+ o      |\r\n[   31.916147] cloud-init[1112]: |   * + = B       |\r\n[   31.943137] cloud-init[1112]: |  o o o S o      |\r\n[   31.970034] cloud-init[1112]: |   . . E B       |\r\n[   31.991374] cloud-init[1112]: |      . o =      |\r\n[   32.013073] cloud-init[1112]: |       . =       |\r\n[   32.027332] cloud-init[1112]: |        o        |\r\n[   32.041243] cloud-init[1112]: +----[SHA256]-----+\r\n[   32.090106] cloud-init[1112]: Generating public/private dsa key pair.\r\n[   32.107461] cloud-init[1112]: Your identification has been saved in /etc/ssh/ssh_host_dsa_key.\r\n[   32.126258] cloud-init[1112]: Your public key has been saved in /etc/ssh/ssh_host_dsa_key.pub.\r\n[   32.147436] cloud-init[1112]: The key fingerprint is:\r\n[   32.173142] cloud-init[1112]: SHA256:40nlT4ppn0LvMeKDl//S4/DhHWN9702xlMkbWuzt6rw root@xplatvm\r\n[   32.192787] cloud-init[1112]: The key's randomart image is:\r\n[   32.209387] cloud-init[1112]: +---[DSA 1024]----+\r\n[   32.235083] cloud-init[1112]: |                 |\r\n[   32.256491] cloud-init[1112]: |                 |\r\n[   32.271848] cloud-init[1112]: |          .      |\r\n[   32.312243] cloud-init[1112]: |         o    o o|\r\n[   32.340424] cloud-init[1112]: |        S . .  X |\r\n[   32.376236] cloud-init[1112]: |       o.= +  =.*|\r\n[   32.406323] cloud-init[1112]: |       oBo=.o.++=|\r\n[   32.433275] cloud-init[1112]: |      .o=ooBo= =+|\r\n[   32.460181] cloud-init[1112]: |       ..==+=oE+=|\r\n[   32.495165] cloud-init[1112]: +----[SHA256]-----+\r\n[   32.510633] cloud-init[1112]: Generating public/private ecdsa key pair.\r\n[   32.568967] cloud-init[1112]: Your identification has been saved in /etc/ssh/ssh_host_ecdsa_key.\r\n[   32.598208] cloud-init[1112]: Your public key has been saved in /etc/ssh/ssh_host_ecdsa_key.pub.\r\n[   32.616590] cloud-init[1112]: The key fingerprint is:\r\n[   32.632815] cloud-init[1112]: SHA256:q9GstrjZZ/npgQEtZjZeKOBT/3vI7LdKCmiVfCIN5fE root@xplatvm\r\n[   32.652345] cloud-init[1112]: The key's randomart image is:\r\n[   32.667905] cloud-init[1112]: +---[ECDSA 256]---+\r\n[   32.682005] cloud-init[1112]: |  . +            |\r\n[   32.696217] cloud-init[1112]: | . = + o         |\r\n[   32.709818] cloud-init[1112]: |  + o E o        |\r\n[   32.723440] cloud-init[1112]: |   = B *         |\r\n[   32.739709] cloud-init[1112]: |  . * o S        |\r\n[   32.753498] cloud-init[1112]: |   + o = *       |\r\n[   32.768955] cloud-init[1112]: |  o . . @.o      |\r\n[   32.782842] cloud-init[1112]: | .   =.B+..o     |\r\n[   32.799150] cloud-init[1112]: |    +o*+o==.     |\r\n[   32.813219] cloud-init[1112]: +----[SHA256]-----+\r\n[   32.829852] cloud-init[1112]: Generating public/private ed25519 key pair.\r\n[   32.846132] cloud-init[1112]: Your identification has been saved in /etc/ssh/ssh_host_ed25519_key.\r\n[   32.871833] cloud-init[1112]: Your public key has been saved in /etc/ssh/ssh_host_ed25519_key.pub.\r\n[   32.892359] cloud-init[1112]: The key fingerprint is:\r\n[   32.907627] cloud-init[1112]: SHA256:bAbX/jUeFGKSlTiT57jBxc28/vHolSgblWlauP8NHQY root@xplatvm\r\n[   32.925665] cloud-init[1112]: The key's randomart image is:\r\n[   32.941065] cloud-init[1112]: +--[ED25519 256]--+\r\n[   32.954985] cloud-init[1112]: |          .*+=.  |\r\n[   32.974513] cloud-init[1112]: |         .*o=.+. |\r\n[   32.988174] cloud-init[\u001b[0;32m  OK  \u001b[0m] [1112]: |      . ...B E.. |Started Pollinate to seed the pseudo random number generator.\r\n[   33.017580] cloud-init[1112]: |       + .+ o.=  |\r\n\r\n         Starting OpenBSD Secure Shell server...[   33.039797] cloud-init[1112]: \r\n|        S .+ B+o |\r\n[   33.058625] cloud-init[1112]: |       o  ..*o+=o|\r\n[   33.077200] cloud-init[1112]: |           =..o+=|\r\n[   33.092102] cloud-init[1112]: |            = .o+|\r\n[   33.106565] cloud-init[1112]: |           . oo..|\r\n[   33.121156] cloud-init[1112]: +----[SHA256]-----+\r\n[\u001b[0;32m  OK  \u001b[0m] Started OpenBSD Secure Shell server.\r\n[   36.136081] cloud-init[1429]: Generating locales (this might take a while)...\r\n\r\r\nUbuntu 16.04.1 LTS xplatvm ttyS0\r\n\r\nxplatvm login:
[   37.648100] cloud-init[1429]:   en_US.UTF-8... done\r\n[   37.661350] cloud-init[1429]: Generation complete.\r\n[   40.375133] cloud-init[1429]: Cloud-init v. 0.7.8 running 'modules:config' at Fri, 02 Jun 2017 16:10:32 +0000. Up 31.75 seconds.\r\nci-info: ++Authorized keys from /home/azureuser/.ssh/authorized_keys for user azureuser+++\r\nci-info: +---------+-------------------------------------------------+---------+---------+\r\nci-info: | Keytype |                Fingerprint (md5)                | Options | Comment |\r\nci-info: +---------+-------------------------------------------------+---------+---------+\r\nci-info: | ssh-rsa | 8f:df:8f:18:ba:cd:cc:63:7c:1f:ea:ae:ba:09:40:65 |    -    |    -    |\r\nci-info: +---------+-------------------------------------------------+---------+---------+\r\n<14>Jun  2 16:1:42 ec2: \r\n<14>Jun  2 16:10:42 ec2: #############################################################\r\n<14>Jun  2 16:10:42 ec2: -----BEGIN SSH HOST KEY FINGERPRINTS-----\r\n<14>Jun  2 16:10:42 ec2: 1024 SHA256:40nlT4ppn0LvMeKDl//S4/DhHWN9702xlMkbWuzt6rw root@xplatvm (DSA)\r\n<14>Jun  2 16:10:42 ec2: 256 SHA256:q9GstrjZZ/npgQEtZjZeKOBT/3vI7LdKCmiVfCIN5fE root@xplatvm (ECDSA)\r\n<14>Jun  2 16:10:42 ec2: 256 SHA256:bAbX/jUeFGKSlTiT57jBxc28/vHolSgblWlauP8NHQY root@xplatvm (ED25519)\r\n<14>Jun  2 16:10:42 ec2: 2048 SHA256:iCM1phUCYZ9VDgSGAjSY/GRXlR6Lgx9bxrPoF7wWHoY root@xplatvm (RSA)\r\n<14>Jun  2 16:10:42 ec2: -----END SSH HOST KEY FINGERPRINTS-----\r\n<14>Jun  2 16:10:42 ec2: #############################################################\r\n-----BEGIN SSH HOST KEY KEYS-----\r\necdsa-sha2-nistp256 AAAAE2VjZHNhLXNoYTItbmlzdHAyNTYAAAAIbmlzdHAyNTYAAABBBEKEaH7ndibJZX8CsLUtwH5jlRBgO6+IRAXm80ckIswendQdEQEoswGbQBPmxARMDU0o/PGxEaSgFzyF3iZ74aI= root@xplatvm\r\nssh-ed25519 AAAAC3NzaC1lZDI1NTE5AAAAIHKF/dDD0izQheg4Z+/saOMf+HV8UjCHpmRG4AIYewYP root@xplatvm\r\nssh-rsa AAAAB3NzaC1yc2EAAAADAQABAAABAQCZnGhUUYmv2xohf6/fCcVVTekpAEvZUWckBayEKFnlnzOiz/JWujAoH7Vtnmobt/LLIcPXIxm0itO+TAAiqY0YfLPwtMku0UivqB34VzsBZkbsAn+fi/miVk3cl4iQjaQl2v+gLNc0XxKn3O9OW+A6/hhcs/NmeDn+su47VYN8QzbYuKbrQv7/3UMsG2VAvirZ1IXgLwuCM1AxAMYGwjCMa5dL/UzMCsgpqpOr1EbK8SwvuT9oLEbf8cqsWvpsEj7Fb9Uise235b6YI0XbmtyrP9dImpNqD1JYvnQmYNWzWJqr0cgPhZ4FlVpESx7BkJZHgL4t9MQ+kyd92JtVxkhL root@xplatvm\r\n-----END SSH HOST KEY KEYS-----\r\n[   41.384659] cloud-init[1645]: Cloud-init v. 0.7.8 running 'modules:final' at Fri, 02 Jun 2017 16:10:41 +0000. Up 40.89 seconds.\r\n[   41.420026] cloud-init[1645]: Cloud-init v. 0.7.8 finished at Fri, 02 Jun 2017 16:10:42 +0000. Datasource DataSourceAzureNet [seed=/dev/sr0].  Up 41.37 seconds\r\n2017/06/02 16:10:44.091758 INFO Wait for ssh host key to be generated.\r\n2017/06/02 16:10:44.105511 INFO Finished provisioning\r\n2017/06/02 16:10:46.853475 INFO Event: name=WALA, op=Provision, message=Provision succeed\r\n2017/06/02 16:10:46.867202 INFO Detect protocol endpoints\r\n2017/06/02 16:10:46.877853 INFO Start env monitor service.\r\n2017/06/02 16:10:46.889493 INFO Configure routes\r\n2017/06/02 16:10:46.900096 INFO Event: name=WALA, op=HeartBeat, message=\r\n2017/06/02 16:10:46.909452 INFO Gateway:10.0.0.1\r\n2017/06/02 16:10:46.921361 INFO Routes:None\r\n2017/06/02 16:10:46.937200 INFO Set block dev timeout: sda with timeout: 300\r\n2017/06/02 16:10:46.948646 INFO Set block dev timeout: sdb with timeout: 300\r\n2017/06/02 16:10:47.942489 INFO Handle new ext handler config\r\n2017/06/02 16:10:47.950832 INFO No ext handler config found\r\n2017/06/02 16:10:48.097240 INFO Successfully reported vm agent status\r\n2017/06/02 16:12:33.662318 INFO Handle new ext handler config\r\n2017/06/02 16:12:33.670882 INFO No ext handler config found\r\n2017/06/02 16:12:33.714881 INFO Successfully reported vm agent status\r\n2017/06/02 16:15:10.493150 INFO Handle new ext handler config\r\n2017/06/02 16:15:10.503065 INFO No ext handler config found\r\n2017/06/02 16:1:10.546713 INFO Successfully reported vm agent status\r\n\u0000\u0000\u0000\u0000\u0000\u0000\u0000\u0000\u0000\u0000\u0000\u0000\u0000\u0000\u0000\u0000\u0000\u0000\u0000\u0000\u0000\u0000\u0000\u0000\u0000\u0000\u0000\u0000\u0000\u0000\u0000\u0000\u0000\u0000\u0000\u0000\u0000\u0000\u0000\u0000\u0000\u0000\u0000\u0000\u0000\u0000\u0000\u0000\u0000\u0000\u0000\u0000\u0000\u0000\u0000\u0000\u0000\u0000\u0000\u0000\u0000\u0000\u0000\u0000\u0000\u0000\u0000\u0000\u0000\u0000\u0000\u0000\u0000\u0000\u0000\u0000\u0000\u0000\u0000\u0000\u0000\u0000\u0000\u0000\u0000\u0000\u0000\u0000\u0000\u0000\u0000\u0000\u0000\u0000\u0000\u0000\u0000\u0000\u0000\u0000\u0000\u0000\u0000\u0000\u0000\u0000\u0000\u0000\u0000\u0000\u0000\u0000\u0000\u0000\u0000\u0000\u0000\u0000\u0000\u0000\u0000\u0000\u0000\u0000\u0000\u0000\u0000\u0000\u0000\u0000\u0000\u0000\u0000\u0000\u0000\u0000\u0000\u0000\u0000\u0000\u0000\u0000\u0000\u0000\u0000\u0000\u0000\u0000\u0000\u0000\u0000\u0000\u0000\u0000\u0000\u0000\u0000\u0000\u0000\u0000\u0000\u0000\u0000\u0000\u0000\u0000\u0000\u0000\u0000\u0000\u0000\u0000\u0000\u0000\u0000\u0000\u0000\u0000\u0000\u0000\u0000\u0000\u0000\u0000\u0000\u0000\u0000\u0000\u0000\u0000\u0000\u0000\u0000\u0000\u0000\u0000\u0000\u0000\u0000\u0000\u0000\u0000\u0000\u0000\u0000\u0000\u0000\u0000\u0000\u0000\u0000\u0000\u0000\u0000\u0000\u0000\u0000\u0000\u0000\u0000\u0000\u0000\u0000\u0000\u0000\u0000\u0000\u0000\u0000\u0000\u0000\u0000\u0000\u0000\u0000\u0000\u0000\u0000\u0000\u0000\u0000\u0000\u0000\u0000\u0000\u0000\u0000\u0000\u0000\u0000\u0000\u0000\u0000\u0000\u0000\u0000\u0000\u0000\u0000\u0000\u0000\u0000\u0000\u0000\u0000\u0000\u0000\u0000\u0000\u0000\u0000\u0000\u0000\u0000\u0000\u0000\u0000\u0000\u0000\u0000\u0000\u0000\u0000\u0000\u0000\u0000\u0000\u0000\u0000\u0000\u0000\u0000\u0000\u0000\u0000\u0000\u0000\u0000\u0000\u0000\u0000\u0000\u0000\u0000\u0000\u0000\u0000\u0000\u0000\u0000\u0000\u0000\u0000\u0000\u0000\u0000\u0000\u0000\u0000\u0000\u0000\u0000\u0000\u0000\u0000\u0000\u0000\u0000\u0000\u0000\u0000\u0000\u0000\u0000\u0000\u0000\u0000\u0000\u0000\u0000\u0000\u0000\u0000\u0000\u0000\u0000\u0000\u0000\u0000\u0000\u0000\u0000\u0000\u0000\u0000\u0000\u0000\u0000\u0000\u0000\u0000\u0000\u0000\u0000\u0000\u0000\u0000", { 'content-length': '56320',
  'content-type': 'text/plain',
  'last-modified': 'Fri, 02 Jun 2017 16:15:48 GMT',
  'accept-ranges': 'bytes',
  etag: '"0x8D4A9D2A1CC5788"',
  server: 'Windows-Azure-Blob/1.0 Microsoft-HTTPAPI/2.0',
  'x-ms-request-id': 'b85b1e6f-0001-00b0-48bb-dbc716000000',
  'x-ms-version': '2016-05-31',
  'x-ms-lease-status': 'unlocked',
  'x-ms-lease-state': 'available',
  'x-ms-blob-type': 'PageBlob',
  'x-ms-blob-sequence-number': '0',
  'x-ms-server-encrypted': 'false',
  date: 'Fri, 02 Jun 2017 16:16:19 GMT',
  connection: 'close' });
 return result; },
function (nock) { 
var result = 
nock('https://xplatteststorage11549.blob.core.windows.net:443')
  .get('/bootdiagnostics-xplatvm-2914c8fb-5843-437f-9125-7c18495f67e5/xplatvm.2914c8fb-5843-437f-9125-7c18495f67e5.serialconsole.log')
