// This file has been autogenerated.

var profile = require('../../../lib/util/profile');

exports.getMockedProfile = function () {
  var newProfile = new profile.Profile();

  newProfile.addSubscription(new profile.Subscription({
    id: 'e33f361b-53c2-4cc7-b829-78906708387b',
    name: 'Microsoft Azure Internal Consumption',
    user: {
      name: 'user@domain.example',
      type: 'servicePrincipal'
    },
    tenantId: '72f988bf-86f1-41af-91ab-2d7cd011db47',
    state: 'Enabled',
    registeredProviders: [],
    _eventsCount: '1',
    isDefault: true
  }, newProfile.environments['AzureCloud']));

  return newProfile;
};

exports.setEnvironment = function() {
  process.env['AZURE_VM_TEST_LOCATION'] = 'eastus';
  process.env['SSHCERT'] = 'test/myCert.pem';
};

exports.scopes = [[function (nock) { 
var result = 
nock('http://management.azure.com:443')
  .get('/subscriptions/e33f361b-53c2-4cc7-b829-78906708387b/resourceGroups/xplatTestGVMCreate5373/providers/Microsoft.Compute/virtualMachines/xplatvm?$expand=instanceView&api-version=2016-04-30-preview')
  .reply(200, "{\r\n  \"properties\": {\r\n    \"vmId\": \"2d6552cd-a00a-4dfb-952d-9d3630fb9c58\",\r\n    \"availabilitySet\": {\r\n      \"id\": \"/subscriptions/e33f361b-53c2-4cc7-b829-78906708387b/resourceGroups/xplatTestGVMCreate5373/providers/Microsoft.Compute/availabilitySets/XPLATTESTAAVAIL4020\"\r\n    },\r\n    \"hardwareProfile\": {\r\n      \"vmSize\": \"Standard_D1\"\r\n    },\r\n    \"storageProfile\": {\r\n      \"imageReference\": {\r\n        \"publisher\": \"canonical\",\r\n        \"offer\": \"UbuntuServer\",\r\n        \"sku\": \"16.04.0-LTS\",\r\n        \"version\": \"latest\"\r\n      },\r\n      \"osDisk\": {\r\n        \"osType\": \"Linux\",\r\n        \"name\": \"cli80e038d1f8ea3ec1-os-1485676010010\",\r\n        \"createOption\": \"FromImage\",\r\n        \"vhd\": {\r\n          \"uri\": \"https://xplatteststorage14535.blob.core.windows.net/xplatteststoragecnt13824/cli80e038d1f8ea3ec1-os-1485676010010.vhd\"\r\n        },\r\n        \"caching\": \"ReadWrite\"\r\n      },\r\n      \"dataDisks\": []\r\n    },\r\n    \"osProfile\": {\r\n      \"computerName\": \"xplatvm\",\r\n      \"adminUsername\": \"azureuser\",\r\n      \"linuxConfiguration\": {\r\n        \"disablePasswordAuthentication\": false,\r\n        \"ssh\": {\r\n          \"publicKeys\": [\r\n            {\r\n              \"path\": \"/home/azureuser/.ssh/authorized_keys\",\r\n              \"keyData\": \"MIID/zCCAuegAwIBAgIJAMUAa+XVLvAeMA0GCSqGSIb3DQEBBQUAMIGVMQswCQYD\\r\\nVQQGEwJJbjESMBAGA1UECAwJS2FybmF0YWthMRIwEAYDVQQHDAlCYW5nYWxvcmUx\\r\\nEDAOBgNVBAoMB2JyaWxsaW8xEjAQBgNVBAsMCW1pY3Jvc29mdDEQMA4GA1UEAwwH\\r\\nYnJpbGxpbzEmMCQGCSqGSIb3DQEJARYXc3JlZWthbnRoYnNAeWFob28uY28uaW4w\\r\\nHhcNMTUwMzA1MTE1MzEyWhcNMTYwMzA0MTE1MzEyWjCBlTELMAkGA1UEBhMCSW4x\\r\\nEjAQBgNVBAgMCUthcm5hdGFrYTESMBAGA1UEBwwJQmFuZ2Fsb3JlMRAwDgYDVQQK\\r\\nDAdicmlsbGlvMRIwEAYDVQQLDAltaWNyb3NvZnQxEDAOBgNVBAMMB2JyaWxsaW8x\\r\\nJjAkBgkqhkiG9w0BCQEWF3NyZWVrYW50aGJzQHlhaG9vLmNvLmluMIIBIjANBgkq\\r\\nhkiG9w0BAQEFAAOCAQ8AMIIBCgKCAQEAyUNKaOuT0NK+S8Ck81zy9xJ6hXfZvAC6\\r\\nlhbmf/6s/WVimJ/TX5NMhQJwC9k6ZIF92KfYrojHNvHDufSZ3EtKUVwRFCDjmgMT\\r\\nDL09WkGaZt7gROYFK0iZ4KrYGovUwlwum9fHB24OJiOV4bi0ek62/rHx9fjYZpvp\\r\\naIH2PV/hN8SCZ0x7HJMberD4gVoU/Kv42nNvwjLUW6IZfVx/Gv5OeFDtWHfSvUEF\\r\\ndadHKTPn3Ab20Iu6gZIbLO9Vuf38/IpaYGfnFCouHdzmiTiLieYNe3CUPcOJNSv7\\r\\n1G8KYpx3uNJRkJPab5OsRyJw75Gvzkr9OgaPss9tVD6Gt68u3WQtVQIDAQABo1Aw\\r\\nTjAdBgNVHQ4EFgQUogvhXB+xZ2JJPfLO6cVs4ForzscwHwYDVR0jBBgwFoAUogvh\\r\\nXB+xZ2JJPfLO6cVs4ForzscwDAYDVR0TBAUwAwEB/zANBgkqhkiG9w0BAQUFAAOC\\r\\nAQEAdDj7qUNJ45xlF5cjd+4x5NHvAD1VTjOKu+Xh/uzSSjXqB2F0aOMWA9lx0qaQ\\r\\noJgHkGxj3zz/W7ik/cVGL2O+vRIOKv/y0OPogEmS3Hw+P+O6OGE7x1G6YN0zLVoL\\r\\nu4BN/BEYmjttxM9I7qqL7C5cJoE+K3s/w1/pt/68ohJcr7F9Ohi7cso62xuGY1Rm\\r\\nksAh2EUDsU9JV/P+C9AMpLSrb03JJYzVj4w1RHbrmw2AjFyGXdQYkggyXisg+Ifr\\r\\n5gbNN7HigpHf7b2i3CQBUqp9m23frh5AhnLI2qp3UXgc52U5ieLdi/t6j0TTZqqY\\r\\nHhHqofKrj938HHlBNpC5/LVh3w==\\r\\n\"\r\n            }\r\n          ]\r\n        }\r\n      },\r\n      \"secrets\": []\r\n    },\r\n    \"networkProfile\": {\"networkInterfaces\":[{\"id\":\"/subscriptions/e33f361b-53c2-4cc7-b829-78906708387b/resourceGroups/xplatTestGVMCreate5373/providers/Microsoft.Network/networkInterfaces/xplattestnic\"}]},\r\n    \"diagnosticsProfile\": {\r\n      \"bootDiagnostics\": {\r\n        \"enabled\": true,\r\n        \"storageUri\": \"https://xplatteststorage14535.blob.core.windows.net/\"\r\n      }\r\n    },\r\n    \"provisioningState\": \"Succeeded\",\r\n    \"instanceView\": {\r\n      \"platformUpdateDomain\": 0,\r\n      \"platformFaultDomain\": 0,\r\n      \"vmAgent\": {\r\n        \"vmAgentVersion\": \"2.1.3\",\r\n        \"statuses\": [\r\n          {\r\n            \"code\": \"ProvisioningState/succeeded\",\r\n            \"level\": \"Info\",\r\n            \"displayStatus\": \"Ready\",\r\n            \"message\": \"Guest Agent is running\",\r\n            \"time\": \"2017-01-29T07:57:50+00:00\"\r\n          }\r\n        ],\r\n        \"extensionHandlers\": []\r\n      },\r\n      \"disks\": [\r\n        {\r\n          \"name\": \"cli80e038d1f8ea3ec1-os-1485676010010\",\r\n          \"statuses\": [\r\n            {\r\n              \"code\": \"ProvisioningState/succeeded\",\r\n              \"level\": \"Info\",\r\n              \"displayStatus\": \"Provisioning succeeded\",\r\n              \"time\": \"2017-01-29T07:46:53.61219+00:00\"\r\n            }\r\n          ]\r\n        }\r\n      ],\r\n      \"bootDiagnostics\": {\r\n        \"consoleScreenshotBlobUri\": \"https://xplatteststorage14535.blob.core.windows.net/bootdiagnostics-xplatvm-2d6552cd-a00a-4dfb-952d-9d3630fb9c58/xplatvm.2d6552cd-a00a-4dfb-952d-9d3630fb9c58.screenshot.bmp\",\r\n        \"serialConsoleLogBlobUri\": \"https://xplatteststorage14535.blob.core.windows.net/bootdiagnostics-xplatvm-2d6552cd-a00a-4dfb-952d-9d3630fb9c58/xplatvm.2d6552cd-a00a-4dfb-952d-9d3630fb9c58.serialconsole.log\"\r\n      },\r\n      \"statuses\": [\r\n        {\r\n          \"code\": \"ProvisioningState/succeeded\",\r\n          \"level\": \"Info\",\r\n          \"displayStatus\": \"Provisioning succeeded\",\r\n          \"time\": \"2017-01-29T07:48:25.1759501+00:00\"\r\n        },\r\n        {\r\n          \"code\": \"PowerState/running\",\r\n          \"level\": \"Info\",\r\n          \"displayStatus\": \"VM running\"\r\n        }\r\n      ]\r\n    }\r\n  },\r\n  \"type\": \"Microsoft.Compute/virtualMachines\",\r\n  \"location\": \"eastus\",\r\n  \"tags\": {\r\n    \"a\": \"b\",\r\n    \"b\": \"c\",\r\n    \"d\": \"\"\r\n  },\r\n  \"id\": \"/subscriptions/e33f361b-53c2-4cc7-b829-78906708387b/resourceGroups/xplatTestGVMCreate5373/providers/Microsoft.Compute/virtualMachines/xplatvm\",\r\n  \"name\": \"xplatvm\"\r\n}", { 'cache-control': 'no-cache',
  pragma: 'no-cache',
  'content-length': '5211',
  'content-type': 'application/json; charset=utf-8',
  expires: '-1',
  'strict-transport-security': 'max-age=31536000; includeSubDomains',
  'x-ms-served-by': 'db2c81f2-c6fa-41a7-b70e-bc4bed3c3b56_131281305639660111',
  'x-ms-request-id': 'be5a8054-72ac-4edf-8052-d9bf5facd33f',
  server: 'Microsoft-HTTPAPI/2.0, Microsoft-HTTPAPI/2.0',
  'x-ms-ratelimit-remaining-subscription-reads': '14932',
  'x-ms-correlation-request-id': '9f49a48e-3d16-49e2-a72e-589d02e5e4e9',
  'x-ms-routing-request-id': 'CENTRALUS:20170129T075757Z:9f49a48e-3d16-49e2-a72e-589d02e5e4e9',
  date: 'Sun, 29 Jan 2017 07:57:57 GMT',
  connection: 'close' });
 return result; },
function (nock) { 
var result = 
nock('https://management.azure.com:443')
  .get('/subscriptions/e33f361b-53c2-4cc7-b829-78906708387b/resourceGroups/xplatTestGVMCreate5373/providers/Microsoft.Compute/virtualMachines/xplatvm?$expand=instanceView&api-version=2016-04-30-preview')
  .reply(200, "{\r\n  \"properties\": {\r\n    \"vmId\": \"2d6552cd-a00a-4dfb-952d-9d3630fb9c58\",\r\n    \"availabilitySet\": {\r\n      \"id\": \"/subscriptions/e33f361b-53c2-4cc7-b829-78906708387b/resourceGroups/xplatTestGVMCreate5373/providers/Microsoft.Compute/availabilitySets/XPLATTESTAAVAIL4020\"\r\n    },\r\n    \"hardwareProfile\": {\r\n      \"vmSize\": \"Standard_D1\"\r\n    },\r\n    \"storageProfile\": {\r\n      \"imageReference\": {\r\n        \"publisher\": \"canonical\",\r\n        \"offer\": \"UbuntuServer\",\r\n        \"sku\": \"16.04.0-LTS\",\r\n        \"version\": \"latest\"\r\n      },\r\n      \"osDisk\": {\r\n        \"osType\": \"Linux\",\r\n        \"name\": \"cli80e038d1f8ea3ec1-os-1485676010010\",\r\n        \"createOption\": \"FromImage\",\r\n        \"vhd\": {\r\n          \"uri\": \"https://xplatteststorage14535.blob.core.windows.net/xplatteststoragecnt13824/cli80e038d1f8ea3ec1-os-1485676010010.vhd\"\r\n        },\r\n        \"caching\": \"ReadWrite\"\r\n      },\r\n      \"dataDisks\": []\r\n    },\r\n    \"osProfile\": {\r\n      \"computerName\": \"xplatvm\",\r\n      \"adminUsername\": \"azureuser\",\r\n      \"linuxConfiguration\": {\r\n        \"disablePasswordAuthentication\": false,\r\n        \"ssh\": {\r\n          \"publicKeys\": [\r\n            {\r\n              \"path\": \"/home/azureuser/.ssh/authorized_keys\",\r\n              \"keyData\": \"MIID/zCCAuegAwIBAgIJAMUAa+XVLvAeMA0GCSqGSIb3DQEBBQUAMIGVMQswCQYD\\r\\nVQQGEwJJbjESMBAGA1UECAwJS2FybmF0YWthMRIwEAYDVQQHDAlCYW5nYWxvcmUx\\r\\nEDAOBgNVBAoMB2JyaWxsaW8xEjAQBgNVBAsMCW1pY3Jvc29mdDEQMA4GA1UEAwwH\\r\\nYnJpbGxpbzEmMCQGCSqGSIb3DQEJARYXc3JlZWthbnRoYnNAeWFob28uY28uaW4w\\r\\nHhcNMTUwMzA1MTE1MzEyWhcNMTYwMzA0MTE1MzEyWjCBlTELMAkGA1UEBhMCSW4x\\r\\nEjAQBgNVBAgMCUthcm5hdGFrYTESMBAGA1UEBwwJQmFuZ2Fsb3JlMRAwDgYDVQQK\\r\\nDAdicmlsbGlvMRIwEAYDVQQLDAltaWNyb3NvZnQxEDAOBgNVBAMMB2JyaWxsaW8x\\r\\nJjAkBgkqhkiG9w0BCQEWF3NyZWVrYW50aGJzQHlhaG9vLmNvLmluMIIBIjANBgkq\\r\\nhkiG9w0BAQEFAAOCAQ8AMIIBCgKCAQEAyUNKaOuT0NK+S8Ck81zy9xJ6hXfZvAC6\\r\\nlhbmf/6s/WVimJ/TX5NMhQJwC9k6ZIF92KfYrojHNvHDufSZ3EtKUVwRFCDjmgMT\\r\\nDL09WkGaZt7gROYFK0iZ4KrYGovUwlwum9fHB24OJiOV4bi0ek62/rHx9fjYZpvp\\r\\naIH2PV/hN8SCZ0x7HJMberD4gVoU/Kv42nNvwjLUW6IZfVx/Gv5OeFDtWHfSvUEF\\r\\ndadHKTPn3Ab20Iu6gZIbLO9Vuf38/IpaYGfnFCouHdzmiTiLieYNe3CUPcOJNSv7\\r\\n1G8KYpx3uNJRkJPab5OsRyJw75Gvzkr9OgaPss9tVD6Gt68u3WQtVQIDAQABo1Aw\\r\\nTjAdBgNVHQ4EFgQUogvhXB+xZ2JJPfLO6cVs4ForzscwHwYDVR0jBBgwFoAUogvh\\r\\nXB+xZ2JJPfLO6cVs4ForzscwDAYDVR0TBAUwAwEB/zANBgkqhkiG9w0BAQUFAAOC\\r\\nAQEAdDj7qUNJ45xlF5cjd+4x5NHvAD1VTjOKu+Xh/uzSSjXqB2F0aOMWA9lx0qaQ\\r\\noJgHkGxj3zz/W7ik/cVGL2O+vRIOKv/y0OPogEmS3Hw+P+O6OGE7x1G6YN0zLVoL\\r\\nu4BN/BEYmjttxM9I7qqL7C5cJoE+K3s/w1/pt/68ohJcr7F9Ohi7cso62xuGY1Rm\\r\\nksAh2EUDsU9JV/P+C9AMpLSrb03JJYzVj4w1RHbrmw2AjFyGXdQYkggyXisg+Ifr\\r\\n5gbNN7HigpHf7b2i3CQBUqp9m23frh5AhnLI2qp3UXgc52U5ieLdi/t6j0TTZqqY\\r\\nHhHqofKrj938HHlBNpC5/LVh3w==\\r\\n\"\r\n            }\r\n          ]\r\n        }\r\n      },\r\n      \"secrets\": []\r\n    },\r\n    \"networkProfile\": {\"networkInterfaces\":[{\"id\":\"/subscriptions/e33f361b-53c2-4cc7-b829-78906708387b/resourceGroups/xplatTestGVMCreate5373/providers/Microsoft.Network/networkInterfaces/xplattestnic\"}]},\r\n    \"diagnosticsProfile\": {\r\n      \"bootDiagnostics\": {\r\n        \"enabled\": true,\r\n        \"storageUri\": \"https://xplatteststorage14535.blob.core.windows.net/\"\r\n      }\r\n    },\r\n    \"provisioningState\": \"Succeeded\",\r\n    \"instanceView\": {\r\n      \"platformUpdateDomain\": 0,\r\n      \"platformFaultDomain\": 0,\r\n      \"vmAgent\": {\r\n        \"vmAgentVersion\": \"2.1.3\",\r\n        \"statuses\": [\r\n          {\r\n            \"code\": \"ProvisioningState/succeeded\",\r\n            \"level\": \"Info\",\r\n            \"displayStatus\": \"Ready\",\r\n            \"message\": \"Guest Agent is running\",\r\n            \"time\": \"2017-01-29T07:57:50+00:00\"\r\n          }\r\n        ],\r\n        \"extensionHandlers\": []\r\n      },\r\n      \"disks\": [\r\n        {\r\n          \"name\": \"cli80e038d1f8ea3ec1-os-1485676010010\",\r\n          \"statuses\": [\r\n            {\r\n              \"code\": \"ProvisioningState/succeeded\",\r\n              \"level\": \"Info\",\r\n              \"displayStatus\": \"Provisioning succeeded\",\r\n              \"time\": \"2017-01-29T07:46:53.61219+00:00\"\r\n            }\r\n          ]\r\n        }\r\n      ],\r\n      \"bootDiagnostics\": {\r\n        \"consoleScreenshotBlobUri\": \"https://xplatteststorage14535.blob.core.windows.net/bootdiagnostics-xplatvm-2d6552cd-a00a-4dfb-952d-9d3630fb9c58/xplatvm.2d6552cd-a00a-4dfb-952d-9d3630fb9c58.screenshot.bmp\",\r\n        \"serialConsoleLogBlobUri\": \"https://xplatteststorage14535.blob.core.windows.net/bootdiagnostics-xplatvm-2d6552cd-a00a-4dfb-952d-9d3630fb9c58/xplatvm.2d6552cd-a00a-4dfb-952d-9d3630fb9c58.serialconsole.log\"\r\n      },\r\n      \"statuses\": [\r\n        {\r\n          \"code\": \"ProvisioningState/succeeded\",\r\n          \"level\": \"Info\",\r\n          \"displayStatus\": \"Provisioning succeeded\",\r\n          \"time\": \"2017-01-29T07:48:25.1759501+00:00\"\r\n        },\r\n        {\r\n          \"code\": \"PowerState/running\",\r\n          \"level\": \"Info\",\r\n          \"displayStatus\": \"VM running\"\r\n        }\r\n      ]\r\n    }\r\n  },\r\n  \"type\": \"Microsoft.Compute/virtualMachines\",\r\n  \"location\": \"eastus\",\r\n  \"tags\": {\r\n    \"a\": \"b\",\r\n    \"b\": \"c\",\r\n    \"d\": \"\"\r\n  },\r\n  \"id\": \"/subscriptions/e33f361b-53c2-4cc7-b829-78906708387b/resourceGroups/xplatTestGVMCreate5373/providers/Microsoft.Compute/virtualMachines/xplatvm\",\r\n  \"name\": \"xplatvm\"\r\n}", { 'cache-control': 'no-cache',
  pragma: 'no-cache',
  'content-length': '5211',
  'content-type': 'application/json; charset=utf-8',
  expires: '-1',
  'strict-transport-security': 'max-age=31536000; includeSubDomains',
  'x-ms-served-by': 'db2c81f2-c6fa-41a7-b70e-bc4bed3c3b56_131281305639660111',
  'x-ms-request-id': 'be5a8054-72ac-4edf-8052-d9bf5facd33f',
  server: 'Microsoft-HTTPAPI/2.0, Microsoft-HTTPAPI/2.0',
  'x-ms-ratelimit-remaining-subscription-reads': '14932',
  'x-ms-correlation-request-id': '9f49a48e-3d16-49e2-a72e-589d02e5e4e9',
  'x-ms-routing-request-id': 'CENTRALUS:20170129T075757Z:9f49a48e-3d16-49e2-a72e-589d02e5e4e9',
  date: 'Sun, 29 Jan 2017 07:57:57 GMT',
  connection: 'close' });
 return result; },
function (nock) { 
var result = 
nock('http://management.azure.com:443')
  .post('/subscriptions/e33f361b-53c2-4cc7-b829-78906708387b/resourceGroups/xplatTestGVMCreate5373/providers/Microsoft.Storage/storageAccounts/xplatteststorage14535/listKeys?api-version=2016-01-01')
  .reply(200, "{\"keys\":[{\"keyName\":\"key1\",\"permissions\":\"Full\",\"value\":\"1cMD62H1aChcCKjP/64eXZbyWDDeaI+DgYdZ/WWrmvVkkb7ti8YZiLyElH/014gyKJrR4HH84M80iSq2wGs/qQ==\"},{\"keyName\":\"key2\",\"permissions\":\"Full\",\"value\":\"t0cXKrO73wOqo1er42FzvKoBI31Ue5Hx9wAIxTjyJytt/76uAP16MPTeObE6qyqgmN59oE4Muo5JIZgMvBKM+A==\"}]}\n", { 'cache-control': 'no-cache',
  pragma: 'no-cache',
  'content-length': '289',
  'content-type': 'application/json',
  expires: '-1',
  'x-ms-request-id': '61cd55dc-73c8-4633-acde-e9d30454d2c4',
  server: 'Microsoft-Azure-Storage-Resource-Provider/1.0, Microsoft-HTTPAPI/2.0',
  'x-ms-ratelimit-remaining-subscription-writes': '1199',
  'x-ms-correlation-request-id': '61cd55dc-73c8-4633-acde-e9d30454d2c4',
  'x-ms-routing-request-id': 'CENTRALUS:20170129T075758Z:61cd55dc-73c8-4633-acde-e9d30454d2c4',
  'strict-transport-security': 'max-age=31536000; includeSubDomains',
  date: 'Sun, 29 Jan 2017 07:57:57 GMT',
  connection: 'close' });
 return result; },
function (nock) { 
var result = 
nock('https://management.azure.com:443')
  .post('/subscriptions/e33f361b-53c2-4cc7-b829-78906708387b/resourceGroups/xplatTestGVMCreate5373/providers/Microsoft.Storage/storageAccounts/xplatteststorage14535/listKeys?api-version=2016-01-01')
  .reply(200, "{\"keys\":[{\"keyName\":\"key1\",\"permissions\":\"Full\",\"value\":\"1cMD62H1aChcCKjP/64eXZbyWDDeaI+DgYdZ/WWrmvVkkb7ti8YZiLyElH/014gyKJrR4HH84M80iSq2wGs/qQ==\"},{\"keyName\":\"key2\",\"permissions\":\"Full\",\"value\":\"t0cXKrO73wOqo1er42FzvKoBI31Ue5Hx9wAIxTjyJytt/76uAP16MPTeObE6qyqgmN59oE4Muo5JIZgMvBKM+A==\"}]}\n", { 'cache-control': 'no-cache',
  pragma: 'no-cache',
  'content-length': '289',
  'content-type': 'application/json',
  expires: '-1',
  'x-ms-request-id': '61cd55dc-73c8-4633-acde-e9d30454d2c4',
  server: 'Microsoft-Azure-Storage-Resource-Provider/1.0, Microsoft-HTTPAPI/2.0',
  'x-ms-ratelimit-remaining-subscription-writes': '1199',
  'x-ms-correlation-request-id': '61cd55dc-73c8-4633-acde-e9d30454d2c4',
  'x-ms-routing-request-id': 'CENTRALUS:20170129T075758Z:61cd55dc-73c8-4633-acde-e9d30454d2c4',
  'strict-transport-security': 'max-age=31536000; includeSubDomains',
  date: 'Sun, 29 Jan 2017 07:57:57 GMT',
  connection: 'close' });
 return result; },
function (nock) { 
var result = 
nock('http://xplatteststorage14535.blob.core.windows.net:443')
  .head('/bootdiagnostics-xplatvm-2d6552cd-a00a-4dfb-952d-9d3630fb9c58/xplatvm.2d6552cd-a00a-4dfb-952d-9d3630fb9c58.serialconsole.log')
  .reply(200, "", { 'content-length': '56832',
  'content-type': 'text/plain',
  'last-modified': 'Sun, 29 Jan 2017 07:55:21 GMT',
  'accept-ranges': 'bytes',
  etag: '"0x8D4481C2CDDC145"',
  server: 'Windows-Azure-Blob/1.0 Microsoft-HTTPAPI/2.0',
  'x-ms-request-id': '706d5ba2-0001-009b-7605-7a2c15000000',
  'x-ms-version': '2015-12-11',
  'x-ms-lease-status': 'unlocked',
  'x-ms-lease-state': 'available',
  'x-ms-blob-type': 'PageBlob',
  'x-ms-blob-sequence-number': '0',
  'x-ms-server-encrypted': 'false',
  date: 'Sun, 29 Jan 2017 07:57:57 GMT',
  connection: 'close' });
 return result; },
function (nock) { 
var result = 
nock('https://xplatteststorage14535.blob.core.windows.net:443')
  .head('/bootdiagnostics-xplatvm-2d6552cd-a00a-4dfb-952d-9d3630fb9c58/xplatvm.2d6552cd-a00a-4dfb-952d-9d3630fb9c58.serialconsole.log')
  .reply(200, "", { 'content-length': '56832',
  'content-type': 'text/plain',
  'last-modified': 'Sun, 29 Jan 2017 07:55:21 GMT',
  'accept-ranges': 'bytes',
  etag: '"0x8D4481C2CDDC145"',
  server: 'Windows-Azure-Blob/1.0 Microsoft-HTTPAPI/2.0',
  'x-ms-request-id': '706d5ba2-0001-009b-7605-7a2c15000000',
  'x-ms-version': '2015-12-11',
  'x-ms-lease-status': 'unlocked',
  'x-ms-lease-state': 'available',
  'x-ms-blob-type': 'PageBlob',
  'x-ms-blob-sequence-number': '0',
  'x-ms-server-encrypted': 'false',
  date: 'Sun, 29 Jan 2017 07:57:57 GMT',
  connection: 'close' });
 return result; },
function (nock) { 
var result = 
nock('http://xplatteststorage14535.blob.core.windows.net:443')
  .get('/bootdiagnostics-xplatvm-2d6552cd-a00a-4dfb-952d-9d3630fb9c58/xplatvm.2d6552cd-a00a-4dfb-952d-9d3630fb9c58.serialconsole.log')
  .reply(200, "\u001b[H\u001b[J\u001b[1;1H[    0.000000] Initializing cgroup subsys cpuset\r\n[    0.000000] Initializing cgroup subsys cpu\r\n[    0.000000] Initializing cgroup subsys cpuacct\r\n[    0.000000] Linux version 4.4.0-47-generic (buildd@lcy01-03) (gcc version 5.4.0 20160609 (Ubuntu 5.4.0-6ubuntu1~16.04.2) ) #68-Ubuntu SMP Wed Oct 26 19:39:52 UTC 2016 (Ubuntu 4.4.0-47.68-generic 4.4.24)\r\n[    0.000000] Command line: BOOT_IMAGE=/boot/vmlinuz-4.4.0-47-generic root=UUID=e990f8b3-1d6b-4615-8280-8ead4ed2fe7c ro console=tty1 console=ttyS0 earlyprintk=ttyS0 rootdelay=300\r\n[    0.000000] KERNEL supported cpus:\r\n[    0.000000]   Intel GenuineIntel\r\n[    0.000000]   AMD AuthenticAMD\r\n[    0.000000]   Centaur CentaurHauls\r\n[    0.000000] x86/fpu: xstate_offset[2]:  576, xstate_sizes[2]:  256\r\n[    0.000000] x86/fpu: Supporting XSAVE feature 0x01: 'x87 floating point registers'\r\n[    0.000000] x86/fpu: Supporting XSAVE feature 0x02: 'SSE registers'\r\n[    0.000000] x86/fpu: Supporting XSAVE feature 0x04: 'AVX registers'\r\n[    0.000000] x86/fpu: Enabled xstate features 0x7, context size is 832 bytes, using 'standard' format.\r\n[    0.000000] x86/fpu: Using 'eager' FPU context switches.\r\n[    0.000000] e820: BIOS-provided physical RAM map:\r\n[    0.000000] BIOS-e820: [mem 0x0000000000000000-0x000000000009fbff] usable\r\n[    0.000000] BIOS-e820: [mem 0x000000000009fc00-0x000000000009ffff] reserved\r\n[    0.000000] BIOS-e820: [mem 0x00000000000e0000-0x00000000000fffff] reserved\r\n[    0.000000] BIOS-e820: [mem 0x0000000000100000-0x000000001ffeffff] usable\r\n[    0.000000] BIOS-e820: [mem 0x000000001fff0000-0x000000001fffefff] ACPI data\r\n[    0.000000] BIOS-e820: [mem 0x000000001ffff000-0x000000001fffffff] ACPI NVS\r\n[    0.000000] BIOS-e820: [mem 0x0000000100000000-0x00000001bfffffff] usable\r\n[    0.000000] bootconsole [earlyser0] enabled\r\n[    0.000000] NX (Execute Disable) protection: active\r\n[    0.000000] SMBIOS 2.3 present.\r\n[    0.000000] Hypervisor detected: Microsoft HyperV\r\n[    0.000000] HyperV: features 0xe7f, hints 0x2c\r\n[    0.000000] HyperV: LAPIC Timer Frequency: 0xc3500\r\n[    0.000000] clocksource: hyperv_clocksource: mask: 0xffffffffffffffff max_cycles: 0x24e6a1710, max_idle_ns: 440795202120 ns\r\n[    0.000000] tsc: Marking TSC unstable due to running on Hyper-V\r\n[    0.000000] e820: last_pfn = 0x1c0000 max_arch_pfn = 0x400000000\r\n[    0.000000] x86/PAT: Configuration [0-7]: WB  WC  UC- UC  WB  WC  UC- WT  \r\n[    0.000000] e820: last_pfn = 0x1fff0 max_arch_pfn = 0x400000000\r\n[    0.000000] found SMP MP-table at [mem 0x000ff780-0x000ff78f] mapped at [ffff8800000ff780]\r\n[    0.000000] Scanning 1 areas for low memory corruption\r\n[    0.000000] RAMDISK: [mem 0x1d3ff000-0x1f779fff]\r\n[    0.000000] ACPI: Early table checksum verification disabled\r\n[    0.000000] ACPI: RSDP 0x00000000000F56F0 000014 (v00 ACPIAM)\r\n[    0.000000] ACPI: RSDT 0x000000001FFF0000 000040 (v01 VRTUAL MICROSFT 05001223 MSFT 00000097)\r\n[    0.000000] ACPI: FACP 0x000000001FFF0200 000081 (v02 VRTUAL MICROSFT 05001223 MSFT 00000097)\r\n[    0.000000] ACPI: DSDT 0x000000001FFF1724 002E78 (v01 MSFTVM MSFTVM02 00000002 INTL 02002026)\r\n[    0.000000] ACPI: FACS 0x000000001FFFF000 000040\r\n[    0.000000] ACPI: WAET 0x000000001FFF1480 000028 (v01 VRTUAL MICROSFT 05001223 MSFT 00000097)\r\n[    0.000000] ACPI: SLIC 0x000000001FFF14C0 000176 (v01 VRTUAL MICROSFT 05001223 MSFT 00000097)\r\n[    0.000000] ACPI: OEM0 0x000000001FFF16C0 000064 (v01 VRTUAL MICROSFT 05001223 MSFT 00000097)\r\n[    0.000000] ACPI: SRAT 0x000000001FFF0600 000090 (v02 VRTUAL MICROSFT 00000001 MSFT 00000001)\r\n[    0.000000] ACPI: APIC 0x000000001FFF0300 00024C (v01 VRTUAL MICROSFT 05001223 MSFT 00000097)\r\n[    0.000000] ACPI: OEMB 0x000000001FFFF040 000064 (v01 VRTUAL MICROSFT 05001223 MSFT 00000097)\r\n[    0.000000] SRAT: PXM 0 -> APIC 0x00 -> Node 0\r\n[    0.000000] SRAT: Node 0 PXM 0 [mem 0x00000000-0x1fffffff]\r\n[    0.000000] SRAT: Node 0 PXM 0 [mem 0x100000000-0x1bfffffff]\r\n[    0.000000] NUMA: Node 0 [mem 0x00000000-0x1fffffff] + [mem 0x100000000-0x1bfffffff] -> [mem 0x00000000-0x1bfffffff]\r\n[    0.000000] NODE_DATA(0) allocated [mem 0x1bfffa000-0x1bfffefff]\r\n[    0.000000] Zone ranges:\r\n[    0.000000]   DMA      [mem 0x0000000000001000-0x0000000000ffffff]\r\n[    0.000000]   DMA32    [mem 0x0000000001000000-0x00000000ffffffff]\r\n[    0.000000]   Normal   [mem 0x0000000100000000-0x00000001bfffffff]\r\n[    0.000000]   Device   empty\r\n[    0.000000] Movable zone start for each node\r\n[    0.000000] Early memory node ranges\r\n[    0.000000]   node   0: [mem 0x0000000000001000-0x000000000009efff]\r\n[    0.000000]   node   0: [mem 0x0000000000100000-0x000000001ffeffff]\r\n[    0.000000]   node   0: [mem 0x0000000100000000-0x00000001bfffffff]\r\n[    0.000000] Initmem setup node 0 [mem 0x0000000000001000-0x00000001bfffffff]\r\n[    0.000000] ACPI: PM-Timer IO Port: 0x408\r\n[    0.000000] IOAPIC[0]: apic_id 0, version 17, address 0xfec00000, GSI 0-23\r\n[    0.000000] ACPI: INT_SRC_OVR (bus 0 bus_irq 0 global_irq 2 dfl dfl)\r\n[    0.000000] ACPI: INT_SRC_OVR (bus 0 bus_irq 9 global_irq 9 high level)\r\n[    0.000000] Using ACPI (MADT) for SMP configuration information\r\n[    0.000000] smpboot: Allowing 64 CPUs, 63 hotplug CPUs\r\n[    0.000000] PM: Registered nosave memory: [mem 0x00000000-0x00000fff]\r\n[    0.000000] PM: Registered nosave memory: [mem 0x0009f000-0x0009ffff]\r\n[    0.000000] PM: Registered nosave memory: [mem 0x000a0000-0x000dffff]\r\n[    0.000000] PM: Registered nosave memory: [mem 0x000e0000-0x000fffff]\r\n[    0.000000] PM: Registered nosave memory: [mem 0x1fff0000-0x1fffefff]\r\n[    0.000000] PM: Registered nosave memory: [mem 0x1ffff000-0x1fffffff]\r\n[    0.000000] PM: Registered nosave memory: [mem 0x20000000-0xffffffff]\r\n[    0.000000] e820: [mem 0x20000000-0xffffffff] available for PCI devices\r\n[    0.000000] Booting paravirtualized kernel on bare hardware\r\n[    0.000000] clocksource: refined-jiffies: mask: 0xffffffff max_cycles: 0xffffffff, max_idle_ns: 7645519600211568 ns\r\n[    0.000000] setup_percpu: NR_CPUS:256 nr_cpumask_bits:256 nr_cpu_ids:64 nr_node_ids:1\r\n[    0.000000] PERCPU: Embedded 33 pages/cpu @ffff8801bae00000 s98008 r8192 d28968 u262144\r\n[    0.000000] Built 1 zonelists in Node order, mobility grouping on.  Total pages: 903033\r\n[    0.000000] Policy zone: Normal\r\n[    0.000000] Kernel command line: BOOT_IMAGE=/boot/vmlinuz-4.4.0-47-generic root=UUID=e990f8b3-1d6b-4615-8280-8ead4ed2fe7c ro console=tty1 console=ttyS0 earlyprintk=ttyS0 rootdelay=300\r\n[    0.000000] log_buf_len individual max cpu contribution: 4096 bytes\r\n[    0.000000] log_buf_len total cpu_extra contributions: 258048 bytes\r\n[    0.000000] log_buf_len min size: 262144 bytes\r\n[    0.000000] log_buf_len: 524288 bytes\r\n[    0.000000] early log buf free: 253140(96%)\r\n[    0.000000] PID hash table entries: 4096 (order: 3, 32768 bytes)\r\n[    0.000000] Memory: 3482052K/3669560K available (8423K kernel code, 1285K rwdata, 3952K rodata, 1480K init, 1292K bss, 187508K reserved, 0K cma-reserved)\r\n[    0.000000] SLUB: HWalign=64, Order=0-3, MinObjects=0, CPUs=64, Nodes=1\r\n[    0.000000] Hierarchical RCU implementation.\r\n[    0.000000] \tBuild-time adjustment of leaf fanout to 64.\r\n[    0.000000] \tRCU restricting CPUs from NR_CPUS=256 to nr_cpu_ids=64.\r\n[    0.000000] RCU: Adjusting geometry for rcu_fanout_leaf=64, nr_cpu_ids=64\r\n[    0.000000] NR_IRQS:16640 nr_irqs:936 16\r\n[    0.000000] Console: colour VGA+ 80x25\r\n[    0.000000] console [tty1] enabled\r\n[    0.000000] console [ttyS0] enabled\r\n[    0.000000] console [ttyS0] enabled\r\n[    0.000000] bootconsole [earlyser0] disabled\r\n[    0.000000] bootconsole [earlyser0] disabled\r\n[    0.000000] tsc: Fast TSC calibration failed\r\n[    0.000000] tsc: Unable to calibrate against PIT\r\n[    0.000000] tsc: using PMTIMER reference calibration\r\n[    0.000000] tsc: Detected 2199.990 MHz processor\r\n[    0.020041] Calibrating delay loop (skipped), value calculated using timer frequency.. 4399.98 BogoMIPS (lpj=8799960)\r\n[    0.023171] pid_max: default: 65536 minimum: 512\r\n[    0.024039] ACPI: Core revision 20150930\r\n[    0.028930] ACPI: 1 ACPI AML tables successfully acquired and loaded\r\n[    0.032090] Security Framework initialized\r\n[    0.033539] Yama: becoming mindful.\r\n[    0.034998] AppArmor: AppArmor initialized\r\n[    0.036691] Dentry cache hash table entries: 524288 (order: 10, 4194304 bytes)\r\n[    0.040533] Inode-cache hash table entries: 262144 (order: 9, 2097152 bytes)\r\n[    0.042697] Mount-cache hash table entries: 8192 (order: 4, 65536 bytes)\r\n[    0.044024] Mountpoint-cache hash table entries: 8192 (order: 4, 65536 bytes)\r\n[    0.046017] Initializing cgroup subsys io\r\n[    0.048022] Initializing cgroup subsys memory\r\n[    0.049519] Initializing cgroup subsys devices\r\n[    0.051010] Initializing cgroup subsys freezer\r\n[    0.052020] Initializing cgroup subsys net_cls\r\n[    0.053541] Initializing cgroup subsys perf_event\r\n[    0.055058] Initializing cgroup subsys net_prio\r\n[    0.056022] Initializing cgroup subsys hugetlb\r\n[    0.057505] Initializing cgroup subsys pids\r\n[    0.060101] mce: CPU supports 1 MCE banks\r\n[    0.061576] Last level iTLB entries: 4KB 512, 2MB 8, 4MB 8\r\n[    0.063384] Last level dTLB entries: 4KB 512, 2MB 32, 4MB 32, 1GB 0\r\n[    0.089454] ftrace: allocating 32047 entries in 126 pages\r\n[    0.104162] smpboot: Max logical packages: 64\r\n[    0.105745] smpboot: APIC(0) Converting physical 0 to logical package 0\r\n[    0.107340] Switched APIC routing to physical flat.\r\n[    0.126566] ..TIMER: vector=0x30 apic1=0 pin1=2 apic2=-1 pin2=-1\r\n[    0.128147] smpboot: CPU0: Intel(R) Xeon(R) CPU E5-2660 0 @ 2.20GHz (family: 0x6, model: 0x2d, stepping: 0x7)\r\n[    0.133377] Performance Events: unsupported p6 CPU model 45 no PMU driver, software events only.\r\n[    0.137248] x86: Booted up 1 node, 1 CPUs\r\n[    0.138756] smpboot: Total of 1 processors activated (4399.98 BogoMIPS)\r\n[    0.140009] NMI watchdog: disabled (cpu0): hardware events not enabled\r\n[    0.141814] NMI watchdog: Shutting down hard lockup detector on all cpus\r\n[    0.148333] devtmpfs: initialized\r\n[    0.152454] evm: security.selinux\r\n[    0.153961] evm: security.SMACK64\r\n[    0.155365] evm: security.SMACK64EXEC\r\n[    0.156005] evm: security.SMACK64TRANSMUTE\r\n[    0.158060] evm: security.SMACK64MMAP\r\n[    0.160005] evm: security.ima\r\n[    0.161138] evm: security.capability\r\n[    0.162756] PM: Registering ACPI NVS region [mem 0x1ffff000-0x1fffffff] (4096 bytes)\r\n[    0.164111] clocksource: jiffies: mask: 0xffffffff max_cycles: 0xffffffff, max_idle_ns: 7645041785100000 ns\r\n[    0.166132] pinctrl core: initialized pinctrl subsystem\r\n[    0.168400] RTC time:  7:47:33, date: 01/29/17\r\n[    0.169902] NET: Registered protocol family 16\r\n[    0.171331] cpuidle: using governor ladder\r\n[    0.172009] cpuidle: using governor menu\r\n[    0.173205] PCCT header not found.\r\n[    0.174425] ACPI: bus type PCI registered\r\n[    0.176003] acpiphp: ACPI Hot Plug PCI Controller Driver version: 0.5\r\n[    0.178148] PCI: Using configuration type 1 for base access\r\n[    0.181461] ACPI: Added _OSI(Module Device)\r\n[    0.182687] ACPI: Added _OSI(Processor Device)\r\n[    0.183958] ACPI: Added _OSI(3.0 _SCP Extensions)\r\n[    0.184009] ACPI: Added _OSI(Processor Aggregator Device)\r\n[    0.189083] ACPI: Interpreter enabled\r\n[    0.190327] ACPI: (supports S0 S5)\r\n[    0.191420] ACPI: Using IOAPIC for interrupt routing\r\n[    0.192030] PCI: Using host bridge windows from ACPI; if necessary, use \"pci=nocrs\" and report a bug\r\n[    0.204786] ACPI: PCI Root Bridge [PCI0] (domain 0000 [bus 00-ff])\r\n[    0.206120] acpi PNP0A03:00: _OSC: OS supports [ASPM ClockPM Segments MSI]\r\n[    0.207524] acpi PNP0A03:00: _OSC failed (AE_NOT_FOUND); disabling ASPM\r\n[    0.208012] acpi PNP0A03:00: fail to add MMCONFIG information, can't access extended PCI configuration space under this bridge.\r\n[    0.210488] PCI host bridge to bus 0000:00\r\n[    0.212005] pci_bus 0000:00: root bus resource [mem 0xfe0000000-0xfffefffff window]\r\n[    0.213601] pci_bus 0000:00: root bus resource [io  0x0000-0x0cf7 window]\r\n[    0.214967] pci_bus 0000:00: root bus resource [io  0x0d00-0xffff window]\r\n[    0.216004] pci_bus 0000:00: root bus resource [mem 0x000a0000-0x000bffff window]\r\n[    0.218006] pci_bus 0000:00: root bus resource [mem 0x20000000-0xfffbffff window]\r\n[    0.220004] pci_bus 0000:00: root bus resource [bus 00-ff]\r\n[    0.228480] pci 0000:00:07.1: legacy IDE quirk: reg 0x10: [io  0x01f0-0x01f7]\r\n[    0.229988] pci 0000:00:07.1: legacy IDE quirk: reg 0x14: [io  0x03f6]\r\n[    0.231451] pci 0000:00:07.1: legacy IDE quirk: reg 0x18: [io  0x0170-0x0177]\r\n[    0.232003] pci 0000:00:07.1: legacy IDE quirk: reg 0x1c: [io  0x0376]\r\n[    0.233898] * Found PM-Timer Bug on the chipset. Due to workarounds for a bug,\r\n[    0.233898] * this clock source is slow. Consider trying other clock sources\r\n[    0.237737] pci 0000:00:07.3: quirk: [io  0x0400-0x043f] claimed by PIIX4 ACPI\r\n[    0.249855] ACPI: PCI Interrupt Link [LNKA] (IRQs 3 4 5 7 9 10 *11 12 14 15)\r\n[    0.258938] ACPI: PCI Interrupt Link [LNKB] (IRQs 3 4 5 7 9 10 11 12 14 15) *0, disabled.\r\n[    0.269733] ACPI: PCI Interrupt Link [LNKC] (IRQs 3 4 5 7 9 10 11 12 14 15) *0, disabled.\r\n[    0.280203] ACPI: PCI Interrupt Link [LNKD] (IRQs 3 4 5 7 9 10 11 12 14 15) *0, disabled.\r\n[    0.292198] ACPI: Enabled 1 GPEs in block 00 to 0F\r\n[    0.296146] vgaarb: setting as boot device: PCI:0000:00:08.0\r\n[    0.297514] vgaarb: device added: PCI:0000:00:08.0,decodes=io+mem,owns=io+mem,locks=none\r\n[    0.299126] vgaarb: loaded\r\n[    0.300003] vgaarb: bridge control possible 0000:00:08.0\r\n[    0.301523] SCSI subsystem initialized\r\n[    0.304097] ACPI: bus type USB registered\r\n[    0.305435] usbcore: registered new interface driver usbfs\r\n[    0.306833] usbcore: registered new interface driver hub\r\n[    0.308034] usbcore: registered new device driver usb\r\n[    0.309588] PCI: Using ACPI for IRQ routing\r\n[    0.311299] NetLabel: Initializing\r\n[    0.312003] NetLabel:  domain hash size = 128\r\n[    0.313225] NetLabel:  protocols = UNLABELED CIPSOv4\r\n[    0.314584] NetLabel:  unlabeled traffic allowed by default\r\n[    0.316095] amd_nb: Cannot enumerate AMD northbridges\r\n[    0.317550] clocksource: Switched to clocksource hyperv_clocksource\r\n[    0.324716] AppArmor: AppArmor Filesystem Enabled\r\n[    0.326135] pnp: PnP ACPI init\r\n[    0.329309] system 00:06: [io  0x01e0-0x01ef] has been reserved\r\n[    0.330705] system 00:06: [io  0x0160-0x016f] has been reserved\r\n[    0.332357] system 00:06: [io  0x0278-0x027f] has been reserved\r\n[    0.334046] system 00:06: [io  0x0378-0x037f] has been reserved\r\n[    0.335448] system 00:06: [io  0x0678-0x067f] has been reserved\r\n[    0.336834] system 00:06: [io  0x0778-0x077f] has been reserved\r\n[    0.338180] system 00:06: [io  0x04d0-0x04d1] has been reserved\r\n[    0.340034] system 00:07: [io  0x0400-0x043f] has been reserved\r\n[    0.341400] system 00:07: [io  0x0370-0x0371] has been reserved\r\n[    0.342764] system 00:07: [io  0x0440-0x044f] has been reserved\r\n[    0.344142] system 00:07: [mem 0xfec00000-0xfec00fff] could not be reserved\r\n[    0.345626] system 00:07: [mem 0xfee00000-0xfee00fff] has been reserved\r\n[    0.347262] system 00:08: [mem 0x00000000-0x0009ffff] could not be reserved\r\n[    0.348742] system 00:08: [mem 0x000c0000-0x000dffff] could not be reserved\r\n[    0.350245] system 00:08: [mem 0x000e0000-0x000fffff] could not be reserved\r\n[    0.351696] system 00:08: [mem 0x00100000-0x1fffffff] could not be reserved\r\n[    0.353170] system 00:08: [mem 0xfffc0000-0xffffffff] has been reserved\r\n[    0.354854] pnp: PnP ACPI: found 9 devices\r\n[    0.362147] clocksource: acpi_pm: mask: 0xffffff max_cycles: 0xffffff, max_idle_ns: 2085701024 ns\r\n[    0.364494] NET: Registered protocol family 2\r\n[    0.366123] TCP established hash table entries: 32768 (order: 6, 262144 bytes)\r\n[    0.367905] TCP bind hash table entries: 32768 (order: 7, 524288 bytes)\r\n[    0.369436] TCP: Hash tables configured (established 32768 bind 32768)\r\n[    0.370923] UDP hash table entries: 2048 (order: 4, 65536 bytes)\r\n[    0.372316] UDP-Lite hash table entries: 2048 (order: 4, 65536 bytes)\r\n[    0.373900] NET: Registered protocol family 1\r\n[    0.375143] pci 0000:00:00.0: Limiting direct PCI/PCI transfers\r\n[    0.376774] Trying to unpack rootfs image as initramfs...\r\n[    1.048778] Freeing initrd memory: 36332K (ffff88001d3ff000 - ffff88001f77a000)\r\n[    1.051261] PCI-DMA: Using software bounce buffering for IO (SWIOTLB)\r\n[    1.052910] software IO TLB [mem 0x193ff000-0x1d3ff000] (64MB) mapped at [ffff8800193ff000-ffff88001d3fefff]\r\n[    1.055360] RAPL PMU detected, API unit is 2^-32 Joules, 3 fixed counters 10737418240 ms ovfl timer\r\n[    1.057481] hw unit of domain pp0-core 2^-0 Joules\r\n[    1.059015] hw unit of domain package 2^-0 Joules\r\n[    1.060498] hw unit of domain dram 2^-0 Joules\r\n[    1.062093] clocksource: tsc: mask: 0xffffffffffffffff max_cycles: 0x1fb6296d523, max_idle_ns: 440795274677 ns\r\n[    1.064365] Scanning for low memory corruption every 60 seconds\r\n[    1.067556] futex hash table entries: 16384 (order: 8, 1048576 bytes)\r\n[    1.069489] audit: initializing netlink subsys (disabled)\r\n[    1.071179] audit: type=2000 audit(1485676053.068:1): initialized\r\n[    1.073262] Initialise system trusted keyring\r\n[    1.074969] HugeTLB registered 2 MB page size, pre-allocated 0 pages\r\n[    1.078270] zbud: loaded\r\n[    1.079892] VFS: Disk quotas dquot_6.6.0\r\n[    1.082008] VFS: Dquot-cache hash table entries: 512 (order 0, 4096 bytes)\r\n[    1.084153] squashfs: version 4.0 (2009/01/31) Phillip Lougher\r\n[    1.086131] fuse init (API version 7.23)\r\n[    1.087832] Key type big_key registered\r\n[    1.089365] Allocating IMA MOK and blacklist keyrings.\r\n[    1.091264] Key type asymmetric registered\r\n[    1.092793] Asymmetric key parser 'x509' registered\r\n[    1.094444] Block layer SCSI generic (bsg) driver version 0.4 loaded (major 249)\r\n[    1.097085] io scheduler noop registered\r\n[    1.098571] io scheduler deadline registered (default)\r\n[    1.100658] io scheduler cfq registered\r\n[    1.101940] pci_hotplug: PCI Hot Plug PCI Core version: 0.5\r\n[    1.103236] pciehp: PCI Express Hot Plug Controller Driver version: 0.4\r\n[    1.105585] input: Power Button as /devices/LNXSYSTM:00/LNXPWRBN:00/input/input0\r\n[    1.107163] ACPI: Power Button [PWRF]\r\n[    1.108524] GHES: HEST is not enabled!\r\n[    1.109747] Serial: 8250/16550 driver, 32 ports, IRQ sharing enabled\r\n[    1.132650] 00:03: ttyS0 at I/O 0x3f8 (irq = 4, base_baud = 115200) is a 16550A\r\n[    1.155684] 00:04: ttyS1 at I/O 0x2f8 (irq = 3, base_baud = 115200) is a 16550A\r\n[    1.159573] Linux agpgart interface v0.103\r\n[    1.164778] brd: module loaded\r\n[    1.168104] loop: module loaded\r\n[    1.169907] ata_piix 0000:00:07.1: Hyper-V Virtual Machine detected, ATA device ignore set\r\n[    1.174174] scsi host0: ata_piix\r\n[    1.175967] scsi host1: ata_piix\r\n[    1.177412] ata1: PATA max UDMA/33 cmd 0x1f0 ctl 0x3f6 bmdma 0xffa0 irq 14\r\n[    1.179108] ata2: PATA max UDMA/33 cmd 0x170 ctl 0x376 bmdma 0xffa8 irq 15\r\n[    1.182409] libphy: Fixed MDIO Bus: probed\r\n[    1.183770] tun: Universal TUN/TAP device driver, 1.6\r\n[    1.185159] tun: (C) 1999-2004 Max Krasnyansky <maxk@qualcomm.com>\r\n[    1.186864] PPP generic driver version 2.4.2\r\n[    1.188408] ehci_hcd: USB 2.0 'Enhanced' Host Controller (EHCI) Driver\r\n[    1.190113] ehci-pci: EHCI PCI platform driver\r\n[    1.191970] ehci-platform: EHCI generic platform driver\r\n[    1.194056] ohci_hcd: USB 1.1 'Open' Host Controller (OHCI) Driver\r\n[    1.195983] ohci-pci: OHCI PCI platform driver\r\n[    1.198765] ohci-platform: OHCI generic platform driver\r\n[    1.200769] uhci_hcd: USB Universal Host Controller Interface driver\r\n[    1.202510] i8042: PNP: PS/2 Controller [PNP0303:PS2K,PNP0f03:PS2M] at 0x60,0x64 irq 1,12\r\n[    1.211189] serio: i8042 KBD port at 0x60,0x64 irq 1\r\n[    1.213529] serio: i8042 AUX port at 0x60,0x64 irq 12\r\n[    1.215025] mousedev: PS/2 mouse device common for all mice\r\n[    1.216599] rtc_cmos 00:00: RTC can wake from S4\r\n[    1.239409] rtc_cmos 00:00: rtc core: registered rtc_cmos as rtc0\r\n[    1.242694] rtc_cmos 00:00: alarms up to one month, 114 bytes nvram\r\n[    1.244021] i2c /dev entries driver\r\n[    1.245284] device-mapper: uevent: version 1.0.3\r\n[    1.246542] device-mapper: ioctl: 4.34.0-ioctl (2015-10-28) initialised: dm-devel@redhat.com\r\n[    1.248265] ledtrig-cpu: registered to indicate activity on CPUs\r\n[    1.249950] NET: Registered protocol family 10\r\n[    1.251460] NET: Registered protocol family 17\r\n[    1.252689] Key type dns_resolver registered\r\n[    1.254762] input: AT Translated Set 2 keyboard as /devices/platform/i8042/serio0/input/input1\r\n[    1.257414] microcode: CPU0 sig=0x206d7, pf=0x1, revision=0xffffffff\r\n[    1.259189] microcode: Microcode Update Driver: v2.01 <tigran@aivazian.fsnet.co.uk>, Peter Oruba\r\n[    1.262259] registered taskstats version 1\r\n[    1.263914] Loading compiled-in X.509 certificates\r\n[    1.266565] Loaded X.509 cert 'Build time autogenerated kernel key: f7bc719d96df7c6d6fed8f4b9fd5d4ff001383c8'\r\n[    1.268954] zswap: loaded using pool lzo/zbud\r\n[    1.272274] Key type trusted registered\r\n[    1.276520] Key type encrypted registered\r\n[    1.278488] AppArmor: AppArmor sha1 policy hashing enabled\r\n[    1.280113] ima: No TPM chip found, activating TPM-bypass!\r\n[    1.281814] evm: HMAC attrs: 0x1\r\n[    1.283873]   Magic number: 1:126:775\r\n[    1.285751] misc psaux: hash matches\r\n[    1.287190] misc fuse: hash matches\r\n[    1.289199] rtc_cmos 00:00: setting system clock to 2017-01-29 07:47:34 UTC (1485676054)\r\n[    1.291311] BIOS EDD facility v0.16 2004-Jun-25, 0 devices found\r\n[    1.293011] EDD information not available.\r\n[    1.344613] ata2.00: ATAPI: Virtual CD, , max MWDMA2\r\n[    1.347569] ata2.00: configured for MWDMA2\r\n[    1.350488] scsi 1:0:0:0: CD-ROM            Msft     Virtual CD/ROM   1.0  PQ: 0 ANSI: 5\r\n[    1.354351] sr 1:0:0:0: [sr0] scsi3-mmc drive: 0x/0x tray\r\n[    1.355684] cdrom: Uniform CD-ROM driver Revision: 3.20\r\n[    1.357894] sr 1:0:0:0: Attached scsi generic sg0 type 5\r\n[    1.360772] Freeing unused kernel memory: 1480K (ffffffff81f43000 - ffffffff820b5000)\r\n[    1.362751] Write protecting the kernel read-only data: 14336k\r\n[    1.364747] Freeing unused kernel memory: 1804K (ffff88000183d000 - ffff880001a00000)\r\n[    1.366725] Freeing unused kernel memory: 144K (ffff880001ddc000 - ffff880001e00000)\r\nLoading, please wait...\r\nstarting version 229\r\n[    1.385598] random: udevadm: uninitialized urandom read (16 bytes read, 2 bits of entropy available)\r\n[    1.387404] random: udevadm: uninitialized urandom read (16 bytes read, 2 bits of entropy available)\r\n[    1.389651] random: systemd-udevd: uninitialized urandom read (16 bytes read, 2 bits of entropy available)\r\n[    1.391518] random: systemd-udevd: uninitialized urandom read (16 bytes read, 2 bits of entropy available)\r\n[    1.393692] random: systemd-udevd: uninitialized urandom read (16 bytes read, 2 bits of entropy available)\r\n[    1.395499] random: systemd-udevd: uninitialized urandom read (16 bytes read, 2 bits of entropy available)\r\n[    1.397414] random: udevadm: uninitialized urandom read (16 bytes read, 2 bits of entropy available)\r\n[    1.399325] random: udevadm: uninitialized urandom read (16 bytes read, 2 bits of entropy available)\r\n[    1.402177] random: udevadm: uninitialized urandom read (16 bytes read, 2 bits of entropy available)\r\n[    1.403976] random: udevadm: uninitialized urandom read (16 bytes read, 2 bits of entropy available)\r\n[    1.465959] FUJITSU Extended Socket Network Device Driver - version 1.0 - Copyright (c) 2015 FUJITSU LIMITED\r\n[    1.473642] clocksource: hyperv_clocksource_tsc_page: mask: 0xffffffffffffffff max_cycles: 0x24e6a1710, max_idle_ns: 440795202120 ns\r\n[    1.510508] clocksource: Switched to clocksource hyperv_clocksource_tsc_page\r\n[    1.520126] Floppy drive(s): fd0 is 1.44M\r\n[    1.534326] hv_vmbus: Hyper-V Host Build:9600-6.3-18-0.18190; Vmbus version:3.0\r\n[    1.536185] hv_vmbus: Unknown GUID: f8e65716-3cb3-4a06-9a60-1889c5cccab5\r\n[    1.537688] hv_vmbus: Unknown GUID: 3375baf4-9e15-4b30-b765-67acb10d607b\r\n[    1.540883] FDC 0 is an 82078.\r\n[    1.542649] hv_vmbus: Unknown GUID: 276aacf4-ac15-426c-98dd-7521ad3f01fe\r\n[    1.545403] hv_vmbus: registering driver hyperv_fb\r\n[    1.548131] hyperv_fb: Screen resolution: 1152x864, Color depth: 32\r\n[    1.555444] Console: switching to colour frame buffer device 144x54\r\n[    1.599407] AVX version of gcm_enc/dec engaged.\r\n[    1.600385] AES CTR mode by8 optimization enabled\r\n[    1.665750] hv_vmbus: registering driver hv_storvsc\r\n[    1.673309] hidraw: raw HID events driver (C) Jiri Kosina\r\n[    1.675696] hv_vmbus: registering driver hid_hyperv\r\n[    1.679174] hv_vmbus: registering driver hyperv_keyboard\r\n[    1.682287] hv_utils: Registering HyperV Utility Driver\r\n[    1.683123] hv_vmbus: registering driver hv_util\r\n[    1.694581] hv_vmbus: registering driver hv_netvsc\r\n[    1.700563] scsi host2: storvsc_host_t\r\n[    1.701731] scsi 2:0:0:0: Direct-Access     Msft     Virtual Disk     1.0  PQ: 0 ANSI: 4\r\n[    1.703319] sd 2:0:0:0: Attached scsi generic sg1 type 0\r\n[    1.704344] sd 2:0:0:0: [sda] 61440000 512-byte logical blocks: (31.5 GB/29.3 GiB)\r\n[    1.705764] sd 2:0:0:0: [sda] Write Protect is off\r\n[    1.706988] sd 2:0:0:0: [sda] Write cache: enabled, read cache: enabled, supports DPO and FUA\r\n[    1.716916]  sda: sda1\r\n[    1.719717] sd 2:0:0:0: [sda] Attached SCSI disk\r\n[    1.720841] hv_netvsc: hv_netvsc channel opened successfully\r\n[    1.869665] hv_netvsc vmbus_14: Send section size: 6144, Section count:2560\r\n[    1.871908] hv_netvsc vmbus_14: Device MAC 00:0d:3a:14:33:2b link state up\r\n[    1.874431] input: Microsoft Vmbus HID-compliant Mouse as /devices/0006:045E:0621.0001/input/input4\r\n[    1.878623] hid-generic 0006:045E:0621.0001: input: <UNKNOWN> HID v0.01 Mouse [Microsoft Vmbus HID-compliant Mouse] on \r\n[    1.890309] scsi host3: storvsc_host_t\r\n[    1.891555] scsi 3:0:1:0: Direct-Access     Msft     Virtual Disk     1.0  PQ: 0 ANSI: 4\r\n[    1.893276] sd 3:0:1:0: Attached scsi generic sg2 type 0\r\n[    1.894505] sd 3:0:1:0: [sdb] 104857600 512-byte logical blocks: (53.7 GB/50.0 GiB)\r\n[    1.895586] sd 3:0:1:0: [sdb] 4096-byte physical blocks\r\n[    1.897428] sd 3:0:1:0: [sdb] Write Protect is off\r\n[    1.898716] sd 3:0:1:0: [sdb] Write cache: enabled, read cache: enabled, supports DPO and FUA\r\n[    1.902460]  sdb: sdb1\r\n[    1.906250] scsi host4: storvsc_host_t\r\n[    1.910193] sd 3:0:1:0: [sdb] Attached SCSI disk\r\n[    1.917995] psmouse serio1: trackpoint: failed to get extended button data\r\n[    1.923118] scsi host5: storvsc_host_t\r\nBegin: Loading essential drivers ...
[    3.297521] md: linear personality registered for level -1\r\n[    3.302960] md: multipath personality registered for level -4\r\n[    3.308338] md: raid0 personality registered for level 0\r\n[    3.314174] md: raid1 personality registered for level 1\r\n[    3.388011] raid6: sse2x1   gen()  5753 MB/s\r\n[    3.456013] raid6: sse2x1   xor()  4462 MB/s\r\n[    3.524014] raid6: sse2x2   gen()  7233 MB/s\r\n[    3.592012] raid6: sse2x2   xor()  5234 MB/s\r\n[    3.660019] raid6: sse2x4   gen()  8027 MB/s\r\n[    3.728011] raid6: sse2x4   xor()  6221 MB/s\r\n[    3.731473] raid6: using algorithm sse2x4 gen() 8027 MB/s\r\n[    3.733282] raid6: .... xor() 6221 MB/s, rmw enabled\r\n[    3.735153] raid6: using ssse3x2 recovery algorithm\r\n[    3.740040] xor: automatically using best checksumming function:\r\n[    3.780007]    avx       : 14258.000 MB/sec\r\n[    3.784182] async_tx: api initialized (async)\r\n[    3.801764] md: raid6 personality registered for level 6\r\n[    3.803537] md: raid5 personality registered for level 5\r\n[    3.805299] md: raid4 personality registered for level 4\r\n[    3.813545] md: raid10 personality registered for level 10\r\ndone.\r\nBegin: Running /scripts/init-premount ... done.\r\nBegin: Mounting root file system ... Begin: Running /scripts/local-top ... done.\r\nBegin: Running /scripts/local-premount ...
[    3.871508] Btrfs loaded\r\nScanning for Btrfs filesystems\r\n[    3.980594] blk_update_request: I/O error, dev fd0, sector 0\r\n[    3.982656] floppy: error -5 while reading block 0\r\ndone.\r\nWarning: fsck not present, so skipping root fil system\r\n[    4.063474] EXT4-fs (sda1): mounted filesystem with ordered data mode. Opts: (null)\r\ndone.\r\nBegin: Running /scripts/local-bottom ... done.\r\nBegin: Running /scripts/init-bottom ... Warning: overlayroot: debug is busted\r\ndone.\r\n[    4.632604] random: nonblocking pool is initialized\r\n[    5.780956] systemd[1]: systemd 229 running in system mode. (+PAM +AUDIT +SELINUX +IMA +APPARMOR +SMACK +SYSVINIT +UTMP +LIBCRYPTSETUP +GCRYPT +GNUTLS +ACL +XZ -LZ4 +SECCOMP +BLKID +ELFUTILS +KMOD -IDN)\r\n[    5.785013] systemd[1]: Detected virtualization microsoft.\r\n[    5.786891] systemd[1]: Detected architecture x86-64.\r\n\r\nWelcome to \u001b[1mUbuntu 16.04.1 LTS\u001b[0m!\r\n\r\n[    5.991065] systemd[1]: Set hostname to <ubuntu>.\r\n[    6.021251] systemd[1]: Initializing machine ID from random generator.\r\n[    6.023420] systemd[1]: Installed transient /etc/machine-id file.\r\n[    7.140076] psmouse serio1: trackpoint: IBM TrackPoint firmware: 0x01, buttons: 0/0\r\n[    7.142911] input: TPPS/2 IBM TrackPoint as /devices/platform/i8042/serio1/input/input3\r\n[    7.145488] input: AT Translated Set 2 keyboard as /devices/LNXSYSTM:00/LNXSYBUS:00/PNP0A03:00/device:07/VMBUS:01/vmbus_5/serio2/input/input5\r\n[    7.168137] systemd[1]: Time has been changed\r\n[    7.170140] systemd[1]: Listening on /dev/initctl Compatibility Named Pipe.\r\n[\u001b[0;32m  OK  \u001b[m] Listening on /dev/initctl Compatibility Named Pipe.\r\n[    7.187011] systemd[1]: Set up automount Arbitrary Executable File Formats File System Automount Point.\r\n[\u001b[0;32m  OK  \u001b[m] Set up automount Arbitrary Executab...ats File ystem AutomountPoint.\r\n[    7.203877] systemd[1]: Listening on udev Kernel Socket.\r\n[\u001b[0;32m  OK  \u001b[0m] Listening on udev Kernel Socket.\r\n[    7.221961] systemd[1]: Started Forward Password Requests to Wall Directory Watch.\r\n[\u001b[0;32m  OK  \u001b[0m] Started Forward Password Requests to Wall Directory Watch.\r\n[    7.235036] systemd[1]: Reached target Swap.\r\n[\u001b[0;32m  OK  \u001b[0m] Reached target Swap.\r\n[    7.247293] systemd[1]: Listening on Device-mapper event daemon FIFOs.\r\n[\u001b[0;32m  OK  \u001b[0m] Listening on Device-mapper event daemon FIFOs.\r\n[    7.259453] systemd[1]: Listening on LVM2 poll daemon socket.\r\n[\u001b[0;32m  OK  \u001b[0m] Listening on LVM2 poll daemon socket.\r\n[    7.272064] systemd[1]: Listening on Journal Socket.\r\n[\u001b[0;32m  OK  \u001b[0m] Listening on Journal Socket.\r\n[    7.283503] systemd[1]: Listening on udev Control Socket.\r\n[\u001b[0;32m  OK  \u001b[0m] Listening on udev Control Socket.\r\n[    7.295797] systemd[1]: Listening on Syslog Socket.\r\n[\u001b[0;32m  OK  \u001b[0m] Listening on Syslog Socket.\r\n[    7.307640] systemd[1]: Created slice System Slice.\r\n[\u001b[0;32m  OK  \u001b[0m] Created slice System Slice.\r\n[    7.320246] systemd[1]: Mounting Debug File System...\r\n         Mounting Debug ile System...\r\n[    7.332405] systemd[1]: Starting Load Kernel Modules...\r\n         Starting Load Kernel Modules...\r\n[    7.343017] systemd[1]: Starting Create list of required static device nodes for the current kernel...\r\n         Starting Create list of required st... nodes for the current kernel...\r\n[    7.379300] systemd[1]: Mounting POSIX Message Queue File System...\r\n         Mounting POSIX Message Queue File System...\r\n[    7.392076] systemd[1]: Mounting Huge Pages File System...\r\n         Mounting Huge Pages File System...\r\n[    7.404083] systemd[1]: Starting Uncomplicated firewall...\r\n         Starting Uncomplicated firewall...\r\n[    7.415378] systemd[1]: Starting Remount Root and Kernel File Systems...\r\n        
[    7.431447] Loading iSCSI transport class v2.0-870.\r\nStarting Remount Root and Kernel File Systems...\r\n[    7.444923] systemd[1]: Starting Set console keymap...\r\n         Starting Set console keymap...\r\n[    7.459797] EXT4-fs (sda1): re-mounted. Opts: discard\r\n[    7.463809] systemd[1]: Listening on Journal Audit Socket.\r\n[\u001b[0;32m  OK  \u001b[0m] Listening on Journal Audit Sockt.\r\n[    7.481658] systemd[1]: Reached target User and Group Name Lookups.\r\n[\u001b[0;32m  OK  \u001b[0m[    7.510834] iscsi: registered transport (tcp)\r\n] Reached target User and Group Name Lookups.\r\n[    7.520447] systemd[1]: Listening on Journal Socket (/dev/log).\r\n[\u001b[0;32m  OK  \u001b[0m] Listening on Journal Socket (/dev/log).\r\n[    7.548848] systemd[1]: Starting Journal Service...\r\n         Starting Journal Service...\r\n[    7.565464] systemd[1]: Created slice system-serial\\x2dgetty.slice.\r\n[\u001b[0;32m  OK  \u001b[0m] Created slice system-serial\\x2dgetty.slice.\r\n[    7.591874] systemd[1]: Created slice User and Session Slice.\r\n[\u001b[0;32m  OK  \u001b[0m] Created slice User and Session Slice.\r\n[    7.615743] systemd[1]: Starting Nameserver information manager...\r\n         Starting Nameserver information manager...\r\n[    7.634890] systemd[1]: Reached target Encrypted Volumes.\r\n[\u001b[0;32m  OK  \u001b[0m] Reached target ncrypted Volume.\r\n[    7.648146] systemd[1]: Reached target Slices.\r\n[\u001b[0;32m  OK  \u001b[0m] Reached target Slices.\r\n[    7.664609] systemd[1]: Listening on LVM2 metadata daemon socket.\r\n[\u001b[0;32m  OK  \u001b[m] Listening on LVM2 metadata daemon socket.\r\n[    7.678989] systemd[1]: Starting Monitoring of LVM2 mirrors, snapshots etc. using dmeventd or progress polling...\r\n         Starting Monitoring of LVM2 mirrors... dmeventdor progress polling...\r\n[    7.694088] systemd[1]: Mounted Huge Pages File System.\r\n[\u001b[0;32m  OK  \u001b[0m] Mounted Huge Pages File System.\r\n[    7.710078] systemd[1]: Mounted POSIX Message Queue File System.\r\n[\u001b[0;32m  OK  \u001b[0m[    7.733238] iscsi: registered transport (iser)\r\n] Mounted POSIX Message Queue File System.\r\n[    7.742191] systemd[1]: Mounted Debug File System.\r\n[\u001b[0;32m  OK  \u001b[0m] Mounted Debug File System.\r\n[    7.768863] systemd[1]: Started Load Kernel Modules.\r\n[\u001b[0;32m  OK  \u001b[0m] Started Load Kernel Modules.\r\n[    7.786683] systemd[1]: Started Create list of required static device nodes for the current kernel.\r\n[\u001b[0;32m  OK  \u001b[0m] Started Create list of required sta...ce nodes or the current kernel.\r\n[    7.800884] systemd[1]: Started Uncomplicated firewall.\r\n[\u001b[0;32m  OK  \u001b[0m] Started Uncomplicated firewall.\r\n[    7.814995] systemd[1]: Started Remount Root and Kernel File Systems.\r\n[\u001b[0;32m  OK  \u001b[0m] Started Remount Root and Kernel File Systems.\r\n[    7.828755] systemd[1]: Started Set console keymap.\r\n[\u001b[0;32m  OK  \u001b[0m] Started Set console keymap.\r\n[    7.857256] systemd[1]: Started Journal Service.\r\n[\u001b[0;32m  OK  \u001b[0m] Started Journal Service.\r\n[\u001b[0;32m  OK  \u001b[0m] Started Nameserver information manager.\r\n[\u001b[0;32m  OK  \u001b[0m] Started LVM2 meadata daemon.\r\n         Starting udev Cldplug all Devies...\r\n         Starting Load/Save Random Seed...\r\n         Starting Flush Journal to Persistent Storage...\r\n         Starting Create Static Device Nodes in /dev...\r\n         Starting Apply Kernel Variables...\r\n         Mounting FUSE Control File System...\r\n[\u001b[0;32m  OK  \u001b[0m] Mounted FUSE Control File System.\r\n[\u001b[0;32m  OK  \u001b[0m] Started Load/Save Random Seed.\r\n[\u001b[0;32m  OK  \u001b[0m] Started Apply Kernel Variables.\r\n[\u001b[0;32m  OK  \u001b[0m] Started udev Coldplug all Devices.\r\n[\u001b[0;32m  OK  \u001b[0m] Started Flush Journal to Persistent Storage.\r\n[\u001b[0;32m  OK  \u001b[0m] Started Monitoring of LVM2 mirrors,...ng dmeventd or progress polling.\r\n[\u001b[0;32m  OK  \u001b[0m] Started Create Static Device Nodes in /dev.\r\n         Starting udev Kernel Device Manager...\r\n[\u001b[0;32m  OK  \u001b[0m] Started udev Kernel Device Manager.\r\n[\u001b[0;32m  OK  \u001b[0m] Started Dispatch Password Requests to Console Directory Watch.\r\n[\u001b[0;32m  OK  \u001b[0m] Reached target Local File Systems (Pre).\r\n         Mounting /etc/network/interfaces.dynamic.d...\r\n[\u001b[0;32m  OK  \u001b[0m] Mounted /etc/network/interfaces.dynamic.d.\r\n[\u001b[0;32m  OK  \u001b[0m] Reached target Local File Systems.\r\n         Starting Commit a transient machine-id on disk...\r\n         Starting Set console font and keymap...\r\n         Starting Run snappy firstboot setup...\r\n         Starting Initial cloud-init job (pre-networking)...\r\n         Starting Tell Plymouth To Write Out Runtime Data...\r\n         Starting LSB: AppArmor initialization...\r\n         Starting Create Volatile Files and Directories...\r\n[\u001b[0;32m  OK  \u001b[0m] Started Commit a transient machine-id on disk.\r\n[\u001b[0;32m  OK  \u001b[0m] Started Tell Plymouth To Write Out Runtime Data.\r\n[\u001b[0;32m  OK  \u001b[0m] Started Create Volatile Files and Directories.\r\n         Starting Update UTMP about System Boot/Shutdown..\r\n         Starting Network Time Synchronization...\r\n[\u001b[0;32m  OK  \u001b[0m] Started Update UTMP about System Boot/Shutdown.\r\n[    9.621922] piix4_smbus 0000:00:07.3: SMBus base address uninitialized - upgrade BIOS or use force_addr=0xaddr\r\n[\u001b[0;32m  OK  \u001b[0m] Started Network Time Synchronization.\r\n[\u001b[0;32m  OK  \u001b[0m] Reached target System Time Syncronized.\r\n[\u001b[0;32m  OK  \u001b[0m] Started Set conole font and kemap.\r\n[\u001b[0;32m  OK  \u001b[0m] Created slice system-getty.slic.\r\n[\u001b[0;32m  OK  \u001b[0m] Found device /dv/ttyS0.\r\n[    9.985589] intel_rapl: no valid rapl domains found in package 0\r\n[\u001b[0;32m  OK  \u001b[m] Listening on Load/Save RF Kill Switch Status /dev/rfkill Watch.\r\n[\u001b[0;32m  OK  \u001b[0m] Started Run snappy firstboot setup.\r\n[\u001b[0;32m  OK  \u001b[0m] Started LSB: AppArmor initialization.\r\n[\u001b[0;32m  OK  \u001b[0m] Reached target System Initialization.\r\n         Starting Socket activation for snappy daemon.\r\n[\u001b[0;32m  OK  \u001b[0m] Listening on UUID daemon activation socket.\r\n[\u001b[0;32m  OK  \u001b[0m] Started Trigger resolvconf update for networkd DNS.\r\n[\u001b[0;32m  OK  \u001b[0m] Started ACPI Events Check.\r\n[\u001b[0;32m  OK  \u001b[0m] Reached target Paths.\r\n         Starting LXD - unix socket.\r\n[\u001b[0;32m  OK  \u001b[0m] Listening on ACPID Listen Socket.\r\n[\u001b[0;32m  OK  \u001b[0m] Listening on D-Bus System Message Bus Socket.\r\n[\u001b[0;32m  OK  \u001b[0m] Started Timer to automatically refresh installed snaps.\r\n[\u001b[0;32m  OK  \u001b[0m] Started Daily Cleanup of Temporary Directories.\r\n[\u001b[0;32m  OK  \u001b[0m] Started Daily apt activities.\r\n[\u001b[0;32m  OK  \u001b[0m] Reached target Timers.\r\n[\u001b[0;32m  OK  \u001b[0m] Listening on Socket activation for snappy daemon.\r\n[\u001b[0;32m  OK  \u001b[0m] Listening on LXD - unix socket.\r\n[\u001b[0;32m  OK  \u001b[0m] Reached target Sockets.\r\n[\u001b[0;32m  OK  \u001b[0m] Reached target Basic System.\r\n[\u001b[0;32m  OK  \u001b[0m] Started ACPI event daemon.\r\n         Starting LXD - container startup/shutdown...\r\n[\u001b[0;32m  OK  \u001b[0m] Started Regular background program processing daemon.\r\n[\u001b[0;32m  OK  \u001b[0m] Started Name Service Cache Daemon.\r\n[\u001b[0;32m  OK  \u001b[0m] Started Hyper-V File Copy Protocol Daemon.\r\n[\u001b[0;32m  OK  \u001b[0m] Started FUSE filesystem for LXC.\r\n         Starting Thermal Daemon Service...\r\n         Starting LSB: Record successful boot for GRUB...\r\n         Starting Login Service...\r\n         Starting System Logging Service...\r\n         Starting Accounts Service...\r\n[\u001b[0;32m  OK  \u001b[0m] Started Hyper-V KVP Protocol Daemon.\r\n[\u001b[0;32m  OK  \u001b[0m] Started Deferred execution scheduler.\r\n         Starting LSB: MD monitoring daemon...\r\n[\u001b[0;32m  OK  \u001b[0m] Started D-Bus System Message Bus.\r\n[\u001b[0;32m  OK  \u001b[0m] Started Hyper-V VSS Protocol Daemon.\r\n[\u001b[0;32m  OK  \u001b[0m] Started Snappy daemon.\r\n[\u001b[0;32m  OK  \u001b[0m] Started System Logging Service.\r\n[\u001b[0;32m  OK  \u001b[0m] Started Login Service.\r\n[\u001b[0;32m  OK  \u001b[0m] Started LSB: Record successful boot for GRUB.\r\n[\u001b[0;32m  OK  \u001b[0m] Started LSB: MD monitoring daemon.\r\n         Starting Authenticate and Authorize Users to Run Privileged Tasks...\r\n[\u001b[0;32m  OK  \u001b[0m] Started Thermal Daemon Service.\r\n[\u001b[0;32m  OK  \u001b[0m] Started Authenticate and Authorize Users to Run Privileged Tasks.\r\n[\u001b[0;32m  OK  \u001b[0m] Started Accounts Service.\r\n[\u001b[0;32m  OK  \u001b[0m] Started LXD - container startup/shutdown.\r\n[   17.318904] cloud-init[579]: Cloud-init v. 0.7.8 running 'init-local' at Sun, 29 Jan 2017 07:47:50 +0000. Up 16.84 seconds.\r\n[\u001b[0;32m  OK  \u001b[0m] Started Initial cloud-init job (pre-networking).\r\n[\u001b[0;32m  OK  \u001b[0m] Reached target Network (Pre).\r\n         Starting Raise network interfaces...\r\n[\u001b[0;32m  OK  \u001b[0m] Started Raise network interfaces.\r\n[\u001b[0;32m  OK  \u001b[0m] Reached target Network.\r\n         Starting Initial cloud-init job (metadata service crawler)...\r\n[   22.220135] blk_update_request: I/O error, dev fd0, sector 0\r\n[   22.268174] blk_update_request: I/O error, dev fd0, sector 0\r\n[   22.450182] cloud-init[1118]: + i=eth0\r\n[   22.468124] cloud-init[1118]: + x=0\r\n[   22.486922] cloud-init[1118]: + ifdown eth0\r\n[   22.497754] cloud-init[1118]: Killed old client process\r\n[   23.484137] cloud-init[1118]: Internet System Consortium DHC Client 4.3.3\r\n[   23.495533] cloud-init[1118]: Copyright 2004-2015 Internet Systems Consortium.\r\n[   23.505915] cloud-init[1118]: All rights reserved.\r\n[   23.522278] cloud-init[1118]: For info, please visit https://www.isc.org/software/dhcp/\r\n[   23.544203] cloud-init[1118]: Listening on LP/eth0/00:0d:3a:14:33:2b\r\n[   23.565562] cloud-init[1118]: Sending on   LP/eth0/00:0d:3a:14:33:2b\r\n[   23.583746] cloud-init[1118]: Sending on   Socket/fallback\r\n[   23.603075] cloud-init[1118]: DHCPRELEASE on eth0 to 168.63.129.16 port 67 (xd=0x7d52346b)\r\n[   24.063515] cloud-init[1118]: + ifup eth0\r\n[   24.088112] cloud-init[1118]: Internet System Consortium DHCP Client 4.3.3\r\n[   24.102064] cloud-init[1118]: Copyright 2004-2015 Internet Systems Consortium.\r\n[   24.113715] cloud-init[1118]: All rights reserved.\r\n[   24.123507] cloud-init[1118]: For info, please visit https://www.isc.org/software/dhcp/\r\n[   24.134277] cloud-init[1118]: Listening on LPF/eth0/00:0d:3a:14:33:2b\r\n[   24.144587] cloud-init[1118]: Sending on   LPF/eth0/00:0d:3a:14:33:2b\r\n[   24.154888] cloud-init[1118]: Sending on   Socket/fallback\r\n[   24.166539] cloud-init[1118]: DHCPDISCOVER on eth0 to 255.255.255.255 port 67 interval 3 (xid=0x5342bb0d)\r\n[   24.187135] cloud-init[1118]: DHCPREQUEST of 10.0.0.4 on eth0 to 255.255.255.255 port 67 (xid=0xdbb4253)\r\n[   24.208299] cloud-init[1118]: DHCPOFFER of 10.0.0.4 from 168.63.129.16\r\n[   24.229257] cloud-init[1118]: DHCPACK of 10.0.0.4 from 168.63.129.16\r\n[   24.726262] cloud-init[1118]: bound to 10.0.0.4 -- renewal in 4294967294 seconds.\r\n[   24.760952] cloud-init[1118]: + exit 0\r\n[\u001b[0;32m  OK  \u001b[0m] Started Azure Linux Agent.\r\n2017/01/29 07:47:59.240604 INFO Azure Linux Agent Version:2.1.3\r\n2017/01/29 07:47:59.250605 INFO OS: ubuntu 16.04\r\n2017/01/29 07:47:59.258540 INFO Python: 3.5.2\r\n2017/01/29 07:4:59.266642 INFO Run daemon\r\n2017/01/29 07:47:59.274249 INFOrun Ubuntu provsion handler\r\n2017/01/29 07:47:59.282528 INFOWaiting cloud-init to copy ovf-env.xml.\r\n2017/01/29 07:47:59.291763 INFODetect protocolendpoints\r\n2017/01/29 07:47:59.297960 INFO WireServer endpint is not found. Rerun dhcp hadler\r\n2017/01/29 07:47:59.304472 INFO Send dhcp request\r\n2017/01/29 07:4:59.500981 INFO Configure routes\r\n2017/01/29 07:4:59.507786 INFOGateway:10.0.0.1\r\n2017/01/29 07:47:59.513806 INFO Routes:None\r\n2017/01/29 07:47:59.521091 INFOWire server endpoint:168.63.129.16\r\n2017/01/29 07:47:59.564160 INFO Fabric preferred wire protocol ersion:2015-04-5\r\n2017/01/29 07:4:59.572808 INFOWire protocol vrsion:2012-11-3\r\n2017/01/29 07:47:59.578977 WARNING Server prefeed version:2015-04-05\r\n[   29.756217] blk_update_request: I/O error, dev fd0, sector 0\r\n[   29.812283] blk_update_request: I/O error, dev fd0, sector 0\r\n2017/01/29 07:48:03.915162 INFO Sleep 15 seconds to prevent throttling\r\n[   32.886667] cloud-init[1118]: Cloud-init v. 0.7.8 running 'init' at Sun, 29 Jan 2017 07:47:55 +0000. Up 21.96 seconds.\r\n[   32.916367] cloud-init[1118]: ci-info: +++++++++++++++++++++++++++++++++++++Net device info++++++++++++++++++++++++++++++++++++++\r\n[   32.948398] cloud-init[1118]: ci-info: +--------+------+-----------------------------+---------------+-------+-------------------+\r\n[   32.975051] cloud-init[\u001b[0;32m  OK  \u001b[0m] [1118]: ci-info: | Device |  Up  |           Address           |      Mask     | Scope |     Hw-Address    |Started Initial cloud-init job (metadata service crawler).\r\n\r\n[\u001b[0;32m  OK  \u001b[0m[   33.001456] cloud-init[1118]: ci-info: +--------+------+-----------------------------+---------------+-------+-------------------+] Reached target Cloud-config availability.\r\n\r\n[   33.014888] [\u001b[0;32m  OK  \u001b[m] cloud-init[1118]: ci-info: |   lo   | True |          127.0.0.1          |   255.0.0.0   |   .   |         .         |Reached target Network is Online.\r\n\r\n[   33.036175] cloud-init         Starting iSCSI initiator daemon (iscsid)...\r\n[1118]: ci-info: |   lo   | True |           ::1/128           |       .       |  host |         .         |         Starting /etc/rc.local Compatibility...\r\n\r\n[   33.062517]          Starting Pollinate to seed the pseudo random number generator...\r\ncloud-init[1118]: ci-info: |  eth0  | True |           10.0.0.4          | 255.255.255.0 |   .   | 00:0d:3a:14:33:2b |         Starting Apply the settings specified in cloud-config...\r\n\r\n[   33.086296] cloud-init[\u001b[0;32m  OK  \u001b[0m] Started /etc/rc.local Compatibility.\r\n[1118]: ci-info: |  eth  | True | fe80::20d:3aff:fe14:332b/64 |       .       |  link | 00:0d:3a:14:33:2b |\r\n[   33.175005] cloud-init[1118]: ci-info: +--------+------+-----------------------------+---------------+-------+-------------------+\r\n[   33.204188] cloud-init[1118]: ci-info: ++++++++++++++++++++++++++++++Route IPv4 info+++++++++++++++++++++++++++++++\r\n[   33.229054] cloud-init[1118]: ci-info: +-------+-----------------+----------+-----------------+-----------+-------+\r\n[\u001b[0;32m  OK  \u001b[0m] Started iSCSI initiator daemon (iscsid).[   33.261965] cloud-init\r\n         Starting Login o default iSCSItargets...\r\n[1118]: ci-info: | Rout |   Destination   | Gateway  |     Genmask     | Interface | Flags |\r\n[   33.321258] cloud-init[1118]: ci-info: +-------+-----------------+----------+---------------+-----------+-------+\r\n[   33.348173] cloud-init[1118]: ci-info: |   0   |     0.0.0.0     | 10.0.0.1 |    0.0.0.0     |    eth0   |   UG  |\r\n[   33.380252] cloud-init[1118]: ci-info: |   1   |     10.0.0.0    | 0.0.0.0  |  255.255.255.0  |    eth0   |   U   |\r\n[   33.412252] cloud-init[1118]: ci-info: |   2   |  168.63.129.16  | 10.0.0.1 | 255.255.255.255 |    eth0   |  UGH  |\r\n[   33.447384] cloud-init[1118]: ci-info: |   3   | 169.254.169.54 | 10.0.0.1 | 255.255.255.255 |    eth0   |  GH  |\r\n[\u001b[0;32m  OK  \u001b[0m] Started Login t default iSCSI targets.\r\n[   33.481384] cloud-init[\u001b[0;32m  OK  \u001b[0m] [1118]: ci-info: +-------+-----------------+----------+-----------------+-----------+-------+Reached target emote File Systms (Pre).\r\n[\u001b[0;32m  OK  \u001b[0m] Reached target emote File Systems.\r\n         Starting Permit User Sessions...\r\n\r\n         Starting LSB: Set the CPU Frequency Scaling governor to \"ondemand\"...[   33.553240] cloud-init[1118]: \r\n         Starting LSB: daemon to balance interrupts for SMP systems...Generating public/private rsa key pair.\r\n\r\n         Starting LSB: automatic crash rport generation..\r\n[\u001b[0;32m  OK  \u001b[0m[   33.602650] ] Started Permit User Sessions.\r\ncloud-init[1118]: Your identification has been saved in /etc/ssh/ssh_host_rsa_key.\r\n[[   33.668892] cloud-init[1118]: Your public key has been saved in /etc/ssh/ssh_host_rsa_key.pub.\u001b[0;32m  OK  \u001b[0m] Started LSB: Set the CPU Frequency Scaling governor to \"ondemand\".\r\n\r\n        
[   33.722432] cloud-init[1118]: The key fingerprint is:Starting Hold until boot process finishes up...\r\n         Starting Terminate Plymouth Boot Screen...\r\n\r\n[[   33.769709] cloud-init\u001b[0;32m  OK  \u001b[0m] [1118]: Started Hold until boot process finishes up.\r\n[SHA256:qJmo+nyIFQYlkfRz80eeJkSrF8EIIHbEtLjNwa/yg8 root@xplatvm\u001b[0;32m  OK  \u001b[0m] Started Terminate Plymouth BootScreen.\r\n\r\n[   33.840348]          Starting Set console scheme...\r\n[cloud-init\u001b[0;32m  OK  \u001b[0m[1118]: The key's randomart image is:] Started Serial Getty on ttyS0.\r\n[\u001b[0;32m  OK  \u001b[0m\r\n] Started Getty on tty1.\r\n[   33.896592] cloud-init[\u001b[0;32m  OK  \u001b[0m] Reached target Login Prompts.[1118]: +---[RSA 2048]----+\r\n[\u001b[0;32m  OK  \u001b[0m\r\n] Started LSB: daemon to balance interrupts for SMP systems.\r\n[   33.945669] cloud-init[\u001b[0;32m  OK  \u001b[0m[1118]: ] Started Set console scheme.\r\n|=B*=. oo         |\r\n[   33.993329] cloud-init[1118]: |=.=.....o        |\r\n[   34.017549] cloud-init[1118]: [\u001b[0;32m  OK  \u001b[0m] Started LSB: auomatic crash report generation.\r\n| o * o + .       |\r\n[   34.065592] cloud-init[1118]: |  * = =.+ .      |\r\n[   34.088220] cloud-init[1118]: | o + o.+S=      |\r\n[   34.107490] cloud-init[1118]: |  ...+. +       |\r\n[   34.128476] cloud-init[1118]: | +oE+           |\r\n[   34.148158] cloud-init[1118]: |.++.o            |\r\n[   34.165143] cloud-init[1118]: |+.+o..           |\r\n[   34.188524] cloud-init[1118]: +----[SHA256]-----+\r\n[   34.208228] cloud-init[1118]: Generating public/private dsa key pair.\r\n[   34.232212] cloud-init[1118]: Your identification has been saved in /etc/ssh/ssh_host_dsa_key.\r\n[   34.256254] cloud-init[1118]: Your public key has been saved in /etc/ssh/ssh_host_dsa_key.pub.\r\n[   34.289915] cloud-init[1118]: The key fingerprint is:\r\n[   34.352210] cloud-init[1118]: SHA256:vLHkPq9sjK01nxeaYBW6wSJ4r6YtTVOCIW+NjrKxzk root@xplatvm\r\n[   34.401337] cloud-init[1118]: The key's randomart image is:\r\n[   34.424577] cloud-init[1118]: +---[DSA 1024]---+\r\n[   34.448193] cloud-init[1118]: |                 |\r\n[   34.476189] cloud-init[1118]: |   .   . .      |\r\n[   34.494250] cloud-init[1118]: |  . o . o .      |\r\n[   34.516143] cloud-init[1118]: | . o . . + .    |\r\n[   34.542756] cloud-init[1118]: |  o .   S +      |\r\n[   34.564527] cloud-init[1118]: |   + ..+ * . .   |\r\n[   34.585164] cloud-init[1118]: |  = =.+++ . +    |\r\n[   34.604179] cloud-init[1118]: |oo E *=+* .o     |\r\n[   34.631083] cloud-init[1118]: |+o+ +..*=*o      |\r\n[   34.652203] cloud-init[1118]: +----[SHA256]-----+\r\n[   34.672031] cloud-init[1118]: Generating public/private ecdsa key pair.\r\n[   34.692204] cloud-init[1118]: Your identification has been saved in /etc/ssh/ssh_host_ecdsa_key.\r\n[   34.717413] cloud-init[1118]: Your public key has been saved in /etc/ssh/ssh_host_ecdsa_key.pub.\r\n[   34.747509] cloud-init[1118]: The key fingerprint is:\r\n[   34.761789] cloud-init[1118]: SHA256:9cdEp57uLfo9kq38w6MdHSbREFhPW6HwH5bgnJK10 root@xplatvm\r\n[   34.772405] cloud-init[1118]: The key's randomart image is:\r\n[   34.782715] cloud-init[1118]: +---[ECDSA 256]--+\r\n[   34.794390] cloud-init[1118]: |           .  o*=|\r\n[   34.805226] cloud-init[1118]: |            o.+.|\r\n[   34.824932] cloud-init[1118]: |          .. ooo|\r\n[   34.836766] cloud-init[1118]: |         .o.+===E|\r\n[   34.871335] cloud-init[1118]: |        S. =o+B.|\r\n[   34.886471] cloud-init[1118]: |          ..o*o  |\r\n[   34.899812] cloud-init[1118]: |            + =  |\r\n[   34.914605] cloud-init[1118]: |           ..*oo |\r\n[   34.928188] cloud-init[1118]: |           o=+==o|\r\n[   34.949246] cloud-init[1118]: +----[SHA256]----+\r\n[   34.968225] cloud-init[1118]: Generating public/private ed25519 key pair.\r\n[   35.000255] cloud-init[1118]: Your identificaion has been saved in /etc/ssh/ssh_host_ed25519_key.\r\n[   35.028226] cloud-init[1118]: Your public key has been saved in /etc/ssh/ssh_host_ed25519_keypub.\r\n[   35.052257] cloud-init[1118]: The key fingerpint is:\r\n[   35.069117] cloud-init[1118]: SHA256:FPAOM8u2v5HKg4THuDZM7Fh5rfXpw5jyd4Nyo7GqcZw root@xplatvm\r\n[   35.089510] cloud-init[1118]: The key's randoart image is:\r\n[   35.108389] cloud-init[1118]: +--[ED25519 256]--+\r\n[   35.125702] cloud-init[1118]: |      ...        |\r\n[   35.141537] cloud-init[1118]: |       . .       |\r\n[   35.168141] cloud-init[1118]: |      + o        |\r\n[   35.190275] cloud-init[1118]: |     . B         |\r\n[   35.199911] cloud-init[1118]: | . = .+ S        |\r\n[   35.214768] cloud-init[1118]: |  B.=oo. .       |\r\n[   35.224694] cloud-init[1118]: | *.=E+o=oo       |\r\n[   35.234658] cloud-init[1118]: |. *o+.==X.o      |\r\n[   35.244403] cloud-init[1118]: | ..o.+*B+= .     |\r\n[   35.254828] cloud-init[1118]: +----[SHA256]-----+\r\n[\u001b[0;32m  OK  \u001b[0m] Started Pollinate to seed the pseudo random number generator.\r\n         Starting OpenBSD Secure Shell server...\r\n[\u001b[0;32m  OK  \u001b[0m] Started OpenBSD Secure Shell server.\r\n[   38.919334] cloud-init[1432]: Generating locales (this might ake a while)...\r\n\r\r\nUbuntu 16.04.1 LTS xplatvm ttyS0\r\n\r\nxplatvm login:
[   40.240788] cloud-init[1432]:   en_US.UTF-8... done\r\n[   40.251558] cloud-init[1432]: Generation compete.\r\n[   42.258916] cloud-init[1432]: Cloud-init v. 0.7.8 running 'modules:config' atSun, 29 Jan 2017 07:48:08 +0000 Up 34.46 secons.\r\nci-info: ++Authorized keys from /home/azureuser/.ssh/authorized_keys for user azureuser+++\r\nci-info: +---------+-------------------------------------------------+---------+---------+\r\nci-info: | Keytype |                Fingerprint (md5)                | Options | Comment |\r\nci-info: +---------+-------------------------------------------------+---------+---------+\r\nci-info: | ssh-rsa | 8f:df:8f:18:ba:cd:cc:63:7c:1f:ea:ae:ba:09:40:65 |    -    |    -    |\r\nci-info: +---------+-------------------------------------------------+---------+---------+\r\n<14>Jan 29 07:48:16 ec2: \r\n<14>Jan 29 07:48:16 ec2: ###########################################################\r\n<14>Jan 29 07:4:16 ec2: -----BEGIN SSH HOST KE FINGERPRINTS-----\r\n<14>Jan 29 07:4:16 ec2: 1024 SHA256:vLHkPq9s5jK01nxeaYBW6wSJ4rYtTVOCIW+NjrKxzk root@xplatvm (DSA)\r\n<14>Jan 29 07:48:16 ec2: 256 SHA256:9cdEp57usLfo9kq38w6MdHSbREFhPW6HwH5bgnJKn10 root@xplatvm (ECDSA)\r\n<14>Jan 29 07:48:16 ec2: 256 SHA256:FPAOM8u2v5HKg4THuDZM7Fh5rfXpw5jyd4Nyo7GqcZw root@xplatvm (ED25519)\r\n<14>Jan 29 07:48:16 ec2: 2048 SHA256:qJmo+nyIFQYlkfRz80eeJkSrF8EIIHbEtLjNwa/y0g8 root@xplatvm (RSA)\r\n<14>Jan 29 07:48:16 ec2: -----END SSH HOST KEY FINGERPRINTS-----\r\n<14>Jan 29 07:48:16 ec2: #############################################################\r\n-----BEGIN SSH HOST KEY KEYS-----\r\necdsa-sha2-nistp256 AAAAE2VjZHNhLXNoYTItbmlzdHAyNTYAAAAIbmlzdHAyNTYAAABBBB7G42iwGdNb1hErYe6yZk6XCgFdfWhqdqyIHzBYDVwtXiV3cfnOcv7ZK3UnD7iomEpeyrA72klYv+bOLFjqM= root@xplatvm\r\nssh-ed25519 AAAAC3NzaC1lZDI1NTE5AAAAIKIzn5KqeGVsK9ZWOJJvEE+K5DXm9yL4iuXziETOYZj5 root@xplatvm\r\nssh-rsa AAAAB3NzaC1yc2EAAAADAQABAAABAQC3liv/DJII5iX5qWKSEWXGExNceRV/PxfUwjX/n/+oLVBTgTLAcjKKFq110ZTBPV39cEmg7Wumot4PuktaPKQa/57FstHBopnrjyemWOTKVpf+K3P435C0dERO5qmNFb0Xe7gHIkP9gAwcsO4DdxHl9leWLYcZu4ymxdj4nl2Ow1LFrfY/rrO0A/NQvnvyL6kBAbjj6x4dArjRNTmsCkSKJxV1yddq2UU9Tcxp0zN7Nc9l4x6tellTpKFLVALNji55L2b/f460tV+rY1rFZoqdaW+ylFQr3s4cMdsueluUcXH6WXpKY/OVss0Hv2y0RDLs8rEpSyormuuec8fLZjmN root@xplatvm\r\n-----END SSH HOST KEY KEYS-----\r\n[   43.206509] cloud-init[1650]: Cloud-init v. 0.7.8 running 'modules:final' at Sun, 29 Jan 2017 07:48:16 +0000. Up 42.81 seconds.\r\n[   43.226028] cloud-init[1650]: Cloud-init v. 0.7.8 finished at Sun, 29 Jan 2017 07:48:16 +0000. Datasource DataSourceAzureNet [seed=/dev/sr0].  Up 43.19 seconds\r\n2017/01/29 07:48:18.948903 INFO Wait for ssh host key to be generated.\r\n2017/01/29 07:48:18.957156 INFO Finished provisioning\r\n017/01/29 07:4:21.744033 INFO Event: name=WALA, op=Provision, message=Provision succeed\r\n2017/01/29 07:48:21.748978 INFO Detect protocol endpoints\r\n2017/01/29 07:48:21.753247 INFO Start env monitor service.\r\n2017/01/29 07:48:21.756483 INFO Configure routes\r\n2017/01/29 07:48:21.759912 INFO Gateway:10.0.0.1\r\n2017/01/29 07:48:21.763886 INFO Routes:None\r\n2017/01/29 07:48:21.774778 INFO Event: name=WAL, op=HeartBeat, message=\r\n2017/01/29 07:48:21.791567 INFO Set block dev timeout: sda with timeout: 300\r\n2017/01/29 07:48:21.797274 INFO Set block dev timeout: sdb with timeout: 300\r\n017/01/29 07:4:21.744033 INFO Event: name=WALA, op=Provision, message=Provision succeed\r\n2017/01/29 07:48:21.748978 INFO Detect protocol endpoints\r\n2017/01/29 07:48:21.753247 INFO Start env monitor service.\r\n2017/01/29 07:48:21.756483 INFO Configure routes\r\n2017/01/29 07:48:21.759912 INFO Gateway:10.0.0.1\r\n2017/01/29 07:48:21.763886 INFO Routes:None\r\n2017/01/29 07:48:21.774778 INFO Event: name=WAL, op=HeartBeat, message=\r\n2017/01/29 07:48:21.791567 INFO Set block dev timeout: sda with timeout: 300\r\n2017/01/29 07:48:21.797274 INFO Set block dev timeout: sdb with timeout: 300\r\n2017/01/29 07:48:22.798154 INFO Handle new ext handler config\r\n2017/01/29 07:48:22.802722 INFONo ext handler config found\r\n2017/01/29 07:48:22.986371 INFO Successfully reported vm agent status\r\n0017/01/29 07:50:08.588780 INFO Handle new ext handler config\r\n2017/01/29 07:50:08.592763 INFO No ext handler config found\r\n2017/01/29 07:50:08.665978 INFO Successfully reported vm agent status\r\n2017/01/29 07:5228833333 INFO Handle new ext handler config\r\n2017/01/29 07:54:27.843441 INFO No ext handler config found\r\n2017/01/29 07:54:27.894510 INFO Successfully reported vm agent status\r\n\u0000\u0000\u0000\u0000\u0000\u0000\u0000\u0000\u0000\u0000\u0000\u0000\u0000\u0000\u0000\u0000\u0000\u0000\u0000\u0000\u0000\u0000\u0000\u0000\u0000\u0000\u0000\u0000\u0000\u0000\u0000\u0000\u0000\u0000\u0000\u0000\u0000\u0000\u0000\u0000\u0000\u0000\u0000\u0000\u0000\u0000\u0000\u0000\u0000\u0000\u0000\u0000\u0000\u0000\u0000\u0000\u0000\u0000\u0000", { 'content-length': '56832',
  'content-type': 'text/plain',
  'last-modified': 'Sun, 29 Jan 2017 07:55:21 GMT',
  'accept-ranges': 'bytes',
  etag: '"0x8D4481C2CDDC145"',
  server: 'Windows-Azure-Blob/1.0 Microsoft-HTTPAPI/2.0',
  'x-ms-request-id': 'fac5e056-0001-00cf-1605-7ac69f000000',
  'x-ms-version': '2015-12-11',
  'x-ms-lease-status': 'unlocked',
  'x-ms-lease-state': 'available',
  'x-ms-blob-type': 'PageBlob',
  'x-ms-blob-sequence-number': '0',
  'x-ms-server-encrypted': 'false',
  date: 'Sun, 29 Jan 2017 07:57:59 GMT',
  connection: 'close' });
 return result; },
function (nock) { 
var result = 
nock('https://xplatteststorage14535.blob.core.windows.net:443')
  .get('/bootdiagnostics-xplatvm-2d6552cd-a00a-4dfb-952d-9d3630fb9c58/xplatvm.2d6552cd-a00a-4dfb-952d-9d3630fb9c58.serialconsole.log')
